Archive member included because of file (symbol)

/usr/lib/gcc/arm-none-eabi/4.8.2/../../../arm-none-eabi/lib/armv7-m/libc.a(lib_a-atexit.o)
                              /usr/lib/gcc/arm-none-eabi/4.8.2/../../../arm-none-eabi/lib/armv7-m/crt0.o (atexit)
/usr/lib/gcc/arm-none-eabi/4.8.2/../../../arm-none-eabi/lib/armv7-m/libc.a(lib_a-exit.o)
                              /usr/lib/gcc/arm-none-eabi/4.8.2/../../../arm-none-eabi/lib/armv7-m/crt0.o (exit)
/usr/lib/gcc/arm-none-eabi/4.8.2/../../../arm-none-eabi/lib/armv7-m/libc.a(lib_a-fini.o)
                              /usr/lib/gcc/arm-none-eabi/4.8.2/../../../arm-none-eabi/lib/armv7-m/crt0.o (__libc_fini_array)
/usr/lib/gcc/arm-none-eabi/4.8.2/../../../arm-none-eabi/lib/armv7-m/libc.a(lib_a-impure.o)
                              /usr/lib/gcc/arm-none-eabi/4.8.2/../../../arm-none-eabi/lib/armv7-m/libc.a(lib_a-exit.o) (_global_impure_ptr)
/usr/lib/gcc/arm-none-eabi/4.8.2/../../../arm-none-eabi/lib/armv7-m/libc.a(lib_a-init.o)
                              /usr/lib/gcc/arm-none-eabi/4.8.2/../../../arm-none-eabi/lib/armv7-m/crt0.o (__libc_init_array)
/usr/lib/gcc/arm-none-eabi/4.8.2/../../../arm-none-eabi/lib/armv7-m/libc.a(lib_a-memset.o)
                              /usr/lib/gcc/arm-none-eabi/4.8.2/../../../arm-none-eabi/lib/armv7-m/crt0.o (memset)
/usr/lib/gcc/arm-none-eabi/4.8.2/../../../arm-none-eabi/lib/armv7-m/libc.a(lib_a-__atexit.o)
                              /usr/lib/gcc/arm-none-eabi/4.8.2/../../../arm-none-eabi/lib/armv7-m/libc.a(lib_a-atexit.o) (__register_exitproc)
/usr/lib/gcc/arm-none-eabi/4.8.2/../../../arm-none-eabi/lib/armv7-m/libc.a(lib_a-__call_atexit.o)
                              /usr/lib/gcc/arm-none-eabi/4.8.2/../../../arm-none-eabi/lib/armv7-m/libc.a(lib_a-exit.o) (__call_exitprocs)
/usr/lib/gcc/arm-none-eabi/4.8.2/../../../arm-none-eabi/lib/armv7-m/libnosys.a(_exit.o)
                              /usr/lib/gcc/arm-none-eabi/4.8.2/../../../arm-none-eabi/lib/armv7-m/libc.a(lib_a-exit.o) (_exit)

Discarded input sections

 .text          0x0000000000000000        0x0 /usr/lib/gcc/arm-none-eabi/4.8.2/armv7-m/crti.o
 .data          0x0000000000000000        0x0 /usr/lib/gcc/arm-none-eabi/4.8.2/armv7-m/crti.o
 .bss           0x0000000000000000        0x0 /usr/lib/gcc/arm-none-eabi/4.8.2/armv7-m/crti.o
 .data          0x0000000000000000        0x4 /usr/lib/gcc/arm-none-eabi/4.8.2/armv7-m/crtbegin.o
 .text          0x0000000000000000       0x68 /usr/lib/gcc/arm-none-eabi/4.8.2/../../../arm-none-eabi/lib/armv7-m/crt0.o
 .data          0x0000000000000000        0x0 /usr/lib/gcc/arm-none-eabi/4.8.2/../../../arm-none-eabi/lib/armv7-m/crt0.o
 .bss           0x0000000000000000        0x0 /usr/lib/gcc/arm-none-eabi/4.8.2/../../../arm-none-eabi/lib/armv7-m/crt0.o
 .ARM.extab     0x0000000000000000        0x0 /usr/lib/gcc/arm-none-eabi/4.8.2/../../../arm-none-eabi/lib/armv7-m/crt0.o
 .ARM.exidx     0x0000000000000000        0x8 /usr/lib/gcc/arm-none-eabi/4.8.2/../../../arm-none-eabi/lib/armv7-m/crt0.o
 .ARM.attributes
                0x0000000000000000       0x1b /usr/lib/gcc/arm-none-eabi/4.8.2/../../../arm-none-eabi/lib/armv7-m/crt0.o
 .debug_line    0x0000000000000000       0x7b /usr/lib/gcc/arm-none-eabi/4.8.2/../../../arm-none-eabi/lib/armv7-m/crt0.o
 .debug_info    0x0000000000000000       0x8d /usr/lib/gcc/arm-none-eabi/4.8.2/../../../arm-none-eabi/lib/armv7-m/crt0.o
 .debug_abbrev  0x0000000000000000       0x14 /usr/lib/gcc/arm-none-eabi/4.8.2/../../../arm-none-eabi/lib/armv7-m/crt0.o
 .debug_aranges
                0x0000000000000000       0x20 /usr/lib/gcc/arm-none-eabi/4.8.2/../../../arm-none-eabi/lib/armv7-m/crt0.o
 .text          0x0000000000000000        0x0 /usr/lib/gcc/arm-none-eabi/4.8.2/../../../arm-none-eabi/lib/armv7-m/libc.a(lib_a-atexit.o)
 .data          0x0000000000000000        0x0 /usr/lib/gcc/arm-none-eabi/4.8.2/../../../arm-none-eabi/lib/armv7-m/libc.a(lib_a-atexit.o)
 .bss           0x0000000000000000        0x0 /usr/lib/gcc/arm-none-eabi/4.8.2/../../../arm-none-eabi/lib/armv7-m/libc.a(lib_a-atexit.o)
 .text          0x0000000000000000        0x0 /usr/lib/gcc/arm-none-eabi/4.8.2/../../../arm-none-eabi/lib/armv7-m/libc.a(lib_a-exit.o)
 .data          0x0000000000000000        0x0 /usr/lib/gcc/arm-none-eabi/4.8.2/../../../arm-none-eabi/lib/armv7-m/libc.a(lib_a-exit.o)
 .bss           0x0000000000000000        0x0 /usr/lib/gcc/arm-none-eabi/4.8.2/../../../arm-none-eabi/lib/armv7-m/libc.a(lib_a-exit.o)
 .text.exit     0x0000000000000000       0x20 /usr/lib/gcc/arm-none-eabi/4.8.2/../../../arm-none-eabi/lib/armv7-m/libc.a(lib_a-exit.o)
 .debug_info    0x0000000000000000      0x8e4 /usr/lib/gcc/arm-none-eabi/4.8.2/../../../arm-none-eabi/lib/armv7-m/libc.a(lib_a-exit.o)
 .debug_abbrev  0x0000000000000000      0x1e6 /usr/lib/gcc/arm-none-eabi/4.8.2/../../../arm-none-eabi/lib/armv7-m/libc.a(lib_a-exit.o)
 .debug_loc     0x0000000000000000       0x1e /usr/lib/gcc/arm-none-eabi/4.8.2/../../../arm-none-eabi/lib/armv7-m/libc.a(lib_a-exit.o)
 .debug_aranges
                0x0000000000000000       0x20 /usr/lib/gcc/arm-none-eabi/4.8.2/../../../arm-none-eabi/lib/armv7-m/libc.a(lib_a-exit.o)
 .debug_ranges  0x0000000000000000       0x10 /usr/lib/gcc/arm-none-eabi/4.8.2/../../../arm-none-eabi/lib/armv7-m/libc.a(lib_a-exit.o)
 .debug_line    0x0000000000000000      0x13f /usr/lib/gcc/arm-none-eabi/4.8.2/../../../arm-none-eabi/lib/armv7-m/libc.a(lib_a-exit.o)
 .debug_str     0x0000000000000000      0x576 /usr/lib/gcc/arm-none-eabi/4.8.2/../../../arm-none-eabi/lib/armv7-m/libc.a(lib_a-exit.o)
 .comment       0x0000000000000000       0x20 /usr/lib/gcc/arm-none-eabi/4.8.2/../../../arm-none-eabi/lib/armv7-m/libc.a(lib_a-exit.o)
 .ARM.attributes
                0x0000000000000000       0x2d /usr/lib/gcc/arm-none-eabi/4.8.2/../../../arm-none-eabi/lib/armv7-m/libc.a(lib_a-exit.o)
 .debug_frame   0x0000000000000000       0x28 /usr/lib/gcc/arm-none-eabi/4.8.2/../../../arm-none-eabi/lib/armv7-m/libc.a(lib_a-exit.o)
 .text          0x0000000000000000        0x0 /usr/lib/gcc/arm-none-eabi/4.8.2/../../../arm-none-eabi/lib/armv7-m/libc.a(lib_a-fini.o)
 .data          0x0000000000000000        0x0 /usr/lib/gcc/arm-none-eabi/4.8.2/../../../arm-none-eabi/lib/armv7-m/libc.a(lib_a-fini.o)
 .bss           0x0000000000000000        0x0 /usr/lib/gcc/arm-none-eabi/4.8.2/../../../arm-none-eabi/lib/armv7-m/libc.a(lib_a-fini.o)
 .text          0x0000000000000000        0x0 /usr/lib/gcc/arm-none-eabi/4.8.2/../../../arm-none-eabi/lib/armv7-m/libc.a(lib_a-impure.o)
 .data          0x0000000000000000        0x0 /usr/lib/gcc/arm-none-eabi/4.8.2/../../../arm-none-eabi/lib/armv7-m/libc.a(lib_a-impure.o)
 .bss           0x0000000000000000        0x0 /usr/lib/gcc/arm-none-eabi/4.8.2/../../../arm-none-eabi/lib/armv7-m/libc.a(lib_a-impure.o)
 .data._impure_ptr
                0x0000000000000000        0x4 /usr/lib/gcc/arm-none-eabi/4.8.2/../../../arm-none-eabi/lib/armv7-m/libc.a(lib_a-impure.o)
 .text          0x0000000000000000        0x0 /usr/lib/gcc/arm-none-eabi/4.8.2/../../../arm-none-eabi/lib/armv7-m/libc.a(lib_a-init.o)
 .data          0x0000000000000000        0x0 /usr/lib/gcc/arm-none-eabi/4.8.2/../../../arm-none-eabi/lib/armv7-m/libc.a(lib_a-init.o)
 .bss           0x0000000000000000        0x0 /usr/lib/gcc/arm-none-eabi/4.8.2/../../../arm-none-eabi/lib/armv7-m/libc.a(lib_a-init.o)
 .text          0x0000000000000000        0x0 /usr/lib/gcc/arm-none-eabi/4.8.2/../../../arm-none-eabi/lib/armv7-m/libc.a(lib_a-memset.o)
 .data          0x0000000000000000        0x0 /usr/lib/gcc/arm-none-eabi/4.8.2/../../../arm-none-eabi/lib/armv7-m/libc.a(lib_a-memset.o)
 .bss           0x0000000000000000        0x0 /usr/lib/gcc/arm-none-eabi/4.8.2/../../../arm-none-eabi/lib/armv7-m/libc.a(lib_a-memset.o)
 .text.memset   0x0000000000000000       0x94 /usr/lib/gcc/arm-none-eabi/4.8.2/../../../arm-none-eabi/lib/armv7-m/libc.a(lib_a-memset.o)
 .debug_info    0x0000000000000000      0x117 /usr/lib/gcc/arm-none-eabi/4.8.2/../../../arm-none-eabi/lib/armv7-m/libc.a(lib_a-memset.o)
 .debug_abbrev  0x0000000000000000       0x9f /usr/lib/gcc/arm-none-eabi/4.8.2/../../../arm-none-eabi/lib/armv7-m/libc.a(lib_a-memset.o)
 .debug_loc     0x0000000000000000      0x18b /usr/lib/gcc/arm-none-eabi/4.8.2/../../../arm-none-eabi/lib/armv7-m/libc.a(lib_a-memset.o)
 .debug_aranges
                0x0000000000000000       0x20 /usr/lib/gcc/arm-none-eabi/4.8.2/../../../arm-none-eabi/lib/armv7-m/libc.a(lib_a-memset.o)
 .debug_ranges  0x0000000000000000       0x10 /usr/lib/gcc/arm-none-eabi/4.8.2/../../../arm-none-eabi/lib/armv7-m/libc.a(lib_a-memset.o)
 .debug_line    0x0000000000000000       0xff /usr/lib/gcc/arm-none-eabi/4.8.2/../../../arm-none-eabi/lib/armv7-m/libc.a(lib_a-memset.o)
 .debug_str     0x0000000000000000      0x1b0 /usr/lib/gcc/arm-none-eabi/4.8.2/../../../arm-none-eabi/lib/armv7-m/libc.a(lib_a-memset.o)
 .comment       0x0000000000000000       0x20 /usr/lib/gcc/arm-none-eabi/4.8.2/../../../arm-none-eabi/lib/armv7-m/libc.a(lib_a-memset.o)
 .ARM.attributes
                0x0000000000000000       0x2d /usr/lib/gcc/arm-none-eabi/4.8.2/../../../arm-none-eabi/lib/armv7-m/libc.a(lib_a-memset.o)
 .debug_frame   0x0000000000000000       0x2c /usr/lib/gcc/arm-none-eabi/4.8.2/../../../arm-none-eabi/lib/armv7-m/libc.a(lib_a-memset.o)
 .text          0x0000000000000000        0x0 /usr/lib/gcc/arm-none-eabi/4.8.2/../../../arm-none-eabi/lib/armv7-m/libc.a(lib_a-__atexit.o)
 .data          0x0000000000000000        0x0 /usr/lib/gcc/arm-none-eabi/4.8.2/../../../arm-none-eabi/lib/armv7-m/libc.a(lib_a-__atexit.o)
 .bss           0x0000000000000000        0x0 /usr/lib/gcc/arm-none-eabi/4.8.2/../../../arm-none-eabi/lib/armv7-m/libc.a(lib_a-__atexit.o)
 .text          0x0000000000000000        0x0 /usr/lib/gcc/arm-none-eabi/4.8.2/../../../arm-none-eabi/lib/armv7-m/libc.a(lib_a-__call_atexit.o)
 .data          0x0000000000000000        0x0 /usr/lib/gcc/arm-none-eabi/4.8.2/../../../arm-none-eabi/lib/armv7-m/libc.a(lib_a-__call_atexit.o)
 .bss           0x0000000000000000        0x0 /usr/lib/gcc/arm-none-eabi/4.8.2/../../../arm-none-eabi/lib/armv7-m/libc.a(lib_a-__call_atexit.o)
 .text.__call_exitprocs
                0x0000000000000000       0xf8 /usr/lib/gcc/arm-none-eabi/4.8.2/../../../arm-none-eabi/lib/armv7-m/libc.a(lib_a-__call_atexit.o)
 .text          0x0000000000000000        0x0 clock_test.o
 .data          0x0000000000000000        0x0 clock_test.o
 .bss           0x0000000000000000        0x0 clock_test.o
 .text          0x0000000000000000        0x0 ../common/LPC17xx_Startup.o
 .data          0x0000000000000000        0x0 ../common/LPC17xx_Startup.o
 .bss           0x0000000000000000        0x0 ../common/LPC17xx_Startup.o
 .text          0x0000000000000000        0x0 ../common/LPC17xx_Interrupts.o
 .data          0x0000000000000000        0x0 ../common/LPC17xx_Interrupts.o
 .bss           0x0000000000000000        0x0 ../common/LPC17xx_Interrupts.o
 .text          0x0000000000000000        0x0 ../common/ubertooth.o
 .data          0x0000000000000000        0x0 ../common/ubertooth.o
 .text.spi_delay
                0x0000000000000000       0x18 ../common/ubertooth.o
 .text.rbit     0x0000000000000000        0x6 ../common/ubertooth.o
 .text.wait_ms  0x0000000000000000        0xa ../common/ubertooth.o
 .text.dio_ssp_init
                0x0000000000000000       0x54 ../common/ubertooth.o
 .text.cc2400_set
                0x0000000000000000        0xa ../common/ubertooth.o
 .text.cc2400_get8
                0x0000000000000000       0x12 ../common/ubertooth.o
 .text.cc2400_set8
                0x0000000000000000        0xa ../common/ubertooth.o
 .text.cc2400_fifo_write
                0x0000000000000000       0x90 ../common/ubertooth.o
 .text.cc2400_fifo_read
                0x0000000000000000       0x90 ../common/ubertooth.o
 .text.ubertooth_init
                0x0000000000000000       0x12 ../common/ubertooth.o
 .text.reset    0x0000000000000000       0x34 ../common/ubertooth.o
 .text.cc2400_tune_rx
                0x0000000000000000        0xa ../common/ubertooth.o
 .text.cc2400_tune_tx
                0x0000000000000000        0x8 ../common/ubertooth.o
 .text.cc2400_hop_rx
                0x0000000000000000       0x38 ../common/ubertooth.o
 .text.cc2400_hop_tx
                0x0000000000000000       0x38 ../common/ubertooth.o
 .text.get_part_num
                0x0000000000000000       0x38 ../common/ubertooth.o
 .text.get_device_serial
                0x0000000000000000       0x68 ../common/ubertooth.o
 .text.set_isp  0x0000000000000000       0x20 ../common/ubertooth.o
 .rodata        0x0000000000000000        0x4 ../common/ubertooth.o
 .text          0x0000000000000000        0x0 /usr/lib/gcc/arm-none-eabi/4.8.2/armv7-m/crtend.o
 .data          0x0000000000000000        0x0 /usr/lib/gcc/arm-none-eabi/4.8.2/armv7-m/crtend.o
 .bss           0x0000000000000000        0x0 /usr/lib/gcc/arm-none-eabi/4.8.2/armv7-m/crtend.o
 .eh_frame      0x0000000000000000        0x4 /usr/lib/gcc/arm-none-eabi/4.8.2/armv7-m/crtend.o
 .jcr           0x0000000000000000        0x4 /usr/lib/gcc/arm-none-eabi/4.8.2/armv7-m/crtend.o
 .text          0x0000000000000000        0x0 /usr/lib/gcc/arm-none-eabi/4.8.2/armv7-m/crtn.o
 .data          0x0000000000000000        0x0 /usr/lib/gcc/arm-none-eabi/4.8.2/armv7-m/crtn.o
 .bss           0x0000000000000000        0x0 /usr/lib/gcc/arm-none-eabi/4.8.2/armv7-m/crtn.o
 .text          0x0000000000000000        0x0 /usr/lib/gcc/arm-none-eabi/4.8.2/../../../arm-none-eabi/lib/armv7-m/libnosys.a(_exit.o)
 .data          0x0000000000000000        0x0 /usr/lib/gcc/arm-none-eabi/4.8.2/../../../arm-none-eabi/lib/armv7-m/libnosys.a(_exit.o)
 .bss           0x0000000000000000        0x0 /usr/lib/gcc/arm-none-eabi/4.8.2/../../../arm-none-eabi/lib/armv7-m/libnosys.a(_exit.o)
 .text._exit    0x0000000000000000        0x4 /usr/lib/gcc/arm-none-eabi/4.8.2/../../../arm-none-eabi/lib/armv7-m/libnosys.a(_exit.o)
 .debug_info    0x0000000000000000       0x58 /usr/lib/gcc/arm-none-eabi/4.8.2/../../../arm-none-eabi/lib/armv7-m/libnosys.a(_exit.o)
 .debug_abbrev  0x0000000000000000       0x55 /usr/lib/gcc/arm-none-eabi/4.8.2/../../../arm-none-eabi/lib/armv7-m/libnosys.a(_exit.o)
 .debug_aranges
                0x0000000000000000       0x20 /usr/lib/gcc/arm-none-eabi/4.8.2/../../../arm-none-eabi/lib/armv7-m/libnosys.a(_exit.o)
 .debug_ranges  0x0000000000000000       0x10 /usr/lib/gcc/arm-none-eabi/4.8.2/../../../arm-none-eabi/lib/armv7-m/libnosys.a(_exit.o)
 .debug_line    0x0000000000000000       0x58 /usr/lib/gcc/arm-none-eabi/4.8.2/../../../arm-none-eabi/lib/armv7-m/libnosys.a(_exit.o)
 .debug_str     0x0000000000000000       0xe3 /usr/lib/gcc/arm-none-eabi/4.8.2/../../../arm-none-eabi/lib/armv7-m/libnosys.a(_exit.o)
 .comment       0x0000000000000000       0x20 /usr/lib/gcc/arm-none-eabi/4.8.2/../../../arm-none-eabi/lib/armv7-m/libnosys.a(_exit.o)
 .ARM.attributes
                0x0000000000000000       0x2d /usr/lib/gcc/arm-none-eabi/4.8.2/../../../arm-none-eabi/lib/armv7-m/libnosys.a(_exit.o)
 .debug_frame   0x0000000000000000       0x20 /usr/lib/gcc/arm-none-eabi/4.8.2/../../../arm-none-eabi/lib/armv7-m/libnosys.a(_exit.o)

Memory Configuration

Name             Origin             Length             Attributes
rom              0x0000000000004000 0x000000000001c000 xr
ram              0x0000000010000000 0x0000000000004000 xrw
*default*        0x0000000000000000 0xffffffffffffffff

Linker script and memory map

LOAD /usr/lib/gcc/arm-none-eabi/4.8.2/armv7-m/crti.o
LOAD /usr/lib/gcc/arm-none-eabi/4.8.2/armv7-m/crtbegin.o
LOAD /usr/lib/gcc/arm-none-eabi/4.8.2/../../../arm-none-eabi/lib/armv7-m/crt0.o
START GROUP
LOAD /usr/lib/gcc/arm-none-eabi/4.8.2/../../../arm-none-eabi/lib/armv7-m/libc.a
LOAD /usr/lib/gcc/arm-none-eabi/4.8.2/../../../arm-none-eabi/lib/armv7-m/libg.a
LOAD /usr/lib/gcc/arm-none-eabi/4.8.2/armv7-m/libgcc.a
LOAD /usr/lib/gcc/arm-none-eabi/4.8.2/../../../arm-none-eabi/lib/armv7-m/libm.a
END GROUP
LOAD clock_test.o
LOAD ../common/LPC17xx_Startup.o
LOAD ../common/LPC17xx_Interrupts.o
LOAD ../common/ubertooth.o
START GROUP
LOAD /usr/lib/gcc/arm-none-eabi/4.8.2/armv7-m/libgcc.a
LOAD /usr/lib/gcc/arm-none-eabi/4.8.2/../../../arm-none-eabi/lib/armv7-m/libc.a
END GROUP
LOAD /usr/lib/gcc/arm-none-eabi/4.8.2/armv7-m/crtend.o
LOAD /usr/lib/gcc/arm-none-eabi/4.8.2/armv7-m/crtn.o
START GROUP
LOAD /usr/lib/gcc/arm-none-eabi/4.8.2/armv7-m/libgcc.a
LOAD /usr/lib/gcc/arm-none-eabi/4.8.2/../../../arm-none-eabi/lib/armv7-m/libc.a
LOAD /usr/lib/gcc/arm-none-eabi/4.8.2/../../../arm-none-eabi/lib/armv7-m/libm.a
LOAD /usr/lib/gcc/arm-none-eabi/4.8.2/../../../arm-none-eabi/lib/armv7-m/libnosys.a
END GROUP

.text           0x0000000000004000      0x6d8
                0x0000000000004000                . = ALIGN (0x400)
                0x0000000000004000                _interrupt_vector_table = .
 *(.irq_handler_table)
 .irq_handler_table
                0x0000000000004000       0xcc ../common/LPC17xx_Interrupts.o
                0x0000000000004000                _NVIC_Handler_Functions
 *(.text .text.* .gnu.linkonce.t.*)
 .text          0x00000000000040cc       0xc8 /usr/lib/gcc/arm-none-eabi/4.8.2/armv7-m/crtbegin.o
 .text.atexit   0x0000000000004194        0xc /usr/lib/gcc/arm-none-eabi/4.8.2/../../../arm-none-eabi/lib/armv7-m/libc.a(lib_a-atexit.o)
                0x0000000000004194                atexit
 .text.__libc_fini_array
                0x00000000000041a0       0x34 /usr/lib/gcc/arm-none-eabi/4.8.2/../../../arm-none-eabi/lib/armv7-m/libc.a(lib_a-fini.o)
                0x00000000000041a0                __libc_fini_array
 .text.__libc_init_array
                0x00000000000041d4       0x5c /usr/lib/gcc/arm-none-eabi/4.8.2/../../../arm-none-eabi/lib/armv7-m/libc.a(lib_a-init.o)
                0x00000000000041d4                __libc_init_array
 .text.__register_exitproc
                0x0000000000004230       0xac /usr/lib/gcc/arm-none-eabi/4.8.2/../../../arm-none-eabi/lib/armv7-m/libc.a(lib_a-__atexit.o)
                0x0000000000004230                __register_exitproc
 .text.startup.register_fini
                0x00000000000042dc       0x18 /usr/lib/gcc/arm-none-eabi/4.8.2/../../../arm-none-eabi/lib/armv7-m/libc.a(lib_a-__call_atexit.o)
 .text.startup.main
                0x00000000000042f4       0x3c clock_test.o
                0x00000000000042f4                main
 .text.Reset_Handler
                0x0000000000004330       0x54 ../common/LPC17xx_Startup.o
                0x0000000000004330                Reset_Handler
 .text.Default_Handler
                0x0000000000004384        0x2 ../common/LPC17xx_Interrupts.o
                0x0000000000004384                TIMER2_IRQHandler
                0x0000000000004384                DebugMon_Handler
                0x0000000000004384                RIT_IRQHandler
                0x0000000000004384                I2C0_IRQHandler
                0x0000000000004384                HardFault_Handler
                0x0000000000004384                SysTick_Handler
                0x0000000000004384                PWM1_IRQHandler
                0x0000000000004384                PendSV_Handler
                0x0000000000004384                NMI_Handler
                0x0000000000004384                I2C1_IRQHandler
                0x0000000000004384                EINT2_IRQHandler
                0x0000000000004384                UART1_IRQHandler
                0x0000000000004384                EINT3_IRQHandler
                0x0000000000004384                TIMER3_IRQHandler
                0x0000000000004384                UART0_IRQHandler
                0x0000000000004384                MemManagement_Handler
                0x0000000000004384                UsageFault_Handler
                0x0000000000004384                PLL0_IRQHandler
                0x0000000000004384                CAN_IRQHandler
                0x0000000000004384                PLL1_IRQHandler
                0x0000000000004384                SSP0_IRQHandler
                0x0000000000004384                I2S_IRQHandler
                0x0000000000004384                I2C2_IRQHandler
                0x0000000000004384                RTC_IRQHandler
                0x0000000000004384                TIMER0_IRQHandler
                0x0000000000004384                SPI_IRQHandler
                0x0000000000004384                EINT1_IRQHandler
                0x0000000000004384                TIMER1_IRQHandler
                0x0000000000004384                UART2_IRQHandler
                0x0000000000004384                ADC_IRQHandler
                0x0000000000004384                SSP1_IRQHandler
                0x0000000000004384                USB_IRQHandler
                0x0000000000004384                BOD_IRQHandler
                0x0000000000004384                WDT_IRQHandler
                0x0000000000004384                SVC_Handler
                0x0000000000004384                QEI_IRQHandler
                0x0000000000004384                EINT0_IRQHandler
                0x0000000000004384                USBACT_IRQHandler
                0x0000000000004384                CANACT_IRQHandler
                0x0000000000004384                DMA_IRQHandler
                0x0000000000004384                BusFault_Handler
                0x0000000000004384                UART3_IRQHandler
                0x0000000000004384                MCPWM_IRQHandler
                0x0000000000004384                ENET_IRQHandler
 *fill*         0x0000000000004386        0x2 
 .text.wait_us  0x0000000000004388       0x2c ../common/ubertooth.o
                0x0000000000004388                wait_us
 .text.wait     0x00000000000043b4        0xc ../common/ubertooth.o
                0x00000000000043b4                wait
 .text.all_pins_off
                0x00000000000043c0       0x54 ../common/ubertooth.o
                0x00000000000043c0                all_pins_off
 .text.gpio_init
                0x0000000000004414       0x34 ../common/ubertooth.o
                0x0000000000004414                gpio_init
 .text.atest_init
                0x0000000000004448       0x34 ../common/ubertooth.o
                0x0000000000004448                atest_init
 .text.cc2400_spi
                0x000000000000447c       0x50 ../common/ubertooth.o
                0x000000000000447c                cc2400_spi
 .text.cc2400_init
                0x00000000000044cc       0x38 ../common/ubertooth.o
                0x00000000000044cc                cc2400_init
 .text.cc2400_get
                0x0000000000004504       0x12 ../common/ubertooth.o
                0x0000000000004504                cc2400_get
 .text.cc2400_status
                0x0000000000004516        0xe ../common/ubertooth.o
                0x0000000000004516                cc2400_status
 .text.cc2400_strobe
                0x0000000000004524        0xe ../common/ubertooth.o
                0x0000000000004524                cc2400_strobe
 .text.cc2400_reset
                0x0000000000004532       0x2c ../common/ubertooth.o
                0x0000000000004532                cc2400_reset
 *fill*         0x000000000000455e        0x2 
 .text.clock_start
                0x0000000000004560      0x14c ../common/ubertooth.o
                0x0000000000004560                clock_start
 *(.rodata .rodata.* .gnu.linkonce.r.*)
 .rodata.str1.4
                0x00000000000046ac        0x4 /usr/lib/gcc/arm-none-eabi/4.8.2/../../../arm-none-eabi/lib/armv7-m/libc.a(lib_a-impure.o)
 .rodata._global_impure_ptr
                0x00000000000046b0        0x4 /usr/lib/gcc/arm-none-eabi/4.8.2/../../../arm-none-eabi/lib/armv7-m/libc.a(lib_a-impure.o)
                0x00000000000046b0                _global_impure_ptr
 *(.eh_frame_hdr)
 *(.eh_frame)
 .eh_frame      0x00000000000046b4        0x0 /usr/lib/gcc/arm-none-eabi/4.8.2/armv7-m/crtbegin.o
                0x00000000000046b4                . = ALIGN (0x4)
 *(.init)
 .init          0x00000000000046b4        0x4 /usr/lib/gcc/arm-none-eabi/4.8.2/armv7-m/crti.o
                0x00000000000046b4                _init
 .init          0x00000000000046b8        0x8 /usr/lib/gcc/arm-none-eabi/4.8.2/armv7-m/crtn.o
                0x00000000000046c0                . = ALIGN (0x4)
                0x00000000000046c0                __preinit_array_start = .
 *(.preinit_array)
                0x00000000000046c0                __preinit_array_end = .
                0x00000000000046c0                . = ALIGN (0x4)
                0x00000000000046c0                __init_array_start = .
 *(SORT(.init_array.*))
 .init_array.00000
                0x00000000000046c0        0x4 /usr/lib/gcc/arm-none-eabi/4.8.2/../../../arm-none-eabi/lib/armv7-m/libc.a(lib_a-__call_atexit.o)
 *(.init_array)
 .init_array    0x00000000000046c4        0x4 /usr/lib/gcc/arm-none-eabi/4.8.2/armv7-m/crtbegin.o
                0x00000000000046c8                __init_array_end = .
                0x00000000000046c8                . = ALIGN (0x4)
 *crtbegin.o(.ctors)
 *(EXCLUDE_FILE(*crtend.o) .ctors)
 *(SORT(.ctors.*))
 *crtend.o(.ctors)
                0x00000000000046c8                . = ALIGN (0x4)
 *(.fini)
 .fini          0x00000000000046c8        0x4 /usr/lib/gcc/arm-none-eabi/4.8.2/armv7-m/crti.o
                0x00000000000046c8                _fini
 .fini          0x00000000000046cc        0x8 /usr/lib/gcc/arm-none-eabi/4.8.2/armv7-m/crtn.o
                0x00000000000046d4                . = ALIGN (0x4)
                0x00000000000046d4                __fini_array_start = .
 *(.fini_array)
 .fini_array    0x00000000000046d4        0x4 /usr/lib/gcc/arm-none-eabi/4.8.2/armv7-m/crtbegin.o
 *(SORT(.fini_array.*))
                0x00000000000046d8                __fini_array_end = .
 *crtbegin.o(.dtors)
 *(EXCLUDE_FILE(*crtend.o) .dtors)
 *(SORT(.dtors.*))
 *crtend.o(.dtors)
                0x00000000000046d8                . = ALIGN (0x8)
                0x00000000000046d8                _etext = .

.glue_7         0x00000000000046d8        0x0
 .glue_7        0x0000000000000000        0x0 linker stubs

.glue_7t        0x00000000000046d8        0x0
 .glue_7t       0x0000000000000000        0x0 linker stubs

.vfp11_veneer   0x00000000000046d8        0x0
 .vfp11_veneer  0x0000000000000000        0x0 linker stubs

.v4_bx          0x00000000000046d8        0x0
 .v4_bx         0x0000000000000000        0x0 linker stubs

.iplt           0x00000000000046d8        0x0
 .iplt          0x0000000000000000        0x0 /usr/lib/gcc/arm-none-eabi/4.8.2/armv7-m/crtbegin.o

.rel.dyn        0x00000000000046d8        0x0
 .rel.iplt      0x0000000000000000        0x0 /usr/lib/gcc/arm-none-eabi/4.8.2/armv7-m/crtbegin.o

.ARM.extab
 *(.ARM.extab* .gnu.linkonce.armextab.*)
                0x00000000000046d8                __exidx_start = .

.ARM.exidx
 *(.ARM.exidx* .gnu.linkonce.armexidx.*)
                0x00000000000046d8                __exidx_end = .
                0x00000000000046d8                _etext = .

.persistent     0x0000000010000000       0x20
                0x0000000010000000                _persistent_start = .
                0x0000000010000020                . = (. + 0x20)
 *fill*         0x0000000010000000       0x20 
                0x0000000010000020                _persistent_end = .
                0x000000001000001c                bootloader_ctrl = (_persistent_start + 0x1c)

.data           0x0000000010000020      0x428 load address 0x00000000000046d8
                0x0000000010000020                _data = .
 *(vtable)
 *(.data*)
 .data.impure_data
                0x0000000010000020      0x428 /usr/lib/gcc/arm-none-eabi/4.8.2/../../../arm-none-eabi/lib/armv7-m/libc.a(lib_a-impure.o)
                0x0000000010000448                _edata = .

.jcr            0x0000000010000448        0x0 load address 0x0000000000004b00
 .jcr           0x0000000010000448        0x0 /usr/lib/gcc/arm-none-eabi/4.8.2/armv7-m/crtbegin.o

.tm_clone_table
                0x0000000010000448        0x0 load address 0x0000000000004b00
 .tm_clone_table
                0x0000000010000448        0x0 /usr/lib/gcc/arm-none-eabi/4.8.2/armv7-m/crtbegin.o
 .tm_clone_table
                0x0000000010000448        0x0 /usr/lib/gcc/arm-none-eabi/4.8.2/armv7-m/crtend.o

.igot.plt       0x0000000010000448        0x0 load address 0x0000000000004b00
 .igot.plt      0x0000000000000000        0x0 /usr/lib/gcc/arm-none-eabi/4.8.2/armv7-m/crtbegin.o

.bss            0x0000000010000448       0x24 load address 0x0000000000004b00
                0x0000000010000448                _bss = .
                0x0000000010000448                __bss_start__ = .
 *(.bss*)
 .bss           0x0000000010000448       0x1c /usr/lib/gcc/arm-none-eabi/4.8.2/armv7-m/crtbegin.o
 .bss           0x0000000010000464        0x8 ../common/ubertooth.o
 *(COMMON)
                0x000000001000046c                _ebss = .
                0x000000001000046c                __bss_end__ = .

.cr_heap        0x000000001000046c        0x0 load address 0x0000000000004b00
                0x000000001000046c                end = .
                0x000000001000046c                __end__ = .
                0x000000001000046c                _pvHeapStart = .
                0x0000000010003fe0                _StackTop = ((ORIGIN (ram) + 0x4000) - 0x20)
OUTPUT(clock_test.elf elf32-littlearm)

.ARM.attributes
                0x0000000000000000       0x29
 .ARM.attributes
                0x0000000000000000       0x1d /usr/lib/gcc/arm-none-eabi/4.8.2/armv7-m/crti.o
 .ARM.attributes
                0x000000000000001d       0x2d /usr/lib/gcc/arm-none-eabi/4.8.2/armv7-m/crtbegin.o
 .ARM.attributes
                0x000000000000004a       0x2d /usr/lib/gcc/arm-none-eabi/4.8.2/../../../arm-none-eabi/lib/armv7-m/libc.a(lib_a-atexit.o)
 .ARM.attributes
                0x0000000000000077       0x2d /usr/lib/gcc/arm-none-eabi/4.8.2/../../../arm-none-eabi/lib/armv7-m/libc.a(lib_a-fini.o)
 .ARM.attributes
                0x00000000000000a4       0x2d /usr/lib/gcc/arm-none-eabi/4.8.2/../../../arm-none-eabi/lib/armv7-m/libc.a(lib_a-impure.o)
 .ARM.attributes
                0x00000000000000d1       0x2d /usr/lib/gcc/arm-none-eabi/4.8.2/../../../arm-none-eabi/lib/armv7-m/libc.a(lib_a-init.o)
 .ARM.attributes
                0x00000000000000fe       0x2d /usr/lib/gcc/arm-none-eabi/4.8.2/../../../arm-none-eabi/lib/armv7-m/libc.a(lib_a-__atexit.o)
 .ARM.attributes
                0x000000000000012b       0x2d /usr/lib/gcc/arm-none-eabi/4.8.2/../../../arm-none-eabi/lib/armv7-m/libc.a(lib_a-__call_atexit.o)
 .ARM.attributes
                0x0000000000000158       0x33 clock_test.o
 .ARM.attributes
                0x000000000000018b       0x33 ../common/LPC17xx_Startup.o
 .ARM.attributes
                0x00000000000001be       0x33 ../common/LPC17xx_Interrupts.o
 .ARM.attributes
                0x00000000000001f1       0x33 ../common/ubertooth.o
 .ARM.attributes
                0x0000000000000224       0x2d /usr/lib/gcc/arm-none-eabi/4.8.2/armv7-m/crtend.o
 .ARM.attributes
                0x0000000000000251       0x1d /usr/lib/gcc/arm-none-eabi/4.8.2/armv7-m/crtn.o

.comment        0x0000000000000000       0x1f
 .comment       0x0000000000000000       0x1f /usr/lib/gcc/arm-none-eabi/4.8.2/armv7-m/crtbegin.o
                                         0x20 (size before relaxing)
 .comment       0x0000000000000000       0x20 /usr/lib/gcc/arm-none-eabi/4.8.2/../../../arm-none-eabi/lib/armv7-m/libc.a(lib_a-atexit.o)
 .comment       0x0000000000000000       0x20 /usr/lib/gcc/arm-none-eabi/4.8.2/../../../arm-none-eabi/lib/armv7-m/libc.a(lib_a-fini.o)
 .comment       0x0000000000000000       0x20 /usr/lib/gcc/arm-none-eabi/4.8.2/../../../arm-none-eabi/lib/armv7-m/libc.a(lib_a-impure.o)
 .comment       0x0000000000000000       0x20 /usr/lib/gcc/arm-none-eabi/4.8.2/../../../arm-none-eabi/lib/armv7-m/libc.a(lib_a-init.o)
 .comment       0x0000000000000000       0x20 /usr/lib/gcc/arm-none-eabi/4.8.2/../../../arm-none-eabi/lib/armv7-m/libc.a(lib_a-__atexit.o)
 .comment       0x0000000000000000       0x20 /usr/lib/gcc/arm-none-eabi/4.8.2/../../../arm-none-eabi/lib/armv7-m/libc.a(lib_a-__call_atexit.o)
 .comment       0x0000000000000000       0x20 clock_test.o
 .comment       0x0000000000000000       0x20 ../common/LPC17xx_Startup.o
 .comment       0x0000000000000000       0x20 ../common/LPC17xx_Interrupts.o
 .comment       0x0000000000000000       0x20 ../common/ubertooth.o
 .comment       0x0000000000000000       0x20 /usr/lib/gcc/arm-none-eabi/4.8.2/armv7-m/crtend.o

.debug_info     0x0000000000000000     0x2ba2
 .debug_info    0x0000000000000000      0x10a /usr/lib/gcc/arm-none-eabi/4.8.2/../../../arm-none-eabi/lib/armv7-m/libc.a(lib_a-atexit.o)
 .debug_info    0x000000000000010a       0xef /usr/lib/gcc/arm-none-eabi/4.8.2/../../../arm-none-eabi/lib/armv7-m/libc.a(lib_a-fini.o)
 .debug_info    0x00000000000001f9      0x894 /usr/lib/gcc/arm-none-eabi/4.8.2/../../../arm-none-eabi/lib/armv7-m/libc.a(lib_a-impure.o)
 .debug_info    0x0000000000000a8d      0x105 /usr/lib/gcc/arm-none-eabi/4.8.2/../../../arm-none-eabi/lib/armv7-m/libc.a(lib_a-init.o)
 .debug_info    0x0000000000000b92      0x934 /usr/lib/gcc/arm-none-eabi/4.8.2/../../../arm-none-eabi/lib/armv7-m/libc.a(lib_a-__atexit.o)
 .debug_info    0x00000000000014c6      0x9aa /usr/lib/gcc/arm-none-eabi/4.8.2/../../../arm-none-eabi/lib/armv7-m/libc.a(lib_a-__call_atexit.o)
 .debug_info    0x0000000000001e70      0x108 clock_test.o
 .debug_info    0x0000000000001f78      0x117 ../common/LPC17xx_Startup.o
 .debug_info    0x000000000000208f       0x7d ../common/LPC17xx_Interrupts.o
 .debug_info    0x000000000000210c      0xa96 ../common/ubertooth.o

.debug_abbrev   0x0000000000000000      0xd03
 .debug_abbrev  0x0000000000000000       0xb8 /usr/lib/gcc/arm-none-eabi/4.8.2/../../../arm-none-eabi/lib/armv7-m/libc.a(lib_a-atexit.o)
 .debug_abbrev  0x00000000000000b8       0xbd /usr/lib/gcc/arm-none-eabi/4.8.2/../../../arm-none-eabi/lib/armv7-m/libc.a(lib_a-fini.o)
 .debug_abbrev  0x0000000000000175      0x180 /usr/lib/gcc/arm-none-eabi/4.8.2/../../../arm-none-eabi/lib/armv7-m/libc.a(lib_a-impure.o)
 .debug_abbrev  0x00000000000002f5       0xba /usr/lib/gcc/arm-none-eabi/4.8.2/../../../arm-none-eabi/lib/armv7-m/libc.a(lib_a-init.o)
 .debug_abbrev  0x00000000000003af      0x20f /usr/lib/gcc/arm-none-eabi/4.8.2/../../../arm-none-eabi/lib/armv7-m/libc.a(lib_a-__atexit.o)
 .debug_abbrev  0x00000000000005be      0x285 /usr/lib/gcc/arm-none-eabi/4.8.2/../../../arm-none-eabi/lib/armv7-m/libc.a(lib_a-__call_atexit.o)
 .debug_abbrev  0x0000000000000843       0xa9 clock_test.o
 .debug_abbrev  0x00000000000008ec       0xb8 ../common/LPC17xx_Startup.o
 .debug_abbrev  0x00000000000009a4       0x80 ../common/LPC17xx_Interrupts.o
 .debug_abbrev  0x0000000000000a24      0x2df ../common/ubertooth.o

.debug_loc      0x0000000000000000      0xb01
 .debug_loc     0x0000000000000000       0x2c /usr/lib/gcc/arm-none-eabi/4.8.2/../../../arm-none-eabi/lib/armv7-m/libc.a(lib_a-atexit.o)
 .debug_loc     0x000000000000002c       0x5c /usr/lib/gcc/arm-none-eabi/4.8.2/../../../arm-none-eabi/lib/armv7-m/libc.a(lib_a-fini.o)
 .debug_loc     0x0000000000000088       0xae /usr/lib/gcc/arm-none-eabi/4.8.2/../../../arm-none-eabi/lib/armv7-m/libc.a(lib_a-init.o)
 .debug_loc     0x0000000000000136      0x14d /usr/lib/gcc/arm-none-eabi/4.8.2/../../../arm-none-eabi/lib/armv7-m/libc.a(lib_a-__atexit.o)
 .debug_loc     0x0000000000000283      0x155 /usr/lib/gcc/arm-none-eabi/4.8.2/../../../arm-none-eabi/lib/armv7-m/libc.a(lib_a-__call_atexit.o)
 .debug_loc     0x00000000000003d8       0x97 ../common/LPC17xx_Startup.o
 .debug_loc     0x000000000000046f      0x692 ../common/ubertooth.o

.debug_aranges  0x0000000000000000      0x228
 .debug_aranges
                0x0000000000000000       0x20 /usr/lib/gcc/arm-none-eabi/4.8.2/../../../arm-none-eabi/lib/armv7-m/libc.a(lib_a-atexit.o)
 .debug_aranges
                0x0000000000000020       0x20 /usr/lib/gcc/arm-none-eabi/4.8.2/../../../arm-none-eabi/lib/armv7-m/libc.a(lib_a-fini.o)
 .debug_aranges
                0x0000000000000040       0x18 /usr/lib/gcc/arm-none-eabi/4.8.2/../../../arm-none-eabi/lib/armv7-m/libc.a(lib_a-impure.o)
 .debug_aranges
                0x0000000000000058       0x20 /usr/lib/gcc/arm-none-eabi/4.8.2/../../../arm-none-eabi/lib/armv7-m/libc.a(lib_a-init.o)
 .debug_aranges
                0x0000000000000078       0x20 /usr/lib/gcc/arm-none-eabi/4.8.2/../../../arm-none-eabi/lib/armv7-m/libc.a(lib_a-__atexit.o)
 .debug_aranges
                0x0000000000000098       0x28 /usr/lib/gcc/arm-none-eabi/4.8.2/../../../arm-none-eabi/lib/armv7-m/libc.a(lib_a-__call_atexit.o)
 .debug_aranges
                0x00000000000000c0       0x20 clock_test.o
 .debug_aranges
                0x00000000000000e0       0x20 ../common/LPC17xx_Startup.o
 .debug_aranges
                0x0000000000000100       0x20 ../common/LPC17xx_Interrupts.o
 .debug_aranges
                0x0000000000000120      0x108 ../common/ubertooth.o

.debug_ranges   0x0000000000000000      0x1d0
 .debug_ranges  0x0000000000000000       0x10 /usr/lib/gcc/arm-none-eabi/4.8.2/../../../arm-none-eabi/lib/armv7-m/libc.a(lib_a-atexit.o)
 .debug_ranges  0x0000000000000010       0x10 /usr/lib/gcc/arm-none-eabi/4.8.2/../../../arm-none-eabi/lib/armv7-m/libc.a(lib_a-fini.o)
 .debug_ranges  0x0000000000000020       0x10 /usr/lib/gcc/arm-none-eabi/4.8.2/../../../arm-none-eabi/lib/armv7-m/libc.a(lib_a-init.o)
 .debug_ranges  0x0000000000000030       0x10 /usr/lib/gcc/arm-none-eabi/4.8.2/../../../arm-none-eabi/lib/armv7-m/libc.a(lib_a-__atexit.o)
 .debug_ranges  0x0000000000000040       0x38 /usr/lib/gcc/arm-none-eabi/4.8.2/../../../arm-none-eabi/lib/armv7-m/libc.a(lib_a-__call_atexit.o)
 .debug_ranges  0x0000000000000078       0x10 clock_test.o
 .debug_ranges  0x0000000000000088       0x10 ../common/LPC17xx_Startup.o
 .debug_ranges  0x0000000000000098       0x10 ../common/LPC17xx_Interrupts.o
 .debug_ranges  0x00000000000000a8      0x128 ../common/ubertooth.o

.debug_line     0x0000000000000000      0xbaa
 .debug_line    0x0000000000000000       0xa6 /usr/lib/gcc/arm-none-eabi/4.8.2/../../../arm-none-eabi/lib/armv7-m/libc.a(lib_a-atexit.o)
 .debug_line    0x00000000000000a6       0x9c /usr/lib/gcc/arm-none-eabi/4.8.2/../../../arm-none-eabi/lib/armv7-m/libc.a(lib_a-fini.o)
 .debug_line    0x0000000000000142       0xd6 /usr/lib/gcc/arm-none-eabi/4.8.2/../../../arm-none-eabi/lib/armv7-m/libc.a(lib_a-impure.o)
 .debug_line    0x0000000000000218       0xb5 /usr/lib/gcc/arm-none-eabi/4.8.2/../../../arm-none-eabi/lib/armv7-m/libc.a(lib_a-init.o)
 .debug_line    0x00000000000002cd      0x160 /usr/lib/gcc/arm-none-eabi/4.8.2/../../../arm-none-eabi/lib/armv7-m/libc.a(lib_a-__atexit.o)
 .debug_line    0x000000000000042d      0x19a /usr/lib/gcc/arm-none-eabi/4.8.2/../../../arm-none-eabi/lib/armv7-m/libc.a(lib_a-__call_atexit.o)
 .debug_line    0x00000000000005c7       0xb2 clock_test.o
 .debug_line    0x0000000000000679       0x96 ../common/LPC17xx_Startup.o
 .debug_line    0x000000000000070f       0x4e ../common/LPC17xx_Interrupts.o
 .debug_line    0x000000000000075d      0x44d ../common/ubertooth.o

.debug_str      0x0000000000000000      0xbad
 .debug_str     0x0000000000000000      0x199 /usr/lib/gcc/arm-none-eabi/4.8.2/../../../arm-none-eabi/lib/armv7-m/libc.a(lib_a-atexit.o)
                                        0x1d9 (size before relaxing)
 .debug_str     0x0000000000000199       0xaf /usr/lib/gcc/arm-none-eabi/4.8.2/../../../arm-none-eabi/lib/armv7-m/libc.a(lib_a-fini.o)
                                        0x1d1 (size before relaxing)
 .debug_str     0x0000000000000248      0x41d /usr/lib/gcc/arm-none-eabi/4.8.2/../../../arm-none-eabi/lib/armv7-m/libc.a(lib_a-impure.o)
                                        0x56d (size before relaxing)
 .debug_str     0x0000000000000665       0x8a /usr/lib/gcc/arm-none-eabi/4.8.2/../../../arm-none-eabi/lib/armv7-m/libc.a(lib_a-init.o)
                                        0x1fb (size before relaxing)
 .debug_str     0x00000000000006ef       0x30 /usr/lib/gcc/arm-none-eabi/4.8.2/../../../arm-none-eabi/lib/armv7-m/libc.a(lib_a-__atexit.o)
                                        0x5b5 (size before relaxing)
 .debug_str     0x000000000000071f       0x86 /usr/lib/gcc/arm-none-eabi/4.8.2/../../../arm-none-eabi/lib/armv7-m/libc.a(lib_a-__call_atexit.o)
                                        0x5cd (size before relaxing)
 .debug_str     0x00000000000007a5      0x169 clock_test.o
                                        0x1f6 (size before relaxing)
 .debug_str     0x000000000000090e       0xa0 ../common/LPC17xx_Startup.o
                                        0x225 (size before relaxing)
 .debug_str     0x00000000000009ae       0x51 ../common/LPC17xx_Interrupts.o
                                        0x187 (size before relaxing)
 .debug_str     0x00000000000009ff      0x1ae ../common/ubertooth.o
                                        0x3a6 (size before relaxing)

.debug_frame    0x0000000000000000      0x450
 .debug_frame   0x0000000000000000       0x20 /usr/lib/gcc/arm-none-eabi/4.8.2/../../../arm-none-eabi/lib/armv7-m/libc.a(lib_a-atexit.o)
 .debug_frame   0x0000000000000020       0x2c /usr/lib/gcc/arm-none-eabi/4.8.2/../../../arm-none-eabi/lib/armv7-m/libc.a(lib_a-fini.o)
 .debug_frame   0x000000000000004c       0x2c /usr/lib/gcc/arm-none-eabi/4.8.2/../../../arm-none-eabi/lib/armv7-m/libc.a(lib_a-init.o)
 .debug_frame   0x0000000000000078       0x30 /usr/lib/gcc/arm-none-eabi/4.8.2/../../../arm-none-eabi/lib/armv7-m/libc.a(lib_a-__atexit.o)
 .debug_frame   0x00000000000000a8       0x48 /usr/lib/gcc/arm-none-eabi/4.8.2/../../../arm-none-eabi/lib/armv7-m/libc.a(lib_a-__call_atexit.o)
 .debug_frame   0x00000000000000f0       0x2c clock_test.o
 .debug_frame   0x000000000000011c       0x2c ../common/LPC17xx_Startup.o
 .debug_frame   0x0000000000000148       0x20 ../common/LPC17xx_Interrupts.o
 .debug_frame   0x0000000000000168      0x2e8 ../common/ubertooth.o
