Archive member included because of file (symbol)

/usr/lib/gcc/arm-none-eabi/4.8.2/../../../arm-none-eabi/lib/armv7-m/libc.a(lib_a-atexit.o)
                              /usr/lib/gcc/arm-none-eabi/4.8.2/../../../arm-none-eabi/lib/armv7-m/crt0.o (atexit)
/usr/lib/gcc/arm-none-eabi/4.8.2/../../../arm-none-eabi/lib/armv7-m/libc.a(lib_a-exit.o)
                              /usr/lib/gcc/arm-none-eabi/4.8.2/../../../arm-none-eabi/lib/armv7-m/crt0.o (exit)
/usr/lib/gcc/arm-none-eabi/4.8.2/../../../arm-none-eabi/lib/armv7-m/libc.a(lib_a-fini.o)
                              /usr/lib/gcc/arm-none-eabi/4.8.2/../../../arm-none-eabi/lib/armv7-m/crt0.o (__libc_fini_array)
/usr/lib/gcc/arm-none-eabi/4.8.2/../../../arm-none-eabi/lib/armv7-m/libc.a(lib_a-impure.o)
                              /usr/lib/gcc/arm-none-eabi/4.8.2/../../../arm-none-eabi/lib/armv7-m/libc.a(lib_a-exit.o) (_global_impure_ptr)
/usr/lib/gcc/arm-none-eabi/4.8.2/../../../arm-none-eabi/lib/armv7-m/libc.a(lib_a-init.o)
                              /usr/lib/gcc/arm-none-eabi/4.8.2/../../../arm-none-eabi/lib/armv7-m/crt0.o (__libc_init_array)
/usr/lib/gcc/arm-none-eabi/4.8.2/../../../arm-none-eabi/lib/armv7-m/libc.a(lib_a-memset.o)
                              /usr/lib/gcc/arm-none-eabi/4.8.2/../../../arm-none-eabi/lib/armv7-m/crt0.o (memset)
/usr/lib/gcc/arm-none-eabi/4.8.2/../../../arm-none-eabi/lib/armv7-m/libc.a(lib_a-__atexit.o)
                              /usr/lib/gcc/arm-none-eabi/4.8.2/../../../arm-none-eabi/lib/armv7-m/libc.a(lib_a-atexit.o) (__register_exitproc)
/usr/lib/gcc/arm-none-eabi/4.8.2/../../../arm-none-eabi/lib/armv7-m/libc.a(lib_a-__call_atexit.o)
                              /usr/lib/gcc/arm-none-eabi/4.8.2/../../../arm-none-eabi/lib/armv7-m/libc.a(lib_a-exit.o) (__call_exitprocs)
/usr/lib/gcc/arm-none-eabi/4.8.2/../../../arm-none-eabi/lib/armv7-m/libc.a(lib_a-memcpy.o)
                              ../common/usb_serial.o (memcpy)
/usr/lib/gcc/arm-none-eabi/4.8.2/../../../arm-none-eabi/lib/armv7-m/libnosys.a(_exit.o)
                              /usr/lib/gcc/arm-none-eabi/4.8.2/../../../arm-none-eabi/lib/armv7-m/libc.a(lib_a-exit.o) (_exit)

Discarded input sections

 .text          0x0000000000000000        0x0 /usr/lib/gcc/arm-none-eabi/4.8.2/armv7-m/crti.o
 .data          0x0000000000000000        0x0 /usr/lib/gcc/arm-none-eabi/4.8.2/armv7-m/crti.o
 .bss           0x0000000000000000        0x0 /usr/lib/gcc/arm-none-eabi/4.8.2/armv7-m/crti.o
 .data          0x0000000000000000        0x4 /usr/lib/gcc/arm-none-eabi/4.8.2/armv7-m/crtbegin.o
 .text          0x0000000000000000       0x68 /usr/lib/gcc/arm-none-eabi/4.8.2/../../../arm-none-eabi/lib/armv7-m/crt0.o
 .data          0x0000000000000000        0x0 /usr/lib/gcc/arm-none-eabi/4.8.2/../../../arm-none-eabi/lib/armv7-m/crt0.o
 .bss           0x0000000000000000        0x0 /usr/lib/gcc/arm-none-eabi/4.8.2/../../../arm-none-eabi/lib/armv7-m/crt0.o
 .ARM.extab     0x0000000000000000        0x0 /usr/lib/gcc/arm-none-eabi/4.8.2/../../../arm-none-eabi/lib/armv7-m/crt0.o
 .ARM.exidx     0x0000000000000000        0x8 /usr/lib/gcc/arm-none-eabi/4.8.2/../../../arm-none-eabi/lib/armv7-m/crt0.o
 .ARM.attributes
                0x0000000000000000       0x1b /usr/lib/gcc/arm-none-eabi/4.8.2/../../../arm-none-eabi/lib/armv7-m/crt0.o
 .debug_line    0x0000000000000000       0x7b /usr/lib/gcc/arm-none-eabi/4.8.2/../../../arm-none-eabi/lib/armv7-m/crt0.o
 .debug_info    0x0000000000000000       0x8d /usr/lib/gcc/arm-none-eabi/4.8.2/../../../arm-none-eabi/lib/armv7-m/crt0.o
 .debug_abbrev  0x0000000000000000       0x14 /usr/lib/gcc/arm-none-eabi/4.8.2/../../../arm-none-eabi/lib/armv7-m/crt0.o
 .debug_aranges
                0x0000000000000000       0x20 /usr/lib/gcc/arm-none-eabi/4.8.2/../../../arm-none-eabi/lib/armv7-m/crt0.o
 .text          0x0000000000000000        0x0 /usr/lib/gcc/arm-none-eabi/4.8.2/../../../arm-none-eabi/lib/armv7-m/libc.a(lib_a-atexit.o)
 .data          0x0000000000000000        0x0 /usr/lib/gcc/arm-none-eabi/4.8.2/../../../arm-none-eabi/lib/armv7-m/libc.a(lib_a-atexit.o)
 .bss           0x0000000000000000        0x0 /usr/lib/gcc/arm-none-eabi/4.8.2/../../../arm-none-eabi/lib/armv7-m/libc.a(lib_a-atexit.o)
 .text          0x0000000000000000        0x0 /usr/lib/gcc/arm-none-eabi/4.8.2/../../../arm-none-eabi/lib/armv7-m/libc.a(lib_a-exit.o)
 .data          0x0000000000000000        0x0 /usr/lib/gcc/arm-none-eabi/4.8.2/../../../arm-none-eabi/lib/armv7-m/libc.a(lib_a-exit.o)
 .bss           0x0000000000000000        0x0 /usr/lib/gcc/arm-none-eabi/4.8.2/../../../arm-none-eabi/lib/armv7-m/libc.a(lib_a-exit.o)
 .text.exit     0x0000000000000000       0x20 /usr/lib/gcc/arm-none-eabi/4.8.2/../../../arm-none-eabi/lib/armv7-m/libc.a(lib_a-exit.o)
 .debug_info    0x0000000000000000      0x8e4 /usr/lib/gcc/arm-none-eabi/4.8.2/../../../arm-none-eabi/lib/armv7-m/libc.a(lib_a-exit.o)
 .debug_abbrev  0x0000000000000000      0x1e6 /usr/lib/gcc/arm-none-eabi/4.8.2/../../../arm-none-eabi/lib/armv7-m/libc.a(lib_a-exit.o)
 .debug_loc     0x0000000000000000       0x1e /usr/lib/gcc/arm-none-eabi/4.8.2/../../../arm-none-eabi/lib/armv7-m/libc.a(lib_a-exit.o)
 .debug_aranges
                0x0000000000000000       0x20 /usr/lib/gcc/arm-none-eabi/4.8.2/../../../arm-none-eabi/lib/armv7-m/libc.a(lib_a-exit.o)
 .debug_ranges  0x0000000000000000       0x10 /usr/lib/gcc/arm-none-eabi/4.8.2/../../../arm-none-eabi/lib/armv7-m/libc.a(lib_a-exit.o)
 .debug_line    0x0000000000000000      0x13f /usr/lib/gcc/arm-none-eabi/4.8.2/../../../arm-none-eabi/lib/armv7-m/libc.a(lib_a-exit.o)
 .debug_str     0x0000000000000000      0x576 /usr/lib/gcc/arm-none-eabi/4.8.2/../../../arm-none-eabi/lib/armv7-m/libc.a(lib_a-exit.o)
 .comment       0x0000000000000000       0x20 /usr/lib/gcc/arm-none-eabi/4.8.2/../../../arm-none-eabi/lib/armv7-m/libc.a(lib_a-exit.o)
 .ARM.attributes
                0x0000000000000000       0x2d /usr/lib/gcc/arm-none-eabi/4.8.2/../../../arm-none-eabi/lib/armv7-m/libc.a(lib_a-exit.o)
 .debug_frame   0x0000000000000000       0x28 /usr/lib/gcc/arm-none-eabi/4.8.2/../../../arm-none-eabi/lib/armv7-m/libc.a(lib_a-exit.o)
 .text          0x0000000000000000        0x0 /usr/lib/gcc/arm-none-eabi/4.8.2/../../../arm-none-eabi/lib/armv7-m/libc.a(lib_a-fini.o)
 .data          0x0000000000000000        0x0 /usr/lib/gcc/arm-none-eabi/4.8.2/../../../arm-none-eabi/lib/armv7-m/libc.a(lib_a-fini.o)
 .bss           0x0000000000000000        0x0 /usr/lib/gcc/arm-none-eabi/4.8.2/../../../arm-none-eabi/lib/armv7-m/libc.a(lib_a-fini.o)
 .text          0x0000000000000000        0x0 /usr/lib/gcc/arm-none-eabi/4.8.2/../../../arm-none-eabi/lib/armv7-m/libc.a(lib_a-impure.o)
 .data          0x0000000000000000        0x0 /usr/lib/gcc/arm-none-eabi/4.8.2/../../../arm-none-eabi/lib/armv7-m/libc.a(lib_a-impure.o)
 .bss           0x0000000000000000        0x0 /usr/lib/gcc/arm-none-eabi/4.8.2/../../../arm-none-eabi/lib/armv7-m/libc.a(lib_a-impure.o)
 .data._impure_ptr
                0x0000000000000000        0x4 /usr/lib/gcc/arm-none-eabi/4.8.2/../../../arm-none-eabi/lib/armv7-m/libc.a(lib_a-impure.o)
 .text          0x0000000000000000        0x0 /usr/lib/gcc/arm-none-eabi/4.8.2/../../../arm-none-eabi/lib/armv7-m/libc.a(lib_a-init.o)
 .data          0x0000000000000000        0x0 /usr/lib/gcc/arm-none-eabi/4.8.2/../../../arm-none-eabi/lib/armv7-m/libc.a(lib_a-init.o)
 .bss           0x0000000000000000        0x0 /usr/lib/gcc/arm-none-eabi/4.8.2/../../../arm-none-eabi/lib/armv7-m/libc.a(lib_a-init.o)
 .text          0x0000000000000000        0x0 /usr/lib/gcc/arm-none-eabi/4.8.2/../../../arm-none-eabi/lib/armv7-m/libc.a(lib_a-memset.o)
 .data          0x0000000000000000        0x0 /usr/lib/gcc/arm-none-eabi/4.8.2/../../../arm-none-eabi/lib/armv7-m/libc.a(lib_a-memset.o)
 .bss           0x0000000000000000        0x0 /usr/lib/gcc/arm-none-eabi/4.8.2/../../../arm-none-eabi/lib/armv7-m/libc.a(lib_a-memset.o)
 .text.memset   0x0000000000000000       0x94 /usr/lib/gcc/arm-none-eabi/4.8.2/../../../arm-none-eabi/lib/armv7-m/libc.a(lib_a-memset.o)
 .debug_info    0x0000000000000000      0x117 /usr/lib/gcc/arm-none-eabi/4.8.2/../../../arm-none-eabi/lib/armv7-m/libc.a(lib_a-memset.o)
 .debug_abbrev  0x0000000000000000       0x9f /usr/lib/gcc/arm-none-eabi/4.8.2/../../../arm-none-eabi/lib/armv7-m/libc.a(lib_a-memset.o)
 .debug_loc     0x0000000000000000      0x18b /usr/lib/gcc/arm-none-eabi/4.8.2/../../../arm-none-eabi/lib/armv7-m/libc.a(lib_a-memset.o)
 .debug_aranges
                0x0000000000000000       0x20 /usr/lib/gcc/arm-none-eabi/4.8.2/../../../arm-none-eabi/lib/armv7-m/libc.a(lib_a-memset.o)
 .debug_ranges  0x0000000000000000       0x10 /usr/lib/gcc/arm-none-eabi/4.8.2/../../../arm-none-eabi/lib/armv7-m/libc.a(lib_a-memset.o)
 .debug_line    0x0000000000000000       0xff /usr/lib/gcc/arm-none-eabi/4.8.2/../../../arm-none-eabi/lib/armv7-m/libc.a(lib_a-memset.o)
 .debug_str     0x0000000000000000      0x1b0 /usr/lib/gcc/arm-none-eabi/4.8.2/../../../arm-none-eabi/lib/armv7-m/libc.a(lib_a-memset.o)
 .comment       0x0000000000000000       0x20 /usr/lib/gcc/arm-none-eabi/4.8.2/../../../arm-none-eabi/lib/armv7-m/libc.a(lib_a-memset.o)
 .ARM.attributes
                0x0000000000000000       0x2d /usr/lib/gcc/arm-none-eabi/4.8.2/../../../arm-none-eabi/lib/armv7-m/libc.a(lib_a-memset.o)
 .debug_frame   0x0000000000000000       0x2c /usr/lib/gcc/arm-none-eabi/4.8.2/../../../arm-none-eabi/lib/armv7-m/libc.a(lib_a-memset.o)
 .text          0x0000000000000000        0x0 /usr/lib/gcc/arm-none-eabi/4.8.2/../../../arm-none-eabi/lib/armv7-m/libc.a(lib_a-__atexit.o)
 .data          0x0000000000000000        0x0 /usr/lib/gcc/arm-none-eabi/4.8.2/../../../arm-none-eabi/lib/armv7-m/libc.a(lib_a-__atexit.o)
 .bss           0x0000000000000000        0x0 /usr/lib/gcc/arm-none-eabi/4.8.2/../../../arm-none-eabi/lib/armv7-m/libc.a(lib_a-__atexit.o)
 .text          0x0000000000000000        0x0 /usr/lib/gcc/arm-none-eabi/4.8.2/../../../arm-none-eabi/lib/armv7-m/libc.a(lib_a-__call_atexit.o)
 .data          0x0000000000000000        0x0 /usr/lib/gcc/arm-none-eabi/4.8.2/../../../arm-none-eabi/lib/armv7-m/libc.a(lib_a-__call_atexit.o)
 .bss           0x0000000000000000        0x0 /usr/lib/gcc/arm-none-eabi/4.8.2/../../../arm-none-eabi/lib/armv7-m/libc.a(lib_a-__call_atexit.o)
 .text.__call_exitprocs
                0x0000000000000000       0xf8 /usr/lib/gcc/arm-none-eabi/4.8.2/../../../arm-none-eabi/lib/armv7-m/libc.a(lib_a-__call_atexit.o)
 .text          0x0000000000000000        0x0 usb_test.o
 .data          0x0000000000000000        0x0 usb_test.o
 .bss           0x0000000000000000        0x0 usb_test.o
 .text          0x0000000000000000        0x0 ../common/usb_serial.o
 .text          0x0000000000000000        0x0 ../common/serial_fifo.o
 .data          0x0000000000000000        0x0 ../common/serial_fifo.o
 .bss           0x0000000000000000        0x0 ../common/serial_fifo.o
 .text          0x0000000000000000        0x0 ../common/LPC17xx_Startup.o
 .data          0x0000000000000000        0x0 ../common/LPC17xx_Startup.o
 .bss           0x0000000000000000        0x0 ../common/LPC17xx_Startup.o
 .text          0x0000000000000000        0x0 ../common/LPC17xx_Interrupts.o
 .data          0x0000000000000000        0x0 ../common/LPC17xx_Interrupts.o
 .bss           0x0000000000000000        0x0 ../common/LPC17xx_Interrupts.o
 .text          0x0000000000000000        0x0 ../common/ubertooth.o
 .data          0x0000000000000000        0x0 ../common/ubertooth.o
 .text.spi_delay
                0x0000000000000000       0x18 ../common/ubertooth.o
 .text.rbit     0x0000000000000000        0x6 ../common/ubertooth.o
 .text.wait     0x0000000000000000        0xc ../common/ubertooth.o
 .text.wait_ms  0x0000000000000000        0xa ../common/ubertooth.o
 .text.dio_ssp_init
                0x0000000000000000       0x54 ../common/ubertooth.o
 .text.cc2400_set
                0x0000000000000000        0xa ../common/ubertooth.o
 .text.cc2400_get8
                0x0000000000000000       0x12 ../common/ubertooth.o
 .text.cc2400_set8
                0x0000000000000000        0xa ../common/ubertooth.o
 .text.cc2400_fifo_write
                0x0000000000000000       0x90 ../common/ubertooth.o
 .text.cc2400_fifo_read
                0x0000000000000000       0x90 ../common/ubertooth.o
 .text.reset    0x0000000000000000       0x34 ../common/ubertooth.o
 .text.cc2400_tune_rx
                0x0000000000000000        0xa ../common/ubertooth.o
 .text.cc2400_tune_tx
                0x0000000000000000        0x8 ../common/ubertooth.o
 .text.cc2400_hop_rx
                0x0000000000000000       0x38 ../common/ubertooth.o
 .text.cc2400_hop_tx
                0x0000000000000000       0x38 ../common/ubertooth.o
 .text.get_part_num
                0x0000000000000000       0x38 ../common/ubertooth.o
 .text.get_device_serial
                0x0000000000000000       0x68 ../common/ubertooth.o
 .text.set_isp  0x0000000000000000       0x20 ../common/ubertooth.o
 .rodata        0x0000000000000000        0x4 ../common/ubertooth.o
 .text          0x0000000000000000        0x0 ../common/lpcusb/target/usbcontrol.o
 .data          0x0000000000000000        0x0 ../common/lpcusb/target/usbcontrol.o
 .text          0x0000000000000000        0x0 ../common/lpcusb/target/usbinit.o
 .data          0x0000000000000000        0x0 ../common/lpcusb/target/usbinit.o
 .text          0x0000000000000000        0x0 ../common/lpcusb/target/usbhw_lpc.o
 .data          0x0000000000000000        0x0 ../common/lpcusb/target/usbhw_lpc.o
 .text.USBHwISOCEPRead
                0x0000000000000000       0x84 ../common/lpcusb/target/usbhw_lpc.o
 .text.USBSetupDMADescriptor
                0x0000000000000000       0x46 ../common/lpcusb/target/usbhw_lpc.o
 .text.USBDisableDMAForEndpoint
                0x0000000000000000       0x1c ../common/lpcusb/target/usbhw_lpc.o
 .text.USBEnableDMAForEndpoint
                0x0000000000000000       0x1c ../common/lpcusb/target/usbhw_lpc.o
 .text.USBInitializeISOCFrameArray
                0x0000000000000000       0x24 ../common/lpcusb/target/usbhw_lpc.o
 .text.USBSetHeadDDForDMA
                0x0000000000000000       0x10 ../common/lpcusb/target/usbhw_lpc.o
 .text.USBInitializeUSBDMA
                0x0000000000000000       0x18 ../common/lpcusb/target/usbhw_lpc.o
 .text          0x0000000000000000        0x0 ../common/lpcusb/target/usbstdreq.o
 .text.USBRegisterWinusbInterface
                0x0000000000000000       0x34 ../common/lpcusb/target/usbstdreq.o
 .text.USBGetOsStringDescriptor
                0x0000000000000000       0x1c ../common/lpcusb/target/usbstdreq.o
 .text.USBRegisterCustomReqHandler
                0x0000000000000000        0xc ../common/lpcusb/target/usbstdreq.o
 .data          0x0000000000000000        0x0 /usr/lib/gcc/arm-none-eabi/4.8.2/../../../arm-none-eabi/lib/armv7-m/libc.a(lib_a-memcpy.o)
 .bss           0x0000000000000000        0x0 /usr/lib/gcc/arm-none-eabi/4.8.2/../../../arm-none-eabi/lib/armv7-m/libc.a(lib_a-memcpy.o)
 .text          0x0000000000000000        0x0 /usr/lib/gcc/arm-none-eabi/4.8.2/armv7-m/crtend.o
 .data          0x0000000000000000        0x0 /usr/lib/gcc/arm-none-eabi/4.8.2/armv7-m/crtend.o
 .bss           0x0000000000000000        0x0 /usr/lib/gcc/arm-none-eabi/4.8.2/armv7-m/crtend.o
 .eh_frame      0x0000000000000000        0x4 /usr/lib/gcc/arm-none-eabi/4.8.2/armv7-m/crtend.o
 .jcr           0x0000000000000000        0x4 /usr/lib/gcc/arm-none-eabi/4.8.2/armv7-m/crtend.o
 .text          0x0000000000000000        0x0 /usr/lib/gcc/arm-none-eabi/4.8.2/armv7-m/crtn.o
 .data          0x0000000000000000        0x0 /usr/lib/gcc/arm-none-eabi/4.8.2/armv7-m/crtn.o
 .bss           0x0000000000000000        0x0 /usr/lib/gcc/arm-none-eabi/4.8.2/armv7-m/crtn.o
 .text          0x0000000000000000        0x0 /usr/lib/gcc/arm-none-eabi/4.8.2/../../../arm-none-eabi/lib/armv7-m/libnosys.a(_exit.o)
 .data          0x0000000000000000        0x0 /usr/lib/gcc/arm-none-eabi/4.8.2/../../../arm-none-eabi/lib/armv7-m/libnosys.a(_exit.o)
 .bss           0x0000000000000000        0x0 /usr/lib/gcc/arm-none-eabi/4.8.2/../../../arm-none-eabi/lib/armv7-m/libnosys.a(_exit.o)
 .text._exit    0x0000000000000000        0x4 /usr/lib/gcc/arm-none-eabi/4.8.2/../../../arm-none-eabi/lib/armv7-m/libnosys.a(_exit.o)
 .debug_info    0x0000000000000000       0x58 /usr/lib/gcc/arm-none-eabi/4.8.2/../../../arm-none-eabi/lib/armv7-m/libnosys.a(_exit.o)
 .debug_abbrev  0x0000000000000000       0x55 /usr/lib/gcc/arm-none-eabi/4.8.2/../../../arm-none-eabi/lib/armv7-m/libnosys.a(_exit.o)
 .debug_aranges
                0x0000000000000000       0x20 /usr/lib/gcc/arm-none-eabi/4.8.2/../../../arm-none-eabi/lib/armv7-m/libnosys.a(_exit.o)
 .debug_ranges  0x0000000000000000       0x10 /usr/lib/gcc/arm-none-eabi/4.8.2/../../../arm-none-eabi/lib/armv7-m/libnosys.a(_exit.o)
 .debug_line    0x0000000000000000       0x58 /usr/lib/gcc/arm-none-eabi/4.8.2/../../../arm-none-eabi/lib/armv7-m/libnosys.a(_exit.o)
 .debug_str     0x0000000000000000       0xe3 /usr/lib/gcc/arm-none-eabi/4.8.2/../../../arm-none-eabi/lib/armv7-m/libnosys.a(_exit.o)
 .comment       0x0000000000000000       0x20 /usr/lib/gcc/arm-none-eabi/4.8.2/../../../arm-none-eabi/lib/armv7-m/libnosys.a(_exit.o)
 .ARM.attributes
                0x0000000000000000       0x2d /usr/lib/gcc/arm-none-eabi/4.8.2/../../../arm-none-eabi/lib/armv7-m/libnosys.a(_exit.o)
 .debug_frame   0x0000000000000000       0x20 /usr/lib/gcc/arm-none-eabi/4.8.2/../../../arm-none-eabi/lib/armv7-m/libnosys.a(_exit.o)

Memory Configuration

Name             Origin             Length             Attributes
rom              0x0000000000004000 0x000000000001c000 xr
ram              0x0000000010000000 0x0000000000004000 xrw
*default*        0x0000000000000000 0xffffffffffffffff

Linker script and memory map

LOAD /usr/lib/gcc/arm-none-eabi/4.8.2/armv7-m/crti.o
LOAD /usr/lib/gcc/arm-none-eabi/4.8.2/armv7-m/crtbegin.o
LOAD /usr/lib/gcc/arm-none-eabi/4.8.2/../../../arm-none-eabi/lib/armv7-m/crt0.o
START GROUP
LOAD /usr/lib/gcc/arm-none-eabi/4.8.2/../../../arm-none-eabi/lib/armv7-m/libc.a
LOAD /usr/lib/gcc/arm-none-eabi/4.8.2/../../../arm-none-eabi/lib/armv7-m/libg.a
LOAD /usr/lib/gcc/arm-none-eabi/4.8.2/armv7-m/libgcc.a
LOAD /usr/lib/gcc/arm-none-eabi/4.8.2/../../../arm-none-eabi/lib/armv7-m/libm.a
END GROUP
LOAD usb_test.o
LOAD ../common/usb_serial.o
LOAD ../common/serial_fifo.o
LOAD ../common/LPC17xx_Startup.o
LOAD ../common/LPC17xx_Interrupts.o
LOAD ../common/ubertooth.o
LOAD ../common/lpcusb/target/usbcontrol.o
LOAD ../common/lpcusb/target/usbinit.o
LOAD ../common/lpcusb/target/usbhw_lpc.o
LOAD ../common/lpcusb/target/usbstdreq.o
START GROUP
LOAD /usr/lib/gcc/arm-none-eabi/4.8.2/armv7-m/libgcc.a
LOAD /usr/lib/gcc/arm-none-eabi/4.8.2/../../../arm-none-eabi/lib/armv7-m/libc.a
END GROUP
LOAD /usr/lib/gcc/arm-none-eabi/4.8.2/armv7-m/crtend.o
LOAD /usr/lib/gcc/arm-none-eabi/4.8.2/armv7-m/crtn.o
START GROUP
LOAD /usr/lib/gcc/arm-none-eabi/4.8.2/armv7-m/libgcc.a
LOAD /usr/lib/gcc/arm-none-eabi/4.8.2/../../../arm-none-eabi/lib/armv7-m/libc.a
LOAD /usr/lib/gcc/arm-none-eabi/4.8.2/../../../arm-none-eabi/lib/armv7-m/libm.a
LOAD /usr/lib/gcc/arm-none-eabi/4.8.2/../../../arm-none-eabi/lib/armv7-m/libnosys.a
END GROUP

.text           0x0000000000004000     0x1190
                0x0000000000004000                . = ALIGN (0x400)
                0x0000000000004000                _interrupt_vector_table = .
 *(.irq_handler_table)
 .irq_handler_table
                0x0000000000004000       0xcc ../common/LPC17xx_Interrupts.o
                0x0000000000004000                _NVIC_Handler_Functions
 *(.text .text.* .gnu.linkonce.t.*)
 .text          0x00000000000040cc       0xc8 /usr/lib/gcc/arm-none-eabi/4.8.2/armv7-m/crtbegin.o
 .text.atexit   0x0000000000004194        0xc /usr/lib/gcc/arm-none-eabi/4.8.2/../../../arm-none-eabi/lib/armv7-m/libc.a(lib_a-atexit.o)
                0x0000000000004194                atexit
 .text.__libc_fini_array
                0x00000000000041a0       0x34 /usr/lib/gcc/arm-none-eabi/4.8.2/../../../arm-none-eabi/lib/armv7-m/libc.a(lib_a-fini.o)
                0x00000000000041a0                __libc_fini_array
 .text.__libc_init_array
                0x00000000000041d4       0x5c /usr/lib/gcc/arm-none-eabi/4.8.2/../../../arm-none-eabi/lib/armv7-m/libc.a(lib_a-init.o)
                0x00000000000041d4                __libc_init_array
 .text.__register_exitproc
                0x0000000000004230       0xac /usr/lib/gcc/arm-none-eabi/4.8.2/../../../arm-none-eabi/lib/armv7-m/libc.a(lib_a-__atexit.o)
                0x0000000000004230                __register_exitproc
 .text.startup.register_fini
                0x00000000000042dc       0x18 /usr/lib/gcc/arm-none-eabi/4.8.2/../../../arm-none-eabi/lib/armv7-m/libc.a(lib_a-__call_atexit.o)
 .text.startup.main
                0x00000000000042f4       0x38 usb_test.o
                0x00000000000042f4                main
 .text.USBDevIntHandler
                0x000000000000432c       0x10 ../common/usb_serial.o
 .text.SendNextBulkIn.part.0
                0x000000000000433c       0x3c ../common/usb_serial.o
 .text.USBFrameHandler
                0x0000000000004378       0x28 ../common/usb_serial.o
 .text.BulkOut  0x00000000000043a0       0x3c ../common/usb_serial.o
 .text.HandleClassRequest
                0x00000000000043dc       0x34 ../common/usb_serial.o
 .text.BulkIn   0x0000000000004410       0x14 ../common/usb_serial.o
 .text.VCOM_init
                0x0000000000004424       0x28 ../common/usb_serial.o
                0x0000000000004424                VCOM_init
 .text.VCOM_putchar
                0x000000000000444c       0x1c ../common/usb_serial.o
                0x000000000000444c                VCOM_putchar
 .text.VCOM_getchar
                0x0000000000004468       0x24 ../common/usb_serial.o
                0x0000000000004468                VCOM_getchar
 .text.USB_IRQHandler
                0x000000000000448c        0x4 ../common/usb_serial.o
                0x000000000000448c                USB_IRQHandler
 .text.usb_serial_init
                0x0000000000004490       0x74 ../common/usb_serial.o
                0x0000000000004490                usb_serial_init
 .text.fifo_init
                0x0000000000004504        0xa ../common/serial_fifo.o
                0x0000000000004504                fifo_init
 *fill*         0x000000000000450e        0x2 
 .text.fifo_put
                0x0000000000004510       0x30 ../common/serial_fifo.o
                0x0000000000004510                fifo_put
 .text.fifo_get
                0x0000000000004540       0x30 ../common/serial_fifo.o
                0x0000000000004540                fifo_get
 .text.fifo_avail
                0x0000000000004570       0x20 ../common/serial_fifo.o
                0x0000000000004570                fifo_avail
 .text.fifo_free
                0x0000000000004590        0xc ../common/serial_fifo.o
                0x0000000000004590                fifo_free
 .text.Reset_Handler
                0x000000000000459c       0x54 ../common/LPC17xx_Startup.o
                0x000000000000459c                Reset_Handler
 .text.Default_Handler
                0x00000000000045f0        0x2 ../common/LPC17xx_Interrupts.o
                0x00000000000045f0                TIMER2_IRQHandler
                0x00000000000045f0                DebugMon_Handler
                0x00000000000045f0                RIT_IRQHandler
                0x00000000000045f0                I2C0_IRQHandler
                0x00000000000045f0                HardFault_Handler
                0x00000000000045f0                SysTick_Handler
                0x00000000000045f0                PWM1_IRQHandler
                0x00000000000045f0                PendSV_Handler
                0x00000000000045f0                NMI_Handler
                0x00000000000045f0                I2C1_IRQHandler
                0x00000000000045f0                EINT2_IRQHandler
                0x00000000000045f0                UART1_IRQHandler
                0x00000000000045f0                EINT3_IRQHandler
                0x00000000000045f0                TIMER3_IRQHandler
                0x00000000000045f0                UART0_IRQHandler
                0x00000000000045f0                MemManagement_Handler
                0x00000000000045f0                UsageFault_Handler
                0x00000000000045f0                PLL0_IRQHandler
                0x00000000000045f0                CAN_IRQHandler
                0x00000000000045f0                PLL1_IRQHandler
                0x00000000000045f0                SSP0_IRQHandler
                0x00000000000045f0                I2S_IRQHandler
                0x00000000000045f0                I2C2_IRQHandler
                0x00000000000045f0                RTC_IRQHandler
                0x00000000000045f0                TIMER0_IRQHandler
                0x00000000000045f0                SPI_IRQHandler
                0x00000000000045f0                EINT1_IRQHandler
                0x00000000000045f0                TIMER1_IRQHandler
                0x00000000000045f0                UART2_IRQHandler
                0x00000000000045f0                ADC_IRQHandler
                0x00000000000045f0                SSP1_IRQHandler
                0x00000000000045f0                BOD_IRQHandler
                0x00000000000045f0                WDT_IRQHandler
                0x00000000000045f0                SVC_Handler
                0x00000000000045f0                QEI_IRQHandler
                0x00000000000045f0                EINT0_IRQHandler
                0x00000000000045f0                USBACT_IRQHandler
                0x00000000000045f0                CANACT_IRQHandler
                0x00000000000045f0                DMA_IRQHandler
                0x00000000000045f0                BusFault_Handler
                0x00000000000045f0                UART3_IRQHandler
                0x00000000000045f0                MCPWM_IRQHandler
                0x00000000000045f0                ENET_IRQHandler
 *fill*         0x00000000000045f2        0x2 
 .text.wait_us  0x00000000000045f4       0x2c ../common/ubertooth.o
                0x00000000000045f4                wait_us
 .text.all_pins_off
                0x0000000000004620       0x54 ../common/ubertooth.o
                0x0000000000004620                all_pins_off
 .text.gpio_init
                0x0000000000004674       0x34 ../common/ubertooth.o
                0x0000000000004674                gpio_init
 .text.atest_init
                0x00000000000046a8       0x34 ../common/ubertooth.o
                0x00000000000046a8                atest_init
 .text.cc2400_spi
                0x00000000000046dc       0x50 ../common/ubertooth.o
                0x00000000000046dc                cc2400_spi
 .text.cc2400_init
                0x000000000000472c       0x38 ../common/ubertooth.o
                0x000000000000472c                cc2400_init
 .text.cc2400_get
                0x0000000000004764       0x12 ../common/ubertooth.o
                0x0000000000004764                cc2400_get
 .text.cc2400_status
                0x0000000000004776        0xe ../common/ubertooth.o
                0x0000000000004776                cc2400_status
 .text.cc2400_strobe
                0x0000000000004784        0xe ../common/ubertooth.o
                0x0000000000004784                cc2400_strobe
 .text.cc2400_reset
                0x0000000000004792       0x2c ../common/ubertooth.o
                0x0000000000004792                cc2400_reset
 *fill*         0x00000000000047be        0x2 
 .text.clock_start
                0x00000000000047c0      0x14c ../common/ubertooth.o
                0x00000000000047c0                clock_start
 .text.ubertooth_init
                0x000000000000490c       0x12 ../common/ubertooth.o
                0x000000000000490c                ubertooth_init
 *fill*         0x000000000000491e        0x2 
 .text.DataIn   0x0000000000004920       0x28 ../common/lpcusb/target/usbcontrol.o
 .text._HandleRequest.constprop.1
                0x0000000000004948       0x50 ../common/lpcusb/target/usbcontrol.o
 .text.USBHandleControlTransfer
                0x0000000000004998       0xa8 ../common/lpcusb/target/usbcontrol.o
                0x0000000000004998                USBHandleControlTransfer
 .text.USBRegisterRequestHandler
                0x0000000000004a40       0x10 ../common/lpcusb/target/usbcontrol.o
                0x0000000000004a40                USBRegisterRequestHandler
 .text.HandleUsbReset
                0x0000000000004a50        0x2 ../common/lpcusb/target/usbinit.o
 *fill*         0x0000000000004a52        0x2 
 .text.USBInit  0x0000000000004a54       0x4c ../common/lpcusb/target/usbinit.o
                0x0000000000004a54                USBInit
 .text.Wait4DevInt
                0x0000000000004aa0       0x18 ../common/lpcusb/target/usbhw_lpc.o
 .text.USBHwCmd
                0x0000000000004ab8       0x18 ../common/lpcusb/target/usbhw_lpc.o
 .text.USBHwCmdWrite
                0x0000000000004ad0       0x20 ../common/lpcusb/target/usbhw_lpc.o
 .text.USBHwEPConfig
                0x0000000000004af0       0x38 ../common/lpcusb/target/usbhw_lpc.o
                0x0000000000004af0                USBHwEPConfig
 .text.USBHwRegisterEPIntHandler
                0x0000000000004b28       0x34 ../common/lpcusb/target/usbhw_lpc.o
                0x0000000000004b28                USBHwRegisterEPIntHandler
 .text.USBHwRegisterDevIntHandler
                0x0000000000004b5c       0x18 ../common/lpcusb/target/usbhw_lpc.o
                0x0000000000004b5c                USBHwRegisterDevIntHandler
 .text.USBHwRegisterFrameHandler
                0x0000000000004b74       0x18 ../common/lpcusb/target/usbhw_lpc.o
                0x0000000000004b74                USBHwRegisterFrameHandler
 .text.USBHwSetAddress
                0x0000000000004b8c        0xa ../common/lpcusb/target/usbhw_lpc.o
                0x0000000000004b8c                USBHwSetAddress
 .text.USBHwConnect
                0x0000000000004b96        0xc ../common/lpcusb/target/usbhw_lpc.o
                0x0000000000004b96                USBHwConnect
 .text.USBHwNakIntEnable
                0x0000000000004ba2        0x8 ../common/lpcusb/target/usbhw_lpc.o
                0x0000000000004ba2                USBHwNakIntEnable
 *fill*         0x0000000000004baa        0x2 
 .text.USBHwEPGetStatus
                0x0000000000004bac       0x34 ../common/lpcusb/target/usbhw_lpc.o
                0x0000000000004bac                USBHwEPGetStatus
 .text.USBHwEPStall
                0x0000000000004be0       0x18 ../common/lpcusb/target/usbhw_lpc.o
                0x0000000000004be0                USBHwEPStall
 .text.USBHwEPWrite
                0x0000000000004bf8       0x60 ../common/lpcusb/target/usbhw_lpc.o
                0x0000000000004bf8                USBHwEPWrite
 .text.USBHwEPRead
                0x0000000000004c58       0x6c ../common/lpcusb/target/usbhw_lpc.o
                0x0000000000004c58                USBHwEPRead
 .text.USBHwConfigDevice
                0x0000000000004cc4        0xc ../common/lpcusb/target/usbhw_lpc.o
                0x0000000000004cc4                USBHwConfigDevice
 .text.USBHwISR
                0x0000000000004cd0       0xcc ../common/lpcusb/target/usbhw_lpc.o
                0x0000000000004cd0                USBHwISR
 .text.USBHwInit
                0x0000000000004d9c       0xb0 ../common/lpcusb/target/usbhw_lpc.o
                0x0000000000004d9c                USBHwInit
 .text.USBFilterOsVendorMessage
                0x0000000000004e4c       0x68 ../common/lpcusb/target/usbstdreq.o
                0x0000000000004e4c                USBFilterOsVendorMessage
 .text.USBRegisterDescriptors
                0x0000000000004eb4        0xc ../common/lpcusb/target/usbstdreq.o
                0x0000000000004eb4                USBRegisterDescriptors
 .text.USBGetDescriptor
                0x0000000000004ec0       0x58 ../common/lpcusb/target/usbstdreq.o
                0x0000000000004ec0                USBGetDescriptor
 .text.USBHandleStandardRequest
                0x0000000000004f18      0x138 ../common/lpcusb/target/usbstdreq.o
                0x0000000000004f18                USBHandleStandardRequest
 .text          0x0000000000005050       0xec /usr/lib/gcc/arm-none-eabi/4.8.2/../../../arm-none-eabi/lib/armv7-m/libc.a(lib_a-memcpy.o)
                0x0000000000005050                memcpy
 *(.rodata .rodata.* .gnu.linkonce.r.*)
 .rodata.str1.4
                0x000000000000513c        0x4 /usr/lib/gcc/arm-none-eabi/4.8.2/../../../arm-none-eabi/lib/armv7-m/libc.a(lib_a-impure.o)
 .rodata._global_impure_ptr
                0x0000000000005140        0x4 /usr/lib/gcc/arm-none-eabi/4.8.2/../../../arm-none-eabi/lib/armv7-m/libc.a(lib_a-impure.o)
                0x0000000000005140                _global_impure_ptr
 .rodata        0x0000000000005144       0x28 ../common/lpcusb/target/usbstdreq.o
 *(.eh_frame_hdr)
 *(.eh_frame)
 .eh_frame      0x000000000000516c        0x0 /usr/lib/gcc/arm-none-eabi/4.8.2/armv7-m/crtbegin.o
                0x000000000000516c                . = ALIGN (0x4)
 *(.init)
 .init          0x000000000000516c        0x4 /usr/lib/gcc/arm-none-eabi/4.8.2/armv7-m/crti.o
                0x000000000000516c                _init
 .init          0x0000000000005170        0x8 /usr/lib/gcc/arm-none-eabi/4.8.2/armv7-m/crtn.o
                0x0000000000005178                . = ALIGN (0x4)
                0x0000000000005178                __preinit_array_start = .
 *(.preinit_array)
                0x0000000000005178                __preinit_array_end = .
                0x0000000000005178                . = ALIGN (0x4)
                0x0000000000005178                __init_array_start = .
 *(SORT(.init_array.*))
 .init_array.00000
                0x0000000000005178        0x4 /usr/lib/gcc/arm-none-eabi/4.8.2/../../../arm-none-eabi/lib/armv7-m/libc.a(lib_a-__call_atexit.o)
 *(.init_array)
 .init_array    0x000000000000517c        0x4 /usr/lib/gcc/arm-none-eabi/4.8.2/armv7-m/crtbegin.o
                0x0000000000005180                __init_array_end = .
                0x0000000000005180                . = ALIGN (0x4)
 *crtbegin.o(.ctors)
 *(EXCLUDE_FILE(*crtend.o) .ctors)
 *(SORT(.ctors.*))
 *crtend.o(.ctors)
                0x0000000000005180                . = ALIGN (0x4)
 *(.fini)
 .fini          0x0000000000005180        0x4 /usr/lib/gcc/arm-none-eabi/4.8.2/armv7-m/crti.o
                0x0000000000005180                _fini
 .fini          0x0000000000005184        0x8 /usr/lib/gcc/arm-none-eabi/4.8.2/armv7-m/crtn.o
                0x000000000000518c                . = ALIGN (0x4)
                0x000000000000518c                __fini_array_start = .
 *(.fini_array)
 .fini_array    0x000000000000518c        0x4 /usr/lib/gcc/arm-none-eabi/4.8.2/armv7-m/crtbegin.o
 *(SORT(.fini_array.*))
                0x0000000000005190                __fini_array_end = .
 *crtbegin.o(.dtors)
 *(EXCLUDE_FILE(*crtend.o) .dtors)
 *(SORT(.dtors.*))
 *crtend.o(.dtors)
                0x0000000000005190                . = ALIGN (0x8)
                0x0000000000005190                _etext = .

.glue_7         0x0000000000005190        0x0
 .glue_7        0x0000000000000000        0x0 linker stubs

.glue_7t        0x0000000000005190        0x0
 .glue_7t       0x0000000000000000        0x0 linker stubs

.vfp11_veneer   0x0000000000005190        0x0
 .vfp11_veneer  0x0000000000000000        0x0 linker stubs

.v4_bx          0x0000000000005190        0x0
 .v4_bx         0x0000000000000000        0x0 linker stubs

.iplt           0x0000000000005190        0x0
 .iplt          0x0000000000000000        0x0 /usr/lib/gcc/arm-none-eabi/4.8.2/armv7-m/crtbegin.o

.rel.dyn        0x0000000000005190        0x0
 .rel.iplt      0x0000000000000000        0x0 /usr/lib/gcc/arm-none-eabi/4.8.2/armv7-m/crtbegin.o

.ARM.extab
 *(.ARM.extab* .gnu.linkonce.armextab.*)
                0x0000000000005190                __exidx_start = .

.ARM.exidx
 *(.ARM.exidx* .gnu.linkonce.armexidx.*)
                0x0000000000005190                __exidx_end = .
                0x0000000000005190                _etext = .

.persistent     0x0000000010000000       0x20
                0x0000000010000000                _persistent_start = .
                0x0000000010000020                . = (. + 0x20)
 *fill*         0x0000000010000000       0x20 
                0x0000000010000020                _persistent_end = .
                0x000000001000001c                bootloader_ctrl = (_persistent_start + 0x1c)

.data           0x0000000010000020      0x5a8 load address 0x0000000000005190
                0x0000000010000020                _data = .
 *(vtable)
 *(.data*)
 .data.impure_data
                0x0000000010000020      0x428 /usr/lib/gcc/arm-none-eabi/4.8.2/../../../arm-none-eabi/lib/armv7-m/libc.a(lib_a-impure.o)
 .data          0x0000000010000448       0xdc ../common/usb_serial.o
 .data          0x0000000010000524       0xa4 ../common/lpcusb/target/usbstdreq.o
                0x00000000100005c8                _edata = .

.jcr            0x00000000100005c8        0x0 load address 0x0000000000005738
 .jcr           0x00000000100005c8        0x0 /usr/lib/gcc/arm-none-eabi/4.8.2/armv7-m/crtbegin.o

.tm_clone_table
                0x00000000100005c8        0x0 load address 0x0000000000005738
 .tm_clone_table
                0x00000000100005c8        0x0 /usr/lib/gcc/arm-none-eabi/4.8.2/armv7-m/crtbegin.o
 .tm_clone_table
                0x00000000100005c8        0x0 /usr/lib/gcc/arm-none-eabi/4.8.2/armv7-m/crtend.o

.igot.plt       0x00000000100005c8        0x0 load address 0x0000000000005738
 .igot.plt      0x0000000000000000        0x0 /usr/lib/gcc/arm-none-eabi/4.8.2/armv7-m/crtbegin.o

.bss            0x00000000100005c8      0x220 load address 0x0000000000005738
                0x00000000100005c8                _bss = .
                0x00000000100005c8                __bss_start__ = .
 *(.bss*)
 .bss           0x00000000100005c8       0x1c /usr/lib/gcc/arm-none-eabi/4.8.2/armv7-m/crtbegin.o
 .bss           0x00000000100005e4      0x168 ../common/usb_serial.o
 .bss           0x000000001000074c        0x8 ../common/ubertooth.o
 .bss           0x0000000010000754       0x34 ../common/lpcusb/target/usbcontrol.o
 .bss           0x0000000010000788        0x8 ../common/lpcusb/target/usbinit.o
 .bss           0x0000000010000790       0x48 ../common/lpcusb/target/usbhw_lpc.o
 .bss           0x00000000100007d8       0x10 ../common/lpcusb/target/usbstdreq.o
 *(COMMON)
                0x00000000100007e8                _ebss = .
                0x00000000100007e8                __bss_end__ = .

.cr_heap        0x00000000100007e8        0x0 load address 0x0000000000005738
                0x00000000100007e8                end = .
                0x00000000100007e8                __end__ = .
                0x00000000100007e8                _pvHeapStart = .
                0x0000000010003fe0                _StackTop = ((ORIGIN (ram) + 0x4000) - 0x20)
OUTPUT(usb_test.elf elf32-littlearm)

.ARM.attributes
                0x0000000000000000       0x29
 .ARM.attributes
                0x0000000000000000       0x1d /usr/lib/gcc/arm-none-eabi/4.8.2/armv7-m/crti.o
 .ARM.attributes
                0x000000000000001d       0x2d /usr/lib/gcc/arm-none-eabi/4.8.2/armv7-m/crtbegin.o
 .ARM.attributes
                0x000000000000004a       0x2d /usr/lib/gcc/arm-none-eabi/4.8.2/../../../arm-none-eabi/lib/armv7-m/libc.a(lib_a-atexit.o)
 .ARM.attributes
                0x0000000000000077       0x2d /usr/lib/gcc/arm-none-eabi/4.8.2/../../../arm-none-eabi/lib/armv7-m/libc.a(lib_a-fini.o)
 .ARM.attributes
                0x00000000000000a4       0x2d /usr/lib/gcc/arm-none-eabi/4.8.2/../../../arm-none-eabi/lib/armv7-m/libc.a(lib_a-impure.o)
 .ARM.attributes
                0x00000000000000d1       0x2d /usr/lib/gcc/arm-none-eabi/4.8.2/../../../arm-none-eabi/lib/armv7-m/libc.a(lib_a-init.o)
 .ARM.attributes
                0x00000000000000fe       0x2d /usr/lib/gcc/arm-none-eabi/4.8.2/../../../arm-none-eabi/lib/armv7-m/libc.a(lib_a-__atexit.o)
 .ARM.attributes
                0x000000000000012b       0x2d /usr/lib/gcc/arm-none-eabi/4.8.2/../../../arm-none-eabi/lib/armv7-m/libc.a(lib_a-__call_atexit.o)
 .ARM.attributes
                0x0000000000000158       0x33 usb_test.o
 .ARM.attributes
                0x000000000000018b       0x33 ../common/usb_serial.o
 .ARM.attributes
                0x00000000000001be       0x33 ../common/serial_fifo.o
 .ARM.attributes
                0x00000000000001f1       0x33 ../common/LPC17xx_Startup.o
 .ARM.attributes
                0x0000000000000224       0x33 ../common/LPC17xx_Interrupts.o
 .ARM.attributes
                0x0000000000000257       0x33 ../common/ubertooth.o
 .ARM.attributes
                0x000000000000028a       0x33 ../common/lpcusb/target/usbcontrol.o
 .ARM.attributes
                0x00000000000002bd       0x33 ../common/lpcusb/target/usbinit.o
 .ARM.attributes
                0x00000000000002f0       0x33 ../common/lpcusb/target/usbhw_lpc.o
 .ARM.attributes
                0x0000000000000323       0x33 ../common/lpcusb/target/usbstdreq.o
 .ARM.attributes
                0x0000000000000356       0x1b /usr/lib/gcc/arm-none-eabi/4.8.2/../../../arm-none-eabi/lib/armv7-m/libc.a(lib_a-memcpy.o)
 .ARM.attributes
                0x0000000000000371       0x2d /usr/lib/gcc/arm-none-eabi/4.8.2/armv7-m/crtend.o
 .ARM.attributes
                0x000000000000039e       0x1d /usr/lib/gcc/arm-none-eabi/4.8.2/armv7-m/crtn.o

.comment        0x0000000000000000       0x1f
 .comment       0x0000000000000000       0x1f /usr/lib/gcc/arm-none-eabi/4.8.2/armv7-m/crtbegin.o
                                         0x20 (size before relaxing)
 .comment       0x0000000000000000       0x20 /usr/lib/gcc/arm-none-eabi/4.8.2/../../../arm-none-eabi/lib/armv7-m/libc.a(lib_a-atexit.o)
 .comment       0x0000000000000000       0x20 /usr/lib/gcc/arm-none-eabi/4.8.2/../../../arm-none-eabi/lib/armv7-m/libc.a(lib_a-fini.o)
 .comment       0x0000000000000000       0x20 /usr/lib/gcc/arm-none-eabi/4.8.2/../../../arm-none-eabi/lib/armv7-m/libc.a(lib_a-impure.o)
 .comment       0x0000000000000000       0x20 /usr/lib/gcc/arm-none-eabi/4.8.2/../../../arm-none-eabi/lib/armv7-m/libc.a(lib_a-init.o)
 .comment       0x0000000000000000       0x20 /usr/lib/gcc/arm-none-eabi/4.8.2/../../../arm-none-eabi/lib/armv7-m/libc.a(lib_a-__atexit.o)
 .comment       0x0000000000000000       0x20 /usr/lib/gcc/arm-none-eabi/4.8.2/../../../arm-none-eabi/lib/armv7-m/libc.a(lib_a-__call_atexit.o)
 .comment       0x0000000000000000       0x20 usb_test.o
 .comment       0x0000000000000000       0x20 ../common/usb_serial.o
 .comment       0x0000000000000000       0x20 ../common/serial_fifo.o
 .comment       0x0000000000000000       0x20 ../common/LPC17xx_Startup.o
 .comment       0x0000000000000000       0x20 ../common/LPC17xx_Interrupts.o
 .comment       0x0000000000000000       0x20 ../common/ubertooth.o
 .comment       0x0000000000000000       0x20 ../common/lpcusb/target/usbcontrol.o
 .comment       0x0000000000000000       0x20 ../common/lpcusb/target/usbinit.o
 .comment       0x0000000000000000       0x20 ../common/lpcusb/target/usbhw_lpc.o
 .comment       0x0000000000000000       0x20 ../common/lpcusb/target/usbstdreq.o
 .comment       0x0000000000000000       0x20 /usr/lib/gcc/arm-none-eabi/4.8.2/armv7-m/crtend.o

.debug_info     0x0000000000000000     0x50b7
 .debug_info    0x0000000000000000      0x10a /usr/lib/gcc/arm-none-eabi/4.8.2/../../../arm-none-eabi/lib/armv7-m/libc.a(lib_a-atexit.o)
 .debug_info    0x000000000000010a       0xef /usr/lib/gcc/arm-none-eabi/4.8.2/../../../arm-none-eabi/lib/armv7-m/libc.a(lib_a-fini.o)
 .debug_info    0x00000000000001f9      0x894 /usr/lib/gcc/arm-none-eabi/4.8.2/../../../arm-none-eabi/lib/armv7-m/libc.a(lib_a-impure.o)
 .debug_info    0x0000000000000a8d      0x105 /usr/lib/gcc/arm-none-eabi/4.8.2/../../../arm-none-eabi/lib/armv7-m/libc.a(lib_a-init.o)
 .debug_info    0x0000000000000b92      0x934 /usr/lib/gcc/arm-none-eabi/4.8.2/../../../arm-none-eabi/lib/armv7-m/libc.a(lib_a-__atexit.o)
 .debug_info    0x00000000000014c6      0x9aa /usr/lib/gcc/arm-none-eabi/4.8.2/../../../arm-none-eabi/lib/armv7-m/libc.a(lib_a-__call_atexit.o)
 .debug_info    0x0000000000001e70       0xf4 usb_test.o
 .debug_info    0x0000000000001f64      0x9b9 ../common/usb_serial.o
 .debug_info    0x000000000000291d      0x1af ../common/serial_fifo.o
 .debug_info    0x0000000000002acc      0x117 ../common/LPC17xx_Startup.o
 .debug_info    0x0000000000002be3       0x7d ../common/LPC17xx_Interrupts.o
 .debug_info    0x0000000000002c60      0xa96 ../common/ubertooth.o
 .debug_info    0x00000000000036f6      0x47d ../common/lpcusb/target/usbcontrol.o
 .debug_info    0x0000000000003b73      0x297 ../common/lpcusb/target/usbinit.o
 .debug_info    0x0000000000003e0a      0xab0 ../common/lpcusb/target/usbhw_lpc.o
 .debug_info    0x00000000000048ba      0x74b ../common/lpcusb/target/usbstdreq.o
 .debug_info    0x0000000000005005       0xb2 /usr/lib/gcc/arm-none-eabi/4.8.2/../../../arm-none-eabi/lib/armv7-m/libc.a(lib_a-memcpy.o)

.debug_abbrev   0x0000000000000000     0x1a56
 .debug_abbrev  0x0000000000000000       0xb8 /usr/lib/gcc/arm-none-eabi/4.8.2/../../../arm-none-eabi/lib/armv7-m/libc.a(lib_a-atexit.o)
 .debug_abbrev  0x00000000000000b8       0xbd /usr/lib/gcc/arm-none-eabi/4.8.2/../../../arm-none-eabi/lib/armv7-m/libc.a(lib_a-fini.o)
 .debug_abbrev  0x0000000000000175      0x180 /usr/lib/gcc/arm-none-eabi/4.8.2/../../../arm-none-eabi/lib/armv7-m/libc.a(lib_a-impure.o)
 .debug_abbrev  0x00000000000002f5       0xba /usr/lib/gcc/arm-none-eabi/4.8.2/../../../arm-none-eabi/lib/armv7-m/libc.a(lib_a-init.o)
 .debug_abbrev  0x00000000000003af      0x20f /usr/lib/gcc/arm-none-eabi/4.8.2/../../../arm-none-eabi/lib/armv7-m/libc.a(lib_a-__atexit.o)
 .debug_abbrev  0x00000000000005be      0x285 /usr/lib/gcc/arm-none-eabi/4.8.2/../../../arm-none-eabi/lib/armv7-m/libc.a(lib_a-__call_atexit.o)
 .debug_abbrev  0x0000000000000843       0xba usb_test.o
 .debug_abbrev  0x00000000000008fd      0x2fa ../common/usb_serial.o
 .debug_abbrev  0x0000000000000bf7      0x12a ../common/serial_fifo.o
 .debug_abbrev  0x0000000000000d21       0xb8 ../common/LPC17xx_Startup.o
 .debug_abbrev  0x0000000000000dd9       0x80 ../common/LPC17xx_Interrupts.o
 .debug_abbrev  0x0000000000000e59      0x2df ../common/ubertooth.o
 .debug_abbrev  0x0000000000001138      0x249 ../common/lpcusb/target/usbcontrol.o
 .debug_abbrev  0x0000000000001381      0x13d ../common/lpcusb/target/usbinit.o
 .debug_abbrev  0x00000000000014be      0x2ac ../common/lpcusb/target/usbhw_lpc.o
 .debug_abbrev  0x000000000000176a      0x2d8 ../common/lpcusb/target/usbstdreq.o
 .debug_abbrev  0x0000000000001a42       0x14 /usr/lib/gcc/arm-none-eabi/4.8.2/../../../arm-none-eabi/lib/armv7-m/libc.a(lib_a-memcpy.o)

.debug_loc      0x0000000000000000     0x1f3b
 .debug_loc     0x0000000000000000       0x2c /usr/lib/gcc/arm-none-eabi/4.8.2/../../../arm-none-eabi/lib/armv7-m/libc.a(lib_a-atexit.o)
 .debug_loc     0x000000000000002c       0x5c /usr/lib/gcc/arm-none-eabi/4.8.2/../../../arm-none-eabi/lib/armv7-m/libc.a(lib_a-fini.o)
 .debug_loc     0x0000000000000088       0xae /usr/lib/gcc/arm-none-eabi/4.8.2/../../../arm-none-eabi/lib/armv7-m/libc.a(lib_a-init.o)
 .debug_loc     0x0000000000000136      0x14d /usr/lib/gcc/arm-none-eabi/4.8.2/../../../arm-none-eabi/lib/armv7-m/libc.a(lib_a-__atexit.o)
 .debug_loc     0x0000000000000283      0x155 /usr/lib/gcc/arm-none-eabi/4.8.2/../../../arm-none-eabi/lib/armv7-m/libc.a(lib_a-__call_atexit.o)
 .debug_loc     0x00000000000003d8       0x13 usb_test.o
 .debug_loc     0x00000000000003eb      0x319 ../common/usb_serial.o
 .debug_loc     0x0000000000000704       0xe6 ../common/serial_fifo.o
 .debug_loc     0x00000000000007ea       0x97 ../common/LPC17xx_Startup.o
 .debug_loc     0x0000000000000881      0x692 ../common/ubertooth.o
 .debug_loc     0x0000000000000f13      0x182 ../common/lpcusb/target/usbcontrol.o
 .debug_loc     0x0000000000001095      0x720 ../common/lpcusb/target/usbhw_lpc.o
 .debug_loc     0x00000000000017b5      0x786 ../common/lpcusb/target/usbstdreq.o

.debug_aranges  0x0000000000000000      0x480
 .debug_aranges
                0x0000000000000000       0x20 /usr/lib/gcc/arm-none-eabi/4.8.2/../../../arm-none-eabi/lib/armv7-m/libc.a(lib_a-atexit.o)
 .debug_aranges
                0x0000000000000020       0x20 /usr/lib/gcc/arm-none-eabi/4.8.2/../../../arm-none-eabi/lib/armv7-m/libc.a(lib_a-fini.o)
 .debug_aranges
                0x0000000000000040       0x18 /usr/lib/gcc/arm-none-eabi/4.8.2/../../../arm-none-eabi/lib/armv7-m/libc.a(lib_a-impure.o)
 .debug_aranges
                0x0000000000000058       0x20 /usr/lib/gcc/arm-none-eabi/4.8.2/../../../arm-none-eabi/lib/armv7-m/libc.a(lib_a-init.o)
 .debug_aranges
                0x0000000000000078       0x20 /usr/lib/gcc/arm-none-eabi/4.8.2/../../../arm-none-eabi/lib/armv7-m/libc.a(lib_a-__atexit.o)
 .debug_aranges
                0x0000000000000098       0x28 /usr/lib/gcc/arm-none-eabi/4.8.2/../../../arm-none-eabi/lib/armv7-m/libc.a(lib_a-__call_atexit.o)
 .debug_aranges
                0x00000000000000c0       0x20 usb_test.o
 .debug_aranges
                0x00000000000000e0       0x70 ../common/usb_serial.o
 .debug_aranges
                0x0000000000000150       0x40 ../common/serial_fifo.o
 .debug_aranges
                0x0000000000000190       0x20 ../common/LPC17xx_Startup.o
 .debug_aranges
                0x00000000000001b0       0x20 ../common/LPC17xx_Interrupts.o
 .debug_aranges
                0x00000000000001d0      0x108 ../common/ubertooth.o
 .debug_aranges
                0x00000000000002d8       0x38 ../common/lpcusb/target/usbcontrol.o
 .debug_aranges
                0x0000000000000310       0x28 ../common/lpcusb/target/usbinit.o
 .debug_aranges
                0x0000000000000338       0xd8 ../common/lpcusb/target/usbhw_lpc.o
 .debug_aranges
                0x0000000000000410       0x50 ../common/lpcusb/target/usbstdreq.o
 .debug_aranges
                0x0000000000000460       0x20 /usr/lib/gcc/arm-none-eabi/4.8.2/../../../arm-none-eabi/lib/armv7-m/libc.a(lib_a-memcpy.o)

.debug_ranges   0x0000000000000000      0x438
 .debug_ranges  0x0000000000000000       0x10 /usr/lib/gcc/arm-none-eabi/4.8.2/../../../arm-none-eabi/lib/armv7-m/libc.a(lib_a-atexit.o)
 .debug_ranges  0x0000000000000010       0x10 /usr/lib/gcc/arm-none-eabi/4.8.2/../../../arm-none-eabi/lib/armv7-m/libc.a(lib_a-fini.o)
 .debug_ranges  0x0000000000000020       0x10 /usr/lib/gcc/arm-none-eabi/4.8.2/../../../arm-none-eabi/lib/armv7-m/libc.a(lib_a-init.o)
 .debug_ranges  0x0000000000000030       0x10 /usr/lib/gcc/arm-none-eabi/4.8.2/../../../arm-none-eabi/lib/armv7-m/libc.a(lib_a-__atexit.o)
 .debug_ranges  0x0000000000000040       0x38 /usr/lib/gcc/arm-none-eabi/4.8.2/../../../arm-none-eabi/lib/armv7-m/libc.a(lib_a-__call_atexit.o)
 .debug_ranges  0x0000000000000078       0x10 usb_test.o
 .debug_ranges  0x0000000000000088       0x78 ../common/usb_serial.o
 .debug_ranges  0x0000000000000100       0x30 ../common/serial_fifo.o
 .debug_ranges  0x0000000000000130       0x10 ../common/LPC17xx_Startup.o
 .debug_ranges  0x0000000000000140       0x10 ../common/LPC17xx_Interrupts.o
 .debug_ranges  0x0000000000000150      0x128 ../common/ubertooth.o
 .debug_ranges  0x0000000000000278       0x40 ../common/lpcusb/target/usbcontrol.o
 .debug_ranges  0x00000000000002b8       0x18 ../common/lpcusb/target/usbinit.o
 .debug_ranges  0x00000000000002d0       0xe0 ../common/lpcusb/target/usbhw_lpc.o
 .debug_ranges  0x00000000000003b0       0x88 ../common/lpcusb/target/usbstdreq.o

.debug_line     0x0000000000000000     0x15c6
 .debug_line    0x0000000000000000       0xa6 /usr/lib/gcc/arm-none-eabi/4.8.2/../../../arm-none-eabi/lib/armv7-m/libc.a(lib_a-atexit.o)
 .debug_line    0x00000000000000a6       0x9c /usr/lib/gcc/arm-none-eabi/4.8.2/../../../arm-none-eabi/lib/armv7-m/libc.a(lib_a-fini.o)
 .debug_line    0x0000000000000142       0xd6 /usr/lib/gcc/arm-none-eabi/4.8.2/../../../arm-none-eabi/lib/armv7-m/libc.a(lib_a-impure.o)
 .debug_line    0x0000000000000218       0xb5 /usr/lib/gcc/arm-none-eabi/4.8.2/../../../arm-none-eabi/lib/armv7-m/libc.a(lib_a-init.o)
 .debug_line    0x00000000000002cd      0x160 /usr/lib/gcc/arm-none-eabi/4.8.2/../../../arm-none-eabi/lib/armv7-m/libc.a(lib_a-__atexit.o)
 .debug_line    0x000000000000042d      0x19a /usr/lib/gcc/arm-none-eabi/4.8.2/../../../arm-none-eabi/lib/armv7-m/libc.a(lib_a-__call_atexit.o)
 .debug_line    0x00000000000005c7       0xa4 usb_test.o
 .debug_line    0x000000000000066b      0x203 ../common/usb_serial.o
 .debug_line    0x000000000000086e       0xd3 ../common/serial_fifo.o
 .debug_line    0x0000000000000941       0x96 ../common/LPC17xx_Startup.o
 .debug_line    0x00000000000009d7       0x4e ../common/LPC17xx_Interrupts.o
 .debug_line    0x0000000000000a25      0x44d ../common/ubertooth.o
 .debug_line    0x0000000000000e72       0xf3 ../common/lpcusb/target/usbcontrol.o
 .debug_line    0x0000000000000f65       0xa0 ../common/lpcusb/target/usbinit.o
 .debug_line    0x0000000000001005      0x357 ../common/lpcusb/target/usbhw_lpc.o
 .debug_line    0x000000000000135c      0x1af ../common/lpcusb/target/usbstdreq.o
 .debug_line    0x000000000000150b       0xbb /usr/lib/gcc/arm-none-eabi/4.8.2/../../../arm-none-eabi/lib/armv7-m/libc.a(lib_a-memcpy.o)

.debug_str      0x0000000000000000     0x15af
 .debug_str     0x0000000000000000      0x199 /usr/lib/gcc/arm-none-eabi/4.8.2/../../../arm-none-eabi/lib/armv7-m/libc.a(lib_a-atexit.o)
                                        0x1d9 (size before relaxing)
 .debug_str     0x0000000000000199       0xaf /usr/lib/gcc/arm-none-eabi/4.8.2/../../../arm-none-eabi/lib/armv7-m/libc.a(lib_a-fini.o)
                                        0x1d1 (size before relaxing)
 .debug_str     0x0000000000000248      0x41d /usr/lib/gcc/arm-none-eabi/4.8.2/../../../arm-none-eabi/lib/armv7-m/libc.a(lib_a-impure.o)
                                        0x56d (size before relaxing)
 .debug_str     0x0000000000000665       0x8a /usr/lib/gcc/arm-none-eabi/4.8.2/../../../arm-none-eabi/lib/armv7-m/libc.a(lib_a-init.o)
                                        0x1fb (size before relaxing)
 .debug_str     0x00000000000006ef       0x30 /usr/lib/gcc/arm-none-eabi/4.8.2/../../../arm-none-eabi/lib/armv7-m/libc.a(lib_a-__atexit.o)
                                        0x5b5 (size before relaxing)
 .debug_str     0x000000000000071f       0x81 /usr/lib/gcc/arm-none-eabi/4.8.2/../../../arm-none-eabi/lib/armv7-m/libc.a(lib_a-__call_atexit.o)
                                        0x5cd (size before relaxing)
 .debug_str     0x00000000000007a0      0x16f usb_test.o
                                        0x1fc (size before relaxing)
 .debug_str     0x000000000000090f      0x306 ../common/usb_serial.o
                                        0x4d2 (size before relaxing)
 .debug_str     0x0000000000000c15       0x18 ../common/serial_fifo.o
                                        0x1ba (size before relaxing)
 .debug_str     0x0000000000000c2d       0xa0 ../common/LPC17xx_Startup.o
                                        0x225 (size before relaxing)
 .debug_str     0x0000000000000ccd       0x51 ../common/LPC17xx_Interrupts.o
                                        0x187 (size before relaxing)
 .debug_str     0x0000000000000d1e      0x1c9 ../common/ubertooth.o
                                        0x3a6 (size before relaxing)
 .debug_str     0x0000000000000ee7       0xdf ../common/lpcusb/target/usbcontrol.o
                                        0x2ef (size before relaxing)
 .debug_str     0x0000000000000fc6       0x56 ../common/lpcusb/target/usbinit.o
                                        0x283 (size before relaxing)
 .debug_str     0x000000000000101c      0x316 ../common/lpcusb/target/usbhw_lpc.o
                                        0x5cd (size before relaxing)
 .debug_str     0x0000000000001332      0x27d ../common/lpcusb/target/usbstdreq.o
                                        0x4d1 (size before relaxing)

.debug_frame    0x0000000000000000      0x9a4
 .debug_frame   0x0000000000000000       0x20 /usr/lib/gcc/arm-none-eabi/4.8.2/../../../arm-none-eabi/lib/armv7-m/libc.a(lib_a-atexit.o)
 .debug_frame   0x0000000000000020       0x2c /usr/lib/gcc/arm-none-eabi/4.8.2/../../../arm-none-eabi/lib/armv7-m/libc.a(lib_a-fini.o)
 .debug_frame   0x000000000000004c       0x2c /usr/lib/gcc/arm-none-eabi/4.8.2/../../../arm-none-eabi/lib/armv7-m/libc.a(lib_a-init.o)
 .debug_frame   0x0000000000000078       0x30 /usr/lib/gcc/arm-none-eabi/4.8.2/../../../arm-none-eabi/lib/armv7-m/libc.a(lib_a-__atexit.o)
 .debug_frame   0x00000000000000a8       0x48 /usr/lib/gcc/arm-none-eabi/4.8.2/../../../arm-none-eabi/lib/armv7-m/libc.a(lib_a-__call_atexit.o)
 .debug_frame   0x00000000000000f0       0x2c usb_test.o
 .debug_frame   0x000000000000011c      0x130 ../common/usb_serial.o
 .debug_frame   0x000000000000024c       0x78 ../common/serial_fifo.o
 .debug_frame   0x00000000000002c4       0x2c ../common/LPC17xx_Startup.o
 .debug_frame   0x00000000000002f0       0x20 ../common/LPC17xx_Interrupts.o
 .debug_frame   0x0000000000000310      0x2e8 ../common/ubertooth.o
 .debug_frame   0x00000000000005f8       0x84 ../common/lpcusb/target/usbcontrol.o
 .debug_frame   0x000000000000067c       0x3c ../common/lpcusb/target/usbinit.o
 .debug_frame   0x00000000000006b8      0x220 ../common/lpcusb/target/usbhw_lpc.o
 .debug_frame   0x00000000000008d8       0xcc ../common/lpcusb/target/usbstdreq.o
