Archive member included because of file (symbol)

/usr/lib/gcc/arm-none-eabi/4.8.2/../../../arm-none-eabi/lib/armv7-m/libc.a(lib_a-atexit.o)
                              /usr/lib/gcc/arm-none-eabi/4.8.2/../../../arm-none-eabi/lib/armv7-m/crt0.o (atexit)
/usr/lib/gcc/arm-none-eabi/4.8.2/../../../arm-none-eabi/lib/armv7-m/libc.a(lib_a-exit.o)
                              /usr/lib/gcc/arm-none-eabi/4.8.2/../../../arm-none-eabi/lib/armv7-m/crt0.o (exit)
/usr/lib/gcc/arm-none-eabi/4.8.2/../../../arm-none-eabi/lib/armv7-m/libc.a(lib_a-fini.o)
                              /usr/lib/gcc/arm-none-eabi/4.8.2/../../../arm-none-eabi/lib/armv7-m/crt0.o (__libc_fini_array)
/usr/lib/gcc/arm-none-eabi/4.8.2/../../../arm-none-eabi/lib/armv7-m/libc.a(lib_a-impure.o)
                              /usr/lib/gcc/arm-none-eabi/4.8.2/../../../arm-none-eabi/lib/armv7-m/libc.a(lib_a-exit.o) (_global_impure_ptr)
/usr/lib/gcc/arm-none-eabi/4.8.2/../../../arm-none-eabi/lib/armv7-m/libc.a(lib_a-init.o)
                              /usr/lib/gcc/arm-none-eabi/4.8.2/../../../arm-none-eabi/lib/armv7-m/crt0.o (__libc_init_array)
/usr/lib/gcc/arm-none-eabi/4.8.2/../../../arm-none-eabi/lib/armv7-m/libc.a(lib_a-memset.o)
                              /usr/lib/gcc/arm-none-eabi/4.8.2/../../../arm-none-eabi/lib/armv7-m/crt0.o (memset)
/usr/lib/gcc/arm-none-eabi/4.8.2/../../../arm-none-eabi/lib/armv7-m/libc.a(lib_a-__atexit.o)
                              /usr/lib/gcc/arm-none-eabi/4.8.2/../../../arm-none-eabi/lib/armv7-m/libc.a(lib_a-atexit.o) (__register_exitproc)
/usr/lib/gcc/arm-none-eabi/4.8.2/../../../arm-none-eabi/lib/armv7-m/libc.a(lib_a-__call_atexit.o)
                              /usr/lib/gcc/arm-none-eabi/4.8.2/../../../arm-none-eabi/lib/armv7-m/libc.a(lib_a-exit.o) (__call_exitprocs)
/usr/lib/gcc/arm-none-eabi/4.8.2/armv7-m/libgcc.a(_ashldi3.o)
                              bluetooth_rxtx.o (__aeabi_llsl)
/usr/lib/gcc/arm-none-eabi/4.8.2/../../../arm-none-eabi/lib/armv7-m/libc.a(lib_a-malloc.o)
                              bluetooth_rxtx.o (malloc)
/usr/lib/gcc/arm-none-eabi/4.8.2/../../../arm-none-eabi/lib/armv7-m/libc.a(lib_a-mallocr.o)
                              /usr/lib/gcc/arm-none-eabi/4.8.2/../../../arm-none-eabi/lib/armv7-m/libc.a(lib_a-malloc.o) (_malloc_r)
/usr/lib/gcc/arm-none-eabi/4.8.2/../../../arm-none-eabi/lib/armv7-m/libc.a(lib_a-memcmp.o)
                              bluetooth_rxtx.o (memcmp)
/usr/lib/gcc/arm-none-eabi/4.8.2/../../../arm-none-eabi/lib/armv7-m/libc.a(lib_a-memcpy.o)
                              bluetooth_rxtx.o (memcpy)
/usr/lib/gcc/arm-none-eabi/4.8.2/../../../arm-none-eabi/lib/armv7-m/libc.a(lib_a-mlock.o)
                              /usr/lib/gcc/arm-none-eabi/4.8.2/../../../arm-none-eabi/lib/armv7-m/libc.a(lib_a-mallocr.o) (__malloc_lock)
/usr/lib/gcc/arm-none-eabi/4.8.2/../../../arm-none-eabi/lib/armv7-m/libc.a(lib_a-sbrkr.o)
                              /usr/lib/gcc/arm-none-eabi/4.8.2/../../../arm-none-eabi/lib/armv7-m/libc.a(lib_a-mallocr.o) (_sbrk_r)
/usr/lib/gcc/arm-none-eabi/4.8.2/../../../arm-none-eabi/lib/armv7-m/libc.a(lib_a-strlen.o)
                              bluetooth_rxtx.o (strlen)
/usr/lib/gcc/arm-none-eabi/4.8.2/../../../arm-none-eabi/lib/armv7-m/libc.a(lib_a-freer.o)
                              /usr/lib/gcc/arm-none-eabi/4.8.2/../../../arm-none-eabi/lib/armv7-m/libc.a(lib_a-malloc.o) (_free_r)
/usr/lib/gcc/arm-none-eabi/4.8.2/../../../arm-none-eabi/lib/armv7-m/libc.a(lib_a-reent.o)
                              /usr/lib/gcc/arm-none-eabi/4.8.2/../../../arm-none-eabi/lib/armv7-m/libc.a(lib_a-sbrkr.o) (errno)
/usr/lib/gcc/arm-none-eabi/4.8.2/../../../arm-none-eabi/lib/armv7-m/libnosys.a(sbrk.o)
                              /usr/lib/gcc/arm-none-eabi/4.8.2/../../../arm-none-eabi/lib/armv7-m/libc.a(lib_a-sbrkr.o) (_sbrk)
/usr/lib/gcc/arm-none-eabi/4.8.2/../../../arm-none-eabi/lib/armv7-m/libnosys.a(_exit.o)
                              /usr/lib/gcc/arm-none-eabi/4.8.2/../../../arm-none-eabi/lib/armv7-m/libc.a(lib_a-exit.o) (_exit)

Allocating common symbols
Common symbol       size              file

last_hop            0x4               bluetooth_rxtx.o
b                   0x1               bluetooth.o
rx_tc               0x4               bluetooth_rxtx.o
rssi_max            0x1               bluetooth_rxtx.o
used_channels       0x1               bluetooth_rxtx.o
le_dma_lli          0xb0              ubertooth_dma.o
rssi_min            0x1               bluetooth_rxtx.o
errno               0x4               /usr/lib/gcc/arm-none-eabi/4.8.2/../../../arm-none-eabi/lib/armv7-m/libc.a(lib_a-reent.o)
afh_map             0xa               bluetooth_rxtx.o
d1                  0x2               bluetooth.o
clkn_offset         0x4               bluetooth_rxtx.o
rx_dma_lli2         0x10              ubertooth_dma.o
afh_bank            0x4f              bluetooth.o
a1                  0x1               bluetooth.o
clkn_last_drift_fix
[...]
Memory Configuration

Name             Origin             Length             Attributes
rom              0x0000000000004000 0x000000000001c000 xr
ram              0x0000000010000000 0x0000000000004000 xrw
*default*        0x0000000000000000 0xffffffffffffffff

Linker script and memory map

LOAD /usr/lib/gcc/arm-none-eabi/4.8.2/armv7-m/crti.o
LOAD /usr/lib/gcc/arm-none-eabi/4.8.2/armv7-m/crtbegin.o
LOAD /usr/lib/gcc/arm-none-eabi/4.8.2/../../../arm-none-eabi/lib/armv7-m/crt0.o
START GROUP
LOAD /usr/lib/gcc/arm-none-eabi/4.8.2/../../../arm-none-eabi/lib/armv7-m/libc.a
LOAD /usr/lib/gcc/arm-none-eabi/4.8.2/../../../arm-none-eabi/lib/armv7-m/libg.a
LOAD /usr/lib/gcc/arm-none-eabi/4.8.2/armv7-m/libgcc.a
LOAD /usr/lib/gcc/arm-none-eabi/4.8.2/../../../arm-none-eabi/lib/armv7-m/libm.a
END GROUP
LOAD bluetooth_rxtx.o
LOAD bluetooth.o
LOAD bluetooth_le.o
LOAD ubertooth_usb.o
LOAD ubertooth_rssi.o
LOAD ubertooth_cs.o
LOAD ubertooth_clock.o
LOAD ubertooth_dma.o
LOAD cc2400_rangetest.o
LOAD ego.o
LOAD ../common/usb_serial.o
LOAD ../common/serial_fifo.o
LOAD ../common/LPC17xx_Startup.o
LOAD ../common/LPC17xx_Interrupts.o
LOAD ../common/ubertooth.o
LOAD ../common/lpcusb/target/usbcontrol.o
LOAD ../common/lpcusb/target/usbinit.o
LOAD ../common/lpcusb/target/usbhw_lpc.o
LOAD ../common/lpcusb/target/usbstdreq.o
START GROUP
LOAD /usr/lib/gcc/arm-none-eabi/4.8.2/armv7-m/libgcc.a
LOAD /usr/lib/gcc/arm-none-eabi/4.8.2/../../../arm-none-eabi/lib/armv7-m/libc.a
END GROUP
LOAD /usr/lib/gcc/arm-none-eabi/4.8.2/armv7-m/crtend.o
LOAD /usr/lib/gcc/arm-none-eabi/4.8.2/armv7-m/crtn.o
START GROUP
LOAD /usr/lib/gcc/arm-none-eabi/4.8.2/armv7-m/libgcc.a
LOAD /usr/lib/gcc/arm-none-eabi/4.8.2/../../../arm-none-eabi/lib/armv7-m/libc.a
LOAD /usr/lib/gcc/arm-none-eabi/4.8.2/../../../arm-none-eabi/lib/armv7-m/libm.a
LOAD /usr/lib/gcc/arm-none-eabi/4.8.2/../../../arm-none-eabi/lib/armv7-m/libnosys.a
END GROUP

.text           0x0000000000004000     0x68c8
                0x0000000000004000                . = ALIGN (0x400)
                0x0000000000004000                _interrupt_vector_table = .
 *(.irq_handler_table)
 .irq_handler_table
                0x0000000000004000       0xcc ../common/LPC17xx_Interrupts.o
                0x0000000000004000                _NVIC_Handler_Functions
 *(.text .text.* .gnu.linkonce.t.*)
 .text          0x00000000000040cc       0xc8 /usr/lib/gcc/arm-none-eabi/4.8.2/armv7-m/crtbegin.o
 .text.atexit   0x0000000000004194        0xc /usr/lib/gcc/arm-none-eabi/4.8.2/../../../arm-none-eabi/lib/armv7-m/libc.a(lib_a-atexit.o)
                0x0000000000004194                atexit
 .text.__libc_fini_array
                0x00000000000041a0       0x34 /usr/lib/gcc/arm-none-eabi/4.8.2/../../../arm-none-eabi/lib/armv7-m/libc.a(lib_a-fini.o)
                0x00000000000041a0                __libc_fini_array
 .text.__libc_init_array
                0x00000000000041d4       0x5c /usr/lib/gcc/arm-none-eabi/4.8.2/../../../arm-none-eabi/lib/armv7-m/libc.a(lib_a-init.o)
                0x00000000000041d4                __libc_init_array
 .text.memset   0x0000000000004230       0x94 /usr/lib/gcc/arm-none-eabi/4.8.2/../../../arm-none-eabi/lib/armv7-m/libc.a(lib_a-memset.o)
                0x0000000000004230                memset
 .text.__register_exitproc
                0x00000000000042c4       0xac /usr/lib/gcc/arm-none-eabi/4.8.2/../../../arm-none-eabi/lib/armv7-m/libc.a(lib_a-__atexit.o)
                0x00000000000042c4                __register_exitproc
 .text.startup.register_fini
                0x0000000000004370       0x18 /usr/lib/gcc/arm-none-eabi/4.8.2/../../../arm-none-eabi/lib/armv7-m/libc.a(lib_a-__call_atexit.o)
 .text.reverse8
                0x0000000000004388       0x22 bluetooth_rxtx.o
 *fill*         0x00000000000043aa        0x2 
 .text.cc2400_rx
                0x00000000000043ac       0xa4 bluetooth_rxtx.o
 .text.cc2400_rx_sync
                0x0000000000004450       0xb8 bluetooth_rxtx.o
 .text.enqueue  0x0000000000004508       0x9c bluetooth_rxtx.o
 .text.le_set_access_address
                0x00000000000045a4       0x18 bluetooth_rxtx.o
 .text.cc2400_idle
                0x00000000000045bc       0xac bluetooth_rxtx.o
 .text.cb_follow_le
                0x0000000000004668      0x104 bluetooth_rxtx.o
                0x0000000000004668                cb_follow_le
 .text.connection_follow_cb
                0x000000000000476c      0x170 bluetooth_rxtx.o
                0x000000000000476c                connection_follow_cb
 .text.vendor_request_handler
                0x00000000000048dc      0x72c bluetooth_rxtx.o
 .text.enqueue_time
                0x0000000000005008       0x28 bluetooth_rxtx.o
 .text.enqueue_with_ts
                0x0000000000005030       0x58 bluetooth_rxtx.o
                0x0000000000005030                enqueue_with_ts
 .text.TIMER0_IRQHandler
                0x0000000000005088      0x140 bluetooth_rxtx.o
                0x0000000000005088                TIMER0_IRQHandler
 .text.EINT3_IRQHandler
                0x00000000000051c8       0x34 bluetooth_rxtx.o
                0x00000000000051c8                EINT3_IRQHandler
 .text.DMA_IRQHandler
                0x00000000000051fc      0x118 bluetooth_rxtx.o
                0x00000000000051fc                DMA_IRQHandler
 .text.le_transmit
                0x0000000000005314      0x1b0 bluetooth_rxtx.o
                0x0000000000005314                le_transmit
 .text.le_jam   0x00000000000054c4       0x78 bluetooth_rxtx.o
                0x00000000000054c4                le_jam
 .text.hop      0x000000000000553c      0x1a0 bluetooth_rxtx.o
                0x000000000000553c                hop
 .text.bt_stream_rx
                0x00000000000056dc      0x15c bluetooth_rxtx.o
                0x00000000000056dc                bt_stream_rx
 .text.br_transmit
                0x0000000000005838      0x280 bluetooth_rxtx.o
                0x0000000000005838                br_transmit
 .text.reset_le
                0x0000000000005ab8       0x54 bluetooth_rxtx.o
                0x0000000000005ab8                reset_le
 .text.reset_le_promisc
                0x0000000000005b0c       0x20 bluetooth_rxtx.o
                0x0000000000005b0c                reset_le_promisc
 .text.bt_generic_le
                0x0000000000005b2c      0x1e4 bluetooth_rxtx.o
                0x0000000000005b2c                bt_generic_le
 .text.bt_le_sync
                0x0000000000005d10      0x400 bluetooth_rxtx.o
                0x0000000000005d10                bt_le_sync
 .text.bt_le_sync_cfo
                0x0000000000006110      0x424 bluetooth_rxtx.o
                0x0000000000006110                bt_le_sync_cfo
 .text.bt_le_sync_rssi
                0x0000000000006534      0x20c bluetooth_rxtx.o
                0x0000000000006534                bt_le_sync_rssi
 .text.bt_follow_le
                0x0000000000006740       0x20 bluetooth_rxtx.o
                0x0000000000006740                bt_follow_le
 .text.bt_tracking_le
                0x0000000000006760       0x34 bluetooth_rxtx.o
                0x0000000000006760                bt_tracking_le
 .text.le_promisc_state
                0x0000000000006794       0x36 bluetooth_rxtx.o
                0x0000000000006794                le_promisc_state
 *fill*         0x00000000000067ca        0x2 
 .text.promisc_recover_hop_increment
                0x00000000000067cc       0xe0 bluetooth_rxtx.o
                0x00000000000067cc                promisc_recover_hop_increment
 .text.promisc_recover_hop_interval
                0x00000000000068ac       0xb4 bluetooth_rxtx.o
                0x00000000000068ac                promisc_recover_hop_interval
 .text.promisc_follow_cb
                0x0000000000006960       0x74 bluetooth_rxtx.o
                0x0000000000006960                promisc_follow_cb
 .text.see_aa   0x00000000000069d4       0x5c bluetooth_rxtx.o
                0x00000000000069d4                see_aa
 .text.cb_le_promisc
                0x0000000000006a30      0x1a0 bluetooth_rxtx.o
                0x0000000000006a30                cb_le_promisc
 .text.bt_promisc_le
                0x0000000000006bd0       0x70 bluetooth_rxtx.o
                0x0000000000006bd0                bt_promisc_le
 .text.bt_slave_le
                0x0000000000006c40      0x26c bluetooth_rxtx.o
                0x0000000000006c40                bt_slave_le
 .text.rx_generic_sync
                0x0000000000006eac       0xa0 bluetooth_rxtx.o
                0x0000000000006eac                rx_generic_sync
 .text.rx_generic
                0x0000000000006f4c       0x20 bluetooth_rxtx.o
                0x0000000000006f4c                rx_generic
 .text.tx_generic
                0x0000000000006f6c       0xf4 bluetooth_rxtx.o
                0x0000000000006f6c                tx_generic
 .text.specan   0x0000000000007060      0x114 bluetooth_rxtx.o
                0x0000000000007060                specan
 .text.led_specan
                0x0000000000007174      0x130 bluetooth_rxtx.o
                0x0000000000007174                led_specan
 .text.startup.main
                0x00000000000072a4      0x18c bluetooth_rxtx.o
                0x00000000000072a4                main
 .text.precalc  0x0000000000007430      0x138 bluetooth.o
                0x0000000000007430                precalc
 .text.next_hop
                0x0000000000007568      0x13c bluetooth.o
                0x0000000000007568                next_hop
 .text.btle_channel_index
                0x00000000000076a4       0x26 bluetooth_le.o
                0x00000000000076a4                btle_channel_index
 .text.btle_channel_index_to_phys
                0x00000000000076ca       0x30 bluetooth_le.o
                0x00000000000076ca                btle_channel_index_to_phys
 .text.btle_next_hop
                0x00000000000076fa       0x1e bluetooth_le.o
                0x00000000000076fa                btle_next_hop
 .text.btle_calc_crc
                0x0000000000007718       0x38 bluetooth_le.o
                0x0000000000007718                btle_calc_crc
 .text.btle_reverse_crc
                0x0000000000007750       0x52 bluetooth_le.o
                0x0000000000007750                btle_reverse_crc
 *fill*         0x00000000000077a2        0x2 
 .text.btle_crcgen_lut
                0x00000000000077a4       0x28 bluetooth_le.o
                0x00000000000077a4                btle_crcgen_lut
 .text.usb_vendor_request_handler
                0x00000000000077cc       0x2c ubertooth_usb.o
                0x00000000000077cc                usb_vendor_request_handler
 .text.set_serial_descriptor
                0x00000000000077f8       0x54 ubertooth_usb.o
                0x00000000000077f8                set_serial_descriptor
 .text.ubertooth_usb_init
                0x000000000000784c       0x4c ubertooth_usb.o
                0x000000000000784c                ubertooth_usb_init
 .text.queue_init
                0x0000000000007898       0x1c ubertooth_usb.o
                0x0000000000007898                queue_init
 .text.usb_enqueue
                0x00000000000078b4       0x34 ubertooth_usb.o
                0x00000000000078b4                usb_enqueue
 .text.usb_enqueue_time
                0x00000000000078e8       0x34 ubertooth_usb.o
                0x00000000000078e8                usb_enqueue_time
 .text.dequeue  0x000000000000791c       0x2c ubertooth_usb.o
                0x000000000000791c                dequeue
 .text.dequeue_send
                0x0000000000007948       0x48 ubertooth_usb.o
                0x0000000000007948                dequeue_send
 .text.handle_usb
                0x0000000000007990       0x28 ubertooth_usb.o
                0x0000000000007990                handle_usb
 .text.rssi_reset
                0x00000000000079b8       0x38 ubertooth_rssi.o
                0x00000000000079b8                rssi_reset
 .text.rssi_add
                0x00000000000079f0       0x40 ubertooth_rssi.o
                0x00000000000079f0                rssi_add
 .text.rssi_iir_update
                0x0000000000007a30       0x50 ubertooth_rssi.o
                0x0000000000007a30                rssi_iir_update
 .text.rssi_get_avg
                0x0000000000007a80       0x28 ubertooth_rssi.o
                0x0000000000007a80                rssi_get_avg
 .text.cs_threshold_calc_and_set
                0x0000000000007aa8       0x64 ubertooth_cs.o
                0x0000000000007aa8                cs_threshold_calc_and_set
 .text.cs_trigger_enable
                0x0000000000007b0c       0x2c ubertooth_cs.o
                0x0000000000007b0c                cs_trigger_enable
 .text.cs_trigger_disable
                0x0000000000007b38       0x2c ubertooth_cs.o
                0x0000000000007b38                cs_trigger_disable
 .text.cs_reset
                0x0000000000007b64       0x24 ubertooth_cs.o
                0x0000000000007b64                cs_reset
 .text.clkn_stop
                0x0000000000007b88       0x50 ubertooth_clock.o
                0x0000000000007b88                clkn_stop
 .text.clkn_start
                0x0000000000007bd8        0xc ubertooth_clock.o
                0x0000000000007bd8                clkn_start
 .text.clkn_init
                0x0000000000007be4       0x28 ubertooth_clock.o
                0x0000000000007be4                clkn_init
 .text.dma_disable
                0x0000000000007c0c       0x7c ubertooth_dma.o
 .text.dma_init
                0x0000000000007c88       0x7c ubertooth_dma.o
                0x0000000000007c88                dma_init
 .text.dma_init_le
                0x0000000000007d04       0x90 ubertooth_dma.o
                0x0000000000007d04                dma_init_le
 .text.dio_ssp_start
                0x0000000000007d94       0x4c ubertooth_dma.o
                0x0000000000007d94                dio_ssp_start
 .text.dio_ssp_stop
                0x0000000000007de0       0x2c ubertooth_dma.o
                0x0000000000007de0                dio_ssp_stop
 .text.cc2400_rangetest
                0x0000000000007e0c      0x288 cc2400_rangetest.o
                0x0000000000007e0c                cc2400_rangetest
 .text.cc2400_repeater
                0x0000000000008094      0x170 cc2400_rangetest.o
                0x0000000000008094                cc2400_repeater
 .text.cc2400_txtest
                0x0000000000008204       0x78 cc2400_rangetest.o
                0x0000000000008204                cc2400_txtest
 .text.ssp_stop
                0x000000000000827c       0x1c ego.o
 .text.do_rx    0x0000000000008298       0x20 ego.o
 .text.sleep_ms
                0x00000000000082b8       0x2c ego.o
 .text.sleep_elapsed
                0x00000000000082e4       0x38 ego.o
 .text.nop_state
                0x000000000000831c        0x2 ego.o
 *fill*         0x000000000000831e        0x2 
 .text.init_state
                0x0000000000008320       0x18 ego.o
 .text.continuous_init_state
                0x0000000000008338        0x6 ego.o
 *fill*         0x000000000000833e        0x2 
 .text.start_rf_state
                0x0000000000008340       0xb8 ego.o
 .text.start_jamming_state
                0x00000000000083f8       0xa4 ego.o
 .text.sleep_state
                0x000000000000849c       0x48 ego.o
 .text.jam_sleep_state
                0x00000000000084e4       0x20 ego.o
 .text.jamming_state
                0x0000000000008504       0x60 ego.o
                0x0000000000008504                jamming_state
 .text.continuous_cap_state
                0x0000000000008564       0x7c ego.o
 .text.jam_cap_state
                0x00000000000085e0       0x64 ego.o
 .text.cap_state
                0x0000000000008644       0x90 ego.o
 .text.ego_main
                0x00000000000086d4       0x7c ego.o
                0x00000000000086d4                ego_main
 .text.USB_IRQHandler
                0x0000000000008750        0x4 ../common/usb_serial.o
                0x0000000000008750                USB_IRQHandler
 .text.Reset_Handler
                0x0000000000008754       0x54 ../common/LPC17xx_Startup.o
                0x0000000000008754                Reset_Handler
 .text.Default_Handler
                0x00000000000087a8        0x2 ../common/LPC17xx_Interrupts.o
                0x00000000000087a8                TIMER2_IRQHandler
                0x00000000000087a8                DebugMon_Handler
                0x00000000000087a8                RIT_IRQHandler
                0x00000000000087a8                I2C0_IRQHandler
                0x00000000000087a8                HardFault_Handler
                0x00000000000087a8                SysTick_Handler
                0x00000000000087a8                PWM1_IRQHandler
                0x00000000000087a8                PendSV_Handler
                0x00000000000087a8                NMI_Handler
                0x00000000000087a8                I2C1_IRQHandler
                0x00000000000087a8                EINT2_IRQHandler
                0x00000000000087a8                UART1_IRQHandler
                0x00000000000087a8                TIMER3_IRQHandler
                0x00000000000087a8                UART0_IRQHandler
                0x00000000000087a8                MemManagement_Handler
                0x00000000000087a8                UsageFault_Handler
                0x00000000000087a8                PLL0_IRQHandler
                0x00000000000087a8                CAN_IRQHandler
                0x00000000000087a8                PLL1_IRQHandler
                0x00000000000087a8                SSP0_IRQHandler
                0x00000000000087a8                I2S_IRQHandler
                0x00000000000087a8                I2C2_IRQHandler
                0x00000000000087a8                RTC_IRQHandler
                0x00000000000087a8                SPI_IRQHandler
                0x00000000000087a8                EINT1_IRQHandler
                0x00000000000087a8                TIMER1_IRQHandler
                0x00000000000087a8                UART2_IRQHandler
                0x00000000000087a8                ADC_IRQHandler
                0x00000000000087a8                SSP1_IRQHandler
                0x00000000000087a8                BOD_IRQHandler
                0x00000000000087a8                WDT_IRQHandler
                0x00000000000087a8                SVC_Handler
                0x00000000000087a8                QEI_IRQHandler
                0x00000000000087a8                EINT0_IRQHandler
                0x00000000000087a8                USBACT_IRQHandler
                0x00000000000087a8                CANACT_IRQHandler
                0x00000000000087a8                BusFault_Handler
                0x00000000000087a8                UART3_IRQHandler
                0x00000000000087a8                MCPWM_IRQHandler
                0x00000000000087a8                ENET_IRQHandler
 *fill*         0x00000000000087aa        0x2 
 .text.spi_delay
                0x00000000000087ac       0x18 ../common/ubertooth.o
 .text.rbit     0x00000000000087c4        0x6 ../common/ubertooth.o
                0x00000000000087c4                rbit
 *fill*         0x00000000000087ca        0x2 
 .text.wait_us  0x00000000000087cc       0x2c ../common/ubertooth.o
                0x00000000000087cc                wait_us
 .text.wait     0x00000000000087f8        0xc ../common/ubertooth.o
                0x00000000000087f8                wait
 .text.all_pins_off
                0x0000000000008804       0x54 ../common/ubertooth.o
                0x0000000000008804                all_pins_off
 .text.gpio_init
                0x0000000000008858       0x34 ../common/ubertooth.o
                0x0000000000008858                gpio_init
 .text.dio_ssp_init
                0x000000000000888c       0x54 ../common/ubertooth.o
                0x000000000000888c                dio_ssp_init
 .text.atest_init
                0x00000000000088e0       0x34 ../common/ubertooth.o
                0x00000000000088e0                atest_init
 .text.cc2400_spi
                0x0000000000008914       0x50 ../common/ubertooth.o
                0x0000000000008914                cc2400_spi
 .text.cc2400_init
                0x0000000000008964       0x38 ../common/ubertooth.o
                0x0000000000008964                cc2400_init
 .text.cc2400_get
                0x000000000000899c       0x12 ../common/ubertooth.o
                0x000000000000899c                cc2400_get
 .text.cc2400_set
                0x00000000000089ae        0xa ../common/ubertooth.o
                0x00000000000089ae                cc2400_set
 .text.cc2400_get8
                0x00000000000089b8       0x12 ../common/ubertooth.o
                0x00000000000089b8                cc2400_get8
 *fill*         0x00000000000089ca        0x2 
 .text.cc2400_get_rev
                0x00000000000089cc       0x58 ../common/ubertooth.o
                0x00000000000089cc                cc2400_get_rev
 .text.cc2400_set8
                0x0000000000008a24        0xa ../common/ubertooth.o
                0x0000000000008a24                cc2400_set8
 *fill*         0x0000000000008a2e        0x2 
 .text.cc2400_fifo_write
                0x0000000000008a30       0x90 ../common/ubertooth.o
                0x0000000000008a30                cc2400_fifo_write
 .text.cc2400_fifo_read
                0x0000000000008ac0       0x90 ../common/ubertooth.o
                0x0000000000008ac0                cc2400_fifo_read
 .text.cc2400_status
                0x0000000000008b50        0xe ../common/ubertooth.o
                0x0000000000008b50                cc2400_status
 .text.cc2400_strobe
                0x0000000000008b5e        0xe ../common/ubertooth.o
                0x0000000000008b5e                cc2400_strobe
 .text.cc2400_reset
                0x0000000000008b6c       0x2c ../common/ubertooth.o
                0x0000000000008b6c                cc2400_reset
 .text.clock_start
                0x0000000000008b98      0x14c ../common/ubertooth.o
                0x0000000000008b98                clock_start
 .text.ubertooth_init
                0x0000000000008ce4       0x12 ../common/ubertooth.o
                0x0000000000008ce4                ubertooth_init
 *fill*         0x0000000000008cf6        0x2 
 .text.reset    0x0000000000008cf8       0x34 ../common/ubertooth.o
                0x0000000000008cf8                reset
 .text.get_part_num
                0x0000000000008d2c       0x38 ../common/ubertooth.o
                0x0000000000008d2c                get_part_num
 .text.get_device_serial
                0x0000000000008d64       0x68 ../common/ubertooth.o
                0x0000000000008d64                get_device_serial
 .text.set_isp  0x0000000000008dcc       0x20 ../common/ubertooth.o
                0x0000000000008dcc                set_isp
 .text.DataIn   0x0000000000008dec       0x28 ../common/lpcusb/target/usbcontrol.o
 .text._HandleRequest.constprop.1
                0x0000000000008e14       0x50 ../common/lpcusb/target/usbcontrol.o
 .text.USBHandleControlTransfer
                0x0000000000008e64       0xa8 ../common/lpcusb/target/usbcontrol.o
                0x0000000000008e64                USBHandleControlTransfer
 .text.USBRegisterRequestHandler
                0x0000000000008f0c       0x10 ../common/lpcusb/target/usbcontrol.o
                0x0000000000008f0c                USBRegisterRequestHandler
 .text.HandleUsbReset
                0x0000000000008f1c        0x2 ../common/lpcusb/target/usbinit.o
 *fill*         0x0000000000008f1e        0x2 
 .text.USBInit  0x0000000000008f20       0x4c ../common/lpcusb/target/usbinit.o
                0x0000000000008f20                USBInit
 .text.Wait4DevInt
                0x0000000000008f6c       0x18 ../common/lpcusb/target/usbhw_lpc.o
 .text.USBHwCmd
                0x0000000000008f84       0x18 ../common/lpcusb/target/usbhw_lpc.o
 .text.USBHwCmdWrite
                0x0000000000008f9c       0x20 ../common/lpcusb/target/usbhw_lpc.o
 .text.USBHwEPConfig
                0x0000000000008fbc       0x38 ../common/lpcusb/target/usbhw_lpc.o
                0x0000000000008fbc                USBHwEPConfig
 .text.USBHwRegisterEPIntHandler
                0x0000000000008ff4       0x34 ../common/lpcusb/target/usbhw_lpc.o
                0x0000000000008ff4                USBHwRegisterEPIntHandler
 .text.USBHwRegisterDevIntHandler
                0x0000000000009028       0x18 ../common/lpcusb/target/usbhw_lpc.o
                0x0000000000009028                USBHwRegisterDevIntHandler
 .text.USBHwSetAddress
                0x0000000000009040        0xa ../common/lpcusb/target/usbhw_lpc.o
                0x0000000000009040                USBHwSetAddress
 .text.USBHwConnect
                0x000000000000904a        0xc ../common/lpcusb/target/usbhw_lpc.o
                0x000000000000904a                USBHwConnect
 .text.USBHwNakIntEnable
                0x0000000000009056        0x8 ../common/lpcusb/target/usbhw_lpc.o
                0x0000000000009056                USBHwNakIntEnable
 *fill*         0x000000000000905e        0x2 
 .text.USBHwEPGetStatus
                0x0000000000009060       0x34 ../common/lpcusb/target/usbhw_lpc.o
                0x0000000000009060                USBHwEPGetStatus
 .text.USBHwEPStall
                0x0000000000009094       0x18 ../common/lpcusb/target/usbhw_lpc.o
                0x0000000000009094                USBHwEPStall
 .text.USBHwEPWrite
                0x00000000000090ac       0x60 ../common/lpcusb/target/usbhw_lpc.o
                0x00000000000090ac                USBHwEPWrite
 .text.USBHwEPRead
                0x000000000000910c       0x6c ../common/lpcusb/target/usbhw_lpc.o
                0x000000000000910c                USBHwEPRead
 .text.USBHwConfigDevice
                0x0000000000009178        0xc ../common/lpcusb/target/usbhw_lpc.o
                0x0000000000009178                USBHwConfigDevice
 .text.USBHwISR
                0x0000000000009184       0xcc ../common/lpcusb/target/usbhw_lpc.o
                0x0000000000009184                USBHwISR
 .text.USBHwInit
                0x0000000000009250       0xb0 ../common/lpcusb/target/usbhw_lpc.o
                0x0000000000009250                USBHwInit
 .text.USBFilterOsVendorMessage
                0x0000000000009300       0x68 ../common/lpcusb/target/usbstdreq.o
                0x0000000000009300                USBFilterOsVendorMessage
 .text.USBRegisterWinusbInterface
                0x0000000000009368       0x34 ../common/lpcusb/target/usbstdreq.o
                0x0000000000009368                USBRegisterWinusbInterface
 .text.USBRegisterDescriptors
                0x000000000000939c        0xc ../common/lpcusb/target/usbstdreq.o
                0x000000000000939c                USBRegisterDescriptors
 .text.USBGetDescriptor
                0x00000000000093a8       0x58 ../common/lpcusb/target/usbstdreq.o
                0x00000000000093a8                USBGetDescriptor
 .text.USBHandleStandardRequest
                0x0000000000009400      0x138 ../common/lpcusb/target/usbstdreq.o
                0x0000000000009400                USBHandleStandardRequest
 .text          0x0000000000009538       0x18 /usr/lib/gcc/arm-none-eabi/4.8.2/armv7-m/libgcc.a(_ashldi3.o)
                0x0000000000009538                __ashldi3
                0x0000000000009538                __aeabi_llsl
 .text.malloc   0x0000000000009550       0x10 /usr/lib/gcc/arm-none-eabi/4.8.2/../../../arm-none-eabi/lib/armv7-m/libc.a(lib_a-malloc.o)
                0x0000000000009550                malloc
 .text._malloc_r
                0x0000000000009560      0x564 /usr/lib/gcc/arm-none-eabi/4.8.2/../../../arm-none-eabi/lib/armv7-m/libc.a(lib_a-mallocr.o)
                0x0000000000009560                _malloc_r
 .text.memcmp   0x0000000000009ac4       0x68 /usr/lib/gcc/arm-none-eabi/4.8.2/../../../arm-none-eabi/lib/armv7-m/libc.a(lib_a-memcmp.o)
                0x0000000000009ac4                memcmp
 .text          0x0000000000009b2c       0xec /usr/lib/gcc/arm-none-eabi/4.8.2/../../../arm-none-eabi/lib/armv7-m/libc.a(lib_a-memcpy.o)
                0x0000000000009b2c                memcpy
 .text.__malloc_lock
                0x0000000000009c18        0x4 /usr/lib/gcc/arm-none-eabi/4.8.2/../../../arm-none-eabi/lib/armv7-m/libc.a(lib_a-mlock.o)
                0x0000000000009c18                __malloc_lock
 .text.__malloc_unlock
                0x0000000000009c1c        0x4 /usr/lib/gcc/arm-none-eabi/4.8.2/../../../arm-none-eabi/lib/armv7-m/libc.a(lib_a-mlock.o)
                0x0000000000009c1c                __malloc_unlock
 .text._sbrk_r  0x0000000000009c20       0x28 /usr/lib/gcc/arm-none-eabi/4.8.2/../../../arm-none-eabi/lib/armv7-m/libc.a(lib_a-sbrkr.o)
                0x0000000000009c20                _sbrk_r
 .text.strlen   0x0000000000009c48       0x60 /usr/lib/gcc/arm-none-eabi/4.8.2/../../../arm-none-eabi/lib/armv7-m/libc.a(lib_a-strlen.o)
                0x0000000000009c48                strlen
 .text._malloc_trim_r
                0x0000000000009ca8       0xa4 /usr/lib/gcc/arm-none-eabi/4.8.2/../../../arm-none-eabi/lib/armv7-m/libc.a(lib_a-freer.o)
                0x0000000000009ca8                _malloc_trim_r
 .text._free_r  0x0000000000009d4c      0x198 /usr/lib/gcc/arm-none-eabi/4.8.2/../../../arm-none-eabi/lib/armv7-m/libc.a(lib_a-freer.o)
                0x0000000000009d4c                _free_r
 .text._sbrk    0x0000000000009ee4       0x20 /usr/lib/gcc/arm-none-eabi/4.8.2/../../../arm-none-eabi/lib/armv7-m/libnosys.a(sbrk.o)
                0x0000000000009ee4                _sbrk
 *(.rodata .rodata.* .gnu.linkonce.r.*)
 .rodata.str1.4
                0x0000000000009f04        0x4 /usr/lib/gcc/arm-none-eabi/4.8.2/../../../arm-none-eabi/lib/armv7-m/libc.a(lib_a-impure.o)
 .rodata._global_impure_ptr
                0x0000000000009f08        0x4 /usr/lib/gcc/arm-none-eabi/4.8.2/../../../arm-none-eabi/lib/armv7-m/libc.a(lib_a-impure.o)
                0x0000000000009f08                _global_impure_ptr
 .rodata        0x0000000000009f0c      0x8c8 bluetooth_rxtx.o
                0x0000000000009fb3                compile_info
 .rodata.str1.1
                0x000000000000a7d4        0xb bluetooth_rxtx.o
 .rodata        0x000000000000a7df       0x1c bluetooth.o
 .rodata.str1.1
                0x000000000000a7fb       0x27 ubertooth_usb.o
 *fill*         0x000000000000a822        0x2 
 .rodata        0x000000000000a824       0x54 ego.o
 .rodata        0x000000000000a878        0x4 ../common/ubertooth.o
                0x000000000000a878                iap_entry
 .rodata        0x000000000000a87c       0x28 ../common/lpcusb/target/usbstdreq.o
 *(.eh_frame_hdr)
 *(.eh_frame)
 .eh_frame      0x000000000000a8a4        0x0 /usr/lib/gcc/arm-none-eabi/4.8.2/armv7-m/crtbegin.o
                0x000000000000a8a4                . = ALIGN (0x4)
 *(.init)
 .init          0x000000000000a8a4        0x4 /usr/lib/gcc/arm-none-eabi/4.8.2/armv7-m/crti.o
                0x000000000000a8a4                _init
 .init          0x000000000000a8a8        0x8 /usr/lib/gcc/arm-none-eabi/4.8.2/armv7-m/crtn.o
                0x000000000000a8b0                . = ALIGN (0x4)
                0x000000000000a8b0                __preinit_array_start = .
 *(.preinit_array)
                0x000000000000a8b0                __preinit_array_end = .
                0x000000000000a8b0                . = ALIGN (0x4)
                0x000000000000a8b0                __init_array_start = .
 *(SORT(.init_array.*))
 .init_array.00000
                0x000000000000a8b0        0x4 /usr/lib/gcc/arm-none-eabi/4.8.2/../../../arm-none-eabi/lib/armv7-m/libc.a(lib_a-__call_atexit.o)
 *(.init_array)
 .init_array    0x000000000000a8b4        0x4 /usr/lib/gcc/arm-none-eabi/4.8.2/armv7-m/crtbegin.o
                0x000000000000a8b8                __init_array_end = .
                0x000000000000a8b8                . = ALIGN (0x4)
 *crtbegin.o(.ctors)
 *(EXCLUDE_FILE(*crtend.o) .ctors)
 *(SORT(.ctors.*))
 *crtend.o(.ctors)
                0x000000000000a8b8                . = ALIGN (0x4)
 *(.fini)
 .fini          0x000000000000a8b8        0x4 /usr/lib/gcc/arm-none-eabi/4.8.2/armv7-m/crti.o
                0x000000000000a8b8                _fini
 .fini          0x000000000000a8bc        0x8 /usr/lib/gcc/arm-none-eabi/4.8.2/armv7-m/crtn.o
                0x000000000000a8c4                . = ALIGN (0x4)
                0x000000000000a8c4                __fini_array_start = .
 *(.fini_array)
 .fini_array    0x000000000000a8c4        0x4 /usr/lib/gcc/arm-none-eabi/4.8.2/armv7-m/crtbegin.o
 *(SORT(.fini_array.*))
                0x000000000000a8c8                __fini_array_end = .
 *crtbegin.o(.dtors)
 *(EXCLUDE_FILE(*crtend.o) .dtors)
 *(SORT(.dtors.*))
 *crtend.o(.dtors)
                0x000000000000a8c8                . = ALIGN (0x8)
                0x000000000000a8c8                _etext = .

.glue_7         0x000000000000a8c8        0x0
 .glue_7        0x0000000000000000        0x0 linker stubs

.glue_7t        0x000000000000a8c8        0x0
 .glue_7t       0x0000000000000000        0x0 linker stubs

.vfp11_veneer   0x000000000000a8c8        0x0
 .vfp11_veneer  0x0000000000000000        0x0 linker stubs

.v4_bx          0x000000000000a8c8        0x0
 .v4_bx         0x0000000000000000        0x0 linker stubs

.iplt           0x000000000000a8c8        0x0
 .iplt          0x0000000000000000        0x0 /usr/lib/gcc/arm-none-eabi/4.8.2/armv7-m/crtbegin.o

.rel.dyn        0x000000000000a8c8        0x0
 .rel.iplt      0x0000000000000000        0x0 /usr/lib/gcc/arm-none-eabi/4.8.2/armv7-m/crtbegin.o

.ARM.extab
 *(.ARM.extab* .gnu.linkonce.armextab.*)
                0x000000000000a8c8                __exidx_start = .

.ARM.exidx
 *(.ARM.exidx* .gnu.linkonce.armexidx.*)
                0x000000000000a8c8                __exidx_end = .
                0x000000000000a8c8                _etext = .

.persistent     0x0000000010000000       0x20
                0x0000000010000000                _persistent_start = .
                0x0000000010000020                . = (. + 0x20)
 *fill*         0x0000000010000000       0x20 
                0x0000000010000020                _persistent_end = .
                0x000000001000001c                bootloader_ctrl = (_persistent_start + 0x1c)

.data           0x0000000010000020      0xdf4 load address 0x000000000000a8c8
                0x0000000010000020                _data = .
 *(vtable)
 *(.data*)
 .data.impure_data
                0x0000000010000020      0x428 /usr/lib/gcc/arm-none-eabi/4.8.2/../../../arm-none-eabi/lib/armv7-m/libc.a(lib_a-impure.o)
 .data._impure_ptr
                0x0000000010000448        0x4 /usr/lib/gcc/arm-none-eabi/4.8.2/../../../arm-none-eabi/lib/armv7-m/libc.a(lib_a-impure.o)
                0x0000000010000448                _impure_ptr
 .data          0x000000001000044c       0x54 bluetooth_rxtx.o
                0x000000001000044c                channel
                0x0000000010000450                le
                0x0000000010000494                hop_timeout
                0x0000000010000496                le_adv_channel
                0x0000000010000498                low_freq
                0x000000001000049a                high_freq
                0x000000001000049c                rssi_threshold
 .data          0x00000000100004a0      0x400 bluetooth_le.o
                0x00000000100004a0                btle_crc_lut
 .data          0x00000000100008a0       0xbd ubertooth_usb.o
 .data          0x000000001000095d       0xa4 ../common/lpcusb/target/usbstdreq.o
 *fill*         0x0000000010000a01        0x3 
 .data.__malloc_av_
                0x0000000010000a04      0x408 /usr/lib/gcc/arm-none-eabi/4.8.2/../../../arm-none-eabi/lib/armv7-m/libc.a(lib_a-mallocr.o)
                0x0000000010000a04                __malloc_av_
 .data.__malloc_trim_threshold
                0x0000000010000e0c        0x4 /usr/lib/gcc/arm-none-eabi/4.8.2/../../../arm-none-eabi/lib/armv7-m/libc.a(lib_a-mallocr.o)
                0x0000000010000e0c                __malloc_trim_threshold
 .data.__malloc_sbrk_base
                0x0000000010000e10        0x4 /usr/lib/gcc/arm-none-eabi/4.8.2/../../../arm-none-eabi/lib/armv7-m/libc.a(lib_a-mallocr.o)
                0x0000000010000e10                __malloc_sbrk_base
                0x0000000010000e14                _edata = .

.jcr            0x0000000010000e14        0x0 load address 0x000000000000b6bc
 .jcr           0x0000000010000e14        0x0 /usr/lib/gcc/arm-none-eabi/4.8.2/armv7-m/crtbegin.o

.tm_clone_table
                0x0000000010000e14        0x0 load address 0x000000000000b6bc
 .tm_clone_table
                0x0000000010000e14        0x0 /usr/lib/gcc/arm-none-eabi/4.8.2/armv7-m/crtbegin.o
 .tm_clone_table
                0x0000000010000e14        0x0 /usr/lib/gcc/arm-none-eabi/4.8.2/armv7-m/crtend.o

.igot.plt       0x0000000010000e14        0x0 load address 0x000000000000b6bc
 .igot.plt      0x0000000000000000        0x0 /usr/lib/gcc/arm-none-eabi/4.8.2/armv7-m/crtbegin.o

.bss            0x0000000010000e18     0x29a0 load address 0x000000000000b6bc
                0x0000000010000e18                _bss = .
                0x0000000010000e18                __bss_start__ = .
 *(.bss*)
 .bss           0x0000000010000e18       0x1c /usr/lib/gcc/arm-none-eabi/4.8.2/armv7-m/crtbegin.o
 .bss           0x0000000010000e34       0x40 bluetooth_rxtx.o
                0x0000000010000e34                modulation
                0x0000000010000e35                status
                0x0000000010000e36                idle_buf_clkn_high
                0x0000000010000e38                idle_buf_clk100ns
                0x0000000010000e3c                idle_buf_channel
                0x0000000010000e3e                hop_mode
                0x0000000010000e3f                do_hop
                0x0000000010000e40                hop_direct_channel
                0x0000000010000e42                requested_channel
                0x0000000010000e44                dma_discard
                0x0000000010000e45                mode
                0x0000000010000e46                requested_mode
                0x0000000010000e47                jam_mode
                0x0000000010000e48                ego_mode
                0x0000000010000e4c                packet_cb
                0x0000000010000e50                le_jam_count
                0x0000000010000e54                dlen
                0x0000000010000e58                slave_mac_address
                0x0000000010000e60                data_cb
 .bss           0x0000000010000e74        0xc ubertooth_usb.o
                0x0000000010000e74                head
                0x0000000010000e78                tail
                0x0000000010000e7c                last_usb_pkt
 .bss           0x0000000010000e80       0x9e ubertooth_rssi.o
                0x0000000010000e80                rssi_iir
 *fill*         0x0000000010000f1e        0x2 
 .bss           0x0000000010000f20        0x8 ../common/ubertooth.o
 .bss           0x0000000010000f28       0x34 ../common/lpcusb/target/usbcontrol.o
 .bss           0x0000000010000f5c        0x8 ../common/lpcusb/target/usbinit.o
 .bss           0x0000000010000f64       0x48 ../common/lpcusb/target/usbhw_lpc.o
 .bss           0x0000000010000fac       0x10 ../common/lpcusb/target/usbstdreq.o
 .bss.__malloc_max_total_mem
                0x0000000010000fbc        0x4 /usr/lib/gcc/arm-none-eabi/4.8.2/../../../arm-none-eabi/lib/armv7-m/libc.a(lib_a-mallocr.o)
                0x0000000010000fbc                __malloc_max_total_mem
 .bss.__malloc_max_sbrked_mem
                0x0000000010000fc0        0x4 /usr/lib/gcc/arm-none-eabi/4.8.2/../../../arm-none-eabi/lib/armv7-m/libc.a(lib_a-mallocr.o)
                0x0000000010000fc0                __malloc_max_sbrked_mem
 .bss.__malloc_top_pad
                0x0000000010000fc4        0x4 /usr/lib/gcc/arm-none-eabi/4.8.2/../../../arm-none-eabi/lib/armv7-m/libc.a(lib_a-mallocr.o)
                0x0000000010000fc4                __malloc_top_pad
 .bss.__malloc_current_mallinfo
                0x0000000010000fc8       0x28 /usr/lib/gcc/arm-none-eabi/4.8.2/../../../arm-none-eabi/lib/armv7-m/libc.a(lib_a-mallocr.o)
                0x0000000010000fc8                __malloc_current_mallinfo
 .bss.heap_end.4061
                0x0000000010000ff0        0x4 /usr/lib/gcc/arm-none-eabi/4.8.2/../../../arm-none-eabi/lib/armv7-m/libnosys.a(sbrk.o)
 *(COMMON)
 *fill*         0x0000000010000ff4        0x4 
 COMMON         0x0000000010000ff8      0x538 bluetooth_rxtx.o
                0x0000000010000ff8                last_hop
                0x0000000010000ffc                rx_tc
                0x0000000010001000                rssi_max
                0x0000000010001001                used_channels
                0x0000000010001002                rssi_min
                0x0000000010001003                afh_map
                0x0000000010001010                clkn_offset
                0x0000000010001014                clkn_last_drift_fix
                0x0000000010001018                clk_drift_correction
                0x000000001000101c                clkn
                0x0000000010001020                tx_pkt
                0x000000001000105c                active_rxbuf
                0x0000000010001060                le_promisc
                0x0000000010001168                cs_no_squelch
                0x000000001000116a                clk100ns_offset
                0x0000000010001170                syncword
                0x0000000010001178                idle_rxbuf
                0x000000001000117c                unpacked
                0x000000001000149c                clk_drift_ppm
                0x000000001000149e                rssi_count
                0x000000001000149f                afh_enabled
                0x00000000100014a0                cs_threshold_req
                0x00000000100014a1                rxbuf2
                0x00000000100014d4                clkn_next_drift_fix
                0x00000000100014d8                slave_mac_address_data
                0x00000000100014dc                rr
                0x00000000100014e1                rxbuf1
                0x0000000010001514                rx_err
                0x0000000010001518                cs_threshold_cur
                0x0000000010001519                cs_trigger
                0x0000000010001520                target
 COMMON         0x0000000010001530       0xa5 bluetooth.o
                0x0000000010001530                b
                0x0000000010001532                d1
                0x0000000010001534                afh_bank
                0x0000000010001583                a1
                0x0000000010001584                c1
                0x0000000010001585                bank
                0x00000000100015d4                e
 *fill*         0x00000000100015d5        0x3 
 COMMON         0x00000000100015d8     0x2108 ubertooth_usb.o
                0x00000000100015d8                fifo
                0x00000000100035d8                abVendorReqData
                0x00000000100036dc                v_req_handler
 COMMON         0x00000000100036e0        0x4 ubertooth_rssi.o
                0x00000000100036e0                rssi_sum
 COMMON         0x00000000100036e4       0xd0 ubertooth_dma.o
                0x00000000100036e4                le_dma_lli
                0x0000000010003794                rx_dma_lli2
                0x00000000100037a4                rx_dma_lli1
 COMMON         0x00000000100037b4        0x4 /usr/lib/gcc/arm-none-eabi/4.8.2/../../../arm-none-eabi/lib/armv7-m/libc.a(lib_a-reent.o)
                0x00000000100037b4                errno
                0x00000000100037b8                _ebss = .
                0x00000000100037b8                __bss_end__ = .

.cr_heap        0x00000000100037b8        0x0 load address 0x000000000000b6bc
                0x00000000100037b8                end = .
                0x00000000100037b8                __end__ = .
                0x00000000100037b8                _pvHeapStart = .
                0x0000000010003fe0                _StackTop = ((ORIGIN (ram) + 0x4000) - 0x20)
OUTPUT(bluetooth_rxtx.elf elf32-littlearm)

.ARM.attributes
                0x0000000000000000       0x29
 .ARM.attributes
                0x0000000000000000       0x1d /usr/lib/gcc/arm-none-eabi/4.8.2/armv7-m/crti.o
 .ARM.attributes
                0x000000000000001d       0x2d /usr/lib/gcc/arm-none-eabi/4.8.2/armv7-m/crtbegin.o
 .ARM.attributes
                0x000000000000004a       0x2d /usr/lib/gcc/arm-none-eabi/4.8.2/../../../arm-none-eabi/lib/armv7-m/libc.a(lib_a-atexit.o)
 .ARM.attributes
                0x0000000000000077       0x2d /usr/lib/gcc/arm-none-eabi/4.8.2/../../../arm-none-eabi/lib/armv7-m/libc.a(lib_a-fini.o)
 .ARM.attributes
                0x00000000000000a4       0x2d /usr/lib/gcc/arm-none-eabi/4.8.2/../../../arm-none-eabi/lib/armv7-m/libc.a(lib_a-impure.o)
 .ARM.attributes
                0x00000000000000d1       0x2d /usr/lib/gcc/arm-none-eabi/4.8.2/../../../arm-none-eabi/lib/armv7-m/libc.a(lib_a-init.o)
 .ARM.attributes
                0x00000000000000fe       0x2d /usr/lib/gcc/arm-none-eabi/4.8.2/../../../arm-none-eabi/lib/armv7-m/libc.a(lib_a-memset.o)
 .ARM.attributes
                0x000000000000012b       0x2d /usr/lib/gcc/arm-none-eabi/4.8.2/../../../arm-none-eabi/lib/armv7-m/libc.a(lib_a-__atexit.o)
 .ARM.attributes
                0x0000000000000158       0x2d /usr/lib/gcc/arm-none-eabi/4.8.2/../../../arm-none-eabi/lib/armv7-m/libc.a(lib_a-__call_atexit.o)
 .ARM.attributes
                0x0000000000000185       0x33 bluetooth_rxtx.o
 .ARM.attributes
                0x00000000000001b8       0x33 bluetooth.o
 .ARM.attributes
                0x00000000000001eb       0x33 bluetooth_le.o
 .ARM.attributes
                0x000000000000021e       0x33 ubertooth_usb.o
 .ARM.attributes
                0x0000000000000251       0x33 ubertooth_rssi.o
 .ARM.attributes
                0x0000000000000284       0x33 ubertooth_cs.o
 .ARM.attributes
                0x00000000000002b7       0x33 ubertooth_clock.o
 .ARM.attributes
                0x00000000000002ea       0x33 ubertooth_dma.o
 .ARM.attributes
                0x000000000000031d       0x33 cc2400_rangetest.o
 .ARM.attributes
                0x0000000000000350       0x33 ego.o
 .ARM.attributes
                0x0000000000000383       0x33 ../common/usb_serial.o
 .ARM.attributes
                0x00000000000003b6       0x33 ../common/LPC17xx_Startup.o
 .ARM.attributes
                0x00000000000003e9       0x33 ../common/LPC17xx_Interrupts.o
 .ARM.attributes
                0x000000000000041c       0x33 ../common/ubertooth.o
 .ARM.attributes
                0x000000000000044f       0x33 ../common/lpcusb/target/usbcontrol.o
 .ARM.attributes
                0x0000000000000482       0x33 ../common/lpcusb/target/usbinit.o
 .ARM.attributes
                0x00000000000004b5       0x33 ../common/lpcusb/target/usbhw_lpc.o
 .ARM.attributes
                0x00000000000004e8       0x33 ../common/lpcusb/target/usbstdreq.o
 .ARM.attributes
                0x000000000000051b       0x1d /usr/lib/gcc/arm-none-eabi/4.8.2/armv7-m/libgcc.a(_ashldi3.o)
 .ARM.attributes
                0x0000000000000538       0x2d /usr/lib/gcc/arm-none-eabi/4.8.2/../../../arm-none-eabi/lib/armv7-m/libc.a(lib_a-malloc.o)
 .ARM.attributes
                0x0000000000000565       0x2d /usr/lib/gcc/arm-none-eabi/4.8.2/../../../arm-none-eabi/lib/armv7-m/libc.a(lib_a-mallocr.o)
 .ARM.attributes
                0x0000000000000592       0x2d /usr/lib/gcc/arm-none-eabi/4.8.2/../../../arm-none-eabi/lib/armv7-m/libc.a(lib_a-memcmp.o)
 .ARM.attributes
                0x00000000000005bf       0x1b /usr/lib/gcc/arm-none-eabi/4.8.2/../../../arm-none-eabi/lib/armv7-m/libc.a(lib_a-memcpy.o)
 .ARM.attributes
                0x00000000000005da       0x2d /usr/lib/gcc/arm-none-eabi/4.8.2/../../../arm-none-eabi/lib/armv7-m/libc.a(lib_a-mlock.o)
 .ARM.attributes
                0x0000000000000607       0x2d /usr/lib/gcc/arm-none-eabi/4.8.2/../../../arm-none-eabi/lib/armv7-m/libc.a(lib_a-sbrkr.o)
 .ARM.attributes
                0x0000000000000634       0x2d /usr/lib/gcc/arm-none-eabi/4.8.2/../../../arm-none-eabi/lib/armv7-m/libc.a(lib_a-strlen.o)
 .ARM.attributes
                0x0000000000000661       0x2d /usr/lib/gcc/arm-none-eabi/4.8.2/../../../arm-none-eabi/lib/armv7-m/libc.a(lib_a-freer.o)
 .ARM.attributes
                0x000000000000068e       0x2d /usr/lib/gcc/arm-none-eabi/4.8.2/../../../arm-none-eabi/lib/armv7-m/libc.a(lib_a-reent.o)
 .ARM.attributes
                0x00000000000006bb       0x2d /usr/lib/gcc/arm-none-eabi/4.8.2/armv7-m/crtend.o
 .ARM.attributes
                0x00000000000006e8       0x1d /usr/lib/gcc/arm-none-eabi/4.8.2/armv7-m/crtn.o
 .ARM.attributes
                0x0000000000000705       0x2d /usr/lib/gcc/arm-none-eabi/4.8.2/../../../arm-none-eabi/lib/armv7-m/libnosys.a(sbrk.o)

.comment        0x0000000000000000       0x1f
 .comment       0x0000000000000000       0x1f /usr/lib/gcc/arm-none-eabi/4.8.2/armv7-m/crtbegin.o
                                         0x20 (size before relaxing)
 .comment       0x0000000000000000       0x20 /usr/lib/gcc/arm-none-eabi/4.8.2/../../../arm-none-eabi/lib/armv7-m/libc.a(lib_a-atexit.o)
 .comment       0x0000000000000000       0x20 /usr/lib/gcc/arm-none-eabi/4.8.2/../../../arm-none-eabi/lib/armv7-m/libc.a(lib_a-fini.o)
 .comment       0x0000000000000000       0x20 /usr/lib/gcc/arm-none-eabi/4.8.2/../../../arm-none-eabi/lib/armv7-m/libc.a(lib_a-impure.o)
 .comment       0x0000000000000000       0x20 /usr/lib/gcc/arm-none-eabi/4.8.2/../../../arm-none-eabi/lib/armv7-m/libc.a(lib_a-init.o)
 .comment       0x0000000000000000       0x20 /usr/lib/gcc/arm-none-eabi/4.8.2/../../../arm-none-eabi/lib/armv7-m/libc.a(lib_a-memset.o)
 .comment       0x0000000000000000       0x20 /usr/lib/gcc/arm-none-eabi/4.8.2/../../../arm-none-eabi/lib/armv7-m/libc.a(lib_a-__atexit.o)
 .comment       0x0000000000000000       0x20 /usr/lib/gcc/arm-none-eabi/4.8.2/../../../arm-none-eabi/lib/armv7-m/libc.a(lib_a-__call_atexit.o)
 .comment       0x0000000000000000       0x20 bluetooth_rxtx.o
 .comment       0x0000000000000000       0x20 bluetooth.o
 .comment       0x0000000000000000       0x20 bluetooth_le.o
 .comment       0x0000000000000000       0x20 ubertooth_usb.o
 .comment       0x0000000000000000       0x20 ubertooth_rssi.o
 .comment       0x0000000000000000       0x20 ubertooth_cs.o
 .comment       0x0000000000000000       0x20 ubertooth_clock.o
 .comment       0x0000000000000000       0x20 ubertooth_dma.o
 .comment       0x0000000000000000       0x20 cc2400_rangetest.o
 .comment       0x0000000000000000       0x20 ego.o
 .comment       0x0000000000000000       0x20 ../common/usb_serial.o
 .comment       0x0000000000000000       0x20 ../common/LPC17xx_Startup.o
 .comment       0x0000000000000000       0x20 ../common/LPC17xx_Interrupts.o
 .comment       0x0000000000000000       0x20 ../common/ubertooth.o
 .comment       0x0000000000000000       0x20 ../common/lpcusb/target/usbcontrol.o
 .comment       0x0000000000000000       0x20 ../common/lpcusb/target/usbinit.o
 .comment       0x0000000000000000       0x20 ../common/lpcusb/target/usbhw_lpc.o
 .comment       0x0000000000000000       0x20 ../common/lpcusb/target/usbstdreq.o
 .comment       0x0000000000000000       0x20 /usr/lib/gcc/arm-none-eabi/4.8.2/../../../arm-none-eabi/lib/armv7-m/libc.a(lib_a-malloc.o)
 .comment       0x0000000000000000       0x20 /usr/lib/gcc/arm-none-eabi/4.8.2/../../../arm-none-eabi/lib/armv7-m/libc.a(lib_a-mallocr.o)
 .comment       0x0000000000000000       0x20 /usr/lib/gcc/arm-none-eabi/4.8.2/../../../arm-none-eabi/lib/armv7-m/libc.a(lib_a-memcmp.o)
 .comment       0x0000000000000000       0x20 /usr/lib/gcc/arm-none-eabi/4.8.2/../../../arm-none-eabi/lib/armv7-m/libc.a(lib_a-mlock.o)
 .comment       0x0000000000000000       0x20 /usr/lib/gcc/arm-none-eabi/4.8.2/../../../arm-none-eabi/lib/armv7-m/libc.a(lib_a-sbrkr.o)
 .comment       0x0000000000000000       0x20 /usr/lib/gcc/arm-none-eabi/4.8.2/../../../arm-none-eabi/lib/armv7-m/libc.a(lib_a-strlen.o)
 .comment       0x0000000000000000       0x20 /usr/lib/gcc/arm-none-eabi/4.8.2/../../../arm-none-eabi/lib/armv7-m/libc.a(lib_a-freer.o)
 .comment       0x0000000000000000       0x20 /usr/lib/gcc/arm-none-eabi/4.8.2/../../../arm-none-eabi/lib/armv7-m/libc.a(lib_a-reent.o)
 .comment       0x0000000000000000       0x20 /usr/lib/gcc/arm-none-eabi/4.8.2/armv7-m/crtend.o
 .comment       0x0000000000000000       0x20 /usr/lib/gcc/arm-none-eabi/4.8.2/../../../arm-none-eabi/lib/armv7-m/libnosys.a(sbrk.o)

.debug_info     0x0000000000000000    0x102ce
 .debug_info    0x0000000000000000      0x10a /usr/lib/gcc/arm-none-eabi/4.8.2/../../../arm-none-eabi/lib/armv7-m/libc.a(lib_a-atexit.o)
 .debug_info    0x000000000000010a       0xef /usr/lib/gcc/arm-none-eabi/4.8.2/../../../arm-none-eabi/lib/armv7-m/libc.a(lib_a-fini.o)
 .debug_info    0x00000000000001f9      0x894 /usr/lib/gcc/arm-none-eabi/4.8.2/../../../arm-none-eabi/lib/armv7-m/libc.a(lib_a-impure.o)
 .debug_info    0x0000000000000a8d      0x105 /usr/lib/gcc/arm-none-eabi/4.8.2/../../../arm-none-eabi/lib/armv7-m/libc.a(lib_a-init.o)
 .debug_info    0x0000000000000b92      0x117 /usr/lib/gcc/arm-none-eabi/4.8.2/../../../arm-none-eabi/lib/armv7-m/libc.a(lib_a-memset.o)
 .debug_info    0x0000000000000ca9      0x934 /usr/lib/gcc/arm-none-eabi/4.8.2/../../../arm-none-eabi/lib/armv7-m/libc.a(lib_a-__atexit.o)
 .debug_info    0x00000000000015dd      0x9aa /usr/lib/gcc/arm-none-eabi/4.8.2/../../../arm-none-eabi/lib/armv7-m/libc.a(lib_a-__call_atexit.o)
 .debug_info    0x0000000000001f87     0x4212 bluetooth_rxtx.o
 .debug_info    0x0000000000006199      0x4cf bluetooth.o
 .debug_info    0x0000000000006668      0x536 bluetooth_le.o
 .debug_info    0x0000000000006b9e      0x876 ubertooth_usb.o
 .debug_info    0x0000000000007414      0x208 ubertooth_rssi.o
 .debug_info    0x000000000000761c      0x266 ubertooth_cs.o
 .debug_info    0x0000000000007882      0x16c ubertooth_clock.o
 .debug_info    0x00000000000079ee      0x24d ubertooth_dma.o
 .debug_info    0x0000000000007c3b      0x83c cc2400_rangetest.o
 .debug_info    0x0000000000008477      0xd0b ego.o
 .debug_info    0x0000000000009182      0x9b9 ../common/usb_serial.o
 .debug_info    0x0000000000009b3b      0x117 ../common/LPC17xx_Startup.o
 .debug_info    0x0000000000009c52       0x7d ../common/LPC17xx_Interrupts.o
 .debug_info    0x0000000000009ccf      0xaef ../common/ubertooth.o
 .debug_info    0x000000000000a7be      0x47d ../common/lpcusb/target/usbcontrol.o
 .debug_info    0x000000000000ac3b      0x297 ../common/lpcusb/target/usbinit.o
 .debug_info    0x000000000000aed2      0xab0 ../common/lpcusb/target/usbhw_lpc.o
 .debug_info    0x000000000000b982      0x74b ../common/lpcusb/target/usbstdreq.o
 .debug_info    0x000000000000c0cd       0x9f /usr/lib/gcc/arm-none-eabi/4.8.2/armv7-m/libgcc.a(_ashldi3.o)
 .debug_info    0x000000000000c16c      0x915 /usr/lib/gcc/arm-none-eabi/4.8.2/../../../arm-none-eabi/lib/armv7-m/libc.a(lib_a-malloc.o)
 .debug_info    0x000000000000ca81      0xd7b /usr/lib/gcc/arm-none-eabi/4.8.2/../../../arm-none-eabi/lib/armv7-m/libc.a(lib_a-mallocr.o)
 .debug_info    0x000000000000d7fc      0x113 /usr/lib/gcc/arm-none-eabi/4.8.2/../../../arm-none-eabi/lib/armv7-m/libc.a(lib_a-memcmp.o)
 .debug_info    0x000000000000d90f       0xb2 /usr/lib/gcc/arm-none-eabi/4.8.2/../../../arm-none-eabi/lib/armv7-m/libc.a(lib_a-memcpy.o)
 .debug_info    0x000000000000d9c1      0x8b4 /usr/lib/gcc/arm-none-eabi/4.8.2/../../../arm-none-eabi/lib/armv7-m/libc.a(lib_a-mlock.o)
 .debug_info    0x000000000000e275      0x8f4 /usr/lib/gcc/arm-none-eabi/4.8.2/../../../arm-none-eabi/lib/armv7-m/libc.a(lib_a-sbrkr.o)
 .debug_info    0x000000000000eb69       0xb5 /usr/lib/gcc/arm-none-eabi/4.8.2/../../../arm-none-eabi/lib/armv7-m/libc.a(lib_a-strlen.o)
 .debug_info    0x000000000000ec1e      0xc1c /usr/lib/gcc/arm-none-eabi/4.8.2/../../../arm-none-eabi/lib/armv7-m/libc.a(lib_a-freer.o)
 .debug_info    0x000000000000f83a      0x9fb /usr/lib/gcc/arm-none-eabi/4.8.2/../../../arm-none-eabi/lib/armv7-m/libc.a(lib_a-reent.o)
 .debug_info    0x0000000000010235       0x99 /usr/lib/gcc/arm-none-eabi/4.8.2/../../../arm-none-eabi/lib/armv7-m/libnosys.a(sbrk.o)

.debug_abbrev   0x0000000000000000     0x3cb5
 .debug_abbrev  0x0000000000000000       0xb8 /usr/lib/gcc/arm-none-eabi/4.8.2/../../../arm-none-eabi/lib/armv7-m/libc.a(lib_a-atexit.o)
 .debug_abbrev  0x00000000000000b8       0xbd /usr/lib/gcc/arm-none-eabi/4.8.2/../../../arm-none-eabi/lib/armv7-m/libc.a(lib_a-fini.o)
 .debug_abbrev  0x0000000000000175      0x180 /usr/lib/gcc/arm-none-eabi/4.8.2/../../../arm-none-eabi/lib/armv7-m/libc.a(lib_a-impure.o)
 .debug_abbrev  0x00000000000002f5       0xba /usr/lib/gcc/arm-none-eabi/4.8.2/../../../arm-none-eabi/lib/armv7-m/libc.a(lib_a-init.o)
 .debug_abbrev  0x00000000000003af       0x9f /usr/lib/gcc/arm-none-eabi/4.8.2/../../../arm-none-eabi/lib/armv7-m/libc.a(lib_a-memset.o)
 .debug_abbrev  0x000000000000044e      0x20f /usr/lib/gcc/arm-none-eabi/4.8.2/../../../arm-none-eabi/lib/armv7-m/libc.a(lib_a-__atexit.o)
 .debug_abbrev  0x000000000000065d      0x285 /usr/lib/gcc/arm-none-eabi/4.8.2/../../../arm-none-eabi/lib/armv7-m/libc.a(lib_a-__call_atexit.o)
 .debug_abbrev  0x00000000000008e2      0x5ad bluetooth_rxtx.o
 .debug_abbrev  0x0000000000000e8f      0x1a8 bluetooth.o
 .debug_abbrev  0x0000000000001037      0x175 bluetooth_le.o
 .debug_abbrev  0x00000000000011ac      0x308 ubertooth_usb.o
 .debug_abbrev  0x00000000000014b4      0x111 ubertooth_rssi.o
 .debug_abbrev  0x00000000000015c5      0x14e ubertooth_cs.o
 .debug_abbrev  0x0000000000001713       0x88 ubertooth_clock.o
 .debug_abbrev  0x000000000000179b      0x109 ubertooth_dma.o
 .debug_abbrev  0x00000000000018a4      0x1cb cc2400_rangetest.o
 .debug_abbrev  0x0000000000001a6f      0x37c ego.o
 .debug_abbrev  0x0000000000001deb      0x2fa ../common/usb_serial.o
 .debug_abbrev  0x00000000000020e5       0xb8 ../common/LPC17xx_Startup.o
 .debug_abbrev  0x000000000000219d       0x80 ../common/LPC17xx_Interrupts.o
 .debug_abbrev  0x000000000000221d      0x2ee ../common/ubertooth.o
 .debug_abbrev  0x000000000000250b      0x249 ../common/lpcusb/target/usbcontrol.o
 .debug_abbrev  0x0000000000002754      0x13d ../common/lpcusb/target/usbinit.o
 .debug_abbrev  0x0000000000002891      0x2ac ../common/lpcusb/target/usbhw_lpc.o
 .debug_abbrev  0x0000000000002b3d      0x2d8 ../common/lpcusb/target/usbstdreq.o
 .debug_abbrev  0x0000000000002e15       0x14 /usr/lib/gcc/arm-none-eabi/4.8.2/armv7-m/libgcc.a(_ashldi3.o)
 .debug_abbrev  0x0000000000002e29      0x1fa /usr/lib/gcc/arm-none-eabi/4.8.2/../../../arm-none-eabi/lib/armv7-m/libc.a(lib_a-malloc.o)
 .debug_abbrev  0x0000000000003023      0x2a2 /usr/lib/gcc/arm-none-eabi/4.8.2/../../../arm-none-eabi/lib/armv7-m/libc.a(lib_a-mallocr.o)
 .debug_abbrev  0x00000000000032c5       0x7f /usr/lib/gcc/arm-none-eabi/4.8.2/../../../arm-none-eabi/lib/armv7-m/libc.a(lib_a-memcmp.o)
 .debug_abbrev  0x0000000000003344       0x14 /usr/lib/gcc/arm-none-eabi/4.8.2/../../../arm-none-eabi/lib/armv7-m/libc.a(lib_a-memcpy.o)
 .debug_abbrev  0x0000000000003358      0x19a /usr/lib/gcc/arm-none-eabi/4.8.2/../../../arm-none-eabi/lib/armv7-m/libc.a(lib_a-mlock.o)
 .debug_abbrev  0x00000000000034f2      0x1fd /usr/lib/gcc/arm-none-eabi/4.8.2/../../../arm-none-eabi/lib/armv7-m/libc.a(lib_a-sbrkr.o)
 .debug_abbrev  0x00000000000036ef       0x70 /usr/lib/gcc/arm-none-eabi/4.8.2/../../../arm-none-eabi/lib/armv7-m/libc.a(lib_a-strlen.o)
 .debug_abbrev  0x000000000000375f      0x27b /usr/lib/gcc/arm-none-eabi/4.8.2/../../../arm-none-eabi/lib/armv7-m/libc.a(lib_a-freer.o)
 .debug_abbrev  0x00000000000039da      0x258 /usr/lib/gcc/arm-none-eabi/4.8.2/../../../arm-none-eabi/lib/armv7-m/libc.a(lib_a-reent.o)
 .debug_abbrev  0x0000000000003c32       0x83 /usr/lib/gcc/arm-none-eabi/4.8.2/../../../arm-none-eabi/lib/armv7-m/libnosys.a(sbrk.o)

.debug_loc      0x0000000000000000     0x6d89
 .debug_loc     0x0000000000000000       0x2c /usr/lib/gcc/arm-none-eabi/4.8.2/../../../arm-none-eabi/lib/armv7-m/libc.a(lib_a-atexit.o)
 .debug_loc     0x000000000000002c       0x5c /usr/lib/gcc/arm-none-eabi/4.8.2/../../../arm-none-eabi/lib/armv7-m/libc.a(lib_a-fini.o)
 .debug_loc     0x0000000000000088       0xae /usr/lib/gcc/arm-none-eabi/4.8.2/../../../arm-none-eabi/lib/armv7-m/libc.a(lib_a-init.o)
 .debug_loc     0x0000000000000136      0x18b /usr/lib/gcc/arm-none-eabi/4.8.2/../../../arm-none-eabi/lib/armv7-m/libc.a(lib_a-memset.o)
 .debug_loc     0x00000000000002c1      0x14d /usr/lib/gcc/arm-none-eabi/4.8.2/../../../arm-none-eabi/lib/armv7-m/libc.a(lib_a-__atexit.o)
 .debug_loc     0x000000000000040e      0x155 /usr/lib/gcc/arm-none-eabi/4.8.2/../../../arm-none-eabi/lib/armv7-m/libc.a(lib_a-__call_atexit.o)
 .debug_loc     0x0000000000000563     0x2435 bluetooth_rxtx.o
 .debug_loc     0x0000000000002998      0x75b bluetooth.o
 .debug_loc     0x00000000000030f3      0x37c bluetooth_le.o
 .debug_loc     0x000000000000346f      0x324 ubertooth_usb.o
 .debug_loc     0x0000000000003793       0x8c ubertooth_rssi.o
 .debug_loc     0x000000000000381f       0x7d ubertooth_cs.o
 .debug_loc     0x000000000000389c       0x1f ubertooth_dma.o
 .debug_loc     0x00000000000038bb      0x295 cc2400_rangetest.o
 .debug_loc     0x0000000000003b50      0x2fa ego.o
 .debug_loc     0x0000000000003e4a      0x319 ../common/usb_serial.o
 .debug_loc     0x0000000000004163       0x97 ../common/LPC17xx_Startup.o
 .debug_loc     0x00000000000041fa      0x701 ../common/ubertooth.o
 .debug_loc     0x00000000000048fb      0x182 ../common/lpcusb/target/usbcontrol.o
 .debug_loc     0x0000000000004a7d      0x720 ../common/lpcusb/target/usbhw_lpc.o
 .debug_loc     0x000000000000519d      0x786 ../common/lpcusb/target/usbstdreq.o
 .debug_loc     0x0000000000005923       0x58 /usr/lib/gcc/arm-none-eabi/4.8.2/../../../arm-none-eabi/lib/armv7-m/libc.a(lib_a-malloc.o)
 .debug_loc     0x000000000000597b      0xd1f /usr/lib/gcc/arm-none-eabi/4.8.2/../../../arm-none-eabi/lib/armv7-m/libc.a(lib_a-mallocr.o)
 .debug_loc     0x000000000000669a       0xe3 /usr/lib/gcc/arm-none-eabi/4.8.2/../../../arm-none-eabi/lib/armv7-m/libc.a(lib_a-memcmp.o)
 .debug_loc     0x000000000000677d       0x3f /usr/lib/gcc/arm-none-eabi/4.8.2/../../../arm-none-eabi/lib/armv7-m/libc.a(lib_a-sbrkr.o)
 .debug_loc     0x00000000000067bc       0x21 /usr/lib/gcc/arm-none-eabi/4.8.2/../../../arm-none-eabi/lib/armv7-m/libc.a(lib_a-strlen.o)
 .debug_loc     0x00000000000067dd      0x450 /usr/lib/gcc/arm-none-eabi/4.8.2/../../../arm-none-eabi/lib/armv7-m/libc.a(lib_a-freer.o)
 .debug_loc     0x0000000000006c2d      0x13b /usr/lib/gcc/arm-none-eabi/4.8.2/../../../arm-none-eabi/lib/armv7-m/libc.a(lib_a-reent.o)
 .debug_loc     0x0000000000006d68       0x21 /usr/lib/gcc/arm-none-eabi/4.8.2/../../../arm-none-eabi/lib/armv7-m/libnosys.a(sbrk.o)

.debug_aranges  0x0000000000000000      0x988
 .debug_aranges
                0x0000000000000000       0x20 /usr/lib/gcc/arm-none-eabi/4.8.2/../../../arm-none-eabi/lib/armv7-m/libc.a(lib_a-atexit.o)
 .debug_aranges
                0x0000000000000020       0x20 /usr/lib/gcc/arm-none-eabi/4.8.2/../../../arm-none-eabi/lib/armv7-m/libc.a(lib_a-fini.o)
 .debug_aranges
                0x0000000000000040       0x18 /usr/lib/gcc/arm-none-eabi/4.8.2/../../../arm-none-eabi/lib/armv7-m/libc.a(lib_a-impure.o)
 .debug_aranges
                0x0000000000000058       0x20 /usr/lib/gcc/arm-none-eabi/4.8.2/../../../arm-none-eabi/lib/armv7-m/libc.a(lib_a-init.o)
 .debug_aranges
                0x0000000000000078       0x20 /usr/lib/gcc/arm-none-eabi/4.8.2/../../../arm-none-eabi/lib/armv7-m/libc.a(lib_a-memset.o)
 .debug_aranges
                0x0000000000000098       0x20 /usr/lib/gcc/arm-none-eabi/4.8.2/../../../arm-none-eabi/lib/armv7-m/libc.a(lib_a-__atexit.o)
 .debug_aranges
                0x00000000000000b8       0x28 /usr/lib/gcc/arm-none-eabi/4.8.2/../../../arm-none-eabi/lib/armv7-m/libc.a(lib_a-__call_atexit.o)
 .debug_aranges
                0x00000000000000e0      0x160 bluetooth_rxtx.o
 .debug_aranges
                0x0000000000000240       0x30 bluetooth.o
 .debug_aranges
                0x0000000000000270       0x48 bluetooth_le.o
 .debug_aranges
                0x00000000000002b8       0x60 ubertooth_usb.o
 .debug_aranges
                0x0000000000000318       0x38 ubertooth_rssi.o
 .debug_aranges
                0x0000000000000350       0x38 ubertooth_cs.o
 .debug_aranges
                0x0000000000000388       0x30 ubertooth_clock.o
 .debug_aranges
                0x00000000000003b8       0x40 ubertooth_dma.o
 .debug_aranges
                0x00000000000003f8       0x30 cc2400_rangetest.o
 .debug_aranges
                0x0000000000000428       0x98 ego.o
 .debug_aranges
                0x00000000000004c0       0x70 ../common/usb_serial.o
 .debug_aranges
                0x0000000000000530       0x20 ../common/LPC17xx_Startup.o
 .debug_aranges
                0x0000000000000550       0x20 ../common/LPC17xx_Interrupts.o
 .debug_aranges
                0x0000000000000570      0x110 ../common/ubertooth.o
 .debug_aranges
                0x0000000000000680       0x38 ../common/lpcusb/target/usbcontrol.o
 .debug_aranges
                0x00000000000006b8       0x28 ../common/lpcusb/target/usbinit.o
 .debug_aranges
                0x00000000000006e0       0xd8 ../common/lpcusb/target/usbhw_lpc.o
 .debug_aranges
                0x00000000000007b8       0x50 ../common/lpcusb/target/usbstdreq.o
 .debug_aranges
                0x0000000000000808       0x20 /usr/lib/gcc/arm-none-eabi/4.8.2/armv7-m/libgcc.a(_ashldi3.o)
 .debug_aranges
                0x0000000000000828       0x28 /usr/lib/gcc/arm-none-eabi/4.8.2/../../../arm-none-eabi/lib/armv7-m/libc.a(lib_a-malloc.o)
 .debug_aranges
                0x0000000000000850       0x20 /usr/lib/gcc/arm-none-eabi/4.8.2/../../../arm-none-eabi/lib/armv7-m/libc.a(lib_a-mallocr.o)
 .debug_aranges
                0x0000000000000870       0x20 /usr/lib/gcc/arm-none-eabi/4.8.2/../../../arm-none-eabi/lib/armv7-m/libc.a(lib_a-memcmp.o)
 .debug_aranges
                0x0000000000000890       0x20 /usr/lib/gcc/arm-none-eabi/4.8.2/../../../arm-none-eabi/lib/armv7-m/libc.a(lib_a-memcpy.o)
 .debug_aranges
                0x00000000000008b0       0x28 /usr/lib/gcc/arm-none-eabi/4.8.2/../../../arm-none-eabi/lib/armv7-m/libc.a(lib_a-mlock.o)
 .debug_aranges
                0x00000000000008d8       0x20 /usr/lib/gcc/arm-none-eabi/4.8.2/../../../arm-none-eabi/lib/armv7-m/libc.a(lib_a-sbrkr.o)
 .debug_aranges
                0x00000000000008f8       0x20 /usr/lib/gcc/arm-none-eabi/4.8.2/../../../arm-none-eabi/lib/armv7-m/libc.a(lib_a-strlen.o)
 .debug_aranges
                0x0000000000000918       0x28 /usr/lib/gcc/arm-none-eabi/4.8.2/../../../arm-none-eabi/lib/armv7-m/libc.a(lib_a-freer.o)
 .debug_aranges
                0x0000000000000940       0x28 /usr/lib/gcc/arm-none-eabi/4.8.2/../../../arm-none-eabi/lib/armv7-m/libc.a(lib_a-reent.o)
 .debug_aranges
                0x0000000000000968       0x20 /usr/lib/gcc/arm-none-eabi/4.8.2/../../../arm-none-eabi/lib/armv7-m/libnosys.a(sbrk.o)

.debug_ranges   0x0000000000000000      0xa00
 .debug_ranges  0x0000000000000000       0x10 /usr/lib/gcc/arm-none-eabi/4.8.2/../../../arm-none-eabi/lib/armv7-m/libc.a(lib_a-atexit.o)
 .debug_ranges  0x0000000000000010       0x10 /usr/lib/gcc/arm-none-eabi/4.8.2/../../../arm-none-eabi/lib/armv7-m/libc.a(lib_a-fini.o)
 .debug_ranges  0x0000000000000020       0x10 /usr/lib/gcc/arm-none-eabi/4.8.2/../../../arm-none-eabi/lib/armv7-m/libc.a(lib_a-init.o)
 .debug_ranges  0x0000000000000030       0x10 /usr/lib/gcc/arm-none-eabi/4.8.2/../../../arm-none-eabi/lib/armv7-m/libc.a(lib_a-memset.o)
 .debug_ranges  0x0000000000000040       0x10 /usr/lib/gcc/arm-none-eabi/4.8.2/../../../arm-none-eabi/lib/armv7-m/libc.a(lib_a-__atexit.o)
 .debug_ranges  0x0000000000000050       0x38 /usr/lib/gcc/arm-none-eabi/4.8.2/../../../arm-none-eabi/lib/armv7-m/libc.a(lib_a-__call_atexit.o)
 .debug_ranges  0x0000000000000088      0x298 bluetooth_rxtx.o
 .debug_ranges  0x0000000000000320       0x50 bluetooth.o
 .debug_ranges  0x0000000000000370       0x38 bluetooth_le.o
 .debug_ranges  0x00000000000003a8       0x50 ubertooth_usb.o
 .debug_ranges  0x00000000000003f8       0x28 ubertooth_rssi.o
 .debug_ranges  0x0000000000000420       0x28 ubertooth_cs.o
 .debug_ranges  0x0000000000000448       0x20 ubertooth_clock.o
 .debug_ranges  0x0000000000000468       0x30 ubertooth_dma.o
 .debug_ranges  0x0000000000000498       0x20 cc2400_rangetest.o
 .debug_ranges  0x00000000000004b8       0xd0 ego.o
 .debug_ranges  0x0000000000000588       0x78 ../common/usb_serial.o
 .debug_ranges  0x0000000000000600       0x10 ../common/LPC17xx_Startup.o
 .debug_ranges  0x0000000000000610       0x10 ../common/LPC17xx_Interrupts.o
 .debug_ranges  0x0000000000000620      0x130 ../common/ubertooth.o
 .debug_ranges  0x0000000000000750       0x40 ../common/lpcusb/target/usbcontrol.o
 .debug_ranges  0x0000000000000790       0x18 ../common/lpcusb/target/usbinit.o
 .debug_ranges  0x00000000000007a8       0xe0 ../common/lpcusb/target/usbhw_lpc.o
 .debug_ranges  0x0000000000000888       0x88 ../common/lpcusb/target/usbstdreq.o
 .debug_ranges  0x0000000000000910       0x18 /usr/lib/gcc/arm-none-eabi/4.8.2/../../../arm-none-eabi/lib/armv7-m/libc.a(lib_a-malloc.o)
 .debug_ranges  0x0000000000000928       0x38 /usr/lib/gcc/arm-none-eabi/4.8.2/../../../arm-none-eabi/lib/armv7-m/libc.a(lib_a-mallocr.o)
 .debug_ranges  0x0000000000000960       0x10 /usr/lib/gcc/arm-none-eabi/4.8.2/../../../arm-none-eabi/lib/armv7-m/libc.a(lib_a-memcmp.o)
 .debug_ranges  0x0000000000000970       0x18 /usr/lib/gcc/arm-none-eabi/4.8.2/../../../arm-none-eabi/lib/armv7-m/libc.a(lib_a-mlock.o)
 .debug_ranges  0x0000000000000988       0x10 /usr/lib/gcc/arm-none-eabi/4.8.2/../../../arm-none-eabi/lib/armv7-m/libc.a(lib_a-sbrkr.o)
 .debug_ranges  0x0000000000000998       0x10 /usr/lib/gcc/arm-none-eabi/4.8.2/../../../arm-none-eabi/lib/armv7-m/libc.a(lib_a-strlen.o)
 .debug_ranges  0x00000000000009a8       0x18 /usr/lib/gcc/arm-none-eabi/4.8.2/../../../arm-none-eabi/lib/armv7-m/libc.a(lib_a-freer.o)
 .debug_ranges  0x00000000000009c0       0x30 /usr/lib/gcc/arm-none-eabi/4.8.2/../../../arm-none-eabi/lib/armv7-m/libc.a(lib_a-reent.o)
 .debug_ranges  0x00000000000009f0       0x10 /usr/lib/gcc/arm-none-eabi/4.8.2/../../../arm-none-eabi/lib/armv7-m/libnosys.a(sbrk.o)

.debug_line     0x0000000000000000     0x4157
 .debug_line    0x0000000000000000       0xa6 /usr/lib/gcc/arm-none-eabi/4.8.2/../../../arm-none-eabi/lib/armv7-m/libc.a(lib_a-atexit.o)
 .debug_line    0x00000000000000a6       0x9c /usr/lib/gcc/arm-none-eabi/4.8.2/../../../arm-none-eabi/lib/armv7-m/libc.a(lib_a-fini.o)
 .debug_line    0x0000000000000142       0xd6 /usr/lib/gcc/arm-none-eabi/4.8.2/../../../arm-none-eabi/lib/armv7-m/libc.a(lib_a-impure.o)
 .debug_line    0x0000000000000218       0xb5 /usr/lib/gcc/arm-none-eabi/4.8.2/../../../arm-none-eabi/lib/armv7-m/libc.a(lib_a-init.o)
 .debug_line    0x00000000000002cd       0xff /usr/lib/gcc/arm-none-eabi/4.8.2/../../../arm-none-eabi/lib/armv7-m/libc.a(lib_a-memset.o)
 .debug_line    0x00000000000003cc      0x160 /usr/lib/gcc/arm-none-eabi/4.8.2/../../../arm-none-eabi/lib/armv7-m/libc.a(lib_a-__atexit.o)
 .debug_line    0x000000000000052c      0x19a /usr/lib/gcc/arm-none-eabi/4.8.2/../../../arm-none-eabi/lib/armv7-m/libc.a(lib_a-__call_atexit.o)
 .debug_line    0x00000000000006c6     0x113b bluetooth_rxtx.o
 .debug_line    0x0000000000001801      0x1b8 bluetooth.o
 .debug_line    0x00000000000019b9      0x149 bluetooth_le.o
 .debug_line    0x0000000000001b02      0x237 ubertooth_usb.o
 .debug_line    0x0000000000001d39       0xfe ubertooth_rssi.o
 .debug_line    0x0000000000001e37       0xfd ubertooth_cs.o
 .debug_line    0x0000000000001f34       0xbe ubertooth_clock.o
 .debug_line    0x0000000000001ff2      0x134 ubertooth_dma.o
 .debug_line    0x0000000000002126      0x23d cc2400_rangetest.o
 .debug_line    0x0000000000002363      0x2af ego.o
 .debug_line    0x0000000000002612      0x203 ../common/usb_serial.o
 .debug_line    0x0000000000002815       0x96 ../common/LPC17xx_Startup.o
 .debug_line    0x00000000000028ab       0x4e ../common/LPC17xx_Interrupts.o
 .debug_line    0x00000000000028f9      0x476 ../common/ubertooth.o
 .debug_line    0x0000000000002d6f       0xf3 ../common/lpcusb/target/usbcontrol.o
 .debug_line    0x0000000000002e62       0xa0 ../common/lpcusb/target/usbinit.o
 .debug_line    0x0000000000002f02      0x357 ../common/lpcusb/target/usbhw_lpc.o
 .debug_line    0x0000000000003259      0x1af ../common/lpcusb/target/usbstdreq.o
 .debug_line    0x0000000000003408       0x6f /usr/lib/gcc/arm-none-eabi/4.8.2/armv7-m/libgcc.a(_ashldi3.o)
 .debug_line    0x0000000000003477      0x138 /usr/lib/gcc/arm-none-eabi/4.8.2/../../../arm-none-eabi/lib/armv7-m/libc.a(lib_a-malloc.o)
 .debug_line    0x00000000000035af      0x325 /usr/lib/gcc/arm-none-eabi/4.8.2/../../../arm-none-eabi/lib/armv7-m/libc.a(lib_a-mallocr.o)
 .debug_line    0x00000000000038d4       0xf6 /usr/lib/gcc/arm-none-eabi/4.8.2/../../../arm-none-eabi/lib/armv7-m/libc.a(lib_a-memcmp.o)
 .debug_line    0x00000000000039ca       0xbb /usr/lib/gcc/arm-none-eabi/4.8.2/../../../arm-none-eabi/lib/armv7-m/libc.a(lib_a-memcpy.o)
 .debug_line    0x0000000000003a85       0xf4 /usr/lib/gcc/arm-none-eabi/4.8.2/../../../arm-none-eabi/lib/armv7-m/libc.a(lib_a-mlock.o)
 .debug_line    0x0000000000003b79      0x12c /usr/lib/gcc/arm-none-eabi/4.8.2/../../../arm-none-eabi/lib/armv7-m/libc.a(lib_a-sbrkr.o)
 .debug_line    0x0000000000003ca5       0xd7 /usr/lib/gcc/arm-none-eabi/4.8.2/../../../arm-none-eabi/lib/armv7-m/libc.a(lib_a-strlen.o)
 .debug_line    0x0000000000003d7c      0x221 /usr/lib/gcc/arm-none-eabi/4.8.2/../../../arm-none-eabi/lib/armv7-m/libc.a(lib_a-freer.o)
 .debug_line    0x0000000000003f9d      0x162 /usr/lib/gcc/arm-none-eabi/4.8.2/../../../arm-none-eabi/lib/armv7-m/libc.a(lib_a-reent.o)
 .debug_line    0x00000000000040ff       0x58 /usr/lib/gcc/arm-none-eabi/4.8.2/../../../arm-none-eabi/lib/armv7-m/libnosys.a(sbrk.o)

.debug_str      0x0000000000000000     0x3473
 .debug_str     0x0000000000000000      0x199 /usr/lib/gcc/arm-none-eabi/4.8.2/../../../arm-none-eabi/lib/armv7-m/libc.a(lib_a-atexit.o)
                                        0x1d9 (size before relaxing)
 .debug_str     0x0000000000000199       0xaf /usr/lib/gcc/arm-none-eabi/4.8.2/../../../arm-none-eabi/lib/armv7-m/libc.a(lib_a-fini.o)
                                        0x1d1 (size before relaxing)
 .debug_str     0x0000000000000248      0x3ea /usr/lib/gcc/arm-none-eabi/4.8.2/../../../arm-none-eabi/lib/armv7-m/libc.a(lib_a-impure.o)
                                        0x56d (size before relaxing)
 .debug_str     0x0000000000000632       0x8a /usr/lib/gcc/arm-none-eabi/4.8.2/../../../arm-none-eabi/lib/armv7-m/libc.a(lib_a-init.o)
                                        0x1fb (size before relaxing)
 .debug_str     0x00000000000006bc       0x93 /usr/lib/gcc/arm-none-eabi/4.8.2/../../../arm-none-eabi/lib/armv7-m/libc.a(lib_a-memset.o)
                                        0x1b0 (size before relaxing)
 .debug_str     0x000000000000074f       0x30 /usr/lib/gcc/arm-none-eabi/4.8.2/../../../arm-none-eabi/lib/armv7-m/libc.a(lib_a-__atexit.o)
                                        0x5b5 (size before relaxing)
 .debug_str     0x000000000000077f       0x7c /usr/lib/gcc/arm-none-eabi/4.8.2/../../../arm-none-eabi/lib/armv7-m/libc.a(lib_a-__call_atexit.o)
                                        0x5cd (size before relaxing)
 .debug_str     0x00000000000007fb     0x1731 bluetooth_rxtx.o
                                       0x1933 (size before relaxing)
 .debug_str     0x0000000000001f2c       0x98 bluetooth.o
                                        0x2d9 (size before relaxing)
 .debug_str     0x0000000000001fc4       0x52 bluetooth_le.o
                                        0x43f (size before relaxing)
 .debug_str     0x0000000000002016      0x19d ubertooth_usb.o
                                        0x4e7 (size before relaxing)
 .debug_str     0x00000000000021b3       0x30 ubertooth_rssi.o
                                        0x271 (size before relaxing)
 .debug_str     0x00000000000021e3       0x69 ubertooth_cs.o
                                        0x305 (size before relaxing)
 .debug_str     0x000000000000224c       0x12 ubertooth_clock.o
                                        0x270 (size before relaxing)
 .debug_str     0x000000000000225e       0x60 ubertooth_dma.o
                                        0x28c (size before relaxing)
 .debug_str     0x00000000000022be       0x58 cc2400_rangetest.o
                                        0x327 (size before relaxing)
 .debug_str     0x0000000000002316      0x1d4 ego.o
                                        0x65c (size before relaxing)
 .debug_str     0x00000000000024ea      0x216 ../common/usb_serial.o
                                        0x4d2 (size before relaxing)
 .debug_str     0x0000000000002700       0x9b ../common/LPC17xx_Startup.o
                                        0x225 (size before relaxing)
 .debug_str     0x000000000000279b       0x51 ../common/LPC17xx_Interrupts.o
                                        0x187 (size before relaxing)
 .debug_str     0x00000000000027ec       0xe7 ../common/ubertooth.o
                                        0x3bd (size before relaxing)
 .debug_str     0x00000000000028d3       0xdf ../common/lpcusb/target/usbcontrol.o
                                        0x2ef (size before relaxing)
 .debug_str     0x00000000000029b2       0x56 ../common/lpcusb/target/usbinit.o
                                        0x283 (size before relaxing)
 .debug_str     0x0000000000002a08      0x305 ../common/lpcusb/target/usbhw_lpc.o
                                        0x5cd (size before relaxing)
 .debug_str     0x0000000000002d0d      0x262 ../common/lpcusb/target/usbstdreq.o
                                        0x4d1 (size before relaxing)
 .debug_str     0x0000000000002f6f       0x4c /usr/lib/gcc/arm-none-eabi/4.8.2/../../../arm-none-eabi/lib/armv7-m/libc.a(lib_a-malloc.o)
                                        0x581 (size before relaxing)
 .debug_str     0x0000000000002fbb      0x216 /usr/lib/gcc/arm-none-eabi/4.8.2/../../../arm-none-eabi/lib/armv7-m/libc.a(lib_a-mallocr.o)
                                        0x77c (size before relaxing)
 .debug_str     0x00000000000031d1       0x2e /usr/lib/gcc/arm-none-eabi/4.8.2/../../../arm-none-eabi/lib/armv7-m/libc.a(lib_a-memcmp.o)
                                        0x19c (size before relaxing)
 .debug_str     0x00000000000031ff       0x42 /usr/lib/gcc/arm-none-eabi/4.8.2/../../../arm-none-eabi/lib/armv7-m/libc.a(lib_a-mlock.o)
                                        0x576 (size before relaxing)
 .debug_str     0x0000000000003241       0x37 /usr/lib/gcc/arm-none-eabi/4.8.2/../../../arm-none-eabi/lib/armv7-m/libc.a(lib_a-sbrkr.o)
                                        0x564 (size before relaxing)
 .debug_str     0x0000000000003278       0x85 /usr/lib/gcc/arm-none-eabi/4.8.2/../../../arm-none-eabi/lib/armv7-m/libc.a(lib_a-strlen.o)
                                        0x1a9 (size before relaxing)
 .debug_str     0x00000000000032fd       0x34 /usr/lib/gcc/arm-none-eabi/4.8.2/../../../arm-none-eabi/lib/armv7-m/libc.a(lib_a-freer.o)
                                        0x6c6 (size before relaxing)
 .debug_str     0x0000000000003331       0x58 /usr/lib/gcc/arm-none-eabi/4.8.2/../../../arm-none-eabi/lib/armv7-m/libc.a(lib_a-reent.o)
                                        0x58c (size before relaxing)
 .debug_str     0x0000000000003389       0xea /usr/lib/gcc/arm-none-eabi/4.8.2/../../../arm-none-eabi/lib/armv7-m/libnosys.a(sbrk.o)
                                        0x103 (size before relaxing)

.debug_frame    0x0000000000000000     0x16c4
 .debug_frame   0x0000000000000000       0x20 /usr/lib/gcc/arm-none-eabi/4.8.2/../../../arm-none-eabi/lib/armv7-m/libc.a(lib_a-atexit.o)
 .debug_frame   0x0000000000000020       0x2c /usr/lib/gcc/arm-none-eabi/4.8.2/../../../arm-none-eabi/lib/armv7-m/libc.a(lib_a-fini.o)
 .debug_frame   0x000000000000004c       0x2c /usr/lib/gcc/arm-none-eabi/4.8.2/../../../arm-none-eabi/lib/armv7-m/libc.a(lib_a-init.o)
 .debug_frame   0x0000000000000078       0x2c /usr/lib/gcc/arm-none-eabi/4.8.2/../../../arm-none-eabi/lib/armv7-m/libc.a(lib_a-memset.o)
 .debug_frame   0x00000000000000a4       0x30 /usr/lib/gcc/arm-none-eabi/4.8.2/../../../arm-none-eabi/lib/armv7-m/libc.a(lib_a-__atexit.o)
 .debug_frame   0x00000000000000d4       0x48 /usr/lib/gcc/arm-none-eabi/4.8.2/../../../arm-none-eabi/lib/armv7-m/libc.a(lib_a-__call_atexit.o)
 .debug_frame   0x000000000000011c      0x5c8 bluetooth_rxtx.o
 .debug_frame   0x00000000000006e4       0x90 bluetooth.o
 .debug_frame   0x0000000000000774       0xac bluetooth_le.o
 .debug_frame   0x0000000000000820       0xf8 ubertooth_usb.o
 .debug_frame   0x0000000000000918       0x68 ubertooth_rssi.o
 .debug_frame   0x0000000000000980       0x6c ubertooth_cs.o
 .debug_frame   0x00000000000009ec       0x4c ubertooth_clock.o
 .debug_frame   0x0000000000000a38       0x78 ubertooth_dma.o
 .debug_frame   0x0000000000000ab0       0x8c cc2400_rangetest.o
 .debug_frame   0x0000000000000b3c      0x190 ego.o
 .debug_frame   0x0000000000000ccc      0x130 ../common/usb_serial.o
 .debug_frame   0x0000000000000dfc       0x2c ../common/LPC17xx_Startup.o
 .debug_frame   0x0000000000000e28       0x20 ../common/LPC17xx_Interrupts.o
 .debug_frame   0x0000000000000e48      0x304 ../common/ubertooth.o
 .debug_frame   0x000000000000114c       0x84 ../common/lpcusb/target/usbcontrol.o
 .debug_frame   0x00000000000011d0       0x3c ../common/lpcusb/target/usbinit.o
 .debug_frame   0x000000000000120c      0x220 ../common/lpcusb/target/usbhw_lpc.o
 .debug_frame   0x000000000000142c       0xcc ../common/lpcusb/target/usbstdreq.o
 .debug_frame   0x00000000000014f8       0x30 /usr/lib/gcc/arm-none-eabi/4.8.2/../../../arm-none-eabi/lib/armv7-m/libc.a(lib_a-malloc.o)
 .debug_frame   0x0000000000001528       0x38 /usr/lib/gcc/arm-none-eabi/4.8.2/../../../arm-none-eabi/lib/armv7-m/libc.a(lib_a-mallocr.o)
 .debug_frame   0x0000000000001560       0x2c /usr/lib/gcc/arm-none-eabi/4.8.2/../../../arm-none-eabi/lib/armv7-m/libc.a(lib_a-memcmp.o)
 .debug_frame   0x000000000000158c       0x30 /usr/lib/gcc/arm-none-eabi/4.8.2/../../../arm-none-eabi/lib/armv7-m/libc.a(lib_a-mlock.o)
 .debug_frame   0x00000000000015bc       0x2c /usr/lib/gcc/arm-none-eabi/4.8.2/../../../arm-none-eabi/lib/armv7-m/libc.a(lib_a-sbrkr.o)
 .debug_frame   0x00000000000015e8       0x20 /usr/lib/gcc/arm-none-eabi/4.8.2/../../../arm-none-eabi/lib/armv7-m/libc.a(lib_a-strlen.o)
 .debug_frame   0x0000000000001608       0x54 /usr/lib/gcc/arm-none-eabi/4.8.2/../../../arm-none-eabi/lib/armv7-m/libc.a(lib_a-freer.o)
 .debug_frame   0x000000000000165c       0x48 /usr/lib/gcc/arm-none-eabi/4.8.2/../../../arm-none-eabi/lib/armv7-m/libc.a(lib_a-reent.o)
 .debug_frame   0x00000000000016a4       0x20 /usr/lib/gcc/arm-none-eabi/4.8.2/../../../arm-none-eabi/lib/armv7-m/libnosys.a(sbrk.o)
