Archive member included because of file (symbol)

/usr/lib/gcc/arm-none-eabi/4.8.2/../../../arm-none-eabi/lib/armv7-m/libc.a(lib_a-atexit.o)
                              /usr/lib/gcc/arm-none-eabi/4.8.2/../../../arm-none-eabi/lib/armv7-m/crt0.o (atexit)
/usr/lib/gcc/arm-none-eabi/4.8.2/../../../arm-none-eabi/lib/armv7-m/libc.a(lib_a-exit.o)
                              /usr/lib/gcc/arm-none-eabi/4.8.2/../../../arm-none-eabi/lib/armv7-m/crt0.o (exit)
/usr/lib/gcc/arm-none-eabi/4.8.2/../../../arm-none-eabi/lib/armv7-m/libc.a(lib_a-fini.o)
                              /usr/lib/gcc/arm-none-eabi/4.8.2/../../../arm-none-eabi/lib/armv7-m/crt0.o (__libc_fini_array)
/usr/lib/gcc/arm-none-eabi/4.8.2/../../../arm-none-eabi/lib/armv7-m/libc.a(lib_a-impure.o)
                              /usr/lib/gcc/arm-none-eabi/4.8.2/../../../arm-none-eabi/lib/armv7-m/libc.a(lib_a-exit.o) (_global_impure_ptr)
/usr/lib/gcc/arm-none-eabi/4.8.2/../../../arm-none-eabi/lib/armv7-m/libc.a(lib_a-init.o)
                              /usr/lib/gcc/arm-none-eabi/4.8.2/../../../arm-none-eabi/lib/armv7-m/crt0.o (__libc_init_array)
/usr/lib/gcc/arm-none-eabi/4.8.2/../../../arm-none-eabi/lib/armv7-m/libc.a(lib_a-memset.o)
                              /usr/lib/gcc/arm-none-eabi/4.8.2/../../../arm-none-eabi/lib/armv7-m/crt0.o (memset)
/usr/lib/gcc/arm-none-eabi/4.8.2/../../../arm-none-eabi/lib/armv7-m/libc.a(lib_a-__atexit.o)
                              /usr/lib/gcc/arm-none-eabi/4.8.2/../../../arm-none-eabi/lib/armv7-m/libc.a(lib_a-atexit.o) (__register_exitproc)
/usr/lib/gcc/arm-none-eabi/4.8.2/../../../arm-none-eabi/lib/armv7-m/libc.a(lib_a-__call_atexit.o)
                              /usr/lib/gcc/arm-none-eabi/4.8.2/../../../arm-none-eabi/lib/armv7-m/libc.a(lib_a-exit.o) (__call_exitprocs)
/usr/lib/gcc/arm-none-eabi/4.8.2/armv7-m/libgcc.a(_ashldi3.o)
                              bluetooth_rxtx.o (__aeabi_llsl)
/usr/lib/gcc/arm-none-eabi/4.8.2/armv7-m/libgcc.a(_arm_addsubdf3.o)
                              bluetooth_rxtx.o (__aeabi_dadd)
/usr/lib/gcc/arm-none-eabi/4.8.2/armv7-m/libgcc.a(_arm_fixunsdfsi.o)
                              bluetooth_rxtx.o (__aeabi_d2uiz)
/usr/lib/gcc/arm-none-eabi/4.8.2/../../../arm-none-eabi/lib/armv7-m/libc.a(lib_a-malloc.o)
                              bluetooth_rxtx.o (malloc)
/usr/lib/gcc/arm-none-eabi/4.8.2/../../../arm-none-eabi/lib/armv7-m/libc.a(lib_a-mallocr.o)
                              /usr/lib/gcc/arm-none-eabi/4.8.2/../../../arm-none-eabi/lib/armv7-m/libc.a(lib_a-malloc.o) (_malloc_r)
/usr/lib/gcc/arm-none-eabi/4.8.2/../../../arm-none-eabi/lib/armv7-m/libc.a(lib_a-memcmp.o)
                              bluetooth_rxtx.o (memcmp)
/usr/lib/gcc/arm-none-eabi/4.8.2/../../../arm-none-eabi/lib/armv7-m/libc.a(lib_a-memcpy.o)
                              bluetooth_rxtx.o (memcpy)
/usr/lib/gcc/arm-none-eabi/4.8.2/../../../arm-none-eabi/lib/armv7-m/libc.a(lib_a-mlock.o)
                              /usr/lib/gcc/arm-none-eabi/4.8.2/../../../arm-none-eabi/lib/armv7-m/libc.a(lib_a-mallocr.o) (__malloc_lock)
/usr/lib/gcc/arm-none-eabi/4.8.2/../../../arm-none-eabi/lib/armv7-m/libc.a(lib_a-sbrkr.o)
                              /usr/lib/gcc/arm-none-eabi/4.8.2/../../../arm-none-eabi/lib/armv7-m/libc.a(lib_a-mallocr.o) (_sbrk_r)
/usr/lib/gcc/arm-none-eabi/4.8.2/../../../arm-none-eabi/lib/armv7-m/libc.a(lib_a-strlen.o)
                              bluetooth_rxtx.o (strlen)
/usr/lib/gcc/arm-none-eabi/4.8.2/../../../arm-none-eabi/lib/armv7-m/libc.a(lib_a-freer.o)
                              /usr/lib/gcc/arm-none-eabi/4.8.2/../../../arm-none-eabi/lib/armv7-m/libc.a(lib_a-malloc.o) (_free_r)
/usr/lib/gcc/arm-none-eabi/4.8.2/../../../arm-none-eabi/lib/armv7-m/libc.a(lib_a-reent.o)
                              /usr/lib/gcc/arm-none-eabi/4.8.2/../../../arm-none-eabi/lib/armv7-m/libc.a(lib_a-sbrkr.o) (errno)
/usr/lib/gcc/arm-none-eabi/4.8.2/../../../arm-none-eabi/lib/armv7-m/libnosys.a(sbrk.o)
                              /usr/lib/gcc/arm-none-eabi/4.8.2/../../../arm-none-eabi/lib/armv7-m/libc.a(lib_a-sbrkr.o) (_sbrk)
/usr/lib/gcc/arm-none-eabi/4.8.2/../../../arm-none-eabi/lib/armv7-m/libnosys.a(_exit.o)
                              /usr/lib/gcc/arm-none-eabi/4.8.2/../../../arm-none-eabi/lib/armv7-m/libc.a(lib_a-exit.o) (_exit)

Allocating common symbols
Common symbol       size              file

last_hop            0x4               bluetooth_rxtx.o
b                   0x1               bluetooth.o
rx_tc               0x4               bluetooth_rxtx.o
rssi_max            0x1               bluetooth_rxtx.o
used_channels       0x1               bluetooth_rxtx.o
le_dma_lli          0xb0              ubertooth_dma.o
rssi_min            0x1               bluetooth_rxtx.o
errno               0x4               /usr/lib/gcc/arm-none-eabi/4.8.2/../../../arm-none-eabi/lib/armv7-m/libc.a(lib_a-reent.o)
afh_map             0xa               bluetooth_rxtx.o
d1                  0x2               bluetooth.o
[...]
Memory Configuration

Name             Origin             Length             Attributes
rom              0x0000000000004000 0x000000000001c000 xr
ram              0x0000000010000000 0x0000000000004000 xrw
*default*        0x0000000000000000 0xffffffffffffffff

Linker script and memory map

LOAD /usr/lib/gcc/arm-none-eabi/4.8.2/armv7-m/crti.o
LOAD /usr/lib/gcc/arm-none-eabi/4.8.2/armv7-m/crtbegin.o
LOAD /usr/lib/gcc/arm-none-eabi/4.8.2/../../../arm-none-eabi/lib/armv7-m/crt0.o
START GROUP
LOAD /usr/lib/gcc/arm-none-eabi/4.8.2/../../../arm-none-eabi/lib/armv7-m/libc.a
LOAD /usr/lib/gcc/arm-none-eabi/4.8.2/../../../arm-none-eabi/lib/armv7-m/libg.a
LOAD /usr/lib/gcc/arm-none-eabi/4.8.2/armv7-m/libgcc.a
LOAD /usr/lib/gcc/arm-none-eabi/4.8.2/../../../arm-none-eabi/lib/armv7-m/libm.a
END GROUP
LOAD bluetooth_rxtx.o
LOAD bluetooth.o
LOAD bluetooth_le.o
LOAD ubertooth_usb.o
LOAD ubertooth_rssi.o
LOAD ubertooth_cs.o
LOAD ubertooth_clock.o
LOAD ubertooth_dma.o
LOAD cc2400_rangetest.o
LOAD ego.o
LOAD ../common/usb_serial.o
LOAD ../common/serial_fifo.o
LOAD ../common/LPC17xx_Startup.o
LOAD ../common/LPC17xx_Interrupts.o
LOAD ../common/ubertooth.o
LOAD ../common/lpcusb/target/usbcontrol.o
LOAD ../common/lpcusb/target/usbinit.o
LOAD ../common/lpcusb/target/usbhw_lpc.o
LOAD ../common/lpcusb/target/usbstdreq.o
START GROUP
LOAD /usr/lib/gcc/arm-none-eabi/4.8.2/armv7-m/libgcc.a
LOAD /usr/lib/gcc/arm-none-eabi/4.8.2/../../../arm-none-eabi/lib/armv7-m/libc.a
END GROUP
LOAD /usr/lib/gcc/arm-none-eabi/4.8.2/armv7-m/crtend.o
LOAD /usr/lib/gcc/arm-none-eabi/4.8.2/armv7-m/crtn.o
START GROUP
LOAD /usr/lib/gcc/arm-none-eabi/4.8.2/armv7-m/libgcc.a
LOAD /usr/lib/gcc/arm-none-eabi/4.8.2/../../../arm-none-eabi/lib/armv7-m/libc.a
LOAD /usr/lib/gcc/arm-none-eabi/4.8.2/../../../arm-none-eabi/lib/armv7-m/libm.a
LOAD /usr/lib/gcc/arm-none-eabi/4.8.2/../../../arm-none-eabi/lib/armv7-m/libnosys.a
END GROUP

.text           0x0000000000004000     0x6bd8
                0x0000000000004000                . = ALIGN (0x400)
                0x0000000000004000                _interrupt_vector_table = .
 *(.irq_handler_table)
 .irq_handler_table
                0x0000000000004000       0xcc ../common/LPC17xx_Interrupts.o
                0x0000000000004000                _NVIC_Handler_Functions
 *(.text .text.* .gnu.linkonce.t.*)
 .text          0x00000000000040cc       0xc8 /usr/lib/gcc/arm-none-eabi/4.8.2/armv7-m/crtbegin.o
 .text.atexit   0x0000000000004194        0xc /usr/lib/gcc/arm-none-eabi/4.8.2/../../../arm-none-eabi/lib/armv7-m/libc.a(lib_a-atexit.o)
                0x0000000000004194                atexit
 .text.__libc_fini_array
                0x00000000000041a0       0x34 /usr/lib/gcc/arm-none-eabi/4.8.2/../../../arm-none-eabi/lib/armv7-m/libc.a(lib_a-fini.o)
                0x00000000000041a0                __libc_fini_array
 .text.__libc_init_array
                0x00000000000041d4       0x5c /usr/lib/gcc/arm-none-eabi/4.8.2/../../../arm-none-eabi/lib/armv7-m/libc.a(lib_a-init.o)
                0x00000000000041d4                __libc_init_array
 .text.memset   0x0000000000004230       0x94 /usr/lib/gcc/arm-none-eabi/4.8.2/../../../arm-none-eabi/lib/armv7-m/libc.a(lib_a-memset.o)
                0x0000000000004230                memset
 .text.__register_exitproc
                0x00000000000042c4       0xac /usr/lib/gcc/arm-none-eabi/4.8.2/../../../arm-none-eabi/lib/armv7-m/libc.a(lib_a-__atexit.o)
                0x00000000000042c4                __register_exitproc
 .text.startup.register_fini
                0x0000000000004370       0x18 /usr/lib/gcc/arm-none-eabi/4.8.2/../../../arm-none-eabi/lib/armv7-m/libc.a(lib_a-__call_atexit.o)
 .text.reverse8
                0x0000000000004388       0x22 bluetooth_rxtx.o
 *fill*         0x00000000000043aa        0x2 
 .text.cc2400_rx
                0x00000000000043ac       0xa4 bluetooth_rxtx.o
 .text.cc2400_rx_sync
                0x0000000000004450       0xb8 bluetooth_rxtx.o
 .text.enqueue  0x0000000000004508       0x9c bluetooth_rxtx.o
 .text.le_set_access_address
                0x00000000000045a4       0x18 bluetooth_rxtx.o
 .text.cc2400_idle
                0x00000000000045bc       0xac bluetooth_rxtx.o
 .text.cb_follow_le
                0x0000000000004668      0x104 bluetooth_rxtx.o
                0x0000000000004668                cb_follow_le
 .text.connection_follow_cb
                0x000000000000476c      0x170 bluetooth_rxtx.o
                0x000000000000476c                connection_follow_cb
 .text.vendor_request_handler
                0x00000000000048dc      0x67c bluetooth_rxtx.o
 .text.enqueue_time
                0x0000000000004f58       0x28 bluetooth_rxtx.o
 .text.msleep.constprop.3
                0x0000000000004f80       0x1c bluetooth_rxtx.o
 .text.enqueue_with_ts
                0x0000000000004f9c       0x58 bluetooth_rxtx.o
                0x0000000000004f9c                enqueue_with_ts
 .text.TIMER0_IRQHandler
                0x0000000000004ff4      0x140 bluetooth_rxtx.o
                0x0000000000004ff4                TIMER0_IRQHandler
 .text.EINT3_IRQHandler
                0x0000000000005134       0x34 bluetooth_rxtx.o
                0x0000000000005134                EINT3_IRQHandler
 .text.DMA_IRQHandler
                0x0000000000005168       0xf0 bluetooth_rxtx.o
                0x0000000000005168                DMA_IRQHandler
 .text.le_transmit
                0x0000000000005258      0x1a8 bluetooth_rxtx.o
                0x0000000000005258                le_transmit
 .text.le_jam   0x0000000000005400       0x78 bluetooth_rxtx.o
                0x0000000000005400                le_jam
 .text.hop      0x0000000000005478      0x1a0 bluetooth_rxtx.o
                0x0000000000005478                hop
 .text.bt_stream_rx
                0x0000000000005618      0x15c bluetooth_rxtx.o
                0x0000000000005618                bt_stream_rx
 .text.br_transmit
                0x0000000000005774      0x280 bluetooth_rxtx.o
                0x0000000000005774                br_transmit
 .text.reset_le
                0x00000000000059f4       0x54 bluetooth_rxtx.o
                0x00000000000059f4                reset_le
 .text.reset_le_promisc
                0x0000000000005a48       0x20 bluetooth_rxtx.o
                0x0000000000005a48                reset_le_promisc
 .text.bt_generic_le
                0x0000000000005a68      0x1e4 bluetooth_rxtx.o
                0x0000000000005a68                bt_generic_le
 .text.bt_le_sync_rssi
                0x0000000000005c4c      0x23c bluetooth_rxtx.o
                0x0000000000005c4c                bt_le_sync_rssi
 .text.bt_le_sync
                0x0000000000005e88      0x428 bluetooth_rxtx.o
                0x0000000000005e88                bt_le_sync
 .text.bt_le_sync_cfo
                0x00000000000062b0      0x424 bluetooth_rxtx.o
                0x00000000000062b0                bt_le_sync_cfo
 .text.bt_follow_le
                0x00000000000066d4       0x20 bluetooth_rxtx.o
                0x00000000000066d4                bt_follow_le
 .text.bt_tracking_le
                0x00000000000066f4       0x34 bluetooth_rxtx.o
                0x00000000000066f4                bt_tracking_le
 .text.le_promisc_state
                0x0000000000006728       0x36 bluetooth_rxtx.o
                0x0000000000006728                le_promisc_state
 *fill*         0x000000000000675e        0x2 
 .text.promisc_recover_hop_increment
                0x0000000000006760       0xe0 bluetooth_rxtx.o
                0x0000000000006760                promisc_recover_hop_increment
 .text.promisc_recover_hop_interval
                0x0000000000006840       0xb4 bluetooth_rxtx.o
                0x0000000000006840                promisc_recover_hop_interval
 .text.promisc_follow_cb
                0x00000000000068f4       0x74 bluetooth_rxtx.o
                0x00000000000068f4                promisc_follow_cb
 .text.see_aa   0x0000000000006968       0x5c bluetooth_rxtx.o
                0x0000000000006968                see_aa
 .text.cb_le_promisc
                0x00000000000069c4      0x1a0 bluetooth_rxtx.o
                0x00000000000069c4                cb_le_promisc
 .text.bt_promisc_le
                0x0000000000006b64       0x70 bluetooth_rxtx.o
                0x0000000000006b64                bt_promisc_le
 *fill*         0x0000000000006bd4        0x4 
 .text.bt_slave_le
                0x0000000000006bd8      0x288 bluetooth_rxtx.o
                0x0000000000006bd8                bt_slave_le
 .text.rx_generic_sync
                0x0000000000006e60       0xa0 bluetooth_rxtx.o
                0x0000000000006e60                rx_generic_sync
 .text.rx_generic
                0x0000000000006f00       0x20 bluetooth_rxtx.o
                0x0000000000006f00                rx_generic
 .text.tx_generic
                0x0000000000006f20       0xf4 bluetooth_rxtx.o
                0x0000000000006f20                tx_generic
 .text.specan   0x0000000000007014      0x114 bluetooth_rxtx.o
                0x0000000000007014                specan
 .text.led_specan
                0x0000000000007128      0x130 bluetooth_rxtx.o
                0x0000000000007128                led_specan
 .text.startup.main
                0x0000000000007258      0x134 bluetooth_rxtx.o
                0x0000000000007258                main
 .text.precalc  0x000000000000738c      0x138 bluetooth.o
                0x000000000000738c                precalc
 .text.next_hop
                0x00000000000074c4      0x13c bluetooth.o
                0x00000000000074c4                next_hop
 .text.btle_channel_index
                0x0000000000007600       0x26 bluetooth_le.o
                0x0000000000007600                btle_channel_index
 .text.btle_channel_index_to_phys
                0x0000000000007626       0x30 bluetooth_le.o
                0x0000000000007626                btle_channel_index_to_phys
 .text.btle_next_hop
                0x0000000000007656       0x1e bluetooth_le.o
                0x0000000000007656                btle_next_hop
 .text.btle_calc_crc
                0x0000000000007674       0x38 bluetooth_le.o
                0x0000000000007674                btle_calc_crc
 .text.btle_reverse_crc
                0x00000000000076ac       0x52 bluetooth_le.o
                0x00000000000076ac                btle_reverse_crc
 *fill*         0x00000000000076fe        0x2 
 .text.btle_crcgen_lut
                0x0000000000007700       0x28 bluetooth_le.o
                0x0000000000007700                btle_crcgen_lut
 .text.usb_vendor_request_handler
                0x0000000000007728       0x2c ubertooth_usb.o
                0x0000000000007728                usb_vendor_request_handler
 .text.set_serial_descriptor
                0x0000000000007754       0x54 ubertooth_usb.o
                0x0000000000007754                set_serial_descriptor
 .text.ubertooth_usb_init
                0x00000000000077a8       0x4c ubertooth_usb.o
                0x00000000000077a8                ubertooth_usb_init
 .text.queue_init
                0x00000000000077f4       0x1c ubertooth_usb.o
                0x00000000000077f4                queue_init
 .text.usb_enqueue
                0x0000000000007810       0x34 ubertooth_usb.o
                0x0000000000007810                usb_enqueue
 .text.usb_enqueue_time
                0x0000000000007844       0x34 ubertooth_usb.o
                0x0000000000007844                usb_enqueue_time
 .text.dequeue  0x0000000000007878       0x2c ubertooth_usb.o
                0x0000000000007878                dequeue
 .text.dequeue_send
                0x00000000000078a4       0x48 ubertooth_usb.o
                0x00000000000078a4                dequeue_send
 .text.handle_usb
                0x00000000000078ec       0x28 ubertooth_usb.o
                0x00000000000078ec                handle_usb
 .text.rssi_reset
                0x0000000000007914       0x38 ubertooth_rssi.o
                0x0000000000007914                rssi_reset
 .text.rssi_add
                0x000000000000794c       0x40 ubertooth_rssi.o
                0x000000000000794c                rssi_add
 .text.rssi_iir_update
                0x000000000000798c       0x50 ubertooth_rssi.o
                0x000000000000798c                rssi_iir_update
 .text.rssi_get_avg
                0x00000000000079dc       0x28 ubertooth_rssi.o
                0x00000000000079dc                rssi_get_avg
 .text.cs_threshold_calc_and_set
                0x0000000000007a04       0x64 ubertooth_cs.o
                0x0000000000007a04                cs_threshold_calc_and_set
 .text.cs_trigger_enable
                0x0000000000007a68       0x2c ubertooth_cs.o
                0x0000000000007a68                cs_trigger_enable
 .text.cs_trigger_disable
                0x0000000000007a94       0x2c ubertooth_cs.o
                0x0000000000007a94                cs_trigger_disable
 .text.cs_reset
                0x0000000000007ac0       0x24 ubertooth_cs.o
                0x0000000000007ac0                cs_reset
 .text.clkn_stop
                0x0000000000007ae4       0x50 ubertooth_clock.o
                0x0000000000007ae4                clkn_stop
 .text.clkn_start
                0x0000000000007b34        0xc ubertooth_clock.o
                0x0000000000007b34                clkn_start
 .text.clkn_init
                0x0000000000007b40       0x28 ubertooth_clock.o
                0x0000000000007b40                clkn_init
 .text.dma_disable
                0x0000000000007b68       0x7c ubertooth_dma.o
 .text.dma_init
                0x0000000000007be4       0x7c ubertooth_dma.o
                0x0000000000007be4                dma_init
 .text.dma_init_le
                0x0000000000007c60       0x90 ubertooth_dma.o
                0x0000000000007c60                dma_init_le
 .text.dio_ssp_start
                0x0000000000007cf0       0x4c ubertooth_dma.o
                0x0000000000007cf0                dio_ssp_start
 .text.dio_ssp_stop
                0x0000000000007d3c       0x2c ubertooth_dma.o
                0x0000000000007d3c                dio_ssp_stop
 .text.cc2400_rangetest
                0x0000000000007d68      0x288 cc2400_rangetest.o
                0x0000000000007d68                cc2400_rangetest
 .text.cc2400_repeater
                0x0000000000007ff0      0x170 cc2400_rangetest.o
                0x0000000000007ff0                cc2400_repeater
 .text.cc2400_txtest
                0x0000000000008160       0x78 cc2400_rangetest.o
                0x0000000000008160                cc2400_txtest
 .text.ssp_stop
                0x00000000000081d8       0x1c ego.o
 .text.do_rx    0x00000000000081f4       0x20 ego.o
 .text.sleep_ms
                0x0000000000008214       0x2c ego.o
 .text.sleep_elapsed
                0x0000000000008240       0x38 ego.o
 .text.nop_state
                0x0000000000008278        0x2 ego.o
 *fill*         0x000000000000827a        0x2 
 .text.init_state
                0x000000000000827c       0x18 ego.o
 .text.continuous_init_state
                0x0000000000008294        0x6 ego.o
 *fill*         0x000000000000829a        0x2 
 .text.start_rf_state
                0x000000000000829c       0xb8 ego.o
 .text.start_jamming_state
                0x0000000000008354       0xa4 ego.o
 .text.sleep_state
                0x00000000000083f8       0x48 ego.o
 .text.jam_sleep_state
                0x0000000000008440       0x20 ego.o
 .text.jamming_state
                0x0000000000008460       0x60 ego.o
                0x0000000000008460                jamming_state
 .text.continuous_cap_state
                0x00000000000084c0       0x7c ego.o
 .text.jam_cap_state
                0x000000000000853c       0x64 ego.o
 .text.cap_state
                0x00000000000085a0       0x90 ego.o
 .text.ego_main
                0x0000000000008630       0x7c ego.o
                0x0000000000008630                ego_main
 .text.USB_IRQHandler
                0x00000000000086ac        0x4 ../common/usb_serial.o
                0x00000000000086ac                USB_IRQHandler
 .text.Reset_Handler
                0x00000000000086b0       0x54 ../common/LPC17xx_Startup.o
                0x00000000000086b0                Reset_Handler
 .text.Default_Handler
                0x0000000000008704        0x2 ../common/LPC17xx_Interrupts.o
                0x0000000000008704                TIMER2_IRQHandler
                0x0000000000008704                DebugMon_Handler
                0x0000000000008704                RIT_IRQHandler
                0x0000000000008704                I2C0_IRQHandler
                0x0000000000008704                HardFault_Handler
                0x0000000000008704                SysTick_Handler
                0x0000000000008704                PWM1_IRQHandler
                0x0000000000008704                PendSV_Handler
                0x0000000000008704                NMI_Handler
                0x0000000000008704                I2C1_IRQHandler
                0x0000000000008704                EINT2_IRQHandler
                0x0000000000008704                UART1_IRQHandler
                0x0000000000008704                TIMER3_IRQHandler
                0x0000000000008704                UART0_IRQHandler
                0x0000000000008704                MemManagement_Handler
                0x0000000000008704                UsageFault_Handler
                0x0000000000008704                PLL0_IRQHandler
                0x0000000000008704                CAN_IRQHandler
                0x0000000000008704                PLL1_IRQHandler
                0x0000000000008704                SSP0_IRQHandler
                0x0000000000008704                I2S_IRQHandler
                0x0000000000008704                I2C2_IRQHandler
                0x0000000000008704                RTC_IRQHandler
                0x0000000000008704                SPI_IRQHandler
                0x0000000000008704                EINT1_IRQHandler
                0x0000000000008704                TIMER1_IRQHandler
                0x0000000000008704                UART2_IRQHandler
                0x0000000000008704                ADC_IRQHandler
                0x0000000000008704                SSP1_IRQHandler
                0x0000000000008704                BOD_IRQHandler
                0x0000000000008704                WDT_IRQHandler
                0x0000000000008704                SVC_Handler
                0x0000000000008704                QEI_IRQHandler
                0x0000000000008704                EINT0_IRQHandler
                0x0000000000008704                USBACT_IRQHandler
                0x0000000000008704                CANACT_IRQHandler
                0x0000000000008704                BusFault_Handler
                0x0000000000008704                UART3_IRQHandler
                0x0000000000008704                MCPWM_IRQHandler
                0x0000000000008704                ENET_IRQHandler
 *fill*         0x0000000000008706        0x2 
 .text.spi_delay
                0x0000000000008708       0x18 ../common/ubertooth.o
 .text.rbit     0x0000000000008720        0x6 ../common/ubertooth.o
                0x0000000000008720                rbit
 *fill*         0x0000000000008726        0x2 
 .text.wait_us  0x0000000000008728       0x2c ../common/ubertooth.o
                0x0000000000008728                wait_us
 .text.wait     0x0000000000008754        0xc ../common/ubertooth.o
                0x0000000000008754                wait
 .text.all_pins_off
                0x0000000000008760       0x54 ../common/ubertooth.o
                0x0000000000008760                all_pins_off
 .text.gpio_init
                0x00000000000087b4       0x34 ../common/ubertooth.o
                0x00000000000087b4                gpio_init
 .text.dio_ssp_init
                0x00000000000087e8       0x54 ../common/ubertooth.o
                0x00000000000087e8                dio_ssp_init
 .text.atest_init
                0x000000000000883c       0x34 ../common/ubertooth.o
                0x000000000000883c                atest_init
 .text.cc2400_spi
                0x0000000000008870       0x50 ../common/ubertooth.o
                0x0000000000008870                cc2400_spi
 .text.cc2400_init
                0x00000000000088c0       0x38 ../common/ubertooth.o
                0x00000000000088c0                cc2400_init
 .text.cc2400_get
                0x00000000000088f8       0x12 ../common/ubertooth.o
                0x00000000000088f8                cc2400_get
 .text.cc2400_set
                0x000000000000890a        0xa ../common/ubertooth.o
                0x000000000000890a                cc2400_set
 .text.cc2400_get8
                0x0000000000008914       0x12 ../common/ubertooth.o
                0x0000000000008914                cc2400_get8
 *fill*         0x0000000000008926        0x2 
 .text.cc2400_get_rev
                0x0000000000008928       0x58 ../common/ubertooth.o
                0x0000000000008928                cc2400_get_rev
 .text.cc2400_set8
                0x0000000000008980        0xa ../common/ubertooth.o
                0x0000000000008980                cc2400_set8
 *fill*         0x000000000000898a        0x2 
 .text.cc2400_fifo_write
                0x000000000000898c       0x90 ../common/ubertooth.o
                0x000000000000898c                cc2400_fifo_write
 .text.cc2400_fifo_read
                0x0000000000008a1c       0x90 ../common/ubertooth.o
                0x0000000000008a1c                cc2400_fifo_read
 .text.cc2400_status
                0x0000000000008aac        0xe ../common/ubertooth.o
                0x0000000000008aac                cc2400_status
 .text.cc2400_strobe
                0x0000000000008aba        0xe ../common/ubertooth.o
                0x0000000000008aba                cc2400_strobe
 .text.cc2400_reset
                0x0000000000008ac8       0x2c ../common/ubertooth.o
                0x0000000000008ac8                cc2400_reset
 .text.clock_start
                0x0000000000008af4      0x14c ../common/ubertooth.o
                0x0000000000008af4                clock_start
 .text.ubertooth_init
                0x0000000000008c40       0x12 ../common/ubertooth.o
                0x0000000000008c40                ubertooth_init
 *fill*         0x0000000000008c52        0x2 
 .text.reset    0x0000000000008c54       0x34 ../common/ubertooth.o
                0x0000000000008c54                reset
 .text.get_part_num
                0x0000000000008c88       0x38 ../common/ubertooth.o
                0x0000000000008c88                get_part_num
 .text.get_device_serial
                0x0000000000008cc0       0x68 ../common/ubertooth.o
                0x0000000000008cc0                get_device_serial
 .text.set_isp  0x0000000000008d28       0x20 ../common/ubertooth.o
                0x0000000000008d28                set_isp
 .text.DataIn   0x0000000000008d48       0x28 ../common/lpcusb/target/usbcontrol.o
 .text._HandleRequest.constprop.1
                0x0000000000008d70       0x50 ../common/lpcusb/target/usbcontrol.o
 .text.USBHandleControlTransfer
                0x0000000000008dc0       0xa8 ../common/lpcusb/target/usbcontrol.o
                0x0000000000008dc0                USBHandleControlTransfer
 .text.USBRegisterRequestHandler
                0x0000000000008e68       0x10 ../common/lpcusb/target/usbcontrol.o
                0x0000000000008e68                USBRegisterRequestHandler
 .text.HandleUsbReset
                0x0000000000008e78        0x2 ../common/lpcusb/target/usbinit.o
 *fill*         0x0000000000008e7a        0x2 
 .text.USBInit  0x0000000000008e7c       0x4c ../common/lpcusb/target/usbinit.o
                0x0000000000008e7c                USBInit
 .text.Wait4DevInt
                0x0000000000008ec8       0x18 ../common/lpcusb/target/usbhw_lpc.o
 .text.USBHwCmd
                0x0000000000008ee0       0x18 ../common/lpcusb/target/usbhw_lpc.o
 .text.USBHwCmdWrite
                0x0000000000008ef8       0x20 ../common/lpcusb/target/usbhw_lpc.o
 .text.USBHwEPConfig
                0x0000000000008f18       0x38 ../common/lpcusb/target/usbhw_lpc.o
                0x0000000000008f18                USBHwEPConfig
 .text.USBHwRegisterEPIntHandler
                0x0000000000008f50       0x34 ../common/lpcusb/target/usbhw_lpc.o
                0x0000000000008f50                USBHwRegisterEPIntHandler
 .text.USBHwRegisterDevIntHandler
                0x0000000000008f84       0x18 ../common/lpcusb/target/usbhw_lpc.o
                0x0000000000008f84                USBHwRegisterDevIntHandler
 .text.USBHwSetAddress
                0x0000000000008f9c        0xa ../common/lpcusb/target/usbhw_lpc.o
                0x0000000000008f9c                USBHwSetAddress
 .text.USBHwConnect
                0x0000000000008fa6        0xc ../common/lpcusb/target/usbhw_lpc.o
                0x0000000000008fa6                USBHwConnect
 .text.USBHwNakIntEnable
                0x0000000000008fb2        0x8 ../common/lpcusb/target/usbhw_lpc.o
                0x0000000000008fb2                USBHwNakIntEnable
 *fill*         0x0000000000008fba        0x2 
 .text.USBHwEPGetStatus
                0x0000000000008fbc       0x34 ../common/lpcusb/target/usbhw_lpc.o
                0x0000000000008fbc                USBHwEPGetStatus
 .text.USBHwEPStall
                0x0000000000008ff0       0x18 ../common/lpcusb/target/usbhw_lpc.o
                0x0000000000008ff0                USBHwEPStall
 .text.USBHwEPWrite
                0x0000000000009008       0x60 ../common/lpcusb/target/usbhw_lpc.o
                0x0000000000009008                USBHwEPWrite
 .text.USBHwEPRead
                0x0000000000009068       0x6c ../common/lpcusb/target/usbhw_lpc.o
                0x0000000000009068                USBHwEPRead
 .text.USBHwConfigDevice
                0x00000000000090d4        0xc ../common/lpcusb/target/usbhw_lpc.o
                0x00000000000090d4                USBHwConfigDevice
 .text.USBHwISR
                0x00000000000090e0       0xcc ../common/lpcusb/target/usbhw_lpc.o
                0x00000000000090e0                USBHwISR
 .text.USBHwInit
                0x00000000000091ac       0xb0 ../common/lpcusb/target/usbhw_lpc.o
                0x00000000000091ac                USBHwInit
 .text.USBFilterOsVendorMessage
                0x000000000000925c       0x68 ../common/lpcusb/target/usbstdreq.o
                0x000000000000925c                USBFilterOsVendorMessage
 .text.USBRegisterWinusbInterface
                0x00000000000092c4       0x34 ../common/lpcusb/target/usbstdreq.o
                0x00000000000092c4                USBRegisterWinusbInterface
 .text.USBRegisterDescriptors
                0x00000000000092f8        0xc ../common/lpcusb/target/usbstdreq.o
                0x00000000000092f8                USBRegisterDescriptors
 .text.USBGetDescriptor
                0x0000000000009304       0x58 ../common/lpcusb/target/usbstdreq.o
                0x0000000000009304                USBGetDescriptor
 .text.USBHandleStandardRequest
                0x000000000000935c      0x138 ../common/lpcusb/target/usbstdreq.o
                0x000000000000935c                USBHandleStandardRequest
 .text          0x0000000000009494       0x18 /usr/lib/gcc/arm-none-eabi/4.8.2/armv7-m/libgcc.a(_ashldi3.o)
                0x0000000000009494                __ashldi3
                0x0000000000009494                __aeabi_llsl
 .text          0x00000000000094ac      0x370 /usr/lib/gcc/arm-none-eabi/4.8.2/armv7-m/libgcc.a(_arm_addsubdf3.o)
                0x00000000000094ac                __aeabi_drsub
                0x00000000000094b4                __aeabi_dsub
                0x00000000000094b4                __subdf3
                0x00000000000094b8                __adddf3
                0x00000000000094b8                __aeabi_dadd
                0x0000000000009730                __aeabi_ui2d
                0x0000000000009730                __floatunsidf
                0x0000000000009750                __floatsidf
                0x0000000000009750                __aeabi_i2d
                0x0000000000009774                __extendsfdf2
                0x0000000000009774                __aeabi_f2d
                0x00000000000097b0                __aeabi_ul2d
                0x00000000000097b0                __floatundidf
                0x00000000000097c0                __floatdidf
                0x00000000000097c0                __aeabi_l2d
 .text          0x000000000000981c       0x40 /usr/lib/gcc/arm-none-eabi/4.8.2/armv7-m/libgcc.a(_arm_fixunsdfsi.o)
                0x000000000000981c                __fixunsdfsi
                0x000000000000981c                __aeabi_d2uiz
 .text.malloc   0x000000000000985c       0x10 /usr/lib/gcc/arm-none-eabi/4.8.2/../../../arm-none-eabi/lib/armv7-m/libc.a(lib_a-malloc.o)
                0x000000000000985c                malloc
 .text._malloc_r
                0x000000000000986c      0x564 /usr/lib/gcc/arm-none-eabi/4.8.2/../../../arm-none-eabi/lib/armv7-m/libc.a(lib_a-mallocr.o)
                0x000000000000986c                _malloc_r
 .text.memcmp   0x0000000000009dd0       0x68 /usr/lib/gcc/arm-none-eabi/4.8.2/../../../arm-none-eabi/lib/armv7-m/libc.a(lib_a-memcmp.o)
                0x0000000000009dd0                memcmp
 .text          0x0000000000009e38       0xec /usr/lib/gcc/arm-none-eabi/4.8.2/../../../arm-none-eabi/lib/armv7-m/libc.a(lib_a-memcpy.o)
                0x0000000000009e38                memcpy
 .text.__malloc_lock
                0x0000000000009f24        0x4 /usr/lib/gcc/arm-none-eabi/4.8.2/../../../arm-none-eabi/lib/armv7-m/libc.a(lib_a-mlock.o)
                0x0000000000009f24                __malloc_lock
 .text.__malloc_unlock
                0x0000000000009f28        0x4 /usr/lib/gcc/arm-none-eabi/4.8.2/../../../arm-none-eabi/lib/armv7-m/libc.a(lib_a-mlock.o)
                0x0000000000009f28                __malloc_unlock
 .text._sbrk_r  0x0000000000009f2c       0x28 /usr/lib/gcc/arm-none-eabi/4.8.2/../../../arm-none-eabi/lib/armv7-m/libc.a(lib_a-sbrkr.o)
                0x0000000000009f2c                _sbrk_r
 .text.strlen   0x0000000000009f54       0x60 /usr/lib/gcc/arm-none-eabi/4.8.2/../../../arm-none-eabi/lib/armv7-m/libc.a(lib_a-strlen.o)
                0x0000000000009f54                strlen
 .text._malloc_trim_r
                0x0000000000009fb4       0xa4 /usr/lib/gcc/arm-none-eabi/4.8.2/../../../arm-none-eabi/lib/armv7-m/libc.a(lib_a-freer.o)
                0x0000000000009fb4                _malloc_trim_r
 .text._free_r  0x000000000000a058      0x198 /usr/lib/gcc/arm-none-eabi/4.8.2/../../../arm-none-eabi/lib/armv7-m/libc.a(lib_a-freer.o)
                0x000000000000a058                _free_r
 .text._sbrk    0x000000000000a1f0       0x20 /usr/lib/gcc/arm-none-eabi/4.8.2/../../../arm-none-eabi/lib/armv7-m/libnosys.a(sbrk.o)
                0x000000000000a1f0                _sbrk
 *(.rodata .rodata.* .gnu.linkonce.r.*)
 .rodata.str1.4
                0x000000000000a210        0x4 /usr/lib/gcc/arm-none-eabi/4.8.2/../../../arm-none-eabi/lib/armv7-m/libc.a(lib_a-impure.o)
 .rodata._global_impure_ptr
                0x000000000000a214        0x4 /usr/lib/gcc/arm-none-eabi/4.8.2/../../../arm-none-eabi/lib/armv7-m/libc.a(lib_a-impure.o)
                0x000000000000a214                _global_impure_ptr
 .rodata        0x000000000000a218      0x8c8 bluetooth_rxtx.o
                0x000000000000a2bf                compile_info
 .rodata.str1.1
                0x000000000000aae0        0xb bluetooth_rxtx.o
 .rodata        0x000000000000aaeb       0x1c bluetooth.o
 .rodata.str1.1
                0x000000000000ab07       0x27 ubertooth_usb.o
 *fill*         0x000000000000ab2e        0x2 
 .rodata        0x000000000000ab30       0x54 ego.o
 .rodata        0x000000000000ab84        0x4 ../common/ubertooth.o
                0x000000000000ab84                iap_entry
 .rodata        0x000000000000ab88       0x28 ../common/lpcusb/target/usbstdreq.o
 *(.eh_frame_hdr)
 *(.eh_frame)
 .eh_frame      0x000000000000abb0        0x0 /usr/lib/gcc/arm-none-eabi/4.8.2/armv7-m/crtbegin.o
                0x000000000000abb0                . = ALIGN (0x4)
 *(.init)
 .init          0x000000000000abb0        0x4 /usr/lib/gcc/arm-none-eabi/4.8.2/armv7-m/crti.o
                0x000000000000abb0                _init
 .init          0x000000000000abb4        0x8 /usr/lib/gcc/arm-none-eabi/4.8.2/armv7-m/crtn.o
                0x000000000000abbc                . = ALIGN (0x4)
                0x000000000000abbc                __preinit_array_start = .
 *(.preinit_array)
                0x000000000000abbc                __preinit_array_end = .
                0x000000000000abbc                . = ALIGN (0x4)
                0x000000000000abbc                __init_array_start = .
 *(SORT(.init_array.*))
 .init_array.00000
                0x000000000000abbc        0x4 /usr/lib/gcc/arm-none-eabi/4.8.2/../../../arm-none-eabi/lib/armv7-m/libc.a(lib_a-__call_atexit.o)
 *(.init_array)
 .init_array    0x000000000000abc0        0x4 /usr/lib/gcc/arm-none-eabi/4.8.2/armv7-m/crtbegin.o
                0x000000000000abc4                __init_array_end = .
                0x000000000000abc4                . = ALIGN (0x4)
 *crtbegin.o(.ctors)
 *(EXCLUDE_FILE(*crtend.o) .ctors)
 *(SORT(.ctors.*))
 *crtend.o(.ctors)
                0x000000000000abc4                . = ALIGN (0x4)
 *(.fini)
 .fini          0x000000000000abc4        0x4 /usr/lib/gcc/arm-none-eabi/4.8.2/armv7-m/crti.o
                0x000000000000abc4                _fini
 .fini          0x000000000000abc8        0x8 /usr/lib/gcc/arm-none-eabi/4.8.2/armv7-m/crtn.o
                0x000000000000abd0                . = ALIGN (0x4)
                0x000000000000abd0                __fini_array_start = .
 *(.fini_array)
 .fini_array    0x000000000000abd0        0x4 /usr/lib/gcc/arm-none-eabi/4.8.2/armv7-m/crtbegin.o
 *(SORT(.fini_array.*))
                0x000000000000abd4                __fini_array_end = .
 *crtbegin.o(.dtors)
 *(EXCLUDE_FILE(*crtend.o) .dtors)
 *(SORT(.dtors.*))
 *crtend.o(.dtors)
                0x000000000000abd8                . = ALIGN (0x8)
 *fill*         0x000000000000abd4        0x4 
                0x000000000000abd8                _etext = .

.glue_7         0x000000000000abd8        0x0
 .glue_7        0x0000000000000000        0x0 linker stubs

.glue_7t        0x000000000000abd8        0x0
 .glue_7t       0x0000000000000000        0x0 linker stubs

.vfp11_veneer   0x000000000000abd8        0x0
 .vfp11_veneer  0x0000000000000000        0x0 linker stubs

.v4_bx          0x000000000000abd8        0x0
 .v4_bx         0x0000000000000000        0x0 linker stubs

.iplt           0x000000000000abd8        0x0
 .iplt          0x0000000000000000        0x0 /usr/lib/gcc/arm-none-eabi/4.8.2/armv7-m/crtbegin.o

.rel.dyn        0x000000000000abd8        0x0
 .rel.iplt      0x0000000000000000        0x0 /usr/lib/gcc/arm-none-eabi/4.8.2/armv7-m/crtbegin.o

.ARM.extab
 *(.ARM.extab* .gnu.linkonce.armextab.*)
                0x000000000000abd8                __exidx_start = .

.ARM.exidx
 *(.ARM.exidx* .gnu.linkonce.armexidx.*)
                0x000000000000abd8                __exidx_end = .
                0x000000000000abd8                _etext = .

.persistent     0x0000000010000000       0x20
                0x0000000010000000                _persistent_start = .
                0x0000000010000020                . = (. + 0x20)
 *fill*         0x0000000010000000       0x20 
                0x0000000010000020                _persistent_end = .
                0x000000001000001c                bootloader_ctrl = (_persistent_start + 0x1c)

.data           0x0000000010000020      0xdf4 load address 0x000000000000abd8
                0x0000000010000020                _data = .
 *(vtable)
 *(.data*)
 .data.impure_data
                0x0000000010000020      0x428 /usr/lib/gcc/arm-none-eabi/4.8.2/../../../arm-none-eabi/lib/armv7-m/libc.a(lib_a-impure.o)
 .data._impure_ptr
                0x0000000010000448        0x4 /usr/lib/gcc/arm-none-eabi/4.8.2/../../../arm-none-eabi/lib/armv7-m/libc.a(lib_a-impure.o)
                0x0000000010000448                _impure_ptr
 .data          0x000000001000044c       0x54 bluetooth_rxtx.o
                0x000000001000044c                channel
                0x0000000010000450                le
                0x0000000010000494                hop_timeout
                0x0000000010000496                le_adv_channel
                0x0000000010000498                low_freq
                0x000000001000049a                high_freq
                0x000000001000049c                rssi_threshold
 .data          0x00000000100004a0      0x400 bluetooth_le.o
                0x00000000100004a0                btle_crc_lut
 .data          0x00000000100008a0       0xbd ubertooth_usb.o
 .data          0x000000001000095d       0xa4 ../common/lpcusb/target/usbstdreq.o
 *fill*         0x0000000010000a01        0x3 
 .data.__malloc_av_
                0x0000000010000a04      0x408 /usr/lib/gcc/arm-none-eabi/4.8.2/../../../arm-none-eabi/lib/armv7-m/libc.a(lib_a-mallocr.o)
                0x0000000010000a04                __malloc_av_
 .data.__malloc_trim_threshold
                0x0000000010000e0c        0x4 /usr/lib/gcc/arm-none-eabi/4.8.2/../../../arm-none-eabi/lib/armv7-m/libc.a(lib_a-mallocr.o)
                0x0000000010000e0c                __malloc_trim_threshold
 .data.__malloc_sbrk_base
                0x0000000010000e10        0x4 /usr/lib/gcc/arm-none-eabi/4.8.2/../../../arm-none-eabi/lib/armv7-m/libc.a(lib_a-mallocr.o)
                0x0000000010000e10                __malloc_sbrk_base
                0x0000000010000e14                _edata = .

.jcr            0x0000000010000e14        0x0 load address 0x000000000000b9cc
 .jcr           0x0000000010000e14        0x0 /usr/lib/gcc/arm-none-eabi/4.8.2/armv7-m/crtbegin.o

.tm_clone_table
                0x0000000010000e14        0x0 load address 0x000000000000b9cc
 .tm_clone_table
                0x0000000010000e14        0x0 /usr/lib/gcc/arm-none-eabi/4.8.2/armv7-m/crtbegin.o
 .tm_clone_table
                0x0000000010000e14        0x0 /usr/lib/gcc/arm-none-eabi/4.8.2/armv7-m/crtend.o

.igot.plt       0x0000000010000e14        0x0 load address 0x000000000000b9cc
 .igot.plt      0x0000000000000000        0x0 /usr/lib/gcc/arm-none-eabi/4.8.2/armv7-m/crtbegin.o

.bss            0x0000000010000e18     0x29a8 load address 0x000000000000b9cc
                0x0000000010000e18                _bss = .
                0x0000000010000e18                __bss_start__ = .
 *(.bss*)
 .bss           0x0000000010000e18       0x1c /usr/lib/gcc/arm-none-eabi/4.8.2/armv7-m/crtbegin.o
 .bss           0x0000000010000e34       0x48 bluetooth_rxtx.o
                0x0000000010000e34                modulation
                0x0000000010000e35                status
                0x0000000010000e36                idle_buf_clkn_high
                0x0000000010000e38                idle_buf_clk100ns
                0x0000000010000e3c                idle_buf_channel
                0x0000000010000e3e                hop_mode
                0x0000000010000e3f                do_hop
                0x0000000010000e40                hop_direct_channel
                0x0000000010000e42                requested_channel
                0x0000000010000e44                dma_discard
                0x0000000010000e45                mode
                0x0000000010000e46                requested_mode
                0x0000000010000e47                jam_mode
                0x0000000010000e48                ego_mode
                0x0000000010000e4c                packet_cb
                0x0000000010000e50                le_jam_count
                0x0000000010000e54                dlen
                0x0000000010000e58                data_cb
                0x0000000010000e5c                start_sync
                0x0000000010000e60                now_sync
                0x0000000010000e74                slave_mac_address
 .bss           0x0000000010000e7c        0xc ubertooth_usb.o
                0x0000000010000e7c                head
                0x0000000010000e80                tail
                0x0000000010000e84                last_usb_pkt
 .bss           0x0000000010000e88       0x9e ubertooth_rssi.o
                0x0000000010000e88                rssi_iir
 *fill*         0x0000000010000f26        0x2 
 .bss           0x0000000010000f28        0x8 ../common/ubertooth.o
 .bss           0x0000000010000f30       0x34 ../common/lpcusb/target/usbcontrol.o
 .bss           0x0000000010000f64        0x8 ../common/lpcusb/target/usbinit.o
 .bss           0x0000000010000f6c       0x48 ../common/lpcusb/target/usbhw_lpc.o
 .bss           0x0000000010000fb4       0x10 ../common/lpcusb/target/usbstdreq.o
 .bss.__malloc_max_total_mem
                0x0000000010000fc4        0x4 /usr/lib/gcc/arm-none-eabi/4.8.2/../../../arm-none-eabi/lib/armv7-m/libc.a(lib_a-mallocr.o)
                0x0000000010000fc4                __malloc_max_total_mem
 .bss.__malloc_max_sbrked_mem
                0x0000000010000fc8        0x4 /usr/lib/gcc/arm-none-eabi/4.8.2/../../../arm-none-eabi/lib/armv7-m/libc.a(lib_a-mallocr.o)
                0x0000000010000fc8                __malloc_max_sbrked_mem
 .bss.__malloc_top_pad
                0x0000000010000fcc        0x4 /usr/lib/gcc/arm-none-eabi/4.8.2/../../../arm-none-eabi/lib/armv7-m/libc.a(lib_a-mallocr.o)
                0x0000000010000fcc                __malloc_top_pad
 .bss.__malloc_current_mallinfo
                0x0000000010000fd0       0x28 /usr/lib/gcc/arm-none-eabi/4.8.2/../../../arm-none-eabi/lib/armv7-m/libc.a(lib_a-mallocr.o)
                0x0000000010000fd0                __malloc_current_mallinfo
 .bss.heap_end.4061
                0x0000000010000ff8        0x4 /usr/lib/gcc/arm-none-eabi/4.8.2/../../../arm-none-eabi/lib/armv7-m/libnosys.a(sbrk.o)
 *(COMMON)
 *fill*         0x0000000010000ffc        0x4 
 COMMON         0x0000000010001000      0x538 bluetooth_rxtx.o
                0x0000000010001000                last_hop
                0x0000000010001004                rx_tc
                0x0000000010001008                rssi_max
                0x0000000010001009                used_channels
                0x000000001000100a                rssi_min
                0x000000001000100b                afh_map
                0x0000000010001018                clkn_offset
                0x000000001000101c                clkn_last_drift_fix
                0x0000000010001020                clk_drift_correction
                0x0000000010001024                clkn
                0x0000000010001028                tx_pkt
                0x0000000010001064                active_rxbuf
                0x0000000010001068                le_promisc
                0x0000000010001170                cs_no_squelch
                0x0000000010001172                clk100ns_offset
                0x0000000010001178                syncword
                0x0000000010001180                idle_rxbuf
                0x0000000010001184                unpacked
                0x00000000100014a4                clk_drift_ppm
                0x00000000100014a6                rssi_count
                0x00000000100014a7                afh_enabled
                0x00000000100014a8                cs_threshold_req
                0x00000000100014a9                rxbuf2
                0x00000000100014dc                clkn_next_drift_fix
                0x00000000100014e0                slave_mac_address_data
                0x00000000100014e4                rr
                0x00000000100014e9                rxbuf1
                0x000000001000151c                rx_err
                0x0000000010001520                cs_threshold_cur
                0x0000000010001521                cs_trigger
                0x0000000010001528                target
 COMMON         0x0000000010001538       0xa5 bluetooth.o
                0x0000000010001538                b
                0x000000001000153a                d1
                0x000000001000153c                afh_bank
                0x000000001000158b                a1
                0x000000001000158c                c1
                0x000000001000158d                bank
                0x00000000100015dc                e
 *fill*         0x00000000100015dd        0x3 
 COMMON         0x00000000100015e0     0x2108 ubertooth_usb.o
                0x00000000100015e0                fifo
                0x00000000100035e0                abVendorReqData
                0x00000000100036e4                v_req_handler
 COMMON         0x00000000100036e8        0x4 ubertooth_rssi.o
                0x00000000100036e8                rssi_sum
 COMMON         0x00000000100036ec       0xd0 ubertooth_dma.o
                0x00000000100036ec                le_dma_lli
                0x000000001000379c                rx_dma_lli2
                0x00000000100037ac                rx_dma_lli1
 COMMON         0x00000000100037bc        0x4 /usr/lib/gcc/arm-none-eabi/4.8.2/../../../arm-none-eabi/lib/armv7-m/libc.a(lib_a-reent.o)
                0x00000000100037bc                errno
                0x00000000100037c0                _ebss = .
                0x00000000100037c0                __bss_end__ = .

.cr_heap        0x00000000100037c0        0x0 load address 0x000000000000b9cc
                0x00000000100037c0                end = .
                0x00000000100037c0                __end__ = .
                0x00000000100037c0                _pvHeapStart = .
                0x0000000010003fe0                _StackTop = ((ORIGIN (ram) + 0x4000) - 0x20)
OUTPUT(bluetooth_rxtx.elf elf32-littlearm)

.ARM.attributes
                0x0000000000000000       0x29
 .ARM.attributes
                0x0000000000000000       0x1d /usr/lib/gcc/arm-none-eabi/4.8.2/armv7-m/crti.o
 .ARM.attributes
                0x000000000000001d       0x2d /usr/lib/gcc/arm-none-eabi/4.8.2/armv7-m/crtbegin.o
 .ARM.attributes
                0x000000000000004a       0x2d /usr/lib/gcc/arm-none-eabi/4.8.2/../../../arm-none-eabi/lib/armv7-m/libc.a(lib_a-atexit.o)
 .ARM.attributes
                0x0000000000000077       0x2d /usr/lib/gcc/arm-none-eabi/4.8.2/../../../arm-none-eabi/lib/armv7-m/libc.a(lib_a-fini.o)
 .ARM.attributes
                0x00000000000000a4       0x2d /usr/lib/gcc/arm-none-eabi/4.8.2/../../../arm-none-eabi/lib/armv7-m/libc.a(lib_a-impure.o)
 .ARM.attributes
                0x00000000000000d1       0x2d /usr/lib/gcc/arm-none-eabi/4.8.2/../../../arm-none-eabi/lib/armv7-m/libc.a(lib_a-init.o)
 .ARM.attributes
                0x00000000000000fe       0x2d /usr/lib/gcc/arm-none-eabi/4.8.2/../../../arm-none-eabi/lib/armv7-m/libc.a(lib_a-memset.o)
 .ARM.attributes
                0x000000000000012b       0x2d /usr/lib/gcc/arm-none-eabi/4.8.2/../../../arm-none-eabi/lib/armv7-m/libc.a(lib_a-__atexit.o)
 .ARM.attributes
                0x0000000000000158       0x2d /usr/lib/gcc/arm-none-eabi/4.8.2/../../../arm-none-eabi/lib/armv7-m/libc.a(lib_a-__call_atexit.o)
 .ARM.attributes
                0x0000000000000185       0x33 bluetooth_rxtx.o
 .ARM.attributes
                0x00000000000001b8       0x33 bluetooth.o
 .ARM.attributes
                0x00000000000001eb       0x33 bluetooth_le.o
 .ARM.attributes
                0x000000000000021e       0x33 ubertooth_usb.o
 .ARM.attributes
                0x0000000000000251       0x33 ubertooth_rssi.o
 .ARM.attributes
                0x0000000000000284       0x33 ubertooth_cs.o
 .ARM.attributes
                0x00000000000002b7       0x33 ubertooth_clock.o
 .ARM.attributes
                0x00000000000002ea       0x33 ubertooth_dma.o
 .ARM.attributes
                0x000000000000031d       0x33 cc2400_rangetest.o
 .ARM.attributes
                0x0000000000000350       0x33 ego.o
 .ARM.attributes
                0x0000000000000383       0x33 ../common/usb_serial.o
 .ARM.attributes
                0x00000000000003b6       0x33 ../common/LPC17xx_Startup.o
 .ARM.attributes
                0x00000000000003e9       0x33 ../common/LPC17xx_Interrupts.o
 .ARM.attributes
                0x000000000000041c       0x33 ../common/ubertooth.o
 .ARM.attributes
                0x000000000000044f       0x33 ../common/lpcusb/target/usbcontrol.o
 .ARM.attributes
                0x0000000000000482       0x33 ../common/lpcusb/target/usbinit.o
 .ARM.attributes
                0x00000000000004b5       0x33 ../common/lpcusb/target/usbhw_lpc.o
 .ARM.attributes
                0x00000000000004e8       0x33 ../common/lpcusb/target/usbstdreq.o
 .ARM.attributes
                0x000000000000051b       0x1d /usr/lib/gcc/arm-none-eabi/4.8.2/armv7-m/libgcc.a(_ashldi3.o)
 .ARM.attributes
                0x0000000000000538       0x1d /usr/lib/gcc/arm-none-eabi/4.8.2/armv7-m/libgcc.a(_arm_addsubdf3.o)
 .ARM.attributes
                0x0000000000000555       0x1d /usr/lib/gcc/arm-none-eabi/4.8.2/armv7-m/libgcc.a(_arm_fixunsdfsi.o)
 .ARM.attributes
                0x0000000000000572       0x2d /usr/lib/gcc/arm-none-eabi/4.8.2/../../../arm-none-eabi/lib/armv7-m/libc.a(lib_a-malloc.o)
 .ARM.attributes
                0x000000000000059f       0x2d /usr/lib/gcc/arm-none-eabi/4.8.2/../../../arm-none-eabi/lib/armv7-m/libc.a(lib_a-mallocr.o)
 .ARM.attributes
                0x00000000000005cc       0x2d /usr/lib/gcc/arm-none-eabi/4.8.2/../../../arm-none-eabi/lib/armv7-m/libc.a(lib_a-memcmp.o)
 .ARM.attributes
                0x00000000000005f9       0x1b /usr/lib/gcc/arm-none-eabi/4.8.2/../../../arm-none-eabi/lib/armv7-m/libc.a(lib_a-memcpy.o)
 .ARM.attributes
                0x0000000000000614       0x2d /usr/lib/gcc/arm-none-eabi/4.8.2/../../../arm-none-eabi/lib/armv7-m/libc.a(lib_a-mlock.o)
 .ARM.attributes
                0x0000000000000641       0x2d /usr/lib/gcc/arm-none-eabi/4.8.2/../../../arm-none-eabi/lib/armv7-m/libc.a(lib_a-sbrkr.o)
 .ARM.attributes
                0x000000000000066e       0x2d /usr/lib/gcc/arm-none-eabi/4.8.2/../../../arm-none-eabi/lib/armv7-m/libc.a(lib_a-strlen.o)
 .ARM.attributes
                0x000000000000069b       0x2d /usr/lib/gcc/arm-none-eabi/4.8.2/../../../arm-none-eabi/lib/armv7-m/libc.a(lib_a-freer.o)
 .ARM.attributes
                0x00000000000006c8       0x2d /usr/lib/gcc/arm-none-eabi/4.8.2/../../../arm-none-eabi/lib/armv7-m/libc.a(lib_a-reent.o)
 .ARM.attributes
                0x00000000000006f5       0x2d /usr/lib/gcc/arm-none-eabi/4.8.2/armv7-m/crtend.o
 .ARM.attributes
                0x0000000000000722       0x1d /usr/lib/gcc/arm-none-eabi/4.8.2/armv7-m/crtn.o
 .ARM.attributes
                0x000000000000073f       0x2d /usr/lib/gcc/arm-none-eabi/4.8.2/../../../arm-none-eabi/lib/armv7-m/libnosys.a(sbrk.o)

.comment        0x0000000000000000       0x1f
 .comment       0x0000000000000000       0x1f /usr/lib/gcc/arm-none-eabi/4.8.2/armv7-m/crtbegin.o
                                         0x20 (size before relaxing)
 .comment       0x0000000000000000       0x20 /usr/lib/gcc/arm-none-eabi/4.8.2/../../../arm-none-eabi/lib/armv7-m/libc.a(lib_a-atexit.o)
 .comment       0x0000000000000000       0x20 /usr/lib/gcc/arm-none-eabi/4.8.2/../../../arm-none-eabi/lib/armv7-m/libc.a(lib_a-fini.o)
 .comment       0x0000000000000000       0x20 /usr/lib/gcc/arm-none-eabi/4.8.2/../../../arm-none-eabi/lib/armv7-m/libc.a(lib_a-impure.o)
 .comment       0x0000000000000000       0x20 /usr/lib/gcc/arm-none-eabi/4.8.2/../../../arm-none-eabi/lib/armv7-m/libc.a(lib_a-init.o)
 .comment       0x0000000000000000       0x20 /usr/lib/gcc/arm-none-eabi/4.8.2/../../../arm-none-eabi/lib/armv7-m/libc.a(lib_a-memset.o)
 .comment       0x0000000000000000       0x20 /usr/lib/gcc/arm-none-eabi/4.8.2/../../../arm-none-eabi/lib/armv7-m/libc.a(lib_a-__atexit.o)
 .comment       0x0000000000000000       0x20 /usr/lib/gcc/arm-none-eabi/4.8.2/../../../arm-none-eabi/lib/armv7-m/libc.a(lib_a-__call_atexit.o)
 .comment       0x0000000000000000       0x20 bluetooth_rxtx.o
 .comment       0x0000000000000000       0x20 bluetooth.o
 .comment       0x0000000000000000       0x20 bluetooth_le.o
 .comment       0x0000000000000000       0x20 ubertooth_usb.o
 .comment       0x0000000000000000       0x20 ubertooth_rssi.o
 .comment       0x0000000000000000       0x20 ubertooth_cs.o
 .comment       0x0000000000000000       0x20 ubertooth_clock.o
 .comment       0x0000000000000000       0x20 ubertooth_dma.o
 .comment       0x0000000000000000       0x20 cc2400_rangetest.o
 .comment       0x0000000000000000       0x20 ego.o
 .comment       0x0000000000000000       0x20 ../common/usb_serial.o
 .comment       0x0000000000000000       0x20 ../common/LPC17xx_Startup.o
 .comment       0x0000000000000000       0x20 ../common/LPC17xx_Interrupts.o
 .comment       0x0000000000000000       0x20 ../common/ubertooth.o
 .comment       0x0000000000000000       0x20 ../common/lpcusb/target/usbcontrol.o
 .comment       0x0000000000000000       0x20 ../common/lpcusb/target/usbinit.o
 .comment       0x0000000000000000       0x20 ../common/lpcusb/target/usbhw_lpc.o
 .comment       0x0000000000000000       0x20 ../common/lpcusb/target/usbstdreq.o
 .comment       0x0000000000000000       0x20 /usr/lib/gcc/arm-none-eabi/4.8.2/../../../arm-none-eabi/lib/armv7-m/libc.a(lib_a-malloc.o)
 .comment       0x0000000000000000       0x20 /usr/lib/gcc/arm-none-eabi/4.8.2/../../../arm-none-eabi/lib/armv7-m/libc.a(lib_a-mallocr.o)
 .comment       0x0000000000000000       0x20 /usr/lib/gcc/arm-none-eabi/4.8.2/../../../arm-none-eabi/lib/armv7-m/libc.a(lib_a-memcmp.o)
 .comment       0x0000000000000000       0x20 /usr/lib/gcc/arm-none-eabi/4.8.2/../../../arm-none-eabi/lib/armv7-m/libc.a(lib_a-mlock.o)
 .comment       0x0000000000000000       0x20 /usr/lib/gcc/arm-none-eabi/4.8.2/../../../arm-none-eabi/lib/armv7-m/libc.a(lib_a-sbrkr.o)
 .comment       0x0000000000000000       0x20 /usr/lib/gcc/arm-none-eabi/4.8.2/../../../arm-none-eabi/lib/armv7-m/libc.a(lib_a-strlen.o)
 .comment       0x0000000000000000       0x20 /usr/lib/gcc/arm-none-eabi/4.8.2/../../../arm-none-eabi/lib/armv7-m/libc.a(lib_a-freer.o)
 .comment       0x0000000000000000       0x20 /usr/lib/gcc/arm-none-eabi/4.8.2/../../../arm-none-eabi/lib/armv7-m/libc.a(lib_a-reent.o)
 .comment       0x0000000000000000       0x20 /usr/lib/gcc/arm-none-eabi/4.8.2/armv7-m/crtend.o
 .comment       0x0000000000000000       0x20 /usr/lib/gcc/arm-none-eabi/4.8.2/../../../arm-none-eabi/lib/armv7-m/libnosys.a(sbrk.o)

.debug_info     0x0000000000000000    0x1032c
 .debug_info    0x0000000000000000      0x10a /usr/lib/gcc/arm-none-eabi/4.8.2/../../../arm-none-eabi/lib/armv7-m/libc.a(lib_a-atexit.o)
 .debug_info    0x000000000000010a       0xef /usr/lib/gcc/arm-none-eabi/4.8.2/../../../arm-none-eabi/lib/armv7-m/libc.a(lib_a-fini.o)
 .debug_info    0x00000000000001f9      0x894 /usr/lib/gcc/arm-none-eabi/4.8.2/../../../arm-none-eabi/lib/armv7-m/libc.a(lib_a-impure.o)
 .debug_info    0x0000000000000a8d      0x105 /usr/lib/gcc/arm-none-eabi/4.8.2/../../../arm-none-eabi/lib/armv7-m/libc.a(lib_a-init.o)
 .debug_info    0x0000000000000b92      0x117 /usr/lib/gcc/arm-none-eabi/4.8.2/../../../arm-none-eabi/lib/armv7-m/libc.a(lib_a-memset.o)
 .debug_info    0x0000000000000ca9      0x934 /usr/lib/gcc/arm-none-eabi/4.8.2/../../../arm-none-eabi/lib/armv7-m/libc.a(lib_a-__atexit.o)
 .debug_info    0x00000000000015dd      0x9aa /usr/lib/gcc/arm-none-eabi/4.8.2/../../../arm-none-eabi/lib/armv7-m/libc.a(lib_a-__call_atexit.o)
 .debug_info    0x0000000000001f87     0x4130 bluetooth_rxtx.o
 .debug_info    0x00000000000060b7      0x4cf bluetooth.o
 .debug_info    0x0000000000006586      0x536 bluetooth_le.o
 .debug_info    0x0000000000006abc      0x876 ubertooth_usb.o
 .debug_info    0x0000000000007332      0x208 ubertooth_rssi.o
 .debug_info    0x000000000000753a      0x266 ubertooth_cs.o
 .debug_info    0x00000000000077a0      0x16c ubertooth_clock.o
 .debug_info    0x000000000000790c      0x24d ubertooth_dma.o
 .debug_info    0x0000000000007b59      0x83c cc2400_rangetest.o
 .debug_info    0x0000000000008395      0xd0b ego.o
 .debug_info    0x00000000000090a0      0x9b9 ../common/usb_serial.o
 .debug_info    0x0000000000009a59      0x117 ../common/LPC17xx_Startup.o
 .debug_info    0x0000000000009b70       0x7d ../common/LPC17xx_Interrupts.o
 .debug_info    0x0000000000009bed      0xaef ../common/ubertooth.o
 .debug_info    0x000000000000a6dc      0x47d ../common/lpcusb/target/usbcontrol.o
 .debug_info    0x000000000000ab59      0x297 ../common/lpcusb/target/usbinit.o
 .debug_info    0x000000000000adf0      0xab0 ../common/lpcusb/target/usbhw_lpc.o
 .debug_info    0x000000000000b8a0      0x74b ../common/lpcusb/target/usbstdreq.o
 .debug_info    0x000000000000bfeb       0x9f /usr/lib/gcc/arm-none-eabi/4.8.2/armv7-m/libgcc.a(_ashldi3.o)
 .debug_info    0x000000000000c08a       0xa0 /usr/lib/gcc/arm-none-eabi/4.8.2/armv7-m/libgcc.a(_arm_addsubdf3.o)
 .debug_info    0x000000000000c12a       0xa0 /usr/lib/gcc/arm-none-eabi/4.8.2/armv7-m/libgcc.a(_arm_fixunsdfsi.o)
 .debug_info    0x000000000000c1ca      0x915 /usr/lib/gcc/arm-none-eabi/4.8.2/../../../arm-none-eabi/lib/armv7-m/libc.a(lib_a-malloc.o)
 .debug_info    0x000000000000cadf      0xd7b /usr/lib/gcc/arm-none-eabi/4.8.2/../../../arm-none-eabi/lib/armv7-m/libc.a(lib_a-mallocr.o)
 .debug_info    0x000000000000d85a      0x113 /usr/lib/gcc/arm-none-eabi/4.8.2/../../../arm-none-eabi/lib/armv7-m/libc.a(lib_a-memcmp.o)
 .debug_info    0x000000000000d96d       0xb2 /usr/lib/gcc/arm-none-eabi/4.8.2/../../../arm-none-eabi/lib/armv7-m/libc.a(lib_a-memcpy.o)
 .debug_info    0x000000000000da1f      0x8b4 /usr/lib/gcc/arm-none-eabi/4.8.2/../../../arm-none-eabi/lib/armv7-m/libc.a(lib_a-mlock.o)
 .debug_info    0x000000000000e2d3      0x8f4 /usr/lib/gcc/arm-none-eabi/4.8.2/../../../arm-none-eabi/lib/armv7-m/libc.a(lib_a-sbrkr.o)
 .debug_info    0x000000000000ebc7       0xb5 /usr/lib/gcc/arm-none-eabi/4.8.2/../../../arm-none-eabi/lib/armv7-m/libc.a(lib_a-strlen.o)
 .debug_info    0x000000000000ec7c      0xc1c /usr/lib/gcc/arm-none-eabi/4.8.2/../../../arm-none-eabi/lib/armv7-m/libc.a(lib_a-freer.o)
 .debug_info    0x000000000000f898      0x9fb /usr/lib/gcc/arm-none-eabi/4.8.2/../../../arm-none-eabi/lib/armv7-m/libc.a(lib_a-reent.o)
 .debug_info    0x0000000000010293       0x99 /usr/lib/gcc/arm-none-eabi/4.8.2/../../../arm-none-eabi/lib/armv7-m/libnosys.a(sbrk.o)

.debug_abbrev   0x0000000000000000     0x3cfe
 .debug_abbrev  0x0000000000000000       0xb8 /usr/lib/gcc/arm-none-eabi/4.8.2/../../../arm-none-eabi/lib/armv7-m/libc.a(lib_a-atexit.o)
 .debug_abbrev  0x00000000000000b8       0xbd /usr/lib/gcc/arm-none-eabi/4.8.2/../../../arm-none-eabi/lib/armv7-m/libc.a(lib_a-fini.o)
 .debug_abbrev  0x0000000000000175      0x180 /usr/lib/gcc/arm-none-eabi/4.8.2/../../../arm-none-eabi/lib/armv7-m/libc.a(lib_a-impure.o)
 .debug_abbrev  0x00000000000002f5       0xba /usr/lib/gcc/arm-none-eabi/4.8.2/../../../arm-none-eabi/lib/armv7-m/libc.a(lib_a-init.o)
 .debug_abbrev  0x00000000000003af       0x9f /usr/lib/gcc/arm-none-eabi/4.8.2/../../../arm-none-eabi/lib/armv7-m/libc.a(lib_a-memset.o)
 .debug_abbrev  0x000000000000044e      0x20f /usr/lib/gcc/arm-none-eabi/4.8.2/../../../arm-none-eabi/lib/armv7-m/libc.a(lib_a-__atexit.o)
 .debug_abbrev  0x000000000000065d      0x285 /usr/lib/gcc/arm-none-eabi/4.8.2/../../../arm-none-eabi/lib/armv7-m/libc.a(lib_a-__call_atexit.o)
 .debug_abbrev  0x00000000000008e2      0x5ce bluetooth_rxtx.o
 .debug_abbrev  0x0000000000000eb0      0x1a8 bluetooth.o
 .debug_abbrev  0x0000000000001058      0x175 bluetooth_le.o
 .debug_abbrev  0x00000000000011cd      0x308 ubertooth_usb.o
 .debug_abbrev  0x00000000000014d5      0x111 ubertooth_rssi.o
 .debug_abbrev  0x00000000000015e6      0x14e ubertooth_cs.o
 .debug_abbrev  0x0000000000001734       0x88 ubertooth_clock.o
 .debug_abbrev  0x00000000000017bc      0x109 ubertooth_dma.o
 .debug_abbrev  0x00000000000018c5      0x1cb cc2400_rangetest.o
 .debug_abbrev  0x0000000000001a90      0x37c ego.o
 .debug_abbrev  0x0000000000001e0c      0x2fa ../common/usb_serial.o
 .debug_abbrev  0x0000000000002106       0xb8 ../common/LPC17xx_Startup.o
 .debug_abbrev  0x00000000000021be       0x80 ../common/LPC17xx_Interrupts.o
 .debug_abbrev  0x000000000000223e      0x2ee ../common/ubertooth.o
 .debug_abbrev  0x000000000000252c      0x249 ../common/lpcusb/target/usbcontrol.o
 .debug_abbrev  0x0000000000002775      0x13d ../common/lpcusb/target/usbinit.o
 .debug_abbrev  0x00000000000028b2      0x2ac ../common/lpcusb/target/usbhw_lpc.o
 .debug_abbrev  0x0000000000002b5e      0x2d8 ../common/lpcusb/target/usbstdreq.o
 .debug_abbrev  0x0000000000002e36       0x14 /usr/lib/gcc/arm-none-eabi/4.8.2/armv7-m/libgcc.a(_ashldi3.o)
 .debug_abbrev  0x0000000000002e4a       0x14 /usr/lib/gcc/arm-none-eabi/4.8.2/armv7-m/libgcc.a(_arm_addsubdf3.o)
 .debug_abbrev  0x0000000000002e5e       0x14 /usr/lib/gcc/arm-none-eabi/4.8.2/armv7-m/libgcc.a(_arm_fixunsdfsi.o)
 .debug_abbrev  0x0000000000002e72      0x1fa /usr/lib/gcc/arm-none-eabi/4.8.2/../../../arm-none-eabi/lib/armv7-m/libc.a(lib_a-malloc.o)
 .debug_abbrev  0x000000000000306c      0x2a2 /usr/lib/gcc/arm-none-eabi/4.8.2/../../../arm-none-eabi/lib/armv7-m/libc.a(lib_a-mallocr.o)
 .debug_abbrev  0x000000000000330e       0x7f /usr/lib/gcc/arm-none-eabi/4.8.2/../../../arm-none-eabi/lib/armv7-m/libc.a(lib_a-memcmp.o)
 .debug_abbrev  0x000000000000338d       0x14 /usr/lib/gcc/arm-none-eabi/4.8.2/../../../arm-none-eabi/lib/armv7-m/libc.a(lib_a-memcpy.o)
 .debug_abbrev  0x00000000000033a1      0x19a /usr/lib/gcc/arm-none-eabi/4.8.2/../../../arm-none-eabi/lib/armv7-m/libc.a(lib_a-mlock.o)
 .debug_abbrev  0x000000000000353b      0x1fd /usr/lib/gcc/arm-none-eabi/4.8.2/../../../arm-none-eabi/lib/armv7-m/libc.a(lib_a-sbrkr.o)
 .debug_abbrev  0x0000000000003738       0x70 /usr/lib/gcc/arm-none-eabi/4.8.2/../../../arm-none-eabi/lib/armv7-m/libc.a(lib_a-strlen.o)
 .debug_abbrev  0x00000000000037a8      0x27b /usr/lib/gcc/arm-none-eabi/4.8.2/../../../arm-none-eabi/lib/armv7-m/libc.a(lib_a-freer.o)
 .debug_abbrev  0x0000000000003a23      0x258 /usr/lib/gcc/arm-none-eabi/4.8.2/../../../arm-none-eabi/lib/armv7-m/libc.a(lib_a-reent.o)
 .debug_abbrev  0x0000000000003c7b       0x83 /usr/lib/gcc/arm-none-eabi/4.8.2/../../../arm-none-eabi/lib/armv7-m/libnosys.a(sbrk.o)

.debug_loc      0x0000000000000000     0x6c50
 .debug_loc     0x0000000000000000       0x2c /usr/lib/gcc/arm-none-eabi/4.8.2/../../../arm-none-eabi/lib/armv7-m/libc.a(lib_a-atexit.o)
 .debug_loc     0x000000000000002c       0x5c /usr/lib/gcc/arm-none-eabi/4.8.2/../../../arm-none-eabi/lib/armv7-m/libc.a(lib_a-fini.o)
 .debug_loc     0x0000000000000088       0xae /usr/lib/gcc/arm-none-eabi/4.8.2/../../../arm-none-eabi/lib/armv7-m/libc.a(lib_a-init.o)
 .debug_loc     0x0000000000000136      0x18b /usr/lib/gcc/arm-none-eabi/4.8.2/../../../arm-none-eabi/lib/armv7-m/libc.a(lib_a-memset.o)
 .debug_loc     0x00000000000002c1      0x14d /usr/lib/gcc/arm-none-eabi/4.8.2/../../../arm-none-eabi/lib/armv7-m/libc.a(lib_a-__atexit.o)
 .debug_loc     0x000000000000040e      0x155 /usr/lib/gcc/arm-none-eabi/4.8.2/../../../arm-none-eabi/lib/armv7-m/libc.a(lib_a-__call_atexit.o)
 .debug_loc     0x0000000000000563     0x22fc bluetooth_rxtx.o
 .debug_loc     0x000000000000285f      0x75b bluetooth.o
 .debug_loc     0x0000000000002fba      0x37c bluetooth_le.o
 .debug_loc     0x0000000000003336      0x324 ubertooth_usb.o
 .debug_loc     0x000000000000365a       0x8c ubertooth_rssi.o
 .debug_loc     0x00000000000036e6       0x7d ubertooth_cs.o
 .debug_loc     0x0000000000003763       0x1f ubertooth_dma.o
 .debug_loc     0x0000000000003782      0x295 cc2400_rangetest.o
 .debug_loc     0x0000000000003a17      0x2fa ego.o
 .debug_loc     0x0000000000003d11      0x319 ../common/usb_serial.o
 .debug_loc     0x000000000000402a       0x97 ../common/LPC17xx_Startup.o
 .debug_loc     0x00000000000040c1      0x701 ../common/ubertooth.o
 .debug_loc     0x00000000000047c2      0x182 ../common/lpcusb/target/usbcontrol.o
 .debug_loc     0x0000000000004944      0x720 ../common/lpcusb/target/usbhw_lpc.o
 .debug_loc     0x0000000000005064      0x786 ../common/lpcusb/target/usbstdreq.o
 .debug_loc     0x00000000000057ea       0x58 /usr/lib/gcc/arm-none-eabi/4.8.2/../../../arm-none-eabi/lib/armv7-m/libc.a(lib_a-malloc.o)
 .debug_loc     0x0000000000005842      0xd1f /usr/lib/gcc/arm-none-eabi/4.8.2/../../../arm-none-eabi/lib/armv7-m/libc.a(lib_a-mallocr.o)
 .debug_loc     0x0000000000006561       0xe3 /usr/lib/gcc/arm-none-eabi/4.8.2/../../../arm-none-eabi/lib/armv7-m/libc.a(lib_a-memcmp.o)
 .debug_loc     0x0000000000006644       0x3f /usr/lib/gcc/arm-none-eabi/4.8.2/../../../arm-none-eabi/lib/armv7-m/libc.a(lib_a-sbrkr.o)
 .debug_loc     0x0000000000006683       0x21 /usr/lib/gcc/arm-none-eabi/4.8.2/../../../arm-none-eabi/lib/armv7-m/libc.a(lib_a-strlen.o)
 .debug_loc     0x00000000000066a4      0x450 /usr/lib/gcc/arm-none-eabi/4.8.2/../../../arm-none-eabi/lib/armv7-m/libc.a(lib_a-freer.o)
 .debug_loc     0x0000000000006af4      0x13b /usr/lib/gcc/arm-none-eabi/4.8.2/../../../arm-none-eabi/lib/armv7-m/libc.a(lib_a-reent.o)
 .debug_loc     0x0000000000006c2f       0x21 /usr/lib/gcc/arm-none-eabi/4.8.2/../../../arm-none-eabi/lib/armv7-m/libnosys.a(sbrk.o)

.debug_aranges  0x0000000000000000      0x9d0
 .debug_aranges
                0x0000000000000000       0x20 /usr/lib/gcc/arm-none-eabi/4.8.2/../../../arm-none-eabi/lib/armv7-m/libc.a(lib_a-atexit.o)
 .debug_aranges
                0x0000000000000020       0x20 /usr/lib/gcc/arm-none-eabi/4.8.2/../../../arm-none-eabi/lib/armv7-m/libc.a(lib_a-fini.o)
 .debug_aranges
                0x0000000000000040       0x18 /usr/lib/gcc/arm-none-eabi/4.8.2/../../../arm-none-eabi/lib/armv7-m/libc.a(lib_a-impure.o)
 .debug_aranges
                0x0000000000000058       0x20 /usr/lib/gcc/arm-none-eabi/4.8.2/../../../arm-none-eabi/lib/armv7-m/libc.a(lib_a-init.o)
 .debug_aranges
                0x0000000000000078       0x20 /usr/lib/gcc/arm-none-eabi/4.8.2/../../../arm-none-eabi/lib/armv7-m/libc.a(lib_a-memset.o)
 .debug_aranges
                0x0000000000000098       0x20 /usr/lib/gcc/arm-none-eabi/4.8.2/../../../arm-none-eabi/lib/armv7-m/libc.a(lib_a-__atexit.o)
 .debug_aranges
                0x00000000000000b8       0x28 /usr/lib/gcc/arm-none-eabi/4.8.2/../../../arm-none-eabi/lib/armv7-m/libc.a(lib_a-__call_atexit.o)
 .debug_aranges
                0x00000000000000e0      0x168 bluetooth_rxtx.o
 .debug_aranges
                0x0000000000000248       0x30 bluetooth.o
 .debug_aranges
                0x0000000000000278       0x48 bluetooth_le.o
 .debug_aranges
                0x00000000000002c0       0x60 ubertooth_usb.o
 .debug_aranges
                0x0000000000000320       0x38 ubertooth_rssi.o
 .debug_aranges
                0x0000000000000358       0x38 ubertooth_cs.o
 .debug_aranges
                0x0000000000000390       0x30 ubertooth_clock.o
 .debug_aranges
                0x00000000000003c0       0x40 ubertooth_dma.o
 .debug_aranges
                0x0000000000000400       0x30 cc2400_rangetest.o
 .debug_aranges
                0x0000000000000430       0x98 ego.o
 .debug_aranges
                0x00000000000004c8       0x70 ../common/usb_serial.o
 .debug_aranges
                0x0000000000000538       0x20 ../common/LPC17xx_Startup.o
 .debug_aranges
                0x0000000000000558       0x20 ../common/LPC17xx_Interrupts.o
 .debug_aranges
                0x0000000000000578      0x110 ../common/ubertooth.o
 .debug_aranges
                0x0000000000000688       0x38 ../common/lpcusb/target/usbcontrol.o
 .debug_aranges
                0x00000000000006c0       0x28 ../common/lpcusb/target/usbinit.o
 .debug_aranges
                0x00000000000006e8       0xd8 ../common/lpcusb/target/usbhw_lpc.o
 .debug_aranges
                0x00000000000007c0       0x50 ../common/lpcusb/target/usbstdreq.o
 .debug_aranges
                0x0000000000000810       0x20 /usr/lib/gcc/arm-none-eabi/4.8.2/armv7-m/libgcc.a(_ashldi3.o)
 .debug_aranges
                0x0000000000000830       0x20 /usr/lib/gcc/arm-none-eabi/4.8.2/armv7-m/libgcc.a(_arm_addsubdf3.o)
 .debug_aranges
                0x0000000000000850       0x20 /usr/lib/gcc/arm-none-eabi/4.8.2/armv7-m/libgcc.a(_arm_fixunsdfsi.o)
 .debug_aranges
                0x0000000000000870       0x28 /usr/lib/gcc/arm-none-eabi/4.8.2/../../../arm-none-eabi/lib/armv7-m/libc.a(lib_a-malloc.o)
 .debug_aranges
                0x0000000000000898       0x20 /usr/lib/gcc/arm-none-eabi/4.8.2/../../../arm-none-eabi/lib/armv7-m/libc.a(lib_a-mallocr.o)
 .debug_aranges
                0x00000000000008b8       0x20 /usr/lib/gcc/arm-none-eabi/4.8.2/../../../arm-none-eabi/lib/armv7-m/libc.a(lib_a-memcmp.o)
 .debug_aranges
                0x00000000000008d8       0x20 /usr/lib/gcc/arm-none-eabi/4.8.2/../../../arm-none-eabi/lib/armv7-m/libc.a(lib_a-memcpy.o)
 .debug_aranges
                0x00000000000008f8       0x28 /usr/lib/gcc/arm-none-eabi/4.8.2/../../../arm-none-eabi/lib/armv7-m/libc.a(lib_a-mlock.o)
 .debug_aranges
                0x0000000000000920       0x20 /usr/lib/gcc/arm-none-eabi/4.8.2/../../../arm-none-eabi/lib/armv7-m/libc.a(lib_a-sbrkr.o)
 .debug_aranges
                0x0000000000000940       0x20 /usr/lib/gcc/arm-none-eabi/4.8.2/../../../arm-none-eabi/lib/armv7-m/libc.a(lib_a-strlen.o)
 .debug_aranges
                0x0000000000000960       0x28 /usr/lib/gcc/arm-none-eabi/4.8.2/../../../arm-none-eabi/lib/armv7-m/libc.a(lib_a-freer.o)
 .debug_aranges
                0x0000000000000988       0x28 /usr/lib/gcc/arm-none-eabi/4.8.2/../../../arm-none-eabi/lib/armv7-m/libc.a(lib_a-reent.o)
 .debug_aranges
                0x00000000000009b0       0x20 /usr/lib/gcc/arm-none-eabi/4.8.2/../../../arm-none-eabi/lib/armv7-m/libnosys.a(sbrk.o)

.debug_ranges   0x0000000000000000      0xa38
 .debug_ranges  0x0000000000000000       0x10 /usr/lib/gcc/arm-none-eabi/4.8.2/../../../arm-none-eabi/lib/armv7-m/libc.a(lib_a-atexit.o)
 .debug_ranges  0x0000000000000010       0x10 /usr/lib/gcc/arm-none-eabi/4.8.2/../../../arm-none-eabi/lib/armv7-m/libc.a(lib_a-fini.o)
 .debug_ranges  0x0000000000000020       0x10 /usr/lib/gcc/arm-none-eabi/4.8.2/../../../arm-none-eabi/lib/armv7-m/libc.a(lib_a-init.o)
 .debug_ranges  0x0000000000000030       0x10 /usr/lib/gcc/arm-none-eabi/4.8.2/../../../arm-none-eabi/lib/armv7-m/libc.a(lib_a-memset.o)
 .debug_ranges  0x0000000000000040       0x10 /usr/lib/gcc/arm-none-eabi/4.8.2/../../../arm-none-eabi/lib/armv7-m/libc.a(lib_a-__atexit.o)
 .debug_ranges  0x0000000000000050       0x38 /usr/lib/gcc/arm-none-eabi/4.8.2/../../../arm-none-eabi/lib/armv7-m/libc.a(lib_a-__call_atexit.o)
 .debug_ranges  0x0000000000000088      0x2d0 bluetooth_rxtx.o
 .debug_ranges  0x0000000000000358       0x50 bluetooth.o
 .debug_ranges  0x00000000000003a8       0x38 bluetooth_le.o
 .debug_ranges  0x00000000000003e0       0x50 ubertooth_usb.o
 .debug_ranges  0x0000000000000430       0x28 ubertooth_rssi.o
 .debug_ranges  0x0000000000000458       0x28 ubertooth_cs.o
 .debug_ranges  0x0000000000000480       0x20 ubertooth_clock.o
 .debug_ranges  0x00000000000004a0       0x30 ubertooth_dma.o
 .debug_ranges  0x00000000000004d0       0x20 cc2400_rangetest.o
 .debug_ranges  0x00000000000004f0       0xd0 ego.o
 .debug_ranges  0x00000000000005c0       0x78 ../common/usb_serial.o
 .debug_ranges  0x0000000000000638       0x10 ../common/LPC17xx_Startup.o
 .debug_ranges  0x0000000000000648       0x10 ../common/LPC17xx_Interrupts.o
 .debug_ranges  0x0000000000000658      0x130 ../common/ubertooth.o
 .debug_ranges  0x0000000000000788       0x40 ../common/lpcusb/target/usbcontrol.o
 .debug_ranges  0x00000000000007c8       0x18 ../common/lpcusb/target/usbinit.o
 .debug_ranges  0x00000000000007e0       0xe0 ../common/lpcusb/target/usbhw_lpc.o
 .debug_ranges  0x00000000000008c0       0x88 ../common/lpcusb/target/usbstdreq.o
 .debug_ranges  0x0000000000000948       0x18 /usr/lib/gcc/arm-none-eabi/4.8.2/../../../arm-none-eabi/lib/armv7-m/libc.a(lib_a-malloc.o)
 .debug_ranges  0x0000000000000960       0x38 /usr/lib/gcc/arm-none-eabi/4.8.2/../../../arm-none-eabi/lib/armv7-m/libc.a(lib_a-mallocr.o)
 .debug_ranges  0x0000000000000998       0x10 /usr/lib/gcc/arm-none-eabi/4.8.2/../../../arm-none-eabi/lib/armv7-m/libc.a(lib_a-memcmp.o)
 .debug_ranges  0x00000000000009a8       0x18 /usr/lib/gcc/arm-none-eabi/4.8.2/../../../arm-none-eabi/lib/armv7-m/libc.a(lib_a-mlock.o)
 .debug_ranges  0x00000000000009c0       0x10 /usr/lib/gcc/arm-none-eabi/4.8.2/../../../arm-none-eabi/lib/armv7-m/libc.a(lib_a-sbrkr.o)
 .debug_ranges  0x00000000000009d0       0x10 /usr/lib/gcc/arm-none-eabi/4.8.2/../../../arm-none-eabi/lib/armv7-m/libc.a(lib_a-strlen.o)
 .debug_ranges  0x00000000000009e0       0x18 /usr/lib/gcc/arm-none-eabi/4.8.2/../../../arm-none-eabi/lib/armv7-m/libc.a(lib_a-freer.o)
 .debug_ranges  0x00000000000009f8       0x30 /usr/lib/gcc/arm-none-eabi/4.8.2/../../../arm-none-eabi/lib/armv7-m/libc.a(lib_a-reent.o)
 .debug_ranges  0x0000000000000a28       0x10 /usr/lib/gcc/arm-none-eabi/4.8.2/../../../arm-none-eabi/lib/armv7-m/libnosys.a(sbrk.o)

.debug_line     0x0000000000000000     0x43bf
 .debug_line    0x0000000000000000       0xa6 /usr/lib/gcc/arm-none-eabi/4.8.2/../../../arm-none-eabi/lib/armv7-m/libc.a(lib_a-atexit.o)
 .debug_line    0x00000000000000a6       0x9c /usr/lib/gcc/arm-none-eabi/4.8.2/../../../arm-none-eabi/lib/armv7-m/libc.a(lib_a-fini.o)
 .debug_line    0x0000000000000142       0xd6 /usr/lib/gcc/arm-none-eabi/4.8.2/../../../arm-none-eabi/lib/armv7-m/libc.a(lib_a-impure.o)
 .debug_line    0x0000000000000218       0xb5 /usr/lib/gcc/arm-none-eabi/4.8.2/../../../arm-none-eabi/lib/armv7-m/libc.a(lib_a-init.o)
 .debug_line    0x00000000000002cd       0xff /usr/lib/gcc/arm-none-eabi/4.8.2/../../../arm-none-eabi/lib/armv7-m/libc.a(lib_a-memset.o)
 .debug_line    0x00000000000003cc      0x160 /usr/lib/gcc/arm-none-eabi/4.8.2/../../../arm-none-eabi/lib/armv7-m/libc.a(lib_a-__atexit.o)
 .debug_line    0x000000000000052c      0x19a /usr/lib/gcc/arm-none-eabi/4.8.2/../../../arm-none-eabi/lib/armv7-m/libc.a(lib_a-__call_atexit.o)
 .debug_line    0x00000000000006c6     0x112e bluetooth_rxtx.o
 .debug_line    0x00000000000017f4      0x1b8 bluetooth.o
 .debug_line    0x00000000000019ac      0x149 bluetooth_le.o
 .debug_line    0x0000000000001af5      0x237 ubertooth_usb.o
 .debug_line    0x0000000000001d2c       0xfe ubertooth_rssi.o
 .debug_line    0x0000000000001e2a       0xfd ubertooth_cs.o
 .debug_line    0x0000000000001f27       0xbe ubertooth_clock.o
 .debug_line    0x0000000000001fe5      0x134 ubertooth_dma.o
 .debug_line    0x0000000000002119      0x23d cc2400_rangetest.o
 .debug_line    0x0000000000002356      0x2af ego.o
 .debug_line    0x0000000000002605      0x203 ../common/usb_serial.o
 .debug_line    0x0000000000002808       0x96 ../common/LPC17xx_Startup.o
 .debug_line    0x000000000000289e       0x4e ../common/LPC17xx_Interrupts.o
 .debug_line    0x00000000000028ec      0x476 ../common/ubertooth.o
 .debug_line    0x0000000000002d62       0xf3 ../common/lpcusb/target/usbcontrol.o
 .debug_line    0x0000000000002e55       0xa0 ../common/lpcusb/target/usbinit.o
 .debug_line    0x0000000000002ef5      0x357 ../common/lpcusb/target/usbhw_lpc.o
 .debug_line    0x000000000000324c      0x1af ../common/lpcusb/target/usbstdreq.o
 .debug_line    0x00000000000033fb       0x6f /usr/lib/gcc/arm-none-eabi/4.8.2/armv7-m/libgcc.a(_ashldi3.o)
 .debug_line    0x000000000000346a      0x1fc /usr/lib/gcc/arm-none-eabi/4.8.2/armv7-m/libgcc.a(_arm_addsubdf3.o)
 .debug_line    0x0000000000003666       0x79 /usr/lib/gcc/arm-none-eabi/4.8.2/armv7-m/libgcc.a(_arm_fixunsdfsi.o)
 .debug_line    0x00000000000036df      0x138 /usr/lib/gcc/arm-none-eabi/4.8.2/../../../arm-none-eabi/lib/armv7-m/libc.a(lib_a-malloc.o)
 .debug_line    0x0000000000003817      0x325 /usr/lib/gcc/arm-none-eabi/4.8.2/../../../arm-none-eabi/lib/armv7-m/libc.a(lib_a-mallocr.o)
 .debug_line    0x0000000000003b3c       0xf6 /usr/lib/gcc/arm-none-eabi/4.8.2/../../../arm-none-eabi/lib/armv7-m/libc.a(lib_a-memcmp.o)
 .debug_line    0x0000000000003c32       0xbb /usr/lib/gcc/arm-none-eabi/4.8.2/../../../arm-none-eabi/lib/armv7-m/libc.a(lib_a-memcpy.o)
 .debug_line    0x0000000000003ced       0xf4 /usr/lib/gcc/arm-none-eabi/4.8.2/../../../arm-none-eabi/lib/armv7-m/libc.a(lib_a-mlock.o)
 .debug_line    0x0000000000003de1      0x12c /usr/lib/gcc/arm-none-eabi/4.8.2/../../../arm-none-eabi/lib/armv7-m/libc.a(lib_a-sbrkr.o)
 .debug_line    0x0000000000003f0d       0xd7 /usr/lib/gcc/arm-none-eabi/4.8.2/../../../arm-none-eabi/lib/armv7-m/libc.a(lib_a-strlen.o)
 .debug_line    0x0000000000003fe4      0x221 /usr/lib/gcc/arm-none-eabi/4.8.2/../../../arm-none-eabi/lib/armv7-m/libc.a(lib_a-freer.o)
 .debug_line    0x0000000000004205      0x162 /usr/lib/gcc/arm-none-eabi/4.8.2/../../../arm-none-eabi/lib/armv7-m/libc.a(lib_a-reent.o)
 .debug_line    0x0000000000004367       0x58 /usr/lib/gcc/arm-none-eabi/4.8.2/../../../arm-none-eabi/lib/armv7-m/libnosys.a(sbrk.o)

.debug_str      0x0000000000000000     0x3351
 .debug_str     0x0000000000000000      0x199 /usr/lib/gcc/arm-none-eabi/4.8.2/../../../arm-none-eabi/lib/armv7-m/libc.a(lib_a-atexit.o)
                                        0x1d9 (size before relaxing)
 .debug_str     0x0000000000000199       0xaf /usr/lib/gcc/arm-none-eabi/4.8.2/../../../arm-none-eabi/lib/armv7-m/libc.a(lib_a-fini.o)
                                        0x1d1 (size before relaxing)
 .debug_str     0x0000000000000248      0x3ea /usr/lib/gcc/arm-none-eabi/4.8.2/../../../arm-none-eabi/lib/armv7-m/libc.a(lib_a-impure.o)
                                        0x56d (size before relaxing)
 .debug_str     0x0000000000000632       0x8a /usr/lib/gcc/arm-none-eabi/4.8.2/../../../arm-none-eabi/lib/armv7-m/libc.a(lib_a-init.o)
                                        0x1fb (size before relaxing)
 .debug_str     0x00000000000006bc       0x93 /usr/lib/gcc/arm-none-eabi/4.8.2/../../../arm-none-eabi/lib/armv7-m/libc.a(lib_a-memset.o)
                                        0x1b0 (size before relaxing)
 .debug_str     0x000000000000074f       0x30 /usr/lib/gcc/arm-none-eabi/4.8.2/../../../arm-none-eabi/lib/armv7-m/libc.a(lib_a-__atexit.o)
                                        0x5b5 (size before relaxing)
 .debug_str     0x000000000000077f       0x7c /usr/lib/gcc/arm-none-eabi/4.8.2/../../../arm-none-eabi/lib/armv7-m/libc.a(lib_a-__call_atexit.o)
                                        0x5cd (size before relaxing)
 .debug_str     0x00000000000007fb     0x160f bluetooth_rxtx.o
                                       0x1811 (size before relaxing)
 .debug_str     0x0000000000001e0a       0x98 bluetooth.o
                                        0x2d9 (size before relaxing)
 .debug_str     0x0000000000001ea2       0x52 bluetooth_le.o
                                        0x43f (size before relaxing)
 .debug_str     0x0000000000001ef4      0x19d ubertooth_usb.o
                                        0x4e7 (size before relaxing)
 .debug_str     0x0000000000002091       0x30 ubertooth_rssi.o
                                        0x271 (size before relaxing)
 .debug_str     0x00000000000020c1       0x69 ubertooth_cs.o
                                        0x305 (size before relaxing)
 .debug_str     0x000000000000212a       0x12 ubertooth_clock.o
                                        0x270 (size before relaxing)
 .debug_str     0x000000000000213c       0x60 ubertooth_dma.o
                                        0x28c (size before relaxing)
 .debug_str     0x000000000000219c       0x58 cc2400_rangetest.o
                                        0x327 (size before relaxing)
 .debug_str     0x00000000000021f4      0x1d4 ego.o
                                        0x65c (size before relaxing)
 .debug_str     0x00000000000023c8      0x216 ../common/usb_serial.o
                                        0x4d2 (size before relaxing)
 .debug_str     0x00000000000025de       0x9b ../common/LPC17xx_Startup.o
                                        0x225 (size before relaxing)
 .debug_str     0x0000000000002679       0x51 ../common/LPC17xx_Interrupts.o
                                        0x187 (size before relaxing)
 .debug_str     0x00000000000026ca       0xe7 ../common/ubertooth.o
                                        0x3bd (size before relaxing)
 .debug_str     0x00000000000027b1       0xdf ../common/lpcusb/target/usbcontrol.o
                                        0x2ef (size before relaxing)
 .debug_str     0x0000000000002890       0x56 ../common/lpcusb/target/usbinit.o
                                        0x283 (size before relaxing)
 .debug_str     0x00000000000028e6      0x305 ../common/lpcusb/target/usbhw_lpc.o
                                        0x5cd (size before relaxing)
 .debug_str     0x0000000000002beb      0x262 ../common/lpcusb/target/usbstdreq.o
                                        0x4d1 (size before relaxing)
 .debug_str     0x0000000000002e4d       0x4c /usr/lib/gcc/arm-none-eabi/4.8.2/../../../arm-none-eabi/lib/armv7-m/libc.a(lib_a-malloc.o)
                                        0x581 (size before relaxing)
 .debug_str     0x0000000000002e99      0x216 /usr/lib/gcc/arm-none-eabi/4.8.2/../../../arm-none-eabi/lib/armv7-m/libc.a(lib_a-mallocr.o)
                                        0x77c (size before relaxing)
 .debug_str     0x00000000000030af       0x2e /usr/lib/gcc/arm-none-eabi/4.8.2/../../../arm-none-eabi/lib/armv7-m/libc.a(lib_a-memcmp.o)
                                        0x19c (size before relaxing)
 .debug_str     0x00000000000030dd       0x42 /usr/lib/gcc/arm-none-eabi/4.8.2/../../../arm-none-eabi/lib/armv7-m/libc.a(lib_a-mlock.o)
                                        0x576 (size before relaxing)
 .debug_str     0x000000000000311f       0x37 /usr/lib/gcc/arm-none-eabi/4.8.2/../../../arm-none-eabi/lib/armv7-m/libc.a(lib_a-sbrkr.o)
                                        0x564 (size before relaxing)
 .debug_str     0x0000000000003156       0x85 /usr/lib/gcc/arm-none-eabi/4.8.2/../../../arm-none-eabi/lib/armv7-m/libc.a(lib_a-strlen.o)
                                        0x1a9 (size before relaxing)
 .debug_str     0x00000000000031db       0x34 /usr/lib/gcc/arm-none-eabi/4.8.2/../../../arm-none-eabi/lib/armv7-m/libc.a(lib_a-freer.o)
                                        0x6c6 (size before relaxing)
 .debug_str     0x000000000000320f       0x58 /usr/lib/gcc/arm-none-eabi/4.8.2/../../../arm-none-eabi/lib/armv7-m/libc.a(lib_a-reent.o)
                                        0x58c (size before relaxing)
 .debug_str     0x0000000000003267       0xea /usr/lib/gcc/arm-none-eabi/4.8.2/../../../arm-none-eabi/lib/armv7-m/libnosys.a(sbrk.o)
                                        0x103 (size before relaxing)

.debug_frame    0x0000000000000000     0x16d0
 .debug_frame   0x0000000000000000       0x20 /usr/lib/gcc/arm-none-eabi/4.8.2/../../../arm-none-eabi/lib/armv7-m/libc.a(lib_a-atexit.o)
 .debug_frame   0x0000000000000020       0x2c /usr/lib/gcc/arm-none-eabi/4.8.2/../../../arm-none-eabi/lib/armv7-m/libc.a(lib_a-fini.o)
 .debug_frame   0x000000000000004c       0x2c /usr/lib/gcc/arm-none-eabi/4.8.2/../../../arm-none-eabi/lib/armv7-m/libc.a(lib_a-init.o)
 .debug_frame   0x0000000000000078       0x2c /usr/lib/gcc/arm-none-eabi/4.8.2/../../../arm-none-eabi/lib/armv7-m/libc.a(lib_a-memset.o)
 .debug_frame   0x00000000000000a4       0x30 /usr/lib/gcc/arm-none-eabi/4.8.2/../../../arm-none-eabi/lib/armv7-m/libc.a(lib_a-__atexit.o)
 .debug_frame   0x00000000000000d4       0x48 /usr/lib/gcc/arm-none-eabi/4.8.2/../../../arm-none-eabi/lib/armv7-m/libc.a(lib_a-__call_atexit.o)
 .debug_frame   0x000000000000011c      0x5d4 bluetooth_rxtx.o
 .debug_frame   0x00000000000006f0       0x90 bluetooth.o
 .debug_frame   0x0000000000000780       0xac bluetooth_le.o
 .debug_frame   0x000000000000082c       0xf8 ubertooth_usb.o
 .debug_frame   0x0000000000000924       0x68 ubertooth_rssi.o
 .debug_frame   0x000000000000098c       0x6c ubertooth_cs.o
 .debug_frame   0x00000000000009f8       0x4c ubertooth_clock.o
 .debug_frame   0x0000000000000a44       0x78 ubertooth_dma.o
 .debug_frame   0x0000000000000abc       0x8c cc2400_rangetest.o
 .debug_frame   0x0000000000000b48      0x190 ego.o
 .debug_frame   0x0000000000000cd8      0x130 ../common/usb_serial.o
 .debug_frame   0x0000000000000e08       0x2c ../common/LPC17xx_Startup.o
 .debug_frame   0x0000000000000e34       0x20 ../common/LPC17xx_Interrupts.o
 .debug_frame   0x0000000000000e54      0x304 ../common/ubertooth.o
 .debug_frame   0x0000000000001158       0x84 ../common/lpcusb/target/usbcontrol.o
 .debug_frame   0x00000000000011dc       0x3c ../common/lpcusb/target/usbinit.o
 .debug_frame   0x0000000000001218      0x220 ../common/lpcusb/target/usbhw_lpc.o
 .debug_frame   0x0000000000001438       0xcc ../common/lpcusb/target/usbstdreq.o
 .debug_frame   0x0000000000001504       0x30 /usr/lib/gcc/arm-none-eabi/4.8.2/../../../arm-none-eabi/lib/armv7-m/libc.a(lib_a-malloc.o)
 .debug_frame   0x0000000000001534       0x38 /usr/lib/gcc/arm-none-eabi/4.8.2/../../../arm-none-eabi/lib/armv7-m/libc.a(lib_a-mallocr.o)
 .debug_frame   0x000000000000156c       0x2c /usr/lib/gcc/arm-none-eabi/4.8.2/../../../arm-none-eabi/lib/armv7-m/libc.a(lib_a-memcmp.o)
 .debug_frame   0x0000000000001598       0x30 /usr/lib/gcc/arm-none-eabi/4.8.2/../../../arm-none-eabi/lib/armv7-m/libc.a(lib_a-mlock.o)
 .debug_frame   0x00000000000015c8       0x2c /usr/lib/gcc/arm-none-eabi/4.8.2/../../../arm-none-eabi/lib/armv7-m/libc.a(lib_a-sbrkr.o)
 .debug_frame   0x00000000000015f4       0x20 /usr/lib/gcc/arm-none-eabi/4.8.2/../../../arm-none-eabi/lib/armv7-m/libc.a(lib_a-strlen.o)
 .debug_frame   0x0000000000001614       0x54 /usr/lib/gcc/arm-none-eabi/4.8.2/../../../arm-none-eabi/lib/armv7-m/libc.a(lib_a-freer.o)
 .debug_frame   0x0000000000001668       0x48 /usr/lib/gcc/arm-none-eabi/4.8.2/../../../arm-none-eabi/lib/armv7-m/libc.a(lib_a-reent.o)
 .debug_frame   0x00000000000016b0       0x20 /usr/lib/gcc/arm-none-eabi/4.8.2/../../../arm-none-eabi/lib/armv7-m/libnosys.a(sbrk.o)
