Archive member included because of file (symbol)

/usr/lib/gcc/arm-none-eabi/4.8.2/../../../arm-none-eabi/lib/armv7-m/libc.a(lib_a-atexit.o)
                              /usr/lib/gcc/arm-none-eabi/4.8.2/../../../arm-none-eabi/lib/armv7-m/crt0.o (atexit)
/usr/lib/gcc/arm-none-eabi/4.8.2/../../../arm-none-eabi/lib/armv7-m/libc.a(lib_a-exit.o)
                              /usr/lib/gcc/arm-none-eabi/4.8.2/../../../arm-none-eabi/lib/armv7-m/crt0.o (exit)
/usr/lib/gcc/arm-none-eabi/4.8.2/../../../arm-none-eabi/lib/armv7-m/libc.a(lib_a-fini.o)
                              /usr/lib/gcc/arm-none-eabi/4.8.2/../../../arm-none-eabi/lib/armv7-m/crt0.o (__libc_fini_array)
/usr/lib/gcc/arm-none-eabi/4.8.2/../../../arm-none-eabi/lib/armv7-m/libc.a(lib_a-impure.o)
                              /usr/lib/gcc/arm-none-eabi/4.8.2/../../../arm-none-eabi/lib/armv7-m/libc.a(lib_a-exit.o) (_global_impure_ptr)
/usr/lib/gcc/arm-none-eabi/4.8.2/../../../arm-none-eabi/lib/armv7-m/libc.a(lib_a-init.o)
                              /usr/lib/gcc/arm-none-eabi/4.8.2/../../../arm-none-eabi/lib/armv7-m/crt0.o (__libc_init_array)
/usr/lib/gcc/arm-none-eabi/4.8.2/../../../arm-none-eabi/lib/armv7-m/libc.a(lib_a-memset.o)
                              /usr/lib/gcc/arm-none-eabi/4.8.2/../../../arm-none-eabi/lib/armv7-m/crt0.o (memset)
/usr/lib/gcc/arm-none-eabi/4.8.2/../../../arm-none-eabi/lib/armv7-m/libc.a(lib_a-__atexit.o)
                              /usr/lib/gcc/arm-none-eabi/4.8.2/../../../arm-none-eabi/lib/armv7-m/libc.a(lib_a-atexit.o) (__register_exitproc)
/usr/lib/gcc/arm-none-eabi/4.8.2/../../../arm-none-eabi/lib/armv7-m/libc.a(lib_a-__call_atexit.o)
                              /usr/lib/gcc/arm-none-eabi/4.8.2/../../../arm-none-eabi/lib/armv7-m/libc.a(lib_a-exit.o) (__call_exitprocs)
/usr/lib/gcc/arm-none-eabi/4.8.2/armv7-m/libgcc.a(_ashldi3.o)
                              bluetooth_rxtx.o (__aeabi_llsl)
/usr/lib/gcc/arm-none-eabi/4.8.2/../../../arm-none-eabi/lib/armv7-m/libc.a(lib_a-malloc.o)
                              bluetooth_rxtx.o (malloc)
/usr/lib/gcc/arm-none-eabi/4.8.2/../../../arm-none-eabi/lib/armv7-m/libc.a(lib_a-mallocr.o)
                              /usr/lib/gcc/arm-none-eabi/4.8.2/../../../arm-none-eabi/lib/armv7-m/libc.a(lib_a-malloc.o) (_malloc_r)
/usr/lib/gcc/arm-none-eabi/4.8.2/../../../arm-none-eabi/lib/armv7-m/libc.a(lib_a-memcmp.o)
                              bluetooth_rxtx.o (memcmp)
/usr/lib/gcc/arm-none-eabi/4.8.2/../../../arm-none-eabi/lib/armv7-m/libc.a(lib_a-memcpy.o)
                              bluetooth_rxtx.o (memcpy)
/usr/lib/gcc/arm-none-eabi/4.8.2/../../../arm-none-eabi/lib/armv7-m/libc.a(lib_a-mlock.o)
                              /usr/lib/gcc/arm-none-eabi/4.8.2/../../../arm-none-eabi/lib/armv7-m/libc.a(lib_a-mallocr.o) (__malloc_lock)
/usr/lib/gcc/arm-none-eabi/4.8.2/../../../arm-none-eabi/lib/armv7-m/libc.a(lib_a-sbrkr.o)
                              /usr/lib/gcc/arm-none-eabi/4.8.2/../../../arm-none-eabi/lib/armv7-m/libc.a(lib_a-mallocr.o) (_sbrk_r)
/usr/lib/gcc/arm-none-eabi/4.8.2/../../../arm-none-eabi/lib/armv7-m/libc.a(lib_a-strlen.o)
                              bluetooth_rxtx.o (strlen)
/usr/lib/gcc/arm-none-eabi/4.8.2/../../../arm-none-eabi/lib/armv7-m/libc.a(lib_a-freer.o)
                              /usr/lib/gcc/arm-none-eabi/4.8.2/../../../arm-none-eabi/lib/armv7-m/libc.a(lib_a-malloc.o) (_free_r)
/usr/lib/gcc/arm-none-eabi/4.8.2/../../../arm-none-eabi/lib/armv7-m/libc.a(lib_a-reent.o)
                              /usr/lib/gcc/arm-none-eabi/4.8.2/../../../arm-none-eabi/lib/armv7-m/libc.a(lib_a-sbrkr.o) (errno)
/usr/lib/gcc/arm-none-eabi/4.8.2/../../../arm-none-eabi/lib/armv7-m/libnosys.a(sbrk.o)
                              /usr/lib/gcc/arm-none-eabi/4.8.2/../../../arm-none-eabi/lib/armv7-m/libc.a(lib_a-sbrkr.o) (_sbrk)
/usr/lib/gcc/arm-none-eabi/4.8.2/../../../arm-none-eabi/lib/armv7-m/libnosys.a(_exit.o)
                              /usr/lib/gcc/arm-none-eabi/4.8.2/../../../arm-none-eabi/lib/armv7-m/libc.a(lib_a-exit.o) (_exit)

Allocating common symbols
Common symbol       size              file

last_hop            0x4               bluetooth_rxtx.o
b                   0x1               bluetooth.o
rx_tc               0x4               bluetooth_rxtx.o
rssi_max            0x1               bluetooth_rxtx.o
used_channels       0x1               bluetooth_rxtx.o
le_dma_lli          0xb0              ubertooth_dma.o
rssi_min            0x1               bluetooth_rxtx.o
errno               0x4               /usr/lib/gcc/arm-none-eabi/4.8.2/../../../arm-none-eabi/lib/armv7-m/libc.a(lib_a-reent.o)
afh_map             0xa               bluetooth_rxtx.o
d1                  0x2               bluetooth.o
clkn_offset         0x4               bluetooth_rxtx.o
rx_dma_lli2         0x10              ubertooth_dma.o
afh_bank            0x4f              bluetooth.o
a1                  0x1               bluetooth.o
clkn_last_drift_fix
[...]
Memory Configuration

Name             Origin             Length             Attributes
rom              0x0000000000004000 0x000000000001c000 xr
ram              0x0000000010000000 0x0000000000004000 xrw
*default*        0x0000000000000000 0xffffffffffffffff

Linker script and memory map

LOAD /usr/lib/gcc/arm-none-eabi/4.8.2/armv7-m/crti.o
LOAD /usr/lib/gcc/arm-none-eabi/4.8.2/armv7-m/crtbegin.o
LOAD /usr/lib/gcc/arm-none-eabi/4.8.2/../../../arm-none-eabi/lib/armv7-m/crt0.o
START GROUP
LOAD /usr/lib/gcc/arm-none-eabi/4.8.2/../../../arm-none-eabi/lib/armv7-m/libc.a
LOAD /usr/lib/gcc/arm-none-eabi/4.8.2/../../../arm-none-eabi/lib/armv7-m/libg.a
LOAD /usr/lib/gcc/arm-none-eabi/4.8.2/armv7-m/libgcc.a
LOAD /usr/lib/gcc/arm-none-eabi/4.8.2/../../../arm-none-eabi/lib/armv7-m/libm.a
END GROUP
LOAD bluetooth_rxtx.o
LOAD bluetooth.o
LOAD bluetooth_le.o
LOAD ubertooth_usb.o
LOAD ubertooth_rssi.o
LOAD ubertooth_cs.o
LOAD ubertooth_clock.o
LOAD ubertooth_dma.o
LOAD cc2400_rangetest.o
LOAD ego.o
LOAD ../common/usb_serial.o
LOAD ../common/serial_fifo.o
LOAD ../common/LPC17xx_Startup.o
LOAD ../common/LPC17xx_Interrupts.o
LOAD ../common/ubertooth.o
LOAD ../common/lpcusb/target/usbcontrol.o
LOAD ../common/lpcusb/target/usbinit.o
LOAD ../common/lpcusb/target/usbhw_lpc.o
LOAD ../common/lpcusb/target/usbstdreq.o
START GROUP
LOAD /usr/lib/gcc/arm-none-eabi/4.8.2/armv7-m/libgcc.a
LOAD /usr/lib/gcc/arm-none-eabi/4.8.2/../../../arm-none-eabi/lib/armv7-m/libc.a
END GROUP
LOAD /usr/lib/gcc/arm-none-eabi/4.8.2/armv7-m/crtend.o
LOAD /usr/lib/gcc/arm-none-eabi/4.8.2/armv7-m/crtn.o
START GROUP
LOAD /usr/lib/gcc/arm-none-eabi/4.8.2/armv7-m/libgcc.a
LOAD /usr/lib/gcc/arm-none-eabi/4.8.2/../../../arm-none-eabi/lib/armv7-m/libc.a
LOAD /usr/lib/gcc/arm-none-eabi/4.8.2/../../../arm-none-eabi/lib/armv7-m/libm.a
LOAD /usr/lib/gcc/arm-none-eabi/4.8.2/../../../arm-none-eabi/lib/armv7-m/libnosys.a
END GROUP

.text           0x0000000000004000     0x6648
                0x0000000000004000                . = ALIGN (0x400)
                0x0000000000004000                _interrupt_vector_table = .
 *(.irq_handler_table)
 .irq_handler_table
                0x0000000000004000       0xcc ../common/LPC17xx_Interrupts.o
                0x0000000000004000                _NVIC_Handler_Functions
 *(.text .text.* .gnu.linkonce.t.*)
 .text          0x00000000000040cc       0xc8 /usr/lib/gcc/arm-none-eabi/4.8.2/armv7-m/crtbegin.o
 .text.atexit   0x0000000000004194        0xc /usr/lib/gcc/arm-none-eabi/4.8.2/../../../arm-none-eabi/lib/armv7-m/libc.a(lib_a-atexit.o)
                0x0000000000004194                atexit
 .text.__libc_fini_array
                0x00000000000041a0       0x34 /usr/lib/gcc/arm-none-eabi/4.8.2/../../../arm-none-eabi/lib/armv7-m/libc.a(lib_a-fini.o)
                0x00000000000041a0                __libc_fini_array
 .text.__libc_init_array
                0x00000000000041d4       0x5c /usr/lib/gcc/arm-none-eabi/4.8.2/../../../arm-none-eabi/lib/armv7-m/libc.a(lib_a-init.o)
                0x00000000000041d4                __libc_init_array
 .text.memset   0x0000000000004230       0x94 /usr/lib/gcc/arm-none-eabi/4.8.2/../../../arm-none-eabi/lib/armv7-m/libc.a(lib_a-memset.o)
                0x0000000000004230                memset
 .text.__register_exitproc
                0x00000000000042c4       0xac /usr/lib/gcc/arm-none-eabi/4.8.2/../../../arm-none-eabi/lib/armv7-m/libc.a(lib_a-__atexit.o)
                0x00000000000042c4                __register_exitproc
 .text.startup.register_fini
                0x0000000000004370       0x18 /usr/lib/gcc/arm-none-eabi/4.8.2/../../../arm-none-eabi/lib/armv7-m/libc.a(lib_a-__call_atexit.o)
 .text.reverse8
                0x0000000000004388       0x22 bluetooth_rxtx.o
 *fill*         0x00000000000043aa        0x2 
 .text.cc2400_rx
                0x00000000000043ac       0xa4 bluetooth_rxtx.o
 .text.cc2400_rx_sync
                0x0000000000004450       0xb8 bluetooth_rxtx.o
 .text.enqueue  0x0000000000004508       0x9c bluetooth_rxtx.o
 .text.le_set_access_address
                0x00000000000045a4       0x18 bluetooth_rxtx.o
 .text.cc2400_idle
                0x00000000000045bc       0xac bluetooth_rxtx.o
 .text.cb_follow_le
                0x0000000000004668      0x104 bluetooth_rxtx.o
                0x0000000000004668                cb_follow_le
 .text.connection_follow_cb
                0x000000000000476c      0x170 bluetooth_rxtx.o
                0x000000000000476c                connection_follow_cb
 .text.vendor_request_handler
                0x00000000000048dc      0x720 bluetooth_rxtx.o
 .text.enqueue_with_ts
                0x0000000000004ffc       0x58 bluetooth_rxtx.o
                0x0000000000004ffc                enqueue_with_ts
 .text.TIMER0_IRQHandler
                0x0000000000005054      0x140 bluetooth_rxtx.o
                0x0000000000005054                TIMER0_IRQHandler
 .text.EINT3_IRQHandler
                0x0000000000005194       0x34 bluetooth_rxtx.o
                0x0000000000005194                EINT3_IRQHandler
 .text.DMA_IRQHandler
                0x00000000000051c8      0x114 bluetooth_rxtx.o
                0x00000000000051c8                DMA_IRQHandler
 .text.le_transmit
                0x00000000000052dc      0x1b0 bluetooth_rxtx.o
                0x00000000000052dc                le_transmit
 .text.le_jam   0x000000000000548c       0x78 bluetooth_rxtx.o
                0x000000000000548c                le_jam
 .text.hop      0x0000000000005504      0x1a0 bluetooth_rxtx.o
                0x0000000000005504                hop
 .text.bt_stream_rx
                0x00000000000056a4      0x15c bluetooth_rxtx.o
                0x00000000000056a4                bt_stream_rx
 .text.br_transmit
                0x0000000000005800      0x280 bluetooth_rxtx.o
                0x0000000000005800                br_transmit
 .text.reset_le
                0x0000000000005a80       0x54 bluetooth_rxtx.o
                0x0000000000005a80                reset_le
 .text.reset_le_promisc
                0x0000000000005ad4       0x20 bluetooth_rxtx.o
                0x0000000000005ad4                reset_le_promisc
 .text.bt_generic_le
                0x0000000000005af4      0x1e4 bluetooth_rxtx.o
                0x0000000000005af4                bt_generic_le
 .text.bt_le_sync
                0x0000000000005cd8      0x3d8 bluetooth_rxtx.o
                0x0000000000005cd8                bt_le_sync
 .text.bt_le_sync_cfo
                0x00000000000060b0      0x48c bluetooth_rxtx.o
                0x00000000000060b0                bt_le_sync_cfo
 .text.bt_follow_le
                0x000000000000653c       0x20 bluetooth_rxtx.o
                0x000000000000653c                bt_follow_le
 .text.bt_tracking_le
                0x000000000000655c       0x20 bluetooth_rxtx.o
                0x000000000000655c                bt_tracking_le
 .text.le_promisc_state
                0x000000000000657c       0x36 bluetooth_rxtx.o
                0x000000000000657c                le_promisc_state
 *fill*         0x00000000000065b2        0x2 
 .text.promisc_recover_hop_increment
                0x00000000000065b4       0xe0 bluetooth_rxtx.o
                0x00000000000065b4                promisc_recover_hop_increment
 .text.promisc_recover_hop_interval
                0x0000000000006694       0xb4 bluetooth_rxtx.o
                0x0000000000006694                promisc_recover_hop_interval
 .text.promisc_follow_cb
                0x0000000000006748       0x74 bluetooth_rxtx.o
                0x0000000000006748                promisc_follow_cb
 .text.see_aa   0x00000000000067bc       0x5c bluetooth_rxtx.o
                0x00000000000067bc                see_aa
 .text.cb_le_promisc
                0x0000000000006818      0x1a0 bluetooth_rxtx.o
                0x0000000000006818                cb_le_promisc
 .text.bt_promisc_le
                0x00000000000069b8       0x70 bluetooth_rxtx.o
                0x00000000000069b8                bt_promisc_le
 .text.bt_slave_le
                0x0000000000006a28      0x26c bluetooth_rxtx.o
                0x0000000000006a28                bt_slave_le
 .text.rx_generic_sync
                0x0000000000006c94       0xa0 bluetooth_rxtx.o
                0x0000000000006c94                rx_generic_sync
 .text.rx_generic
                0x0000000000006d34       0x20 bluetooth_rxtx.o
                0x0000000000006d34                rx_generic
 .text.tx_generic
                0x0000000000006d54       0xf4 bluetooth_rxtx.o
                0x0000000000006d54                tx_generic
 .text.specan   0x0000000000006e48      0x114 bluetooth_rxtx.o
                0x0000000000006e48                specan
 .text.led_specan
                0x0000000000006f5c      0x130 bluetooth_rxtx.o
                0x0000000000006f5c                led_specan
 .text.startup.main
                0x000000000000708c      0x180 bluetooth_rxtx.o
                0x000000000000708c                main
 .text.precalc  0x000000000000720c      0x138 bluetooth.o
                0x000000000000720c                precalc
 .text.next_hop
                0x0000000000007344      0x13c bluetooth.o
                0x0000000000007344                next_hop
 .text.btle_channel_index
                0x0000000000007480       0x26 bluetooth_le.o
                0x0000000000007480                btle_channel_index
 .text.btle_channel_index_to_phys
                0x00000000000074a6       0x30 bluetooth_le.o
                0x00000000000074a6                btle_channel_index_to_phys
 .text.btle_next_hop
                0x00000000000074d6       0x1e bluetooth_le.o
                0x00000000000074d6                btle_next_hop
 .text.btle_calc_crc
                0x00000000000074f4       0x38 bluetooth_le.o
                0x00000000000074f4                btle_calc_crc
 .text.btle_reverse_crc
                0x000000000000752c       0x52 bluetooth_le.o
                0x000000000000752c                btle_reverse_crc
 *fill*         0x000000000000757e        0x2 
 .text.btle_crcgen_lut
                0x0000000000007580       0x28 bluetooth_le.o
                0x0000000000007580                btle_crcgen_lut
 .text.usb_vendor_request_handler
                0x00000000000075a8       0x2c ubertooth_usb.o
                0x00000000000075a8                usb_vendor_request_handler
 .text.set_serial_descriptor
                0x00000000000075d4       0x54 ubertooth_usb.o
                0x00000000000075d4                set_serial_descriptor
 .text.ubertooth_usb_init
                0x0000000000007628       0x4c ubertooth_usb.o
                0x0000000000007628                ubertooth_usb_init
 .text.queue_init
                0x0000000000007674       0x1c ubertooth_usb.o
                0x0000000000007674                queue_init
 .text.usb_enqueue
                0x0000000000007690       0x34 ubertooth_usb.o
                0x0000000000007690                usb_enqueue
 .text.usb_enqueue_time
                0x00000000000076c4       0x34 ubertooth_usb.o
                0x00000000000076c4                usb_enqueue_time
 .text.dequeue  0x00000000000076f8       0x2c ubertooth_usb.o
                0x00000000000076f8                dequeue
 .text.dequeue_send
                0x0000000000007724       0x48 ubertooth_usb.o
                0x0000000000007724                dequeue_send
 .text.handle_usb
                0x000000000000776c       0x28 ubertooth_usb.o
                0x000000000000776c                handle_usb
 .text.rssi_reset
                0x0000000000007794       0x38 ubertooth_rssi.o
                0x0000000000007794                rssi_reset
 .text.rssi_add
                0x00000000000077cc       0x40 ubertooth_rssi.o
                0x00000000000077cc                rssi_add
 .text.rssi_iir_update
                0x000000000000780c       0x50 ubertooth_rssi.o
                0x000000000000780c                rssi_iir_update
 .text.rssi_get_avg
                0x000000000000785c       0x28 ubertooth_rssi.o
                0x000000000000785c                rssi_get_avg
 .text.cs_threshold_calc_and_set
                0x0000000000007884       0x64 ubertooth_cs.o
                0x0000000000007884                cs_threshold_calc_and_set
 .text.cs_trigger_enable
                0x00000000000078e8       0x2c ubertooth_cs.o
                0x00000000000078e8                cs_trigger_enable
 .text.cs_trigger_disable
                0x0000000000007914       0x2c ubertooth_cs.o
                0x0000000000007914                cs_trigger_disable
 .text.cs_reset
                0x0000000000007940       0x24 ubertooth_cs.o
                0x0000000000007940                cs_reset
 .text.clkn_stop
                0x0000000000007964       0x50 ubertooth_clock.o
                0x0000000000007964                clkn_stop
 .text.clkn_start
                0x00000000000079b4        0xc ubertooth_clock.o
                0x00000000000079b4                clkn_start
 .text.clkn_init
                0x00000000000079c0       0x28 ubertooth_clock.o
                0x00000000000079c0                clkn_init
 .text.dma_disable
                0x00000000000079e8       0x7c ubertooth_dma.o
 .text.dma_init
                0x0000000000007a64       0x7c ubertooth_dma.o
                0x0000000000007a64                dma_init
 .text.dma_init_le
                0x0000000000007ae0       0x90 ubertooth_dma.o
                0x0000000000007ae0                dma_init_le
 .text.dio_ssp_start
                0x0000000000007b70       0x4c ubertooth_dma.o
                0x0000000000007b70                dio_ssp_start
 .text.dio_ssp_stop
                0x0000000000007bbc       0x2c ubertooth_dma.o
                0x0000000000007bbc                dio_ssp_stop
 .text.cc2400_rangetest
                0x0000000000007be8      0x288 cc2400_rangetest.o
                0x0000000000007be8                cc2400_rangetest
 .text.cc2400_repeater
                0x0000000000007e70      0x170 cc2400_rangetest.o
                0x0000000000007e70                cc2400_repeater
 .text.cc2400_txtest
                0x0000000000007fe0       0x78 cc2400_rangetest.o
                0x0000000000007fe0                cc2400_txtest
 .text.ssp_stop
                0x0000000000008058       0x1c ego.o
 .text.do_rx    0x0000000000008074       0x20 ego.o
 .text.sleep_ms
                0x0000000000008094       0x2c ego.o
 .text.sleep_elapsed
                0x00000000000080c0       0x38 ego.o
 .text.nop_state
                0x00000000000080f8        0x2 ego.o
 *fill*         0x00000000000080fa        0x2 
 .text.init_state
                0x00000000000080fc       0x18 ego.o
 .text.continuous_init_state
                0x0000000000008114        0x6 ego.o
 *fill*         0x000000000000811a        0x2 
 .text.start_rf_state
                0x000000000000811c       0xb8 ego.o
 .text.start_jamming_state
                0x00000000000081d4       0xa4 ego.o
 .text.sleep_state
                0x0000000000008278       0x48 ego.o
 .text.jam_sleep_state
                0x00000000000082c0       0x20 ego.o
 .text.jamming_state
                0x00000000000082e0       0x60 ego.o
                0x00000000000082e0                jamming_state
 .text.continuous_cap_state
                0x0000000000008340       0x7c ego.o
 .text.jam_cap_state
                0x00000000000083bc       0x64 ego.o
 .text.cap_state
                0x0000000000008420       0x90 ego.o
 .text.ego_main
                0x00000000000084b0       0x7c ego.o
                0x00000000000084b0                ego_main
 .text.USB_IRQHandler
                0x000000000000852c        0x4 ../common/usb_serial.o
                0x000000000000852c                USB_IRQHandler
 .text.Reset_Handler
                0x0000000000008530       0x54 ../common/LPC17xx_Startup.o
                0x0000000000008530                Reset_Handler
 .text.Default_Handler
                0x0000000000008584        0x2 ../common/LPC17xx_Interrupts.o
                0x0000000000008584                TIMER2_IRQHandler
                0x0000000000008584                DebugMon_Handler
                0x0000000000008584                RIT_IRQHandler
                0x0000000000008584                I2C0_IRQHandler
                0x0000000000008584                HardFault_Handler
                0x0000000000008584                SysTick_Handler
                0x0000000000008584                PWM1_IRQHandler
                0x0000000000008584                PendSV_Handler
                0x0000000000008584                NMI_Handler
                0x0000000000008584                I2C1_IRQHandler
                0x0000000000008584                EINT2_IRQHandler
                0x0000000000008584                UART1_IRQHandler
                0x0000000000008584                TIMER3_IRQHandler
                0x0000000000008584                UART0_IRQHandler
                0x0000000000008584                MemManagement_Handler
                0x0000000000008584                UsageFault_Handler
                0x0000000000008584                PLL0_IRQHandler
                0x0000000000008584                CAN_IRQHandler
                0x0000000000008584                PLL1_IRQHandler
                0x0000000000008584                SSP0_IRQHandler
                0x0000000000008584                I2S_IRQHandler
                0x0000000000008584                I2C2_IRQHandler
                0x0000000000008584                RTC_IRQHandler
                0x0000000000008584                SPI_IRQHandler
                0x0000000000008584                EINT1_IRQHandler
                0x0000000000008584                TIMER1_IRQHandler
                0x0000000000008584                UART2_IRQHandler
                0x0000000000008584                ADC_IRQHandler
                0x0000000000008584                SSP1_IRQHandler
                0x0000000000008584                BOD_IRQHandler
                0x0000000000008584                WDT_IRQHandler
                0x0000000000008584                SVC_Handler
                0x0000000000008584                QEI_IRQHandler
                0x0000000000008584                EINT0_IRQHandler
                0x0000000000008584                USBACT_IRQHandler
                0x0000000000008584                CANACT_IRQHandler
                0x0000000000008584                BusFault_Handler
                0x0000000000008584                UART3_IRQHandler
                0x0000000000008584                MCPWM_IRQHandler
                0x0000000000008584                ENET_IRQHandler
 *fill*         0x0000000000008586        0x2 
 .text.spi_delay
                0x0000000000008588       0x18 ../common/ubertooth.o
 .text.rbit     0x00000000000085a0        0x6 ../common/ubertooth.o
                0x00000000000085a0                rbit
 *fill*         0x00000000000085a6        0x2 
 .text.wait_us  0x00000000000085a8       0x2c ../common/ubertooth.o
                0x00000000000085a8                wait_us
 .text.wait     0x00000000000085d4        0xc ../common/ubertooth.o
                0x00000000000085d4                wait
 .text.all_pins_off
                0x00000000000085e0       0x54 ../common/ubertooth.o
                0x00000000000085e0                all_pins_off
 .text.gpio_init
                0x0000000000008634       0x34 ../common/ubertooth.o
                0x0000000000008634                gpio_init
 .text.dio_ssp_init
                0x0000000000008668       0x54 ../common/ubertooth.o
                0x0000000000008668                dio_ssp_init
 .text.atest_init
                0x00000000000086bc       0x34 ../common/ubertooth.o
                0x00000000000086bc                atest_init
 .text.cc2400_spi
                0x00000000000086f0       0x50 ../common/ubertooth.o
                0x00000000000086f0                cc2400_spi
 .text.cc2400_init
                0x0000000000008740       0x38 ../common/ubertooth.o
                0x0000000000008740                cc2400_init
 .text.cc2400_get
                0x0000000000008778       0x12 ../common/ubertooth.o
                0x0000000000008778                cc2400_get
 .text.cc2400_set
                0x000000000000878a        0xa ../common/ubertooth.o
                0x000000000000878a                cc2400_set
 .text.cc2400_get8
                0x0000000000008794       0x12 ../common/ubertooth.o
                0x0000000000008794                cc2400_get8
 .text.cc2400_set8
                0x00000000000087a6        0xa ../common/ubertooth.o
                0x00000000000087a6                cc2400_set8
 .text.cc2400_fifo_write
                0x00000000000087b0       0x90 ../common/ubertooth.o
                0x00000000000087b0                cc2400_fifo_write
 .text.cc2400_fifo_read
                0x0000000000008840       0x90 ../common/ubertooth.o
                0x0000000000008840                cc2400_fifo_read
 .text.cc2400_status
                0x00000000000088d0        0xe ../common/ubertooth.o
                0x00000000000088d0                cc2400_status
 .text.cc2400_strobe
                0x00000000000088de        0xe ../common/ubertooth.o
                0x00000000000088de                cc2400_strobe
 .text.cc2400_reset
                0x00000000000088ec       0x2c ../common/ubertooth.o
                0x00000000000088ec                cc2400_reset
 .text.clock_start
                0x0000000000008918      0x14c ../common/ubertooth.o
                0x0000000000008918                clock_start
 .text.ubertooth_init
                0x0000000000008a64       0x12 ../common/ubertooth.o
                0x0000000000008a64                ubertooth_init
 *fill*         0x0000000000008a76        0x2 
 .text.reset    0x0000000000008a78       0x34 ../common/ubertooth.o
                0x0000000000008a78                reset
 .text.get_part_num
                0x0000000000008aac       0x38 ../common/ubertooth.o
                0x0000000000008aac                get_part_num
 .text.get_device_serial
                0x0000000000008ae4       0x68 ../common/ubertooth.o
                0x0000000000008ae4                get_device_serial
 .text.set_isp  0x0000000000008b4c       0x20 ../common/ubertooth.o
                0x0000000000008b4c                set_isp
 .text.DataIn   0x0000000000008b6c       0x28 ../common/lpcusb/target/usbcontrol.o
 .text._HandleRequest.constprop.1
                0x0000000000008b94       0x50 ../common/lpcusb/target/usbcontrol.o
 .text.USBHandleControlTransfer
                0x0000000000008be4       0xa8 ../common/lpcusb/target/usbcontrol.o
                0x0000000000008be4                USBHandleControlTransfer
 .text.USBRegisterRequestHandler
                0x0000000000008c8c       0x10 ../common/lpcusb/target/usbcontrol.o
                0x0000000000008c8c                USBRegisterRequestHandler
 .text.HandleUsbReset
                0x0000000000008c9c        0x2 ../common/lpcusb/target/usbinit.o
 *fill*         0x0000000000008c9e        0x2 
 .text.USBInit  0x0000000000008ca0       0x4c ../common/lpcusb/target/usbinit.o
                0x0000000000008ca0                USBInit
 .text.Wait4DevInt
                0x0000000000008cec       0x18 ../common/lpcusb/target/usbhw_lpc.o
 .text.USBHwCmd
                0x0000000000008d04       0x18 ../common/lpcusb/target/usbhw_lpc.o
 .text.USBHwCmdWrite
                0x0000000000008d1c       0x20 ../common/lpcusb/target/usbhw_lpc.o
 .text.USBHwEPConfig
                0x0000000000008d3c       0x38 ../common/lpcusb/target/usbhw_lpc.o
                0x0000000000008d3c                USBHwEPConfig
 .text.USBHwRegisterEPIntHandler
                0x0000000000008d74       0x34 ../common/lpcusb/target/usbhw_lpc.o
                0x0000000000008d74                USBHwRegisterEPIntHandler
 .text.USBHwRegisterDevIntHandler
                0x0000000000008da8       0x18 ../common/lpcusb/target/usbhw_lpc.o
                0x0000000000008da8                USBHwRegisterDevIntHandler
 .text.USBHwSetAddress
                0x0000000000008dc0        0xa ../common/lpcusb/target/usbhw_lpc.o
                0x0000000000008dc0                USBHwSetAddress
 .text.USBHwConnect
                0x0000000000008dca        0xc ../common/lpcusb/target/usbhw_lpc.o
                0x0000000000008dca                USBHwConnect
 .text.USBHwNakIntEnable
                0x0000000000008dd6        0x8 ../common/lpcusb/target/usbhw_lpc.o
                0x0000000000008dd6                USBHwNakIntEnable
 *fill*         0x0000000000008dde        0x2 
 .text.USBHwEPGetStatus
                0x0000000000008de0       0x34 ../common/lpcusb/target/usbhw_lpc.o
                0x0000000000008de0                USBHwEPGetStatus
 .text.USBHwEPStall
                0x0000000000008e14       0x18 ../common/lpcusb/target/usbhw_lpc.o
                0x0000000000008e14                USBHwEPStall
 .text.USBHwEPWrite
                0x0000000000008e2c       0x60 ../common/lpcusb/target/usbhw_lpc.o
                0x0000000000008e2c                USBHwEPWrite
 .text.USBHwEPRead
                0x0000000000008e8c       0x6c ../common/lpcusb/target/usbhw_lpc.o
                0x0000000000008e8c                USBHwEPRead
 .text.USBHwConfigDevice
                0x0000000000008ef8        0xc ../common/lpcusb/target/usbhw_lpc.o
                0x0000000000008ef8                USBHwConfigDevice
 .text.USBHwISR
                0x0000000000008f04       0xcc ../common/lpcusb/target/usbhw_lpc.o
                0x0000000000008f04                USBHwISR
 .text.USBHwInit
                0x0000000000008fd0       0xb0 ../common/lpcusb/target/usbhw_lpc.o
                0x0000000000008fd0                USBHwInit
 .text.USBFilterOsVendorMessage
                0x0000000000009080       0x68 ../common/lpcusb/target/usbstdreq.o
                0x0000000000009080                USBFilterOsVendorMessage
 .text.USBRegisterWinusbInterface
                0x00000000000090e8       0x34 ../common/lpcusb/target/usbstdreq.o
                0x00000000000090e8                USBRegisterWinusbInterface
 .text.USBRegisterDescriptors
                0x000000000000911c        0xc ../common/lpcusb/target/usbstdreq.o
                0x000000000000911c                USBRegisterDescriptors
 .text.USBGetDescriptor
                0x0000000000009128       0x58 ../common/lpcusb/target/usbstdreq.o
                0x0000000000009128                USBGetDescriptor
 .text.USBHandleStandardRequest
                0x0000000000009180      0x138 ../common/lpcusb/target/usbstdreq.o
                0x0000000000009180                USBHandleStandardRequest
 .text          0x00000000000092b8       0x18 /usr/lib/gcc/arm-none-eabi/4.8.2/armv7-m/libgcc.a(_ashldi3.o)
                0x00000000000092b8                __ashldi3
                0x00000000000092b8                __aeabi_llsl
 .text.malloc   0x00000000000092d0       0x10 /usr/lib/gcc/arm-none-eabi/4.8.2/../../../arm-none-eabi/lib/armv7-m/libc.a(lib_a-malloc.o)
                0x00000000000092d0                malloc
 .text._malloc_r
                0x00000000000092e0      0x564 /usr/lib/gcc/arm-none-eabi/4.8.2/../../../arm-none-eabi/lib/armv7-m/libc.a(lib_a-mallocr.o)
                0x00000000000092e0                _malloc_r
 .text.memcmp   0x0000000000009844       0x68 /usr/lib/gcc/arm-none-eabi/4.8.2/../../../arm-none-eabi/lib/armv7-m/libc.a(lib_a-memcmp.o)
                0x0000000000009844                memcmp
 .text          0x00000000000098ac       0xec /usr/lib/gcc/arm-none-eabi/4.8.2/../../../arm-none-eabi/lib/armv7-m/libc.a(lib_a-memcpy.o)
                0x00000000000098ac                memcpy
 .text.__malloc_lock
                0x0000000000009998        0x4 /usr/lib/gcc/arm-none-eabi/4.8.2/../../../arm-none-eabi/lib/armv7-m/libc.a(lib_a-mlock.o)
                0x0000000000009998                __malloc_lock
 .text.__malloc_unlock
                0x000000000000999c        0x4 /usr/lib/gcc/arm-none-eabi/4.8.2/../../../arm-none-eabi/lib/armv7-m/libc.a(lib_a-mlock.o)
                0x000000000000999c                __malloc_unlock
 .text._sbrk_r  0x00000000000099a0       0x28 /usr/lib/gcc/arm-none-eabi/4.8.2/../../../arm-none-eabi/lib/armv7-m/libc.a(lib_a-sbrkr.o)
                0x00000000000099a0                _sbrk_r
 .text.strlen   0x00000000000099c8       0x60 /usr/lib/gcc/arm-none-eabi/4.8.2/../../../arm-none-eabi/lib/armv7-m/libc.a(lib_a-strlen.o)
                0x00000000000099c8                strlen
 .text._malloc_trim_r
                0x0000000000009a28       0xa4 /usr/lib/gcc/arm-none-eabi/4.8.2/../../../arm-none-eabi/lib/armv7-m/libc.a(lib_a-freer.o)
                0x0000000000009a28                _malloc_trim_r
 .text._free_r  0x0000000000009acc      0x198 /usr/lib/gcc/arm-none-eabi/4.8.2/../../../arm-none-eabi/lib/armv7-m/libc.a(lib_a-freer.o)
                0x0000000000009acc                _free_r
 .text._sbrk    0x0000000000009c64       0x20 /usr/lib/gcc/arm-none-eabi/4.8.2/../../../arm-none-eabi/lib/armv7-m/libnosys.a(sbrk.o)
                0x0000000000009c64                _sbrk
 *(.rodata .rodata.* .gnu.linkonce.r.*)
 .rodata.str1.4
                0x0000000000009c84        0x4 /usr/lib/gcc/arm-none-eabi/4.8.2/../../../arm-none-eabi/lib/armv7-m/libc.a(lib_a-impure.o)
 .rodata._global_impure_ptr
                0x0000000000009c88        0x4 /usr/lib/gcc/arm-none-eabi/4.8.2/../../../arm-none-eabi/lib/armv7-m/libc.a(lib_a-impure.o)
                0x0000000000009c88                _global_impure_ptr
 .rodata        0x0000000000009c8c      0x8c8 bluetooth_rxtx.o
                0x0000000000009d33                compile_info
 .rodata.str1.1
                0x000000000000a554        0xb bluetooth_rxtx.o
 .rodata        0x000000000000a55f       0x1c bluetooth.o
 .rodata.str1.1
                0x000000000000a57b       0x27 ubertooth_usb.o
 *fill*         0x000000000000a5a2        0x2 
 .rodata        0x000000000000a5a4       0x54 ego.o
 .rodata        0x000000000000a5f8        0x4 ../common/ubertooth.o
                0x000000000000a5f8                iap_entry
 .rodata        0x000000000000a5fc       0x28 ../common/lpcusb/target/usbstdreq.o
 *(.eh_frame_hdr)
 *(.eh_frame)
 .eh_frame      0x000000000000a624        0x0 /usr/lib/gcc/arm-none-eabi/4.8.2/armv7-m/crtbegin.o
                0x000000000000a624                . = ALIGN (0x4)
 *(.init)
 .init          0x000000000000a624        0x4 /usr/lib/gcc/arm-none-eabi/4.8.2/armv7-m/crti.o
                0x000000000000a624                _init
 .init          0x000000000000a628        0x8 /usr/lib/gcc/arm-none-eabi/4.8.2/armv7-m/crtn.o
                0x000000000000a630                . = ALIGN (0x4)
                0x000000000000a630                __preinit_array_start = .
 *(.preinit_array)
                0x000000000000a630                __preinit_array_end = .
                0x000000000000a630                . = ALIGN (0x4)
                0x000000000000a630                __init_array_start = .
 *(SORT(.init_array.*))
 .init_array.00000
                0x000000000000a630        0x4 /usr/lib/gcc/arm-none-eabi/4.8.2/../../../arm-none-eabi/lib/armv7-m/libc.a(lib_a-__call_atexit.o)
 *(.init_array)
 .init_array    0x000000000000a634        0x4 /usr/lib/gcc/arm-none-eabi/4.8.2/armv7-m/crtbegin.o
                0x000000000000a638                __init_array_end = .
                0x000000000000a638                . = ALIGN (0x4)
 *crtbegin.o(.ctors)
 *(EXCLUDE_FILE(*crtend.o) .ctors)
 *(SORT(.ctors.*))
 *crtend.o(.ctors)
                0x000000000000a638                . = ALIGN (0x4)
 *(.fini)
 .fini          0x000000000000a638        0x4 /usr/lib/gcc/arm-none-eabi/4.8.2/armv7-m/crti.o
                0x000000000000a638                _fini
 .fini          0x000000000000a63c        0x8 /usr/lib/gcc/arm-none-eabi/4.8.2/armv7-m/crtn.o
                0x000000000000a644                . = ALIGN (0x4)
                0x000000000000a644                __fini_array_start = .
 *(.fini_array)
 .fini_array    0x000000000000a644        0x4 /usr/lib/gcc/arm-none-eabi/4.8.2/armv7-m/crtbegin.o
 *(SORT(.fini_array.*))
                0x000000000000a648                __fini_array_end = .
 *crtbegin.o(.dtors)
 *(EXCLUDE_FILE(*crtend.o) .dtors)
 *(SORT(.dtors.*))
 *crtend.o(.dtors)
                0x000000000000a648                . = ALIGN (0x8)
                0x000000000000a648                _etext = .

.glue_7         0x000000000000a648        0x0
 .glue_7        0x0000000000000000        0x0 linker stubs

.glue_7t        0x000000000000a648        0x0
 .glue_7t       0x0000000000000000        0x0 linker stubs

.vfp11_veneer   0x000000000000a648        0x0
 .vfp11_veneer  0x0000000000000000        0x0 linker stubs

.v4_bx          0x000000000000a648        0x0
 .v4_bx         0x0000000000000000        0x0 linker stubs

.iplt           0x000000000000a648        0x0
 .iplt          0x0000000000000000        0x0 /usr/lib/gcc/arm-none-eabi/4.8.2/armv7-m/crtbegin.o

.rel.dyn        0x000000000000a648        0x0
 .rel.iplt      0x0000000000000000        0x0 /usr/lib/gcc/arm-none-eabi/4.8.2/armv7-m/crtbegin.o

.ARM.extab
 *(.ARM.extab* .gnu.linkonce.armextab.*)
                0x000000000000a648                __exidx_start = .

.ARM.exidx
 *(.ARM.exidx* .gnu.linkonce.armexidx.*)
                0x000000000000a648                __exidx_end = .
                0x000000000000a648                _etext = .

.persistent     0x0000000010000000       0x20
                0x0000000010000000                _persistent_start = .
                0x0000000010000020                . = (. + 0x20)
 *fill*         0x0000000010000000       0x20 
                0x0000000010000020                _persistent_end = .
                0x000000001000001c                bootloader_ctrl = (_persistent_start + 0x1c)

.data           0x0000000010000020      0xdf4 load address 0x000000000000a648
                0x0000000010000020                _data = .
 *(vtable)
 *(.data*)
 .data.impure_data
                0x0000000010000020      0x428 /usr/lib/gcc/arm-none-eabi/4.8.2/../../../arm-none-eabi/lib/armv7-m/libc.a(lib_a-impure.o)
 .data._impure_ptr
                0x0000000010000448        0x4 /usr/lib/gcc/arm-none-eabi/4.8.2/../../../arm-none-eabi/lib/armv7-m/libc.a(lib_a-impure.o)
                0x0000000010000448                _impure_ptr
 .data          0x000000001000044c       0x54 bluetooth_rxtx.o
                0x000000001000044c                channel
                0x0000000010000450                le
                0x0000000010000494                hop_timeout
                0x0000000010000496                le_adv_channel
                0x0000000010000498                low_freq
                0x000000001000049a                high_freq
                0x000000001000049c                rssi_threshold
 .data          0x00000000100004a0      0x400 bluetooth_le.o
                0x00000000100004a0                btle_crc_lut
 .data          0x00000000100008a0       0xbd ubertooth_usb.o
 .data          0x000000001000095d       0xa4 ../common/lpcusb/target/usbstdreq.o
 *fill*         0x0000000010000a01        0x3 
 .data.__malloc_av_
                0x0000000010000a04      0x408 /usr/lib/gcc/arm-none-eabi/4.8.2/../../../arm-none-eabi/lib/armv7-m/libc.a(lib_a-mallocr.o)
                0x0000000010000a04                __malloc_av_
 .data.__malloc_trim_threshold
                0x0000000010000e0c        0x4 /usr/lib/gcc/arm-none-eabi/4.8.2/../../../arm-none-eabi/lib/armv7-m/libc.a(lib_a-mallocr.o)
                0x0000000010000e0c                __malloc_trim_threshold
 .data.__malloc_sbrk_base
                0x0000000010000e10        0x4 /usr/lib/gcc/arm-none-eabi/4.8.2/../../../arm-none-eabi/lib/armv7-m/libc.a(lib_a-mallocr.o)
                0x0000000010000e10                __malloc_sbrk_base
                0x0000000010000e14                _edata = .

.jcr            0x0000000010000e14        0x0 load address 0x000000000000b43c
 .jcr           0x0000000010000e14        0x0 /usr/lib/gcc/arm-none-eabi/4.8.2/armv7-m/crtbegin.o

.tm_clone_table
                0x0000000010000e14        0x0 load address 0x000000000000b43c
 .tm_clone_table
                0x0000000010000e14        0x0 /usr/lib/gcc/arm-none-eabi/4.8.2/armv7-m/crtbegin.o
 .tm_clone_table
                0x0000000010000e14        0x0 /usr/lib/gcc/arm-none-eabi/4.8.2/armv7-m/crtend.o

.igot.plt       0x0000000010000e14        0x0 load address 0x000000000000b43c
 .igot.plt      0x0000000000000000        0x0 /usr/lib/gcc/arm-none-eabi/4.8.2/armv7-m/crtbegin.o

.bss            0x0000000010000e18     0x29e0 load address 0x000000000000b43c
                0x0000000010000e18                _bss = .
                0x0000000010000e18                __bss_start__ = .
 *(.bss*)
 .bss           0x0000000010000e18       0x1c /usr/lib/gcc/arm-none-eabi/4.8.2/armv7-m/crtbegin.o
 .bss           0x0000000010000e34       0x80 bluetooth_rxtx.o
                0x0000000010000e34                modulation
                0x0000000010000e35                status
                0x0000000010000e36                idle_buf_clkn_high
                0x0000000010000e38                idle_buf_clk100ns
                0x0000000010000e3c                idle_buf_channel
                0x0000000010000e3e                hop_mode
                0x0000000010000e3f                do_hop
                0x0000000010000e40                hop_direct_channel
                0x0000000010000e42                requested_channel
                0x0000000010000e44                dma_discard
                0x0000000010000e45                mode
                0x0000000010000e46                requested_mode
                0x0000000010000e47                jam_mode
                0x0000000010000e48                ego_mode
                0x0000000010000e4c                packet_cb
                0x0000000010000e50                le_jam_count
                0x0000000010000e54                dlen
                0x0000000010000e58                slave_mac_address
                0x0000000010000e60                data_cb
                0x0000000010000e68                cfo_time
 .bss           0x0000000010000eb4        0xc ubertooth_usb.o
                0x0000000010000eb4                head
                0x0000000010000eb8                tail
                0x0000000010000ebc                last_usb_pkt
 .bss           0x0000000010000ec0       0x9e ubertooth_rssi.o
                0x0000000010000ec0                rssi_iir
 *fill*         0x0000000010000f5e        0x2 
 .bss           0x0000000010000f60        0x8 ../common/ubertooth.o
 .bss           0x0000000010000f68       0x34 ../common/lpcusb/target/usbcontrol.o
 .bss           0x0000000010000f9c        0x8 ../common/lpcusb/target/usbinit.o
 .bss           0x0000000010000fa4       0x48 ../common/lpcusb/target/usbhw_lpc.o
 .bss           0x0000000010000fec       0x10 ../common/lpcusb/target/usbstdreq.o
 .bss.__malloc_max_total_mem
                0x0000000010000ffc        0x4 /usr/lib/gcc/arm-none-eabi/4.8.2/../../../arm-none-eabi/lib/armv7-m/libc.a(lib_a-mallocr.o)
                0x0000000010000ffc                __malloc_max_total_mem
 .bss.__malloc_max_sbrked_mem
                0x0000000010001000        0x4 /usr/lib/gcc/arm-none-eabi/4.8.2/../../../arm-none-eabi/lib/armv7-m/libc.a(lib_a-mallocr.o)
                0x0000000010001000                __malloc_max_sbrked_mem
 .bss.__malloc_top_pad
                0x0000000010001004        0x4 /usr/lib/gcc/arm-none-eabi/4.8.2/../../../arm-none-eabi/lib/armv7-m/libc.a(lib_a-mallocr.o)
                0x0000000010001004                __malloc_top_pad
 .bss.__malloc_current_mallinfo
                0x0000000010001008       0x28 /usr/lib/gcc/arm-none-eabi/4.8.2/../../../arm-none-eabi/lib/armv7-m/libc.a(lib_a-mallocr.o)
                0x0000000010001008                __malloc_current_mallinfo
 .bss.heap_end.4061
                0x0000000010001030        0x4 /usr/lib/gcc/arm-none-eabi/4.8.2/../../../arm-none-eabi/lib/armv7-m/libnosys.a(sbrk.o)
 *(COMMON)
 *fill*         0x0000000010001034        0x4 
 COMMON         0x0000000010001038      0x538 bluetooth_rxtx.o
                0x0000000010001038                last_hop
                0x000000001000103c                rx_tc
                0x0000000010001040                rssi_max
                0x0000000010001041                used_channels
                0x0000000010001042                rssi_min
                0x0000000010001043                afh_map
                0x0000000010001050                clkn_offset
                0x0000000010001054                clkn_last_drift_fix
                0x0000000010001058                clk_drift_correction
                0x000000001000105c                clkn
                0x0000000010001060                tx_pkt
                0x000000001000109c                active_rxbuf
                0x00000000100010a0                le_promisc
                0x00000000100011a8                cs_no_squelch
                0x00000000100011aa                clk100ns_offset
                0x00000000100011b0                syncword
                0x00000000100011b8                idle_rxbuf
                0x00000000100011bc                unpacked
                0x00000000100014dc                clk_drift_ppm
                0x00000000100014de                rssi_count
                0x00000000100014df                afh_enabled
                0x00000000100014e0                cs_threshold_req
                0x00000000100014e1                rxbuf2
                0x0000000010001514                clkn_next_drift_fix
                0x0000000010001518                slave_mac_address_data
                0x000000001000151c                rr
                0x0000000010001521                rxbuf1
                0x0000000010001554                rx_err
                0x0000000010001558                cs_threshold_cur
                0x0000000010001559                cs_trigger
                0x0000000010001560                target
 COMMON         0x0000000010001570       0xa5 bluetooth.o
                0x0000000010001570                b
                0x0000000010001572                d1
                0x0000000010001574                afh_bank
                0x00000000100015c3                a1
                0x00000000100015c4                c1
                0x00000000100015c5                bank
                0x0000000010001614                e
 *fill*         0x0000000010001615        0x3 
 COMMON         0x0000000010001618     0x2108 ubertooth_usb.o
                0x0000000010001618                fifo
                0x0000000010003618                abVendorReqData
                0x000000001000371c                v_req_handler
 COMMON         0x0000000010003720        0x4 ubertooth_rssi.o
                0x0000000010003720                rssi_sum
 COMMON         0x0000000010003724       0xd0 ubertooth_dma.o
                0x0000000010003724                le_dma_lli
                0x00000000100037d4                rx_dma_lli2
                0x00000000100037e4                rx_dma_lli1
 COMMON         0x00000000100037f4        0x4 /usr/lib/gcc/arm-none-eabi/4.8.2/../../../arm-none-eabi/lib/armv7-m/libc.a(lib_a-reent.o)
                0x00000000100037f4                errno
                0x00000000100037f8                _ebss = .
                0x00000000100037f8                __bss_end__ = .

.cr_heap        0x00000000100037f8        0x0 load address 0x000000000000b43c
                0x00000000100037f8                end = .
                0x00000000100037f8                __end__ = .
                0x00000000100037f8                _pvHeapStart = .
                0x0000000010003fe0                _StackTop = ((ORIGIN (ram) + 0x4000) - 0x20)
OUTPUT(bluetooth_rxtx.elf elf32-littlearm)

.ARM.attributes
                0x0000000000000000       0x29
 .ARM.attributes
                0x0000000000000000       0x1d /usr/lib/gcc/arm-none-eabi/4.8.2/armv7-m/crti.o
 .ARM.attributes
                0x000000000000001d       0x2d /usr/lib/gcc/arm-none-eabi/4.8.2/armv7-m/crtbegin.o
 .ARM.attributes
                0x000000000000004a       0x2d /usr/lib/gcc/arm-none-eabi/4.8.2/../../../arm-none-eabi/lib/armv7-m/libc.a(lib_a-atexit.o)
 .ARM.attributes
                0x0000000000000077       0x2d /usr/lib/gcc/arm-none-eabi/4.8.2/../../../arm-none-eabi/lib/armv7-m/libc.a(lib_a-fini.o)
 .ARM.attributes
                0x00000000000000a4       0x2d /usr/lib/gcc/arm-none-eabi/4.8.2/../../../arm-none-eabi/lib/armv7-m/libc.a(lib_a-impure.o)
 .ARM.attributes
                0x00000000000000d1       0x2d /usr/lib/gcc/arm-none-eabi/4.8.2/../../../arm-none-eabi/lib/armv7-m/libc.a(lib_a-init.o)
 .ARM.attributes
                0x00000000000000fe       0x2d /usr/lib/gcc/arm-none-eabi/4.8.2/../../../arm-none-eabi/lib/armv7-m/libc.a(lib_a-memset.o)
 .ARM.attributes
                0x000000000000012b       0x2d /usr/lib/gcc/arm-none-eabi/4.8.2/../../../arm-none-eabi/lib/armv7-m/libc.a(lib_a-__atexit.o)
 .ARM.attributes
                0x0000000000000158       0x2d /usr/lib/gcc/arm-none-eabi/4.8.2/../../../arm-none-eabi/lib/armv7-m/libc.a(lib_a-__call_atexit.o)
 .ARM.attributes
                0x0000000000000185       0x33 bluetooth_rxtx.o
 .ARM.attributes
                0x00000000000001b8       0x33 bluetooth.o
 .ARM.attributes
                0x00000000000001eb       0x33 bluetooth_le.o
 .ARM.attributes
                0x000000000000021e       0x33 ubertooth_usb.o
 .ARM.attributes
                0x0000000000000251       0x33 ubertooth_rssi.o
 .ARM.attributes
                0x0000000000000284       0x33 ubertooth_cs.o
 .ARM.attributes
                0x00000000000002b7       0x33 ubertooth_clock.o
 .ARM.attributes
                0x00000000000002ea       0x33 ubertooth_dma.o
 .ARM.attributes
                0x000000000000031d       0x33 cc2400_rangetest.o
 .ARM.attributes
                0x0000000000000350       0x33 ego.o
 .ARM.attributes
                0x0000000000000383       0x33 ../common/usb_serial.o
 .ARM.attributes
                0x00000000000003b6       0x33 ../common/LPC17xx_Startup.o
 .ARM.attributes
                0x00000000000003e9       0x33 ../common/LPC17xx_Interrupts.o
 .ARM.attributes
                0x000000000000041c       0x33 ../common/ubertooth.o
 .ARM.attributes
                0x000000000000044f       0x33 ../common/lpcusb/target/usbcontrol.o
 .ARM.attributes
                0x0000000000000482       0x33 ../common/lpcusb/target/usbinit.o
 .ARM.attributes
                0x00000000000004b5       0x33 ../common/lpcusb/target/usbhw_lpc.o
 .ARM.attributes
                0x00000000000004e8       0x33 ../common/lpcusb/target/usbstdreq.o
 .ARM.attributes
                0x000000000000051b       0x1d /usr/lib/gcc/arm-none-eabi/4.8.2/armv7-m/libgcc.a(_ashldi3.o)
 .ARM.attributes
                0x0000000000000538       0x2d /usr/lib/gcc/arm-none-eabi/4.8.2/../../../arm-none-eabi/lib/armv7-m/libc.a(lib_a-malloc.o)
 .ARM.attributes
                0x0000000000000565       0x2d /usr/lib/gcc/arm-none-eabi/4.8.2/../../../arm-none-eabi/lib/armv7-m/libc.a(lib_a-mallocr.o)
 .ARM.attributes
                0x0000000000000592       0x2d /usr/lib/gcc/arm-none-eabi/4.8.2/../../../arm-none-eabi/lib/armv7-m/libc.a(lib_a-memcmp.o)
 .ARM.attributes
                0x00000000000005bf       0x1b /usr/lib/gcc/arm-none-eabi/4.8.2/../../../arm-none-eabi/lib/armv7-m/libc.a(lib_a-memcpy.o)
 .ARM.attributes
                0x00000000000005da       0x2d /usr/lib/gcc/arm-none-eabi/4.8.2/../../../arm-none-eabi/lib/armv7-m/libc.a(lib_a-mlock.o)
 .ARM.attributes
                0x0000000000000607       0x2d /usr/lib/gcc/arm-none-eabi/4.8.2/../../../arm-none-eabi/lib/armv7-m/libc.a(lib_a-sbrkr.o)
 .ARM.attributes
                0x0000000000000634       0x2d /usr/lib/gcc/arm-none-eabi/4.8.2/../../../arm-none-eabi/lib/armv7-m/libc.a(lib_a-strlen.o)
 .ARM.attributes
                0x0000000000000661       0x2d /usr/lib/gcc/arm-none-eabi/4.8.2/../../../arm-none-eabi/lib/armv7-m/libc.a(lib_a-freer.o)
 .ARM.attributes
                0x000000000000068e       0x2d /usr/lib/gcc/arm-none-eabi/4.8.2/../../../arm-none-eabi/lib/armv7-m/libc.a(lib_a-reent.o)
 .ARM.attributes
                0x00000000000006bb       0x2d /usr/lib/gcc/arm-none-eabi/4.8.2/armv7-m/crtend.o
 .ARM.attributes
                0x00000000000006e8       0x1d /usr/lib/gcc/arm-none-eabi/4.8.2/armv7-m/crtn.o
 .ARM.attributes
                0x0000000000000705       0x2d /usr/lib/gcc/arm-none-eabi/4.8.2/../../../arm-none-eabi/lib/armv7-m/libnosys.a(sbrk.o)

.comment        0x0000000000000000       0x1f
 .comment       0x0000000000000000       0x1f /usr/lib/gcc/arm-none-eabi/4.8.2/armv7-m/crtbegin.o
                                         0x20 (size before relaxing)
 .comment       0x0000000000000000       0x20 /usr/lib/gcc/arm-none-eabi/4.8.2/../../../arm-none-eabi/lib/armv7-m/libc.a(lib_a-atexit.o)
 .comment       0x0000000000000000       0x20 /usr/lib/gcc/arm-none-eabi/4.8.2/../../../arm-none-eabi/lib/armv7-m/libc.a(lib_a-fini.o)
 .comment       0x0000000000000000       0x20 /usr/lib/gcc/arm-none-eabi/4.8.2/../../../arm-none-eabi/lib/armv7-m/libc.a(lib_a-impure.o)
 .comment       0x0000000000000000       0x20 /usr/lib/gcc/arm-none-eabi/4.8.2/../../../arm-none-eabi/lib/armv7-m/libc.a(lib_a-init.o)
 .comment       0x0000000000000000       0x20 /usr/lib/gcc/arm-none-eabi/4.8.2/../../../arm-none-eabi/lib/armv7-m/libc.a(lib_a-memset.o)
 .comment       0x0000000000000000       0x20 /usr/lib/gcc/arm-none-eabi/4.8.2/../../../arm-none-eabi/lib/armv7-m/libc.a(lib_a-__atexit.o)
 .comment       0x0000000000000000       0x20 /usr/lib/gcc/arm-none-eabi/4.8.2/../../../arm-none-eabi/lib/armv7-m/libc.a(lib_a-__call_atexit.o)
 .comment       0x0000000000000000       0x20 bluetooth_rxtx.o
 .comment       0x0000000000000000       0x20 bluetooth.o
 .comment       0x0000000000000000       0x20 bluetooth_le.o
 .comment       0x0000000000000000       0x20 ubertooth_usb.o
 .comment       0x0000000000000000       0x20 ubertooth_rssi.o
 .comment       0x0000000000000000       0x20 ubertooth_cs.o
 .comment       0x0000000000000000       0x20 ubertooth_clock.o
 .comment       0x0000000000000000       0x20 ubertooth_dma.o
 .comment       0x0000000000000000       0x20 cc2400_rangetest.o
 .comment       0x0000000000000000       0x20 ego.o
 .comment       0x0000000000000000       0x20 ../common/usb_serial.o
 .comment       0x0000000000000000       0x20 ../common/LPC17xx_Startup.o
 .comment       0x0000000000000000       0x20 ../common/LPC17xx_Interrupts.o
 .comment       0x0000000000000000       0x20 ../common/ubertooth.o
 .comment       0x0000000000000000       0x20 ../common/lpcusb/target/usbcontrol.o
 .comment       0x0000000000000000       0x20 ../common/lpcusb/target/usbinit.o
 .comment       0x0000000000000000       0x20 ../common/lpcusb/target/usbhw_lpc.o
 .comment       0x0000000000000000       0x20 ../common/lpcusb/target/usbstdreq.o
 .comment       0x0000000000000000       0x20 /usr/lib/gcc/arm-none-eabi/4.8.2/../../../arm-none-eabi/lib/armv7-m/libc.a(lib_a-malloc.o)
 .comment       0x0000000000000000       0x20 /usr/lib/gcc/arm-none-eabi/4.8.2/../../../arm-none-eabi/lib/armv7-m/libc.a(lib_a-mallocr.o)
 .comment       0x0000000000000000       0x20 /usr/lib/gcc/arm-none-eabi/4.8.2/../../../arm-none-eabi/lib/armv7-m/libc.a(lib_a-memcmp.o)
 .comment       0x0000000000000000       0x20 /usr/lib/gcc/arm-none-eabi/4.8.2/../../../arm-none-eabi/lib/armv7-m/libc.a(lib_a-mlock.o)
 .comment       0x0000000000000000       0x20 /usr/lib/gcc/arm-none-eabi/4.8.2/../../../arm-none-eabi/lib/armv7-m/libc.a(lib_a-sbrkr.o)
 .comment       0x0000000000000000       0x20 /usr/lib/gcc/arm-none-eabi/4.8.2/../../../arm-none-eabi/lib/armv7-m/libc.a(lib_a-strlen.o)
 .comment       0x0000000000000000       0x20 /usr/lib/gcc/arm-none-eabi/4.8.2/../../../arm-none-eabi/lib/armv7-m/libc.a(lib_a-freer.o)
 .comment       0x0000000000000000       0x20 /usr/lib/gcc/arm-none-eabi/4.8.2/../../../arm-none-eabi/lib/armv7-m/libc.a(lib_a-reent.o)
 .comment       0x0000000000000000       0x20 /usr/lib/gcc/arm-none-eabi/4.8.2/armv7-m/crtend.o
 .comment       0x0000000000000000       0x20 /usr/lib/gcc/arm-none-eabi/4.8.2/../../../arm-none-eabi/lib/armv7-m/libnosys.a(sbrk.o)

.debug_info     0x0000000000000000     0xff7b
 .debug_info    0x0000000000000000      0x10a /usr/lib/gcc/arm-none-eabi/4.8.2/../../../arm-none-eabi/lib/armv7-m/libc.a(lib_a-atexit.o)
 .debug_info    0x000000000000010a       0xef /usr/lib/gcc/arm-none-eabi/4.8.2/../../../arm-none-eabi/lib/armv7-m/libc.a(lib_a-fini.o)
 .debug_info    0x00000000000001f9      0x894 /usr/lib/gcc/arm-none-eabi/4.8.2/../../../arm-none-eabi/lib/armv7-m/libc.a(lib_a-impure.o)
 .debug_info    0x0000000000000a8d      0x105 /usr/lib/gcc/arm-none-eabi/4.8.2/../../../arm-none-eabi/lib/armv7-m/libc.a(lib_a-init.o)
 .debug_info    0x0000000000000b92      0x117 /usr/lib/gcc/arm-none-eabi/4.8.2/../../../arm-none-eabi/lib/armv7-m/libc.a(lib_a-memset.o)
 .debug_info    0x0000000000000ca9      0x934 /usr/lib/gcc/arm-none-eabi/4.8.2/../../../arm-none-eabi/lib/armv7-m/libc.a(lib_a-__atexit.o)
 .debug_info    0x00000000000015dd      0x9aa /usr/lib/gcc/arm-none-eabi/4.8.2/../../../arm-none-eabi/lib/armv7-m/libc.a(lib_a-__call_atexit.o)
 .debug_info    0x0000000000001f87     0x3ebf bluetooth_rxtx.o
 .debug_info    0x0000000000005e46      0x4cf bluetooth.o
 .debug_info    0x0000000000006315      0x536 bluetooth_le.o
 .debug_info    0x000000000000684b      0x876 ubertooth_usb.o
 .debug_info    0x00000000000070c1      0x208 ubertooth_rssi.o
 .debug_info    0x00000000000072c9      0x266 ubertooth_cs.o
 .debug_info    0x000000000000752f      0x16c ubertooth_clock.o
 .debug_info    0x000000000000769b      0x24d ubertooth_dma.o
 .debug_info    0x00000000000078e8      0x83c cc2400_rangetest.o
 .debug_info    0x0000000000008124      0xd0b ego.o
 .debug_info    0x0000000000008e2f      0x9b9 ../common/usb_serial.o
 .debug_info    0x00000000000097e8      0x117 ../common/LPC17xx_Startup.o
 .debug_info    0x00000000000098ff       0x7d ../common/LPC17xx_Interrupts.o
 .debug_info    0x000000000000997c      0xaef ../common/ubertooth.o
 .debug_info    0x000000000000a46b      0x47d ../common/lpcusb/target/usbcontrol.o
 .debug_info    0x000000000000a8e8      0x297 ../common/lpcusb/target/usbinit.o
 .debug_info    0x000000000000ab7f      0xab0 ../common/lpcusb/target/usbhw_lpc.o
 .debug_info    0x000000000000b62f      0x74b ../common/lpcusb/target/usbstdreq.o
 .debug_info    0x000000000000bd7a       0x9f /usr/lib/gcc/arm-none-eabi/4.8.2/armv7-m/libgcc.a(_ashldi3.o)
 .debug_info    0x000000000000be19      0x915 /usr/lib/gcc/arm-none-eabi/4.8.2/../../../arm-none-eabi/lib/armv7-m/libc.a(lib_a-malloc.o)
 .debug_info    0x000000000000c72e      0xd7b /usr/lib/gcc/arm-none-eabi/4.8.2/../../../arm-none-eabi/lib/armv7-m/libc.a(lib_a-mallocr.o)
 .debug_info    0x000000000000d4a9      0x113 /usr/lib/gcc/arm-none-eabi/4.8.2/../../../arm-none-eabi/lib/armv7-m/libc.a(lib_a-memcmp.o)
 .debug_info    0x000000000000d5bc       0xb2 /usr/lib/gcc/arm-none-eabi/4.8.2/../../../arm-none-eabi/lib/armv7-m/libc.a(lib_a-memcpy.o)
 .debug_info    0x000000000000d66e      0x8b4 /usr/lib/gcc/arm-none-eabi/4.8.2/../../../arm-none-eabi/lib/armv7-m/libc.a(lib_a-mlock.o)
 .debug_info    0x000000000000df22      0x8f4 /usr/lib/gcc/arm-none-eabi/4.8.2/../../../arm-none-eabi/lib/armv7-m/libc.a(lib_a-sbrkr.o)
 .debug_info    0x000000000000e816       0xb5 /usr/lib/gcc/arm-none-eabi/4.8.2/../../../arm-none-eabi/lib/armv7-m/libc.a(lib_a-strlen.o)
 .debug_info    0x000000000000e8cb      0xc1c /usr/lib/gcc/arm-none-eabi/4.8.2/../../../arm-none-eabi/lib/armv7-m/libc.a(lib_a-freer.o)
 .debug_info    0x000000000000f4e7      0x9fb /usr/lib/gcc/arm-none-eabi/4.8.2/../../../arm-none-eabi/lib/armv7-m/libc.a(lib_a-reent.o)
 .debug_info    0x000000000000fee2       0x99 /usr/lib/gcc/arm-none-eabi/4.8.2/../../../arm-none-eabi/lib/armv7-m/libnosys.a(sbrk.o)

.debug_abbrev   0x0000000000000000     0x3ca6
 .debug_abbrev  0x0000000000000000       0xb8 /usr/lib/gcc/arm-none-eabi/4.8.2/../../../arm-none-eabi/lib/armv7-m/libc.a(lib_a-atexit.o)
 .debug_abbrev  0x00000000000000b8       0xbd /usr/lib/gcc/arm-none-eabi/4.8.2/../../../arm-none-eabi/lib/armv7-m/libc.a(lib_a-fini.o)
 .debug_abbrev  0x0000000000000175      0x180 /usr/lib/gcc/arm-none-eabi/4.8.2/../../../arm-none-eabi/lib/armv7-m/libc.a(lib_a-impure.o)
 .debug_abbrev  0x00000000000002f5       0xba /usr/lib/gcc/arm-none-eabi/4.8.2/../../../arm-none-eabi/lib/armv7-m/libc.a(lib_a-init.o)
 .debug_abbrev  0x00000000000003af       0x9f /usr/lib/gcc/arm-none-eabi/4.8.2/../../../arm-none-eabi/lib/armv7-m/libc.a(lib_a-memset.o)
 .debug_abbrev  0x000000000000044e      0x20f /usr/lib/gcc/arm-none-eabi/4.8.2/../../../arm-none-eabi/lib/armv7-m/libc.a(lib_a-__atexit.o)
 .debug_abbrev  0x000000000000065d      0x285 /usr/lib/gcc/arm-none-eabi/4.8.2/../../../arm-none-eabi/lib/armv7-m/libc.a(lib_a-__call_atexit.o)
 .debug_abbrev  0x00000000000008e2      0x59e bluetooth_rxtx.o
 .debug_abbrev  0x0000000000000e80      0x1a8 bluetooth.o
 .debug_abbrev  0x0000000000001028      0x175 bluetooth_le.o
 .debug_abbrev  0x000000000000119d      0x308 ubertooth_usb.o
 .debug_abbrev  0x00000000000014a5      0x111 ubertooth_rssi.o
 .debug_abbrev  0x00000000000015b6      0x14e ubertooth_cs.o
 .debug_abbrev  0x0000000000001704       0x88 ubertooth_clock.o
 .debug_abbrev  0x000000000000178c      0x109 ubertooth_dma.o
 .debug_abbrev  0x0000000000001895      0x1cb cc2400_rangetest.o
 .debug_abbrev  0x0000000000001a60      0x37c ego.o
 .debug_abbrev  0x0000000000001ddc      0x2fa ../common/usb_serial.o
 .debug_abbrev  0x00000000000020d6       0xb8 ../common/LPC17xx_Startup.o
 .debug_abbrev  0x000000000000218e       0x80 ../common/LPC17xx_Interrupts.o
 .debug_abbrev  0x000000000000220e      0x2ee ../common/ubertooth.o
 .debug_abbrev  0x00000000000024fc      0x249 ../common/lpcusb/target/usbcontrol.o
 .debug_abbrev  0x0000000000002745      0x13d ../common/lpcusb/target/usbinit.o
 .debug_abbrev  0x0000000000002882      0x2ac ../common/lpcusb/target/usbhw_lpc.o
 .debug_abbrev  0x0000000000002b2e      0x2d8 ../common/lpcusb/target/usbstdreq.o
 .debug_abbrev  0x0000000000002e06       0x14 /usr/lib/gcc/arm-none-eabi/4.8.2/armv7-m/libgcc.a(_ashldi3.o)
 .debug_abbrev  0x0000000000002e1a      0x1fa /usr/lib/gcc/arm-none-eabi/4.8.2/../../../arm-none-eabi/lib/armv7-m/libc.a(lib_a-malloc.o)
 .debug_abbrev  0x0000000000003014      0x2a2 /usr/lib/gcc/arm-none-eabi/4.8.2/../../../arm-none-eabi/lib/armv7-m/libc.a(lib_a-mallocr.o)
 .debug_abbrev  0x00000000000032b6       0x7f /usr/lib/gcc/arm-none-eabi/4.8.2/../../../arm-none-eabi/lib/armv7-m/libc.a(lib_a-memcmp.o)
 .debug_abbrev  0x0000000000003335       0x14 /usr/lib/gcc/arm-none-eabi/4.8.2/../../../arm-none-eabi/lib/armv7-m/libc.a(lib_a-memcpy.o)
 .debug_abbrev  0x0000000000003349      0x19a /usr/lib/gcc/arm-none-eabi/4.8.2/../../../arm-none-eabi/lib/armv7-m/libc.a(lib_a-mlock.o)
 .debug_abbrev  0x00000000000034e3      0x1fd /usr/lib/gcc/arm-none-eabi/4.8.2/../../../arm-none-eabi/lib/armv7-m/libc.a(lib_a-sbrkr.o)
 .debug_abbrev  0x00000000000036e0       0x70 /usr/lib/gcc/arm-none-eabi/4.8.2/../../../arm-none-eabi/lib/armv7-m/libc.a(lib_a-strlen.o)
 .debug_abbrev  0x0000000000003750      0x27b /usr/lib/gcc/arm-none-eabi/4.8.2/../../../arm-none-eabi/lib/armv7-m/libc.a(lib_a-freer.o)
 .debug_abbrev  0x00000000000039cb      0x258 /usr/lib/gcc/arm-none-eabi/4.8.2/../../../arm-none-eabi/lib/armv7-m/libc.a(lib_a-reent.o)
 .debug_abbrev  0x0000000000003c23       0x83 /usr/lib/gcc/arm-none-eabi/4.8.2/../../../arm-none-eabi/lib/armv7-m/libnosys.a(sbrk.o)

.debug_loc      0x0000000000000000     0x6c33
 .debug_loc     0x0000000000000000       0x2c /usr/lib/gcc/arm-none-eabi/4.8.2/../../../arm-none-eabi/lib/armv7-m/libc.a(lib_a-atexit.o)
 .debug_loc     0x000000000000002c       0x5c /usr/lib/gcc/arm-none-eabi/4.8.2/../../../arm-none-eabi/lib/armv7-m/libc.a(lib_a-fini.o)
 .debug_loc     0x0000000000000088       0xae /usr/lib/gcc/arm-none-eabi/4.8.2/../../../arm-none-eabi/lib/armv7-m/libc.a(lib_a-init.o)
 .debug_loc     0x0000000000000136      0x18b /usr/lib/gcc/arm-none-eabi/4.8.2/../../../arm-none-eabi/lib/armv7-m/libc.a(lib_a-memset.o)
 .debug_loc     0x00000000000002c1      0x14d /usr/lib/gcc/arm-none-eabi/4.8.2/../../../arm-none-eabi/lib/armv7-m/libc.a(lib_a-__atexit.o)
 .debug_loc     0x000000000000040e      0x155 /usr/lib/gcc/arm-none-eabi/4.8.2/../../../arm-none-eabi/lib/armv7-m/libc.a(lib_a-__call_atexit.o)
 .debug_loc     0x0000000000000563     0x22df bluetooth_rxtx.o
 .debug_loc     0x0000000000002842      0x75b bluetooth.o
 .debug_loc     0x0000000000002f9d      0x37c bluetooth_le.o
 .debug_loc     0x0000000000003319      0x324 ubertooth_usb.o
 .debug_loc     0x000000000000363d       0x8c ubertooth_rssi.o
 .debug_loc     0x00000000000036c9       0x7d ubertooth_cs.o
 .debug_loc     0x0000000000003746       0x1f ubertooth_dma.o
 .debug_loc     0x0000000000003765      0x295 cc2400_rangetest.o
 .debug_loc     0x00000000000039fa      0x2fa ego.o
 .debug_loc     0x0000000000003cf4      0x319 ../common/usb_serial.o
 .debug_loc     0x000000000000400d       0x97 ../common/LPC17xx_Startup.o
 .debug_loc     0x00000000000040a4      0x701 ../common/ubertooth.o
 .debug_loc     0x00000000000047a5      0x182 ../common/lpcusb/target/usbcontrol.o
 .debug_loc     0x0000000000004927      0x720 ../common/lpcusb/target/usbhw_lpc.o
 .debug_loc     0x0000000000005047      0x786 ../common/lpcusb/target/usbstdreq.o
 .debug_loc     0x00000000000057cd       0x58 /usr/lib/gcc/arm-none-eabi/4.8.2/../../../arm-none-eabi/lib/armv7-m/libc.a(lib_a-malloc.o)
 .debug_loc     0x0000000000005825      0xd1f /usr/lib/gcc/arm-none-eabi/4.8.2/../../../arm-none-eabi/lib/armv7-m/libc.a(lib_a-mallocr.o)
 .debug_loc     0x0000000000006544       0xe3 /usr/lib/gcc/arm-none-eabi/4.8.2/../../../arm-none-eabi/lib/armv7-m/libc.a(lib_a-memcmp.o)
 .debug_loc     0x0000000000006627       0x3f /usr/lib/gcc/arm-none-eabi/4.8.2/../../../arm-none-eabi/lib/armv7-m/libc.a(lib_a-sbrkr.o)
 .debug_loc     0x0000000000006666       0x21 /usr/lib/gcc/arm-none-eabi/4.8.2/../../../arm-none-eabi/lib/armv7-m/libc.a(lib_a-strlen.o)
 .debug_loc     0x0000000000006687      0x450 /usr/lib/gcc/arm-none-eabi/4.8.2/../../../arm-none-eabi/lib/armv7-m/libc.a(lib_a-freer.o)
 .debug_loc     0x0000000000006ad7      0x13b /usr/lib/gcc/arm-none-eabi/4.8.2/../../../arm-none-eabi/lib/armv7-m/libc.a(lib_a-reent.o)
 .debug_loc     0x0000000000006c12       0x21 /usr/lib/gcc/arm-none-eabi/4.8.2/../../../arm-none-eabi/lib/armv7-m/libnosys.a(sbrk.o)

.debug_aranges  0x0000000000000000      0x978
 .debug_aranges
                0x0000000000000000       0x20 /usr/lib/gcc/arm-none-eabi/4.8.2/../../../arm-none-eabi/lib/armv7-m/libc.a(lib_a-atexit.o)
 .debug_aranges
                0x0000000000000020       0x20 /usr/lib/gcc/arm-none-eabi/4.8.2/../../../arm-none-eabi/lib/armv7-m/libc.a(lib_a-fini.o)
 .debug_aranges
                0x0000000000000040       0x18 /usr/lib/gcc/arm-none-eabi/4.8.2/../../../arm-none-eabi/lib/armv7-m/libc.a(lib_a-impure.o)
 .debug_aranges
                0x0000000000000058       0x20 /usr/lib/gcc/arm-none-eabi/4.8.2/../../../arm-none-eabi/lib/armv7-m/libc.a(lib_a-init.o)
 .debug_aranges
                0x0000000000000078       0x20 /usr/lib/gcc/arm-none-eabi/4.8.2/../../../arm-none-eabi/lib/armv7-m/libc.a(lib_a-memset.o)
 .debug_aranges
                0x0000000000000098       0x20 /usr/lib/gcc/arm-none-eabi/4.8.2/../../../arm-none-eabi/lib/armv7-m/libc.a(lib_a-__atexit.o)
 .debug_aranges
                0x00000000000000b8       0x28 /usr/lib/gcc/arm-none-eabi/4.8.2/../../../arm-none-eabi/lib/armv7-m/libc.a(lib_a-__call_atexit.o)
 .debug_aranges
                0x00000000000000e0      0x150 bluetooth_rxtx.o
 .debug_aranges
                0x0000000000000230       0x30 bluetooth.o
 .debug_aranges
                0x0000000000000260       0x48 bluetooth_le.o
 .debug_aranges
                0x00000000000002a8       0x60 ubertooth_usb.o
 .debug_aranges
                0x0000000000000308       0x38 ubertooth_rssi.o
 .debug_aranges
                0x0000000000000340       0x38 ubertooth_cs.o
 .debug_aranges
                0x0000000000000378       0x30 ubertooth_clock.o
 .debug_aranges
                0x00000000000003a8       0x40 ubertooth_dma.o
 .debug_aranges
                0x00000000000003e8       0x30 cc2400_rangetest.o
 .debug_aranges
                0x0000000000000418       0x98 ego.o
 .debug_aranges
                0x00000000000004b0       0x70 ../common/usb_serial.o
 .debug_aranges
                0x0000000000000520       0x20 ../common/LPC17xx_Startup.o
 .debug_aranges
                0x0000000000000540       0x20 ../common/LPC17xx_Interrupts.o
 .debug_aranges
                0x0000000000000560      0x110 ../common/ubertooth.o
 .debug_aranges
                0x0000000000000670       0x38 ../common/lpcusb/target/usbcontrol.o
 .debug_aranges
                0x00000000000006a8       0x28 ../common/lpcusb/target/usbinit.o
 .debug_aranges
                0x00000000000006d0       0xd8 ../common/lpcusb/target/usbhw_lpc.o
 .debug_aranges
                0x00000000000007a8       0x50 ../common/lpcusb/target/usbstdreq.o
 .debug_aranges
                0x00000000000007f8       0x20 /usr/lib/gcc/arm-none-eabi/4.8.2/armv7-m/libgcc.a(_ashldi3.o)
 .debug_aranges
                0x0000000000000818       0x28 /usr/lib/gcc/arm-none-eabi/4.8.2/../../../arm-none-eabi/lib/armv7-m/libc.a(lib_a-malloc.o)
 .debug_aranges
                0x0000000000000840       0x20 /usr/lib/gcc/arm-none-eabi/4.8.2/../../../arm-none-eabi/lib/armv7-m/libc.a(lib_a-mallocr.o)
 .debug_aranges
                0x0000000000000860       0x20 /usr/lib/gcc/arm-none-eabi/4.8.2/../../../arm-none-eabi/lib/armv7-m/libc.a(lib_a-memcmp.o)
 .debug_aranges
                0x0000000000000880       0x20 /usr/lib/gcc/arm-none-eabi/4.8.2/../../../arm-none-eabi/lib/armv7-m/libc.a(lib_a-memcpy.o)
 .debug_aranges
                0x00000000000008a0       0x28 /usr/lib/gcc/arm-none-eabi/4.8.2/../../../arm-none-eabi/lib/armv7-m/libc.a(lib_a-mlock.o)
 .debug_aranges
                0x00000000000008c8       0x20 /usr/lib/gcc/arm-none-eabi/4.8.2/../../../arm-none-eabi/lib/armv7-m/libc.a(lib_a-sbrkr.o)
 .debug_aranges
                0x00000000000008e8       0x20 /usr/lib/gcc/arm-none-eabi/4.8.2/../../../arm-none-eabi/lib/armv7-m/libc.a(lib_a-strlen.o)
 .debug_aranges
                0x0000000000000908       0x28 /usr/lib/gcc/arm-none-eabi/4.8.2/../../../arm-none-eabi/lib/armv7-m/libc.a(lib_a-freer.o)
 .debug_aranges
                0x0000000000000930       0x28 /usr/lib/gcc/arm-none-eabi/4.8.2/../../../arm-none-eabi/lib/armv7-m/libc.a(lib_a-reent.o)
 .debug_aranges
                0x0000000000000958       0x20 /usr/lib/gcc/arm-none-eabi/4.8.2/../../../arm-none-eabi/lib/armv7-m/libnosys.a(sbrk.o)

.debug_ranges   0x0000000000000000      0x9f0
 .debug_ranges  0x0000000000000000       0x10 /usr/lib/gcc/arm-none-eabi/4.8.2/../../../arm-none-eabi/lib/armv7-m/libc.a(lib_a-atexit.o)
 .debug_ranges  0x0000000000000010       0x10 /usr/lib/gcc/arm-none-eabi/4.8.2/../../../arm-none-eabi/lib/armv7-m/libc.a(lib_a-fini.o)
 .debug_ranges  0x0000000000000020       0x10 /usr/lib/gcc/arm-none-eabi/4.8.2/../../../arm-none-eabi/lib/armv7-m/libc.a(lib_a-init.o)
 .debug_ranges  0x0000000000000030       0x10 /usr/lib/gcc/arm-none-eabi/4.8.2/../../../arm-none-eabi/lib/armv7-m/libc.a(lib_a-memset.o)
 .debug_ranges  0x0000000000000040       0x10 /usr/lib/gcc/arm-none-eabi/4.8.2/../../../arm-none-eabi/lib/armv7-m/libc.a(lib_a-__atexit.o)
 .debug_ranges  0x0000000000000050       0x38 /usr/lib/gcc/arm-none-eabi/4.8.2/../../../arm-none-eabi/lib/armv7-m/libc.a(lib_a-__call_atexit.o)
 .debug_ranges  0x0000000000000088      0x288 bluetooth_rxtx.o
 .debug_ranges  0x0000000000000310       0x50 bluetooth.o
 .debug_ranges  0x0000000000000360       0x38 bluetooth_le.o
 .debug_ranges  0x0000000000000398       0x50 ubertooth_usb.o
 .debug_ranges  0x00000000000003e8       0x28 ubertooth_rssi.o
 .debug_ranges  0x0000000000000410       0x28 ubertooth_cs.o
 .debug_ranges  0x0000000000000438       0x20 ubertooth_clock.o
 .debug_ranges  0x0000000000000458       0x30 ubertooth_dma.o
 .debug_ranges  0x0000000000000488       0x20 cc2400_rangetest.o
 .debug_ranges  0x00000000000004a8       0xd0 ego.o
 .debug_ranges  0x0000000000000578       0x78 ../common/usb_serial.o
 .debug_ranges  0x00000000000005f0       0x10 ../common/LPC17xx_Startup.o
 .debug_ranges  0x0000000000000600       0x10 ../common/LPC17xx_Interrupts.o
 .debug_ranges  0x0000000000000610      0x130 ../common/ubertooth.o
 .debug_ranges  0x0000000000000740       0x40 ../common/lpcusb/target/usbcontrol.o
 .debug_ranges  0x0000000000000780       0x18 ../common/lpcusb/target/usbinit.o
 .debug_ranges  0x0000000000000798       0xe0 ../common/lpcusb/target/usbhw_lpc.o
 .debug_ranges  0x0000000000000878       0x88 ../common/lpcusb/target/usbstdreq.o
 .debug_ranges  0x0000000000000900       0x18 /usr/lib/gcc/arm-none-eabi/4.8.2/../../../arm-none-eabi/lib/armv7-m/libc.a(lib_a-malloc.o)
 .debug_ranges  0x0000000000000918       0x38 /usr/lib/gcc/arm-none-eabi/4.8.2/../../../arm-none-eabi/lib/armv7-m/libc.a(lib_a-mallocr.o)
 .debug_ranges  0x0000000000000950       0x10 /usr/lib/gcc/arm-none-eabi/4.8.2/../../../arm-none-eabi/lib/armv7-m/libc.a(lib_a-memcmp.o)
 .debug_ranges  0x0000000000000960       0x18 /usr/lib/gcc/arm-none-eabi/4.8.2/../../../arm-none-eabi/lib/armv7-m/libc.a(lib_a-mlock.o)
 .debug_ranges  0x0000000000000978       0x10 /usr/lib/gcc/arm-none-eabi/4.8.2/../../../arm-none-eabi/lib/armv7-m/libc.a(lib_a-sbrkr.o)
 .debug_ranges  0x0000000000000988       0x10 /usr/lib/gcc/arm-none-eabi/4.8.2/../../../arm-none-eabi/lib/armv7-m/libc.a(lib_a-strlen.o)
 .debug_ranges  0x0000000000000998       0x18 /usr/lib/gcc/arm-none-eabi/4.8.2/../../../arm-none-eabi/lib/armv7-m/libc.a(lib_a-freer.o)
 .debug_ranges  0x00000000000009b0       0x30 /usr/lib/gcc/arm-none-eabi/4.8.2/../../../arm-none-eabi/lib/armv7-m/libc.a(lib_a-reent.o)
 .debug_ranges  0x00000000000009e0       0x10 /usr/lib/gcc/arm-none-eabi/4.8.2/../../../arm-none-eabi/lib/armv7-m/libnosys.a(sbrk.o)

.debug_line     0x0000000000000000     0x4094
 .debug_line    0x0000000000000000       0xa6 /usr/lib/gcc/arm-none-eabi/4.8.2/../../../arm-none-eabi/lib/armv7-m/libc.a(lib_a-atexit.o)
 .debug_line    0x00000000000000a6       0x9c /usr/lib/gcc/arm-none-eabi/4.8.2/../../../arm-none-eabi/lib/armv7-m/libc.a(lib_a-fini.o)
 .debug_line    0x0000000000000142       0xd6 /usr/lib/gcc/arm-none-eabi/4.8.2/../../../arm-none-eabi/lib/armv7-m/libc.a(lib_a-impure.o)
 .debug_line    0x0000000000000218       0xb5 /usr/lib/gcc/arm-none-eabi/4.8.2/../../../arm-none-eabi/lib/armv7-m/libc.a(lib_a-init.o)
 .debug_line    0x00000000000002cd       0xff /usr/lib/gcc/arm-none-eabi/4.8.2/../../../arm-none-eabi/lib/armv7-m/libc.a(lib_a-memset.o)
 .debug_line    0x00000000000003cc      0x160 /usr/lib/gcc/arm-none-eabi/4.8.2/../../../arm-none-eabi/lib/armv7-m/libc.a(lib_a-__atexit.o)
 .debug_line    0x000000000000052c      0x19a /usr/lib/gcc/arm-none-eabi/4.8.2/../../../arm-none-eabi/lib/armv7-m/libc.a(lib_a-__call_atexit.o)
 .debug_line    0x00000000000006c6     0x1078 bluetooth_rxtx.o
 .debug_line    0x000000000000173e      0x1b8 bluetooth.o
 .debug_line    0x00000000000018f6      0x149 bluetooth_le.o
 .debug_line    0x0000000000001a3f      0x237 ubertooth_usb.o
 .debug_line    0x0000000000001c76       0xfe ubertooth_rssi.o
 .debug_line    0x0000000000001d74       0xfd ubertooth_cs.o
 .debug_line    0x0000000000001e71       0xbe ubertooth_clock.o
 .debug_line    0x0000000000001f2f      0x134 ubertooth_dma.o
 .debug_line    0x0000000000002063      0x23d cc2400_rangetest.o
 .debug_line    0x00000000000022a0      0x2af ego.o
 .debug_line    0x000000000000254f      0x203 ../common/usb_serial.o
 .debug_line    0x0000000000002752       0x96 ../common/LPC17xx_Startup.o
 .debug_line    0x00000000000027e8       0x4e ../common/LPC17xx_Interrupts.o
 .debug_line    0x0000000000002836      0x476 ../common/ubertooth.o
 .debug_line    0x0000000000002cac       0xf3 ../common/lpcusb/target/usbcontrol.o
 .debug_line    0x0000000000002d9f       0xa0 ../common/lpcusb/target/usbinit.o
 .debug_line    0x0000000000002e3f      0x357 ../common/lpcusb/target/usbhw_lpc.o
 .debug_line    0x0000000000003196      0x1af ../common/lpcusb/target/usbstdreq.o
 .debug_line    0x0000000000003345       0x6f /usr/lib/gcc/arm-none-eabi/4.8.2/armv7-m/libgcc.a(_ashldi3.o)
 .debug_line    0x00000000000033b4      0x138 /usr/lib/gcc/arm-none-eabi/4.8.2/../../../arm-none-eabi/lib/armv7-m/libc.a(lib_a-malloc.o)
 .debug_line    0x00000000000034ec      0x325 /usr/lib/gcc/arm-none-eabi/4.8.2/../../../arm-none-eabi/lib/armv7-m/libc.a(lib_a-mallocr.o)
 .debug_line    0x0000000000003811       0xf6 /usr/lib/gcc/arm-none-eabi/4.8.2/../../../arm-none-eabi/lib/armv7-m/libc.a(lib_a-memcmp.o)
 .debug_line    0x0000000000003907       0xbb /usr/lib/gcc/arm-none-eabi/4.8.2/../../../arm-none-eabi/lib/armv7-m/libc.a(lib_a-memcpy.o)
 .debug_line    0x00000000000039c2       0xf4 /usr/lib/gcc/arm-none-eabi/4.8.2/../../../arm-none-eabi/lib/armv7-m/libc.a(lib_a-mlock.o)
 .debug_line    0x0000000000003ab6      0x12c /usr/lib/gcc/arm-none-eabi/4.8.2/../../../arm-none-eabi/lib/armv7-m/libc.a(lib_a-sbrkr.o)
 .debug_line    0x0000000000003be2       0xd7 /usr/lib/gcc/arm-none-eabi/4.8.2/../../../arm-none-eabi/lib/armv7-m/libc.a(lib_a-strlen.o)
 .debug_line    0x0000000000003cb9      0x221 /usr/lib/gcc/arm-none-eabi/4.8.2/../../../arm-none-eabi/lib/armv7-m/libc.a(lib_a-freer.o)
 .debug_line    0x0000000000003eda      0x162 /usr/lib/gcc/arm-none-eabi/4.8.2/../../../arm-none-eabi/lib/armv7-m/libc.a(lib_a-reent.o)
 .debug_line    0x000000000000403c       0x58 /usr/lib/gcc/arm-none-eabi/4.8.2/../../../arm-none-eabi/lib/armv7-m/libnosys.a(sbrk.o)

.debug_str      0x0000000000000000     0x33f0
 .debug_str     0x0000000000000000      0x199 /usr/lib/gcc/arm-none-eabi/4.8.2/../../../arm-none-eabi/lib/armv7-m/libc.a(lib_a-atexit.o)
                                        0x1d9 (size before relaxing)
 .debug_str     0x0000000000000199       0xaf /usr/lib/gcc/arm-none-eabi/4.8.2/../../../arm-none-eabi/lib/armv7-m/libc.a(lib_a-fini.o)
                                        0x1d1 (size before relaxing)
 .debug_str     0x0000000000000248      0x3ea /usr/lib/gcc/arm-none-eabi/4.8.2/../../../arm-none-eabi/lib/armv7-m/libc.a(lib_a-impure.o)
                                        0x56d (size before relaxing)
 .debug_str     0x0000000000000632       0x8a /usr/lib/gcc/arm-none-eabi/4.8.2/../../../arm-none-eabi/lib/armv7-m/libc.a(lib_a-init.o)
                                        0x1fb (size before relaxing)
 .debug_str     0x00000000000006bc       0x93 /usr/lib/gcc/arm-none-eabi/4.8.2/../../../arm-none-eabi/lib/armv7-m/libc.a(lib_a-memset.o)
                                        0x1b0 (size before relaxing)
 .debug_str     0x000000000000074f       0x30 /usr/lib/gcc/arm-none-eabi/4.8.2/../../../arm-none-eabi/lib/armv7-m/libc.a(lib_a-__atexit.o)
                                        0x5b5 (size before relaxing)
 .debug_str     0x000000000000077f       0x7c /usr/lib/gcc/arm-none-eabi/4.8.2/../../../arm-none-eabi/lib/armv7-m/libc.a(lib_a-__call_atexit.o)
                                        0x5cd (size before relaxing)
 .debug_str     0x00000000000007fb     0x169f bluetooth_rxtx.o
                                       0x189c (size before relaxing)
 .debug_str     0x0000000000001e9a       0x98 bluetooth.o
                                        0x2d9 (size before relaxing)
 .debug_str     0x0000000000001f32       0x52 bluetooth_le.o
                                        0x43f (size before relaxing)
 .debug_str     0x0000000000001f84      0x19d ubertooth_usb.o
                                        0x4e7 (size before relaxing)
 .debug_str     0x0000000000002121       0x30 ubertooth_rssi.o
                                        0x271 (size before relaxing)
 .debug_str     0x0000000000002151       0x69 ubertooth_cs.o
                                        0x305 (size before relaxing)
 .debug_str     0x00000000000021ba       0x12 ubertooth_clock.o
                                        0x270 (size before relaxing)
 .debug_str     0x00000000000021cc       0x60 ubertooth_dma.o
                                        0x28c (size before relaxing)
 .debug_str     0x000000000000222c       0x58 cc2400_rangetest.o
                                        0x327 (size before relaxing)
 .debug_str     0x0000000000002284      0x1d4 ego.o
                                        0x65c (size before relaxing)
 .debug_str     0x0000000000002458      0x216 ../common/usb_serial.o
                                        0x4d2 (size before relaxing)
 .debug_str     0x000000000000266e       0x9b ../common/LPC17xx_Startup.o
                                        0x225 (size before relaxing)
 .debug_str     0x0000000000002709       0x51 ../common/LPC17xx_Interrupts.o
                                        0x187 (size before relaxing)
 .debug_str     0x000000000000275a       0xf6 ../common/ubertooth.o
                                        0x3bd (size before relaxing)
 .debug_str     0x0000000000002850       0xdf ../common/lpcusb/target/usbcontrol.o
                                        0x2ef (size before relaxing)
 .debug_str     0x000000000000292f       0x56 ../common/lpcusb/target/usbinit.o
                                        0x283 (size before relaxing)
 .debug_str     0x0000000000002985      0x305 ../common/lpcusb/target/usbhw_lpc.o
                                        0x5cd (size before relaxing)
 .debug_str     0x0000000000002c8a      0x262 ../common/lpcusb/target/usbstdreq.o
                                        0x4d1 (size before relaxing)
 .debug_str     0x0000000000002eec       0x4c /usr/lib/gcc/arm-none-eabi/4.8.2/../../../arm-none-eabi/lib/armv7-m/libc.a(lib_a-malloc.o)
                                        0x581 (size before relaxing)
 .debug_str     0x0000000000002f38      0x216 /usr/lib/gcc/arm-none-eabi/4.8.2/../../../arm-none-eabi/lib/armv7-m/libc.a(lib_a-mallocr.o)
                                        0x77c (size before relaxing)
 .debug_str     0x000000000000314e       0x2e /usr/lib/gcc/arm-none-eabi/4.8.2/../../../arm-none-eabi/lib/armv7-m/libc.a(lib_a-memcmp.o)
                                        0x19c (size before relaxing)
 .debug_str     0x000000000000317c       0x42 /usr/lib/gcc/arm-none-eabi/4.8.2/../../../arm-none-eabi/lib/armv7-m/libc.a(lib_a-mlock.o)
                                        0x576 (size before relaxing)
 .debug_str     0x00000000000031be       0x37 /usr/lib/gcc/arm-none-eabi/4.8.2/../../../arm-none-eabi/lib/armv7-m/libc.a(lib_a-sbrkr.o)
                                        0x564 (size before relaxing)
 .debug_str     0x00000000000031f5       0x85 /usr/lib/gcc/arm-none-eabi/4.8.2/../../../arm-none-eabi/lib/armv7-m/libc.a(lib_a-strlen.o)
                                        0x1a9 (size before relaxing)
 .debug_str     0x000000000000327a       0x34 /usr/lib/gcc/arm-none-eabi/4.8.2/../../../arm-none-eabi/lib/armv7-m/libc.a(lib_a-freer.o)
                                        0x6c6 (size before relaxing)
 .debug_str     0x00000000000032ae       0x58 /usr/lib/gcc/arm-none-eabi/4.8.2/../../../arm-none-eabi/lib/armv7-m/libc.a(lib_a-reent.o)
                                        0x58c (size before relaxing)
 .debug_str     0x0000000000003306       0xea /usr/lib/gcc/arm-none-eabi/4.8.2/../../../arm-none-eabi/lib/armv7-m/libnosys.a(sbrk.o)
                                        0x103 (size before relaxing)

.debug_frame    0x0000000000000000     0x1670
 .debug_frame   0x0000000000000000       0x20 /usr/lib/gcc/arm-none-eabi/4.8.2/../../../arm-none-eabi/lib/armv7-m/libc.a(lib_a-atexit.o)
 .debug_frame   0x0000000000000020       0x2c /usr/lib/gcc/arm-none-eabi/4.8.2/../../../arm-none-eabi/lib/armv7-m/libc.a(lib_a-fini.o)
 .debug_frame   0x000000000000004c       0x2c /usr/lib/gcc/arm-none-eabi/4.8.2/../../../arm-none-eabi/lib/armv7-m/libc.a(lib_a-init.o)
 .debug_frame   0x0000000000000078       0x2c /usr/lib/gcc/arm-none-eabi/4.8.2/../../../arm-none-eabi/lib/armv7-m/libc.a(lib_a-memset.o)
 .debug_frame   0x00000000000000a4       0x30 /usr/lib/gcc/arm-none-eabi/4.8.2/../../../arm-none-eabi/lib/armv7-m/libc.a(lib_a-__atexit.o)
 .debug_frame   0x00000000000000d4       0x48 /usr/lib/gcc/arm-none-eabi/4.8.2/../../../arm-none-eabi/lib/armv7-m/libc.a(lib_a-__call_atexit.o)
 .debug_frame   0x000000000000011c      0x574 bluetooth_rxtx.o
 .debug_frame   0x0000000000000690       0x90 bluetooth.o
 .debug_frame   0x0000000000000720       0xac bluetooth_le.o
 .debug_frame   0x00000000000007cc       0xf8 ubertooth_usb.o
 .debug_frame   0x00000000000008c4       0x68 ubertooth_rssi.o
 .debug_frame   0x000000000000092c       0x6c ubertooth_cs.o
 .debug_frame   0x0000000000000998       0x4c ubertooth_clock.o
 .debug_frame   0x00000000000009e4       0x78 ubertooth_dma.o
 .debug_frame   0x0000000000000a5c       0x8c cc2400_rangetest.o
 .debug_frame   0x0000000000000ae8      0x190 ego.o
 .debug_frame   0x0000000000000c78      0x130 ../common/usb_serial.o
 .debug_frame   0x0000000000000da8       0x2c ../common/LPC17xx_Startup.o
 .debug_frame   0x0000000000000dd4       0x20 ../common/LPC17xx_Interrupts.o
 .debug_frame   0x0000000000000df4      0x304 ../common/ubertooth.o
 .debug_frame   0x00000000000010f8       0x84 ../common/lpcusb/target/usbcontrol.o
 .debug_frame   0x000000000000117c       0x3c ../common/lpcusb/target/usbinit.o
 .debug_frame   0x00000000000011b8      0x220 ../common/lpcusb/target/usbhw_lpc.o
 .debug_frame   0x00000000000013d8       0xcc ../common/lpcusb/target/usbstdreq.o
 .debug_frame   0x00000000000014a4       0x30 /usr/lib/gcc/arm-none-eabi/4.8.2/../../../arm-none-eabi/lib/armv7-m/libc.a(lib_a-malloc.o)
 .debug_frame   0x00000000000014d4       0x38 /usr/lib/gcc/arm-none-eabi/4.8.2/../../../arm-none-eabi/lib/armv7-m/libc.a(lib_a-mallocr.o)
 .debug_frame   0x000000000000150c       0x2c /usr/lib/gcc/arm-none-eabi/4.8.2/../../../arm-none-eabi/lib/armv7-m/libc.a(lib_a-memcmp.o)
 .debug_frame   0x0000000000001538       0x30 /usr/lib/gcc/arm-none-eabi/4.8.2/../../../arm-none-eabi/lib/armv7-m/libc.a(lib_a-mlock.o)
 .debug_frame   0x0000000000001568       0x2c /usr/lib/gcc/arm-none-eabi/4.8.2/../../../arm-none-eabi/lib/armv7-m/libc.a(lib_a-sbrkr.o)
 .debug_frame   0x0000000000001594       0x20 /usr/lib/gcc/arm-none-eabi/4.8.2/../../../arm-none-eabi/lib/armv7-m/libc.a(lib_a-strlen.o)
 .debug_frame   0x00000000000015b4       0x54 /usr/lib/gcc/arm-none-eabi/4.8.2/../../../arm-none-eabi/lib/armv7-m/libc.a(lib_a-freer.o)
 .debug_frame   0x0000000000001608       0x48 /usr/lib/gcc/arm-none-eabi/4.8.2/../../../arm-none-eabi/lib/armv7-m/libc.a(lib_a-reent.o)
 .debug_frame   0x0000000000001650       0x20 /usr/lib/gcc/arm-none-eabi/4.8.2/../../../arm-none-eabi/lib/armv7-m/libnosys.a(sbrk.o)
