Archive member included because of file (symbol)

/usr/lib/gcc/arm-none-eabi/4.8.2/../../../arm-none-eabi/lib/armv7-m/libc.a(lib_a-atexit.o)
                              /usr/lib/gcc/arm-none-eabi/4.8.2/../../../arm-none-eabi/lib/armv7-m/crt0.o (atexit)
/usr/lib/gcc/arm-none-eabi/4.8.2/../../../arm-none-eabi/lib/armv7-m/libc.a(lib_a-exit.o)
                              /usr/lib/gcc/arm-none-eabi/4.8.2/../../../arm-none-eabi/lib/armv7-m/crt0.o (exit)
/usr/lib/gcc/arm-none-eabi/4.8.2/../../../arm-none-eabi/lib/armv7-m/libc.a(lib_a-fini.o)
                              /usr/lib/gcc/arm-none-eabi/4.8.2/../../../arm-none-eabi/lib/armv7-m/crt0.o (__libc_fini_array)
/usr/lib/gcc/arm-none-eabi/4.8.2/../../../arm-none-eabi/lib/armv7-m/libc.a(lib_a-impure.o)
                              /usr/lib/gcc/arm-none-eabi/4.8.2/../../../arm-none-eabi/lib/armv7-m/libc.a(lib_a-exit.o) (_global_impure_ptr)
/usr/lib/gcc/arm-none-eabi/4.8.2/../../../arm-none-eabi/lib/armv7-m/libc.a(lib_a-init.o)
                              /usr/lib/gcc/arm-none-eabi/4.8.2/../../../arm-none-eabi/lib/armv7-m/crt0.o (__libc_init_array)
/usr/lib/gcc/arm-none-eabi/4.8.2/../../../arm-none-eabi/lib/armv7-m/libc.a(lib_a-memset.o)
                              /usr/lib/gcc/arm-none-eabi/4.8.2/../../../arm-none-eabi/lib/armv7-m/crt0.o (memset)
/usr/lib/gcc/arm-none-eabi/4.8.2/../../../arm-none-eabi/lib/armv7-m/libc.a(lib_a-__atexit.o)
                              /usr/lib/gcc/arm-none-eabi/4.8.2/../../../arm-none-eabi/lib/armv7-m/libc.a(lib_a-atexit.o) (__register_exitproc)
/usr/lib/gcc/arm-none-eabi/4.8.2/../../../arm-none-eabi/lib/armv7-m/libc.a(lib_a-__call_atexit.o)
                              /usr/lib/gcc/arm-none-eabi/4.8.2/../../../arm-none-eabi/lib/armv7-m/libc.a(lib_a-exit.o) (__call_exitprocs)
/usr/lib/gcc/arm-none-eabi/4.8.2/armv7-m/libgcc.a(_ashldi3.o)
                              bluetooth_rxtx.o (__aeabi_llsl)
/usr/lib/gcc/arm-none-eabi/4.8.2/../../../arm-none-eabi/lib/armv7-m/libc.a(lib_a-malloc.o)
                              bluetooth_rxtx.o (malloc)
/usr/lib/gcc/arm-none-eabi/4.8.2/../../../arm-none-eabi/lib/armv7-m/libc.a(lib_a-mallocr.o)
                              /usr/lib/gcc/arm-none-eabi/4.8.2/../../../arm-none-eabi/lib/armv7-m/libc.a(lib_a-malloc.o) (_malloc_r)
/usr/lib/gcc/arm-none-eabi/4.8.2/../../../arm-none-eabi/lib/armv7-m/libc.a(lib_a-memcmp.o)
                              bluetooth_rxtx.o (memcmp)
/usr/lib/gcc/arm-none-eabi/4.8.2/../../../arm-none-eabi/lib/armv7-m/libc.a(lib_a-memcpy.o)
                              bluetooth_rxtx.o (memcpy)
/usr/lib/gcc/arm-none-eabi/4.8.2/../../../arm-none-eabi/lib/armv7-m/libc.a(lib_a-mlock.o)
                              /usr/lib/gcc/arm-none-eabi/4.8.2/../../../arm-none-eabi/lib/armv7-m/libc.a(lib_a-mallocr.o) (__malloc_lock)
/usr/lib/gcc/arm-none-eabi/4.8.2/../../../arm-none-eabi/lib/armv7-m/libc.a(lib_a-sbrkr.o)
                              /usr/lib/gcc/arm-none-eabi/4.8.2/../../../arm-none-eabi/lib/armv7-m/libc.a(lib_a-mallocr.o) (_sbrk_r)
/usr/lib/gcc/arm-none-eabi/4.8.2/../../../arm-none-eabi/lib/armv7-m/libc.a(lib_a-strlen.o)
                              bluetooth_rxtx.o (strlen)
/usr/lib/gcc/arm-none-eabi/4.8.2/../../../arm-none-eabi/lib/armv7-m/libc.a(lib_a-freer.o)
                              /usr/lib/gcc/arm-none-eabi/4.8.2/../../../arm-none-eabi/lib/armv7-m/libc.a(lib_a-malloc.o) (_free_r)
/usr/lib/gcc/arm-none-eabi/4.8.2/../../../arm-none-eabi/lib/armv7-m/libc.a(lib_a-reent.o)
                              /usr/lib/gcc/arm-none-eabi/4.8.2/../../../arm-none-eabi/lib/armv7-m/libc.a(lib_a-sbrkr.o) (errno)
/usr/lib/gcc/arm-none-eabi/4.8.2/../../../arm-none-eabi/lib/armv7-m/libnosys.a(sbrk.o)
                              /usr/lib/gcc/arm-none-eabi/4.8.2/../../../arm-none-eabi/lib/armv7-m/libc.a(lib_a-sbrkr.o) (_sbrk)
/usr/lib/gcc/arm-none-eabi/4.8.2/../../../arm-none-eabi/lib/armv7-m/libnosys.a(_exit.o)
                              /usr/lib/gcc/arm-none-eabi/4.8.2/../../../arm-none-eabi/lib/armv7-m/libc.a(lib_a-exit.o) (_exit)

Allocating common symbols
Common symbol       size              file

last_hop            0x4               bluetooth_rxtx.o
b                   0x1               bluetooth.o
rx_tc               0x4               bluetooth_rxtx.o
rssi_max            0x1               bluetooth_rxtx.o
used_channels       0x1               bluetooth_rxtx.o
le_dma_lli          0xb0              ubertooth_dma.o
rssi_min            0x1               bluetooth_rxtx.o
errno               0x4               /usr/lib/gcc/arm-none-eabi/4.8.2/../../../arm-none-eabi/lib/armv7-m/libc.a(lib_a-reent.o)
afh_map             0xa               bluetooth_rxtx.o
d1                  0x2               bluetooth.o
clkn_offset         0x4               bluetooth_rxtx.o
rx_dma_lli2         0x10              ubertooth_dma.o
afh_bank            0x4f              bluetooth.o
a1                  0x1               bluetooth.o
clkn_last_drift_fix
[...]
Memory Configuration

Name             Origin             Length             Attributes
rom              0x0000000000004000 0x000000000001c000 xr
ram              0x0000000010000000 0x0000000000004000 xrw
*default*        0x0000000000000000 0xffffffffffffffff

Linker script and memory map

LOAD /usr/lib/gcc/arm-none-eabi/4.8.2/armv7-m/crti.o
LOAD /usr/lib/gcc/arm-none-eabi/4.8.2/armv7-m/crtbegin.o
LOAD /usr/lib/gcc/arm-none-eabi/4.8.2/../../../arm-none-eabi/lib/armv7-m/crt0.o
START GROUP
LOAD /usr/lib/gcc/arm-none-eabi/4.8.2/../../../arm-none-eabi/lib/armv7-m/libc.a
LOAD /usr/lib/gcc/arm-none-eabi/4.8.2/../../../arm-none-eabi/lib/armv7-m/libg.a
LOAD /usr/lib/gcc/arm-none-eabi/4.8.2/armv7-m/libgcc.a
LOAD /usr/lib/gcc/arm-none-eabi/4.8.2/../../../arm-none-eabi/lib/armv7-m/libm.a
END GROUP
LOAD bluetooth_rxtx.o
LOAD bluetooth.o
LOAD bluetooth_le.o
LOAD ubertooth_usb.o
LOAD ubertooth_rssi.o
LOAD ubertooth_cs.o
LOAD ubertooth_clock.o
LOAD ubertooth_dma.o
LOAD cc2400_rangetest.o
LOAD ego.o
LOAD ../common/usb_serial.o
LOAD ../common/serial_fifo.o
LOAD ../common/LPC17xx_Startup.o
LOAD ../common/LPC17xx_Interrupts.o
LOAD ../common/ubertooth.o
LOAD ../common/lpcusb/target/usbcontrol.o
LOAD ../common/lpcusb/target/usbinit.o
LOAD ../common/lpcusb/target/usbhw_lpc.o
LOAD ../common/lpcusb/target/usbstdreq.o
START GROUP
LOAD /usr/lib/gcc/arm-none-eabi/4.8.2/armv7-m/libgcc.a
LOAD /usr/lib/gcc/arm-none-eabi/4.8.2/../../../arm-none-eabi/lib/armv7-m/libc.a
END GROUP
LOAD /usr/lib/gcc/arm-none-eabi/4.8.2/armv7-m/crtend.o
LOAD /usr/lib/gcc/arm-none-eabi/4.8.2/armv7-m/crtn.o
START GROUP
LOAD /usr/lib/gcc/arm-none-eabi/4.8.2/armv7-m/libgcc.a
LOAD /usr/lib/gcc/arm-none-eabi/4.8.2/../../../arm-none-eabi/lib/armv7-m/libc.a
LOAD /usr/lib/gcc/arm-none-eabi/4.8.2/../../../arm-none-eabi/lib/armv7-m/libm.a
LOAD /usr/lib/gcc/arm-none-eabi/4.8.2/../../../arm-none-eabi/lib/armv7-m/libnosys.a
END GROUP

.text           0x0000000000004000     0x6970
                0x0000000000004000                . = ALIGN (0x400)
                0x0000000000004000                _interrupt_vector_table = .
 *(.irq_handler_table)
 .irq_handler_table
                0x0000000000004000       0xcc ../common/LPC17xx_Interrupts.o
                0x0000000000004000                _NVIC_Handler_Functions
 *(.text .text.* .gnu.linkonce.t.*)
 .text          0x00000000000040cc       0xc8 /usr/lib/gcc/arm-none-eabi/4.8.2/armv7-m/crtbegin.o
 .text.atexit   0x0000000000004194        0xc /usr/lib/gcc/arm-none-eabi/4.8.2/../../../arm-none-eabi/lib/armv7-m/libc.a(lib_a-atexit.o)
                0x0000000000004194                atexit
 .text.__libc_fini_array
                0x00000000000041a0       0x34 /usr/lib/gcc/arm-none-eabi/4.8.2/../../../arm-none-eabi/lib/armv7-m/libc.a(lib_a-fini.o)
                0x00000000000041a0                __libc_fini_array
 .text.__libc_init_array
                0x00000000000041d4       0x5c /usr/lib/gcc/arm-none-eabi/4.8.2/../../../arm-none-eabi/lib/armv7-m/libc.a(lib_a-init.o)
                0x00000000000041d4                __libc_init_array
 .text.memset   0x0000000000004230       0x94 /usr/lib/gcc/arm-none-eabi/4.8.2/../../../arm-none-eabi/lib/armv7-m/libc.a(lib_a-memset.o)
                0x0000000000004230                memset
 .text.__register_exitproc
                0x00000000000042c4       0xac /usr/lib/gcc/arm-none-eabi/4.8.2/../../../arm-none-eabi/lib/armv7-m/libc.a(lib_a-__atexit.o)
                0x00000000000042c4                __register_exitproc
 .text.startup.register_fini
                0x0000000000004370       0x18 /usr/lib/gcc/arm-none-eabi/4.8.2/../../../arm-none-eabi/lib/armv7-m/libc.a(lib_a-__call_atexit.o)
 .text.msleep   0x0000000000004388       0x2c bluetooth_rxtx.o
 .text.reverse8
                0x00000000000043b4       0x22 bluetooth_rxtx.o
 *fill*         0x00000000000043d6        0x2 
 .text.cc2400_rx
                0x00000000000043d8       0xa4 bluetooth_rxtx.o
 .text.cc2400_rx_sync
                0x000000000000447c       0xb8 bluetooth_rxtx.o
 .text.enqueue  0x0000000000004534       0x9c bluetooth_rxtx.o
 .text.le_set_access_address
                0x00000000000045d0       0x18 bluetooth_rxtx.o
 .text.cc2400_idle
                0x00000000000045e8       0xac bluetooth_rxtx.o
 .text.cb_follow_le
                0x0000000000004694      0x104 bluetooth_rxtx.o
                0x0000000000004694                cb_follow_le
 .text.connection_follow_cb
                0x0000000000004798      0x170 bluetooth_rxtx.o
                0x0000000000004798                connection_follow_cb
 .text.vendor_request_handler
                0x0000000000004908      0x6d4 bluetooth_rxtx.o
 .text.enqueue_time
                0x0000000000004fdc       0x28 bluetooth_rxtx.o
 .text.enqueue_with_ts
                0x0000000000005004       0x58 bluetooth_rxtx.o
                0x0000000000005004                enqueue_with_ts
 .text.TIMER0_IRQHandler
                0x000000000000505c      0x140 bluetooth_rxtx.o
                0x000000000000505c                TIMER0_IRQHandler
 .text.EINT3_IRQHandler
                0x000000000000519c       0x34 bluetooth_rxtx.o
                0x000000000000519c                EINT3_IRQHandler
 .text.DMA_IRQHandler
                0x00000000000051d0       0xf4 bluetooth_rxtx.o
                0x00000000000051d0                DMA_IRQHandler
 .text.le_transmit
                0x00000000000052c4      0x1b4 bluetooth_rxtx.o
                0x00000000000052c4                le_transmit
 .text.le_jam   0x0000000000005478       0x78 bluetooth_rxtx.o
                0x0000000000005478                le_jam
 .text.hop      0x00000000000054f0      0x1a0 bluetooth_rxtx.o
                0x00000000000054f0                hop
 .text.bt_stream_rx
                0x0000000000005690      0x15c bluetooth_rxtx.o
                0x0000000000005690                bt_stream_rx
 .text.br_transmit
                0x00000000000057ec      0x280 bluetooth_rxtx.o
                0x00000000000057ec                br_transmit
 .text.reset_le
                0x0000000000005a6c       0x54 bluetooth_rxtx.o
                0x0000000000005a6c                reset_le
 .text.reset_le_promisc
                0x0000000000005ac0       0x20 bluetooth_rxtx.o
                0x0000000000005ac0                reset_le_promisc
 .text.bt_generic_le
                0x0000000000005ae0      0x1e4 bluetooth_rxtx.o
                0x0000000000005ae0                bt_generic_le
 .text.bt_le_sync_rssi
                0x0000000000005cc4      0x24c bluetooth_rxtx.o
                0x0000000000005cc4                bt_le_sync_rssi
 .text.bt_le_sync
                0x0000000000005f10      0x418 bluetooth_rxtx.o
                0x0000000000005f10                bt_le_sync
 .text.bt_le_sync_cfo
                0x0000000000006328      0x424 bluetooth_rxtx.o
                0x0000000000006328                bt_le_sync_cfo
 .text.bt_follow_le
                0x000000000000674c       0x20 bluetooth_rxtx.o
                0x000000000000674c                bt_follow_le
 .text.bt_tracking_le
                0x000000000000676c       0x34 bluetooth_rxtx.o
                0x000000000000676c                bt_tracking_le
 .text.le_promisc_state
                0x00000000000067a0       0x36 bluetooth_rxtx.o
                0x00000000000067a0                le_promisc_state
 *fill*         0x00000000000067d6        0x2 
 .text.promisc_recover_hop_increment
                0x00000000000067d8       0xe0 bluetooth_rxtx.o
                0x00000000000067d8                promisc_recover_hop_increment
 .text.promisc_recover_hop_interval
                0x00000000000068b8       0xb4 bluetooth_rxtx.o
                0x00000000000068b8                promisc_recover_hop_interval
 .text.promisc_follow_cb
                0x000000000000696c       0x74 bluetooth_rxtx.o
                0x000000000000696c                promisc_follow_cb
 .text.see_aa   0x00000000000069e0       0x5c bluetooth_rxtx.o
                0x00000000000069e0                see_aa
 .text.cb_le_promisc
                0x0000000000006a3c      0x1a0 bluetooth_rxtx.o
                0x0000000000006a3c                cb_le_promisc
 .text.bt_promisc_le
                0x0000000000006bdc       0x70 bluetooth_rxtx.o
                0x0000000000006bdc                bt_promisc_le
 .text.bt_slave_le
                0x0000000000006c4c      0x240 bluetooth_rxtx.o
                0x0000000000006c4c                bt_slave_le
 .text.bt_sync_le
                0x0000000000006e8c       0xec bluetooth_rxtx.o
                0x0000000000006e8c                bt_sync_le
 .text.rx_generic_sync
                0x0000000000006f78       0xa0 bluetooth_rxtx.o
                0x0000000000006f78                rx_generic_sync
 .text.rx_generic
                0x0000000000007018       0x20 bluetooth_rxtx.o
                0x0000000000007018                rx_generic
 .text.tx_generic
                0x0000000000007038       0xf4 bluetooth_rxtx.o
                0x0000000000007038                tx_generic
 .text.specan   0x000000000000712c      0x114 bluetooth_rxtx.o
                0x000000000000712c                specan
 .text.led_specan
                0x0000000000007240      0x130 bluetooth_rxtx.o
                0x0000000000007240                led_specan
 .text.startup.main
                0x0000000000007370      0x13c bluetooth_rxtx.o
                0x0000000000007370                main
 .text.precalc  0x00000000000074ac      0x138 bluetooth.o
                0x00000000000074ac                precalc
 .text.next_hop
                0x00000000000075e4      0x13c bluetooth.o
                0x00000000000075e4                next_hop
 .text.btle_channel_index
                0x0000000000007720       0x26 bluetooth_le.o
                0x0000000000007720                btle_channel_index
 .text.btle_channel_index_to_phys
                0x0000000000007746       0x30 bluetooth_le.o
                0x0000000000007746                btle_channel_index_to_phys
 .text.btle_next_hop
                0x0000000000007776       0x1e bluetooth_le.o
                0x0000000000007776                btle_next_hop
 .text.btle_calc_crc
                0x0000000000007794       0x38 bluetooth_le.o
                0x0000000000007794                btle_calc_crc
 .text.btle_reverse_crc
                0x00000000000077cc       0x52 bluetooth_le.o
                0x00000000000077cc                btle_reverse_crc
 *fill*         0x000000000000781e        0x2 
 .text.btle_crcgen_lut
                0x0000000000007820       0x28 bluetooth_le.o
                0x0000000000007820                btle_crcgen_lut
 .text.usb_vendor_request_handler
                0x0000000000007848       0x2c ubertooth_usb.o
                0x0000000000007848                usb_vendor_request_handler
 .text.set_serial_descriptor
                0x0000000000007874       0x54 ubertooth_usb.o
                0x0000000000007874                set_serial_descriptor
 .text.ubertooth_usb_init
                0x00000000000078c8       0x4c ubertooth_usb.o
                0x00000000000078c8                ubertooth_usb_init
 .text.queue_init
                0x0000000000007914       0x1c ubertooth_usb.o
                0x0000000000007914                queue_init
 .text.usb_enqueue
                0x0000000000007930       0x34 ubertooth_usb.o
                0x0000000000007930                usb_enqueue
 .text.usb_enqueue_time
                0x0000000000007964       0x34 ubertooth_usb.o
                0x0000000000007964                usb_enqueue_time
 .text.dequeue  0x0000000000007998       0x2c ubertooth_usb.o
                0x0000000000007998                dequeue
 .text.dequeue_send
                0x00000000000079c4       0x48 ubertooth_usb.o
                0x00000000000079c4                dequeue_send
 .text.handle_usb
                0x0000000000007a0c       0x28 ubertooth_usb.o
                0x0000000000007a0c                handle_usb
 .text.rssi_reset
                0x0000000000007a34       0x38 ubertooth_rssi.o
                0x0000000000007a34                rssi_reset
 .text.rssi_add
                0x0000000000007a6c       0x40 ubertooth_rssi.o
                0x0000000000007a6c                rssi_add
 .text.rssi_iir_update
                0x0000000000007aac       0x50 ubertooth_rssi.o
                0x0000000000007aac                rssi_iir_update
 .text.rssi_get_avg
                0x0000000000007afc       0x28 ubertooth_rssi.o
                0x0000000000007afc                rssi_get_avg
 .text.cs_threshold_calc_and_set
                0x0000000000007b24       0x64 ubertooth_cs.o
                0x0000000000007b24                cs_threshold_calc_and_set
 .text.cs_trigger_enable
                0x0000000000007b88       0x2c ubertooth_cs.o
                0x0000000000007b88                cs_trigger_enable
 .text.cs_trigger_disable
                0x0000000000007bb4       0x2c ubertooth_cs.o
                0x0000000000007bb4                cs_trigger_disable
 .text.cs_reset
                0x0000000000007be0       0x24 ubertooth_cs.o
                0x0000000000007be0                cs_reset
 .text.clkn_stop
                0x0000000000007c04       0x50 ubertooth_clock.o
                0x0000000000007c04                clkn_stop
 .text.clkn_start
                0x0000000000007c54        0xc ubertooth_clock.o
                0x0000000000007c54                clkn_start
 .text.clkn_init
                0x0000000000007c60       0x28 ubertooth_clock.o
                0x0000000000007c60                clkn_init
 .text.dma_disable
                0x0000000000007c88       0x7c ubertooth_dma.o
 .text.dma_init
                0x0000000000007d04       0x7c ubertooth_dma.o
                0x0000000000007d04                dma_init
 .text.dma_init_le
                0x0000000000007d80       0x90 ubertooth_dma.o
                0x0000000000007d80                dma_init_le
 .text.dio_ssp_start
                0x0000000000007e10       0x4c ubertooth_dma.o
                0x0000000000007e10                dio_ssp_start
 .text.dio_ssp_stop
                0x0000000000007e5c       0x2c ubertooth_dma.o
                0x0000000000007e5c                dio_ssp_stop
 .text.cc2400_rangetest
                0x0000000000007e88      0x288 cc2400_rangetest.o
                0x0000000000007e88                cc2400_rangetest
 .text.cc2400_repeater
                0x0000000000008110      0x170 cc2400_rangetest.o
                0x0000000000008110                cc2400_repeater
 .text.cc2400_txtest
                0x0000000000008280       0x78 cc2400_rangetest.o
                0x0000000000008280                cc2400_txtest
 .text.ssp_stop
                0x00000000000082f8       0x1c ego.o
 .text.do_rx    0x0000000000008314       0x20 ego.o
 .text.sleep_ms
                0x0000000000008334       0x2c ego.o
 .text.sleep_elapsed
                0x0000000000008360       0x38 ego.o
 .text.nop_state
                0x0000000000008398        0x2 ego.o
 *fill*         0x000000000000839a        0x2 
 .text.init_state
                0x000000000000839c       0x18 ego.o
 .text.continuous_init_state
                0x00000000000083b4        0x6 ego.o
 *fill*         0x00000000000083ba        0x2 
 .text.start_rf_state
                0x00000000000083bc       0xb8 ego.o
 .text.start_jamming_state
                0x0000000000008474       0xa4 ego.o
 .text.sleep_state
                0x0000000000008518       0x48 ego.o
 .text.jam_sleep_state
                0x0000000000008560       0x20 ego.o
 .text.jamming_state
                0x0000000000008580       0x60 ego.o
                0x0000000000008580                jamming_state
 .text.continuous_cap_state
                0x00000000000085e0       0x7c ego.o
 .text.jam_cap_state
                0x000000000000865c       0x64 ego.o
 .text.cap_state
                0x00000000000086c0       0x90 ego.o
 .text.ego_main
                0x0000000000008750       0x7c ego.o
                0x0000000000008750                ego_main
 .text.USB_IRQHandler
                0x00000000000087cc        0x4 ../common/usb_serial.o
                0x00000000000087cc                USB_IRQHandler
 .text.Reset_Handler
                0x00000000000087d0       0x54 ../common/LPC17xx_Startup.o
                0x00000000000087d0                Reset_Handler
 .text.Default_Handler
                0x0000000000008824        0x2 ../common/LPC17xx_Interrupts.o
                0x0000000000008824                TIMER2_IRQHandler
                0x0000000000008824                DebugMon_Handler
                0x0000000000008824                RIT_IRQHandler
                0x0000000000008824                I2C0_IRQHandler
                0x0000000000008824                HardFault_Handler
                0x0000000000008824                SysTick_Handler
                0x0000000000008824                PWM1_IRQHandler
                0x0000000000008824                PendSV_Handler
                0x0000000000008824                NMI_Handler
                0x0000000000008824                I2C1_IRQHandler
                0x0000000000008824                EINT2_IRQHandler
                0x0000000000008824                UART1_IRQHandler
                0x0000000000008824                TIMER3_IRQHandler
                0x0000000000008824                UART0_IRQHandler
                0x0000000000008824                MemManagement_Handler
                0x0000000000008824                UsageFault_Handler
                0x0000000000008824                PLL0_IRQHandler
                0x0000000000008824                CAN_IRQHandler
                0x0000000000008824                PLL1_IRQHandler
                0x0000000000008824                SSP0_IRQHandler
                0x0000000000008824                I2S_IRQHandler
                0x0000000000008824                I2C2_IRQHandler
                0x0000000000008824                RTC_IRQHandler
                0x0000000000008824                SPI_IRQHandler
                0x0000000000008824                EINT1_IRQHandler
                0x0000000000008824                TIMER1_IRQHandler
                0x0000000000008824                UART2_IRQHandler
                0x0000000000008824                ADC_IRQHandler
                0x0000000000008824                SSP1_IRQHandler
                0x0000000000008824                BOD_IRQHandler
                0x0000000000008824                WDT_IRQHandler
                0x0000000000008824                SVC_Handler
                0x0000000000008824                QEI_IRQHandler
                0x0000000000008824                EINT0_IRQHandler
                0x0000000000008824                USBACT_IRQHandler
                0x0000000000008824                CANACT_IRQHandler
                0x0000000000008824                BusFault_Handler
                0x0000000000008824                UART3_IRQHandler
                0x0000000000008824                MCPWM_IRQHandler
                0x0000000000008824                ENET_IRQHandler
 *fill*         0x0000000000008826        0x2 
 .text.spi_delay
                0x0000000000008828       0x18 ../common/ubertooth.o
 .text.rbit     0x0000000000008840        0x6 ../common/ubertooth.o
                0x0000000000008840                rbit
 *fill*         0x0000000000008846        0x2 
 .text.wait_us  0x0000000000008848       0x2c ../common/ubertooth.o
                0x0000000000008848                wait_us
 .text.wait     0x0000000000008874        0xc ../common/ubertooth.o
                0x0000000000008874                wait
 .text.all_pins_off
                0x0000000000008880       0x54 ../common/ubertooth.o
                0x0000000000008880                all_pins_off
 .text.gpio_init
                0x00000000000088d4       0x34 ../common/ubertooth.o
                0x00000000000088d4                gpio_init
 .text.dio_ssp_init
                0x0000000000008908       0x54 ../common/ubertooth.o
                0x0000000000008908                dio_ssp_init
 .text.atest_init
                0x000000000000895c       0x34 ../common/ubertooth.o
                0x000000000000895c                atest_init
 .text.cc2400_spi
                0x0000000000008990       0x50 ../common/ubertooth.o
                0x0000000000008990                cc2400_spi
 .text.cc2400_init
                0x00000000000089e0       0x38 ../common/ubertooth.o
                0x00000000000089e0                cc2400_init
 .text.cc2400_get
                0x0000000000008a18       0x12 ../common/ubertooth.o
                0x0000000000008a18                cc2400_get
 .text.cc2400_set
                0x0000000000008a2a        0xa ../common/ubertooth.o
                0x0000000000008a2a                cc2400_set
 .text.cc2400_get8
                0x0000000000008a34       0x12 ../common/ubertooth.o
                0x0000000000008a34                cc2400_get8
 *fill*         0x0000000000008a46        0x2 
 .text.cc2400_get_rev
                0x0000000000008a48       0x58 ../common/ubertooth.o
                0x0000000000008a48                cc2400_get_rev
 .text.cc2400_set8
                0x0000000000008aa0        0xa ../common/ubertooth.o
                0x0000000000008aa0                cc2400_set8
 *fill*         0x0000000000008aaa        0x2 
 .text.cc2400_fifo_write
                0x0000000000008aac       0x90 ../common/ubertooth.o
                0x0000000000008aac                cc2400_fifo_write
 .text.cc2400_fifo_read
                0x0000000000008b3c       0x90 ../common/ubertooth.o
                0x0000000000008b3c                cc2400_fifo_read
 .text.cc2400_status
                0x0000000000008bcc        0xe ../common/ubertooth.o
                0x0000000000008bcc                cc2400_status
 .text.cc2400_strobe
                0x0000000000008bda        0xe ../common/ubertooth.o
                0x0000000000008bda                cc2400_strobe
 .text.cc2400_reset
                0x0000000000008be8       0x2c ../common/ubertooth.o
                0x0000000000008be8                cc2400_reset
 .text.clock_start
                0x0000000000008c14      0x14c ../common/ubertooth.o
                0x0000000000008c14                clock_start
 .text.ubertooth_init
                0x0000000000008d60       0x12 ../common/ubertooth.o
                0x0000000000008d60                ubertooth_init
 *fill*         0x0000000000008d72        0x2 
 .text.reset    0x0000000000008d74       0x34 ../common/ubertooth.o
                0x0000000000008d74                reset
 .text.get_part_num
                0x0000000000008da8       0x38 ../common/ubertooth.o
                0x0000000000008da8                get_part_num
 .text.get_device_serial
                0x0000000000008de0       0x68 ../common/ubertooth.o
                0x0000000000008de0                get_device_serial
 .text.set_isp  0x0000000000008e48       0x20 ../common/ubertooth.o
                0x0000000000008e48                set_isp
 .text.DataIn   0x0000000000008e68       0x28 ../common/lpcusb/target/usbcontrol.o
 .text._HandleRequest.constprop.1
                0x0000000000008e90       0x50 ../common/lpcusb/target/usbcontrol.o
 .text.USBHandleControlTransfer
                0x0000000000008ee0       0xa8 ../common/lpcusb/target/usbcontrol.o
                0x0000000000008ee0                USBHandleControlTransfer
 .text.USBRegisterRequestHandler
                0x0000000000008f88       0x10 ../common/lpcusb/target/usbcontrol.o
                0x0000000000008f88                USBRegisterRequestHandler
 .text.HandleUsbReset
                0x0000000000008f98        0x2 ../common/lpcusb/target/usbinit.o
 *fill*         0x0000000000008f9a        0x2 
 .text.USBInit  0x0000000000008f9c       0x4c ../common/lpcusb/target/usbinit.o
                0x0000000000008f9c                USBInit
 .text.Wait4DevInt
                0x0000000000008fe8       0x18 ../common/lpcusb/target/usbhw_lpc.o
 .text.USBHwCmd
                0x0000000000009000       0x18 ../common/lpcusb/target/usbhw_lpc.o
 .text.USBHwCmdWrite
                0x0000000000009018       0x20 ../common/lpcusb/target/usbhw_lpc.o
 .text.USBHwEPConfig
                0x0000000000009038       0x38 ../common/lpcusb/target/usbhw_lpc.o
                0x0000000000009038                USBHwEPConfig
 .text.USBHwRegisterEPIntHandler
                0x0000000000009070       0x34 ../common/lpcusb/target/usbhw_lpc.o
                0x0000000000009070                USBHwRegisterEPIntHandler
 .text.USBHwRegisterDevIntHandler
                0x00000000000090a4       0x18 ../common/lpcusb/target/usbhw_lpc.o
                0x00000000000090a4                USBHwRegisterDevIntHandler
 .text.USBHwSetAddress
                0x00000000000090bc        0xa ../common/lpcusb/target/usbhw_lpc.o
                0x00000000000090bc                USBHwSetAddress
 .text.USBHwConnect
                0x00000000000090c6        0xc ../common/lpcusb/target/usbhw_lpc.o
                0x00000000000090c6                USBHwConnect
 .text.USBHwNakIntEnable
                0x00000000000090d2        0x8 ../common/lpcusb/target/usbhw_lpc.o
                0x00000000000090d2                USBHwNakIntEnable
 *fill*         0x00000000000090da        0x2 
 .text.USBHwEPGetStatus
                0x00000000000090dc       0x34 ../common/lpcusb/target/usbhw_lpc.o
                0x00000000000090dc                USBHwEPGetStatus
 .text.USBHwEPStall
                0x0000000000009110       0x18 ../common/lpcusb/target/usbhw_lpc.o
                0x0000000000009110                USBHwEPStall
 .text.USBHwEPWrite
                0x0000000000009128       0x60 ../common/lpcusb/target/usbhw_lpc.o
                0x0000000000009128                USBHwEPWrite
 .text.USBHwEPRead
                0x0000000000009188       0x6c ../common/lpcusb/target/usbhw_lpc.o
                0x0000000000009188                USBHwEPRead
 .text.USBHwConfigDevice
                0x00000000000091f4        0xc ../common/lpcusb/target/usbhw_lpc.o
                0x00000000000091f4                USBHwConfigDevice
 .text.USBHwISR
                0x0000000000009200       0xcc ../common/lpcusb/target/usbhw_lpc.o
                0x0000000000009200                USBHwISR
 .text.USBHwInit
                0x00000000000092cc       0xb0 ../common/lpcusb/target/usbhw_lpc.o
                0x00000000000092cc                USBHwInit
 .text.USBFilterOsVendorMessage
                0x000000000000937c       0x68 ../common/lpcusb/target/usbstdreq.o
                0x000000000000937c                USBFilterOsVendorMessage
 .text.USBRegisterWinusbInterface
                0x00000000000093e4       0x34 ../common/lpcusb/target/usbstdreq.o
                0x00000000000093e4                USBRegisterWinusbInterface
 .text.USBRegisterDescriptors
                0x0000000000009418        0xc ../common/lpcusb/target/usbstdreq.o
                0x0000000000009418                USBRegisterDescriptors
 .text.USBGetDescriptor
                0x0000000000009424       0x58 ../common/lpcusb/target/usbstdreq.o
                0x0000000000009424                USBGetDescriptor
 .text.USBHandleStandardRequest
                0x000000000000947c      0x138 ../common/lpcusb/target/usbstdreq.o
                0x000000000000947c                USBHandleStandardRequest
 .text          0x00000000000095b4       0x18 /usr/lib/gcc/arm-none-eabi/4.8.2/armv7-m/libgcc.a(_ashldi3.o)
                0x00000000000095b4                __ashldi3
                0x00000000000095b4                __aeabi_llsl
 .text.malloc   0x00000000000095cc       0x10 /usr/lib/gcc/arm-none-eabi/4.8.2/../../../arm-none-eabi/lib/armv7-m/libc.a(lib_a-malloc.o)
                0x00000000000095cc                malloc
 .text.free     0x00000000000095dc       0x10 /usr/lib/gcc/arm-none-eabi/4.8.2/../../../arm-none-eabi/lib/armv7-m/libc.a(lib_a-malloc.o)
                0x00000000000095dc                free
 .text._malloc_r
                0x00000000000095ec      0x564 /usr/lib/gcc/arm-none-eabi/4.8.2/../../../arm-none-eabi/lib/armv7-m/libc.a(lib_a-mallocr.o)
                0x00000000000095ec                _malloc_r
 .text.memcmp   0x0000000000009b50       0x68 /usr/lib/gcc/arm-none-eabi/4.8.2/../../../arm-none-eabi/lib/armv7-m/libc.a(lib_a-memcmp.o)
                0x0000000000009b50                memcmp
 .text          0x0000000000009bb8       0xec /usr/lib/gcc/arm-none-eabi/4.8.2/../../../arm-none-eabi/lib/armv7-m/libc.a(lib_a-memcpy.o)
                0x0000000000009bb8                memcpy
 .text.__malloc_lock
                0x0000000000009ca4        0x4 /usr/lib/gcc/arm-none-eabi/4.8.2/../../../arm-none-eabi/lib/armv7-m/libc.a(lib_a-mlock.o)
                0x0000000000009ca4                __malloc_lock
 .text.__malloc_unlock
                0x0000000000009ca8        0x4 /usr/lib/gcc/arm-none-eabi/4.8.2/../../../arm-none-eabi/lib/armv7-m/libc.a(lib_a-mlock.o)
                0x0000000000009ca8                __malloc_unlock
 .text._sbrk_r  0x0000000000009cac       0x28 /usr/lib/gcc/arm-none-eabi/4.8.2/../../../arm-none-eabi/lib/armv7-m/libc.a(lib_a-sbrkr.o)
                0x0000000000009cac                _sbrk_r
 .text.strlen   0x0000000000009cd4       0x60 /usr/lib/gcc/arm-none-eabi/4.8.2/../../../arm-none-eabi/lib/armv7-m/libc.a(lib_a-strlen.o)
                0x0000000000009cd4                strlen
 .text._malloc_trim_r
                0x0000000000009d34       0xa4 /usr/lib/gcc/arm-none-eabi/4.8.2/../../../arm-none-eabi/lib/armv7-m/libc.a(lib_a-freer.o)
                0x0000000000009d34                _malloc_trim_r
 .text._free_r  0x0000000000009dd8      0x198 /usr/lib/gcc/arm-none-eabi/4.8.2/../../../arm-none-eabi/lib/armv7-m/libc.a(lib_a-freer.o)
                0x0000000000009dd8                _free_r
 .text._sbrk    0x0000000000009f70       0x20 /usr/lib/gcc/arm-none-eabi/4.8.2/../../../arm-none-eabi/lib/armv7-m/libnosys.a(sbrk.o)
                0x0000000000009f70                _sbrk
 *(.rodata .rodata.* .gnu.linkonce.r.*)
 .rodata.str1.4
                0x0000000000009f90        0x4 /usr/lib/gcc/arm-none-eabi/4.8.2/../../../arm-none-eabi/lib/armv7-m/libc.a(lib_a-impure.o)
 .rodata._global_impure_ptr
                0x0000000000009f94        0x4 /usr/lib/gcc/arm-none-eabi/4.8.2/../../../arm-none-eabi/lib/armv7-m/libc.a(lib_a-impure.o)
                0x0000000000009f94                _global_impure_ptr
 .rodata        0x0000000000009f98      0x8e0 bluetooth_rxtx.o
                0x000000000000a03f                compile_info
 .rodata.str1.1
                0x000000000000a878        0xb bluetooth_rxtx.o
 .rodata        0x000000000000a883       0x1c bluetooth.o
 .rodata.str1.1
                0x000000000000a89f       0x27 ubertooth_usb.o
 *fill*         0x000000000000a8c6        0x2 
 .rodata        0x000000000000a8c8       0x54 ego.o
 .rodata        0x000000000000a91c        0x4 ../common/ubertooth.o
                0x000000000000a91c                iap_entry
 .rodata        0x000000000000a920       0x28 ../common/lpcusb/target/usbstdreq.o
 *(.eh_frame_hdr)
 *(.eh_frame)
 .eh_frame      0x000000000000a948        0x0 /usr/lib/gcc/arm-none-eabi/4.8.2/armv7-m/crtbegin.o
                0x000000000000a948                . = ALIGN (0x4)
 *(.init)
 .init          0x000000000000a948        0x4 /usr/lib/gcc/arm-none-eabi/4.8.2/armv7-m/crti.o
                0x000000000000a948                _init
 .init          0x000000000000a94c        0x8 /usr/lib/gcc/arm-none-eabi/4.8.2/armv7-m/crtn.o
                0x000000000000a954                . = ALIGN (0x4)
                0x000000000000a954                __preinit_array_start = .
 *(.preinit_array)
                0x000000000000a954                __preinit_array_end = .
                0x000000000000a954                . = ALIGN (0x4)
                0x000000000000a954                __init_array_start = .
 *(SORT(.init_array.*))
 .init_array.00000
                0x000000000000a954        0x4 /usr/lib/gcc/arm-none-eabi/4.8.2/../../../arm-none-eabi/lib/armv7-m/libc.a(lib_a-__call_atexit.o)
 *(.init_array)
 .init_array    0x000000000000a958        0x4 /usr/lib/gcc/arm-none-eabi/4.8.2/armv7-m/crtbegin.o
                0x000000000000a95c                __init_array_end = .
                0x000000000000a95c                . = ALIGN (0x4)
 *crtbegin.o(.ctors)
 *(EXCLUDE_FILE(*crtend.o) .ctors)
 *(SORT(.ctors.*))
 *crtend.o(.ctors)
                0x000000000000a95c                . = ALIGN (0x4)
 *(.fini)
 .fini          0x000000000000a95c        0x4 /usr/lib/gcc/arm-none-eabi/4.8.2/armv7-m/crti.o
                0x000000000000a95c                _fini
 .fini          0x000000000000a960        0x8 /usr/lib/gcc/arm-none-eabi/4.8.2/armv7-m/crtn.o
                0x000000000000a968                . = ALIGN (0x4)
                0x000000000000a968                __fini_array_start = .
 *(.fini_array)
 .fini_array    0x000000000000a968        0x4 /usr/lib/gcc/arm-none-eabi/4.8.2/armv7-m/crtbegin.o
 *(SORT(.fini_array.*))
                0x000000000000a96c                __fini_array_end = .
 *crtbegin.o(.dtors)
 *(EXCLUDE_FILE(*crtend.o) .dtors)
 *(SORT(.dtors.*))
 *crtend.o(.dtors)
                0x000000000000a970                . = ALIGN (0x8)
 *fill*         0x000000000000a96c        0x4 
                0x000000000000a970                _etext = .

.glue_7         0x000000000000a970        0x0
 .glue_7        0x0000000000000000        0x0 linker stubs

.glue_7t        0x000000000000a970        0x0
 .glue_7t       0x0000000000000000        0x0 linker stubs

.vfp11_veneer   0x000000000000a970        0x0
 .vfp11_veneer  0x0000000000000000        0x0 linker stubs

.v4_bx          0x000000000000a970        0x0
 .v4_bx         0x0000000000000000        0x0 linker stubs

.iplt           0x000000000000a970        0x0
 .iplt          0x0000000000000000        0x0 /usr/lib/gcc/arm-none-eabi/4.8.2/armv7-m/crtbegin.o

.rel.dyn        0x000000000000a970        0x0
 .rel.iplt      0x0000000000000000        0x0 /usr/lib/gcc/arm-none-eabi/4.8.2/armv7-m/crtbegin.o

.ARM.extab
 *(.ARM.extab* .gnu.linkonce.armextab.*)
                0x000000000000a970                __exidx_start = .

.ARM.exidx
 *(.ARM.exidx* .gnu.linkonce.armexidx.*)
                0x000000000000a970                __exidx_end = .
                0x000000000000a970                _etext = .

.persistent     0x0000000010000000       0x20
                0x0000000010000000                _persistent_start = .
                0x0000000010000020                . = (. + 0x20)
 *fill*         0x0000000010000000       0x20 
                0x0000000010000020                _persistent_end = .
                0x000000001000001c                bootloader_ctrl = (_persistent_start + 0x1c)

.data           0x0000000010000020      0xdf4 load address 0x000000000000a970
                0x0000000010000020                _data = .
 *(vtable)
 *(.data*)
 .data.impure_data
                0x0000000010000020      0x428 /usr/lib/gcc/arm-none-eabi/4.8.2/../../../arm-none-eabi/lib/armv7-m/libc.a(lib_a-impure.o)
 .data._impure_ptr
                0x0000000010000448        0x4 /usr/lib/gcc/arm-none-eabi/4.8.2/../../../arm-none-eabi/lib/armv7-m/libc.a(lib_a-impure.o)
                0x0000000010000448                _impure_ptr
 .data          0x000000001000044c       0x54 bluetooth_rxtx.o
                0x000000001000044c                channel
                0x0000000010000450                le
                0x0000000010000494                hop_timeout
                0x0000000010000496                le_adv_channel
                0x0000000010000498                low_freq
                0x000000001000049a                high_freq
                0x000000001000049c                rssi_threshold
 .data          0x00000000100004a0      0x400 bluetooth_le.o
                0x00000000100004a0                btle_crc_lut
 .data          0x00000000100008a0       0xbd ubertooth_usb.o
 .data          0x000000001000095d       0xa4 ../common/lpcusb/target/usbstdreq.o
 *fill*         0x0000000010000a01        0x3 
 .data.__malloc_av_
                0x0000000010000a04      0x408 /usr/lib/gcc/arm-none-eabi/4.8.2/../../../arm-none-eabi/lib/armv7-m/libc.a(lib_a-mallocr.o)
                0x0000000010000a04                __malloc_av_
 .data.__malloc_trim_threshold
                0x0000000010000e0c        0x4 /usr/lib/gcc/arm-none-eabi/4.8.2/../../../arm-none-eabi/lib/armv7-m/libc.a(lib_a-mallocr.o)
                0x0000000010000e0c                __malloc_trim_threshold
 .data.__malloc_sbrk_base
                0x0000000010000e10        0x4 /usr/lib/gcc/arm-none-eabi/4.8.2/../../../arm-none-eabi/lib/armv7-m/libc.a(lib_a-mallocr.o)
                0x0000000010000e10                __malloc_sbrk_base
                0x0000000010000e14                _edata = .

.jcr            0x0000000010000e14        0x0 load address 0x000000000000b764
 .jcr           0x0000000010000e14        0x0 /usr/lib/gcc/arm-none-eabi/4.8.2/armv7-m/crtbegin.o

.tm_clone_table
                0x0000000010000e14        0x0 load address 0x000000000000b764
 .tm_clone_table
                0x0000000010000e14        0x0 /usr/lib/gcc/arm-none-eabi/4.8.2/armv7-m/crtbegin.o
 .tm_clone_table
                0x0000000010000e14        0x0 /usr/lib/gcc/arm-none-eabi/4.8.2/armv7-m/crtend.o

.igot.plt       0x0000000010000e14        0x0 load address 0x000000000000b764
 .igot.plt      0x0000000000000000        0x0 /usr/lib/gcc/arm-none-eabi/4.8.2/armv7-m/crtbegin.o

.bss            0x0000000010000e18     0x29a8 load address 0x000000000000b764
                0x0000000010000e18                _bss = .
                0x0000000010000e18                __bss_start__ = .
 *(.bss*)
 .bss           0x0000000010000e18       0x1c /usr/lib/gcc/arm-none-eabi/4.8.2/armv7-m/crtbegin.o
 .bss           0x0000000010000e34       0x4c bluetooth_rxtx.o
                0x0000000010000e34                modulation
                0x0000000010000e35                status
                0x0000000010000e36                idle_buf_clkn_high
                0x0000000010000e38                idle_buf_clk100ns
                0x0000000010000e3c                idle_buf_channel
                0x0000000010000e3e                hop_mode
                0x0000000010000e3f                do_hop
                0x0000000010000e40                hop_direct_channel
                0x0000000010000e42                requested_channel
                0x0000000010000e44                dma_discard
                0x0000000010000e45                mode
                0x0000000010000e46                requested_mode
                0x0000000010000e47                jam_mode
                0x0000000010000e48                ego_mode
                0x0000000010000e4c                packet_cb
                0x0000000010000e50                le_jam_count
                0x0000000010000e54                dlen
                0x0000000010000e58                dlen_bulk1
                0x0000000010000e5c                data_cb
                0x0000000010000e60                start_sync
                0x0000000010000e64                now_sync
                0x0000000010000e78                slave_mac_address
                0x0000000010000e7e                sync_channel
 .bss           0x0000000010000e80        0xc ubertooth_usb.o
                0x0000000010000e80                head
                0x0000000010000e84                tail
                0x0000000010000e88                last_usb_pkt
 .bss           0x0000000010000e8c       0x9e ubertooth_rssi.o
                0x0000000010000e8c                rssi_iir
 *fill*         0x0000000010000f2a        0x2 
 .bss           0x0000000010000f2c        0x8 ../common/ubertooth.o
 .bss           0x0000000010000f34       0x34 ../common/lpcusb/target/usbcontrol.o
 .bss           0x0000000010000f68        0x8 ../common/lpcusb/target/usbinit.o
 .bss           0x0000000010000f70       0x48 ../common/lpcusb/target/usbhw_lpc.o
 .bss           0x0000000010000fb8       0x10 ../common/lpcusb/target/usbstdreq.o
 .bss.__malloc_max_total_mem
                0x0000000010000fc8        0x4 /usr/lib/gcc/arm-none-eabi/4.8.2/../../../arm-none-eabi/lib/armv7-m/libc.a(lib_a-mallocr.o)
                0x0000000010000fc8                __malloc_max_total_mem
 .bss.__malloc_max_sbrked_mem
                0x0000000010000fcc        0x4 /usr/lib/gcc/arm-none-eabi/4.8.2/../../../arm-none-eabi/lib/armv7-m/libc.a(lib_a-mallocr.o)
                0x0000000010000fcc                __malloc_max_sbrked_mem
 .bss.__malloc_top_pad
                0x0000000010000fd0        0x4 /usr/lib/gcc/arm-none-eabi/4.8.2/../../../arm-none-eabi/lib/armv7-m/libc.a(lib_a-mallocr.o)
                0x0000000010000fd0                __malloc_top_pad
 .bss.__malloc_current_mallinfo
                0x0000000010000fd4       0x28 /usr/lib/gcc/arm-none-eabi/4.8.2/../../../arm-none-eabi/lib/armv7-m/libc.a(lib_a-mallocr.o)
                0x0000000010000fd4                __malloc_current_mallinfo
 .bss.heap_end.4061
                0x0000000010000ffc        0x4 /usr/lib/gcc/arm-none-eabi/4.8.2/../../../arm-none-eabi/lib/armv7-m/libnosys.a(sbrk.o)
 *(COMMON)
 COMMON         0x0000000010001000      0x538 bluetooth_rxtx.o
                0x0000000010001000                last_hop
                0x0000000010001004                rx_tc
                0x0000000010001008                rssi_max
                0x0000000010001009                used_channels
                0x000000001000100a                rssi_min
                0x000000001000100b                afh_map
                0x0000000010001018                clkn_offset
                0x000000001000101c                clkn_last_drift_fix
                0x0000000010001020                clk_drift_correction
                0x0000000010001024                clkn
                0x0000000010001028                tx_pkt
                0x0000000010001064                active_rxbuf
                0x0000000010001068                le_promisc
                0x0000000010001170                cs_no_squelch
                0x0000000010001172                clk100ns_offset
                0x0000000010001178                syncword
                0x0000000010001180                idle_rxbuf
                0x0000000010001184                unpacked
                0x00000000100014a4                clk_drift_ppm
                0x00000000100014a6                rssi_count
                0x00000000100014a7                afh_enabled
                0x00000000100014a8                cs_threshold_req
                0x00000000100014a9                rxbuf2
                0x00000000100014dc                clkn_next_drift_fix
                0x00000000100014e0                slave_mac_address_data
                0x00000000100014e4                rr
                0x00000000100014e9                rxbuf1
                0x000000001000151c                rx_err
                0x0000000010001520                cs_threshold_cur
                0x0000000010001521                cs_trigger
                0x0000000010001528                target
 COMMON         0x0000000010001538       0xa5 bluetooth.o
                0x0000000010001538                b
                0x000000001000153a                d1
                0x000000001000153c                afh_bank
                0x000000001000158b                a1
                0x000000001000158c                c1
                0x000000001000158d                bank
                0x00000000100015dc                e
 *fill*         0x00000000100015dd        0x3 
 COMMON         0x00000000100015e0     0x2108 ubertooth_usb.o
                0x00000000100015e0                fifo
                0x00000000100035e0                abVendorReqData
                0x00000000100036e4                v_req_handler
 COMMON         0x00000000100036e8        0x4 ubertooth_rssi.o
                0x00000000100036e8                rssi_sum
 COMMON         0x00000000100036ec       0xd0 ubertooth_dma.o
                0x00000000100036ec                le_dma_lli
                0x000000001000379c                rx_dma_lli2
                0x00000000100037ac                rx_dma_lli1
 COMMON         0x00000000100037bc        0x4 /usr/lib/gcc/arm-none-eabi/4.8.2/../../../arm-none-eabi/lib/armv7-m/libc.a(lib_a-reent.o)
                0x00000000100037bc                errno
                0x00000000100037c0                _ebss = .
                0x00000000100037c0                __bss_end__ = .

.cr_heap        0x00000000100037c0        0x0 load address 0x000000000000b764
                0x00000000100037c0                end = .
                0x00000000100037c0                __end__ = .
                0x00000000100037c0                _pvHeapStart = .
                0x0000000010003fe0                _StackTop = ((ORIGIN (ram) + 0x4000) - 0x20)
OUTPUT(bluetooth_rxtx.elf elf32-littlearm)

.ARM.attributes
                0x0000000000000000       0x29
 .ARM.attributes
                0x0000000000000000       0x1d /usr/lib/gcc/arm-none-eabi/4.8.2/armv7-m/crti.o
 .ARM.attributes
                0x000000000000001d       0x2d /usr/lib/gcc/arm-none-eabi/4.8.2/armv7-m/crtbegin.o
 .ARM.attributes
                0x000000000000004a       0x2d /usr/lib/gcc/arm-none-eabi/4.8.2/../../../arm-none-eabi/lib/armv7-m/libc.a(lib_a-atexit.o)
 .ARM.attributes
                0x0000000000000077       0x2d /usr/lib/gcc/arm-none-eabi/4.8.2/../../../arm-none-eabi/lib/armv7-m/libc.a(lib_a-fini.o)
 .ARM.attributes
                0x00000000000000a4       0x2d /usr/lib/gcc/arm-none-eabi/4.8.2/../../../arm-none-eabi/lib/armv7-m/libc.a(lib_a-impure.o)
 .ARM.attributes
                0x00000000000000d1       0x2d /usr/lib/gcc/arm-none-eabi/4.8.2/../../../arm-none-eabi/lib/armv7-m/libc.a(lib_a-init.o)
 .ARM.attributes
                0x00000000000000fe       0x2d /usr/lib/gcc/arm-none-eabi/4.8.2/../../../arm-none-eabi/lib/armv7-m/libc.a(lib_a-memset.o)
 .ARM.attributes
                0x000000000000012b       0x2d /usr/lib/gcc/arm-none-eabi/4.8.2/../../../arm-none-eabi/lib/armv7-m/libc.a(lib_a-__atexit.o)
 .ARM.attributes
                0x0000000000000158       0x2d /usr/lib/gcc/arm-none-eabi/4.8.2/../../../arm-none-eabi/lib/armv7-m/libc.a(lib_a-__call_atexit.o)
 .ARM.attributes
                0x0000000000000185       0x33 bluetooth_rxtx.o
 .ARM.attributes
                0x00000000000001b8       0x33 bluetooth.o
 .ARM.attributes
                0x00000000000001eb       0x33 bluetooth_le.o
 .ARM.attributes
                0x000000000000021e       0x33 ubertooth_usb.o
 .ARM.attributes
                0x0000000000000251       0x33 ubertooth_rssi.o
 .ARM.attributes
                0x0000000000000284       0x33 ubertooth_cs.o
 .ARM.attributes
                0x00000000000002b7       0x33 ubertooth_clock.o
 .ARM.attributes
                0x00000000000002ea       0x33 ubertooth_dma.o
 .ARM.attributes
                0x000000000000031d       0x33 cc2400_rangetest.o
 .ARM.attributes
                0x0000000000000350       0x33 ego.o
 .ARM.attributes
                0x0000000000000383       0x33 ../common/usb_serial.o
 .ARM.attributes
                0x00000000000003b6       0x33 ../common/LPC17xx_Startup.o
 .ARM.attributes
                0x00000000000003e9       0x33 ../common/LPC17xx_Interrupts.o
 .ARM.attributes
                0x000000000000041c       0x33 ../common/ubertooth.o
 .ARM.attributes
                0x000000000000044f       0x33 ../common/lpcusb/target/usbcontrol.o
 .ARM.attributes
                0x0000000000000482       0x33 ../common/lpcusb/target/usbinit.o
 .ARM.attributes
                0x00000000000004b5       0x33 ../common/lpcusb/target/usbhw_lpc.o
 .ARM.attributes
                0x00000000000004e8       0x33 ../common/lpcusb/target/usbstdreq.o
 .ARM.attributes
                0x000000000000051b       0x1d /usr/lib/gcc/arm-none-eabi/4.8.2/armv7-m/libgcc.a(_ashldi3.o)
 .ARM.attributes
                0x0000000000000538       0x2d /usr/lib/gcc/arm-none-eabi/4.8.2/../../../arm-none-eabi/lib/armv7-m/libc.a(lib_a-malloc.o)
 .ARM.attributes
                0x0000000000000565       0x2d /usr/lib/gcc/arm-none-eabi/4.8.2/../../../arm-none-eabi/lib/armv7-m/libc.a(lib_a-mallocr.o)
 .ARM.attributes
                0x0000000000000592       0x2d /usr/lib/gcc/arm-none-eabi/4.8.2/../../../arm-none-eabi/lib/armv7-m/libc.a(lib_a-memcmp.o)
 .ARM.attributes
                0x00000000000005bf       0x1b /usr/lib/gcc/arm-none-eabi/4.8.2/../../../arm-none-eabi/lib/armv7-m/libc.a(lib_a-memcpy.o)
 .ARM.attributes
                0x00000000000005da       0x2d /usr/lib/gcc/arm-none-eabi/4.8.2/../../../arm-none-eabi/lib/armv7-m/libc.a(lib_a-mlock.o)
 .ARM.attributes
                0x0000000000000607       0x2d /usr/lib/gcc/arm-none-eabi/4.8.2/../../../arm-none-eabi/lib/armv7-m/libc.a(lib_a-sbrkr.o)
 .ARM.attributes
                0x0000000000000634       0x2d /usr/lib/gcc/arm-none-eabi/4.8.2/../../../arm-none-eabi/lib/armv7-m/libc.a(lib_a-strlen.o)
 .ARM.attributes
                0x0000000000000661       0x2d /usr/lib/gcc/arm-none-eabi/4.8.2/../../../arm-none-eabi/lib/armv7-m/libc.a(lib_a-freer.o)
 .ARM.attributes
                0x000000000000068e       0x2d /usr/lib/gcc/arm-none-eabi/4.8.2/../../../arm-none-eabi/lib/armv7-m/libc.a(lib_a-reent.o)
 .ARM.attributes
                0x00000000000006bb       0x2d /usr/lib/gcc/arm-none-eabi/4.8.2/armv7-m/crtend.o
 .ARM.attributes
                0x00000000000006e8       0x1d /usr/lib/gcc/arm-none-eabi/4.8.2/armv7-m/crtn.o
 .ARM.attributes
                0x0000000000000705       0x2d /usr/lib/gcc/arm-none-eabi/4.8.2/../../../arm-none-eabi/lib/armv7-m/libnosys.a(sbrk.o)

.comment        0x0000000000000000       0x1f
 .comment       0x0000000000000000       0x1f /usr/lib/gcc/arm-none-eabi/4.8.2/armv7-m/crtbegin.o
                                         0x20 (size before relaxing)
 .comment       0x0000000000000000       0x20 /usr/lib/gcc/arm-none-eabi/4.8.2/../../../arm-none-eabi/lib/armv7-m/libc.a(lib_a-atexit.o)
 .comment       0x0000000000000000       0x20 /usr/lib/gcc/arm-none-eabi/4.8.2/../../../arm-none-eabi/lib/armv7-m/libc.a(lib_a-fini.o)
 .comment       0x0000000000000000       0x20 /usr/lib/gcc/arm-none-eabi/4.8.2/../../../arm-none-eabi/lib/armv7-m/libc.a(lib_a-impure.o)
 .comment       0x0000000000000000       0x20 /usr/lib/gcc/arm-none-eabi/4.8.2/../../../arm-none-eabi/lib/armv7-m/libc.a(lib_a-init.o)
 .comment       0x0000000000000000       0x20 /usr/lib/gcc/arm-none-eabi/4.8.2/../../../arm-none-eabi/lib/armv7-m/libc.a(lib_a-memset.o)
 .comment       0x0000000000000000       0x20 /usr/lib/gcc/arm-none-eabi/4.8.2/../../../arm-none-eabi/lib/armv7-m/libc.a(lib_a-__atexit.o)
 .comment       0x0000000000000000       0x20 /usr/lib/gcc/arm-none-eabi/4.8.2/../../../arm-none-eabi/lib/armv7-m/libc.a(lib_a-__call_atexit.o)
 .comment       0x0000000000000000       0x20 bluetooth_rxtx.o
 .comment       0x0000000000000000       0x20 bluetooth.o
 .comment       0x0000000000000000       0x20 bluetooth_le.o
 .comment       0x0000000000000000       0x20 ubertooth_usb.o
 .comment       0x0000000000000000       0x20 ubertooth_rssi.o
 .comment       0x0000000000000000       0x20 ubertooth_cs.o
 .comment       0x0000000000000000       0x20 ubertooth_clock.o
 .comment       0x0000000000000000       0x20 ubertooth_dma.o
 .comment       0x0000000000000000       0x20 cc2400_rangetest.o
 .comment       0x0000000000000000       0x20 ego.o
 .comment       0x0000000000000000       0x20 ../common/usb_serial.o
 .comment       0x0000000000000000       0x20 ../common/LPC17xx_Startup.o
 .comment       0x0000000000000000       0x20 ../common/LPC17xx_Interrupts.o
 .comment       0x0000000000000000       0x20 ../common/ubertooth.o
 .comment       0x0000000000000000       0x20 ../common/lpcusb/target/usbcontrol.o
 .comment       0x0000000000000000       0x20 ../common/lpcusb/target/usbinit.o
 .comment       0x0000000000000000       0x20 ../common/lpcusb/target/usbhw_lpc.o
 .comment       0x0000000000000000       0x20 ../common/lpcusb/target/usbstdreq.o
 .comment       0x0000000000000000       0x20 /usr/lib/gcc/arm-none-eabi/4.8.2/../../../arm-none-eabi/lib/armv7-m/libc.a(lib_a-malloc.o)
 .comment       0x0000000000000000       0x20 /usr/lib/gcc/arm-none-eabi/4.8.2/../../../arm-none-eabi/lib/armv7-m/libc.a(lib_a-mallocr.o)
 .comment       0x0000000000000000       0x20 /usr/lib/gcc/arm-none-eabi/4.8.2/../../../arm-none-eabi/lib/armv7-m/libc.a(lib_a-memcmp.o)
 .comment       0x0000000000000000       0x20 /usr/lib/gcc/arm-none-eabi/4.8.2/../../../arm-none-eabi/lib/armv7-m/libc.a(lib_a-mlock.o)
 .comment       0x0000000000000000       0x20 /usr/lib/gcc/arm-none-eabi/4.8.2/../../../arm-none-eabi/lib/armv7-m/libc.a(lib_a-sbrkr.o)
 .comment       0x0000000000000000       0x20 /usr/lib/gcc/arm-none-eabi/4.8.2/../../../arm-none-eabi/lib/armv7-m/libc.a(lib_a-strlen.o)
 .comment       0x0000000000000000       0x20 /usr/lib/gcc/arm-none-eabi/4.8.2/../../../arm-none-eabi/lib/armv7-m/libc.a(lib_a-freer.o)
 .comment       0x0000000000000000       0x20 /usr/lib/gcc/arm-none-eabi/4.8.2/../../../arm-none-eabi/lib/armv7-m/libc.a(lib_a-reent.o)
 .comment       0x0000000000000000       0x20 /usr/lib/gcc/arm-none-eabi/4.8.2/armv7-m/crtend.o
 .comment       0x0000000000000000       0x20 /usr/lib/gcc/arm-none-eabi/4.8.2/../../../arm-none-eabi/lib/armv7-m/libnosys.a(sbrk.o)

.debug_info     0x0000000000000000    0x1041a
 .debug_info    0x0000000000000000      0x10a /usr/lib/gcc/arm-none-eabi/4.8.2/../../../arm-none-eabi/lib/armv7-m/libc.a(lib_a-atexit.o)
 .debug_info    0x000000000000010a       0xef /usr/lib/gcc/arm-none-eabi/4.8.2/../../../arm-none-eabi/lib/armv7-m/libc.a(lib_a-fini.o)
 .debug_info    0x00000000000001f9      0x894 /usr/lib/gcc/arm-none-eabi/4.8.2/../../../arm-none-eabi/lib/armv7-m/libc.a(lib_a-impure.o)
 .debug_info    0x0000000000000a8d      0x105 /usr/lib/gcc/arm-none-eabi/4.8.2/../../../arm-none-eabi/lib/armv7-m/libc.a(lib_a-init.o)
 .debug_info    0x0000000000000b92      0x117 /usr/lib/gcc/arm-none-eabi/4.8.2/../../../arm-none-eabi/lib/armv7-m/libc.a(lib_a-memset.o)
 .debug_info    0x0000000000000ca9      0x934 /usr/lib/gcc/arm-none-eabi/4.8.2/../../../arm-none-eabi/lib/armv7-m/libc.a(lib_a-__atexit.o)
 .debug_info    0x00000000000015dd      0x9aa /usr/lib/gcc/arm-none-eabi/4.8.2/../../../arm-none-eabi/lib/armv7-m/libc.a(lib_a-__call_atexit.o)
 .debug_info    0x0000000000001f87     0x435e bluetooth_rxtx.o
 .debug_info    0x00000000000062e5      0x4cf bluetooth.o
 .debug_info    0x00000000000067b4      0x536 bluetooth_le.o
 .debug_info    0x0000000000006cea      0x876 ubertooth_usb.o
 .debug_info    0x0000000000007560      0x208 ubertooth_rssi.o
 .debug_info    0x0000000000007768      0x266 ubertooth_cs.o
 .debug_info    0x00000000000079ce      0x16c ubertooth_clock.o
 .debug_info    0x0000000000007b3a      0x24d ubertooth_dma.o
 .debug_info    0x0000000000007d87      0x83c cc2400_rangetest.o
 .debug_info    0x00000000000085c3      0xd0b ego.o
 .debug_info    0x00000000000092ce      0x9b9 ../common/usb_serial.o
 .debug_info    0x0000000000009c87      0x117 ../common/LPC17xx_Startup.o
 .debug_info    0x0000000000009d9e       0x7d ../common/LPC17xx_Interrupts.o
 .debug_info    0x0000000000009e1b      0xaef ../common/ubertooth.o
 .debug_info    0x000000000000a90a      0x47d ../common/lpcusb/target/usbcontrol.o
 .debug_info    0x000000000000ad87      0x297 ../common/lpcusb/target/usbinit.o
 .debug_info    0x000000000000b01e      0xab0 ../common/lpcusb/target/usbhw_lpc.o
 .debug_info    0x000000000000bace      0x74b ../common/lpcusb/target/usbstdreq.o
 .debug_info    0x000000000000c219       0x9f /usr/lib/gcc/arm-none-eabi/4.8.2/armv7-m/libgcc.a(_ashldi3.o)
 .debug_info    0x000000000000c2b8      0x915 /usr/lib/gcc/arm-none-eabi/4.8.2/../../../arm-none-eabi/lib/armv7-m/libc.a(lib_a-malloc.o)
 .debug_info    0x000000000000cbcd      0xd7b /usr/lib/gcc/arm-none-eabi/4.8.2/../../../arm-none-eabi/lib/armv7-m/libc.a(lib_a-mallocr.o)
 .debug_info    0x000000000000d948      0x113 /usr/lib/gcc/arm-none-eabi/4.8.2/../../../arm-none-eabi/lib/armv7-m/libc.a(lib_a-memcmp.o)
 .debug_info    0x000000000000da5b       0xb2 /usr/lib/gcc/arm-none-eabi/4.8.2/../../../arm-none-eabi/lib/armv7-m/libc.a(lib_a-memcpy.o)
 .debug_info    0x000000000000db0d      0x8b4 /usr/lib/gcc/arm-none-eabi/4.8.2/../../../arm-none-eabi/lib/armv7-m/libc.a(lib_a-mlock.o)
 .debug_info    0x000000000000e3c1      0x8f4 /usr/lib/gcc/arm-none-eabi/4.8.2/../../../arm-none-eabi/lib/armv7-m/libc.a(lib_a-sbrkr.o)
 .debug_info    0x000000000000ecb5       0xb5 /usr/lib/gcc/arm-none-eabi/4.8.2/../../../arm-none-eabi/lib/armv7-m/libc.a(lib_a-strlen.o)
 .debug_info    0x000000000000ed6a      0xc1c /usr/lib/gcc/arm-none-eabi/4.8.2/../../../arm-none-eabi/lib/armv7-m/libc.a(lib_a-freer.o)
 .debug_info    0x000000000000f986      0x9fb /usr/lib/gcc/arm-none-eabi/4.8.2/../../../arm-none-eabi/lib/armv7-m/libc.a(lib_a-reent.o)
 .debug_info    0x0000000000010381       0x99 /usr/lib/gcc/arm-none-eabi/4.8.2/../../../arm-none-eabi/lib/armv7-m/libnosys.a(sbrk.o)

.debug_abbrev   0x0000000000000000     0x3cb5
 .debug_abbrev  0x0000000000000000       0xb8 /usr/lib/gcc/arm-none-eabi/4.8.2/../../../arm-none-eabi/lib/armv7-m/libc.a(lib_a-atexit.o)
 .debug_abbrev  0x00000000000000b8       0xbd /usr/lib/gcc/arm-none-eabi/4.8.2/../../../arm-none-eabi/lib/armv7-m/libc.a(lib_a-fini.o)
 .debug_abbrev  0x0000000000000175      0x180 /usr/lib/gcc/arm-none-eabi/4.8.2/../../../arm-none-eabi/lib/armv7-m/libc.a(lib_a-impure.o)
 .debug_abbrev  0x00000000000002f5       0xba /usr/lib/gcc/arm-none-eabi/4.8.2/../../../arm-none-eabi/lib/armv7-m/libc.a(lib_a-init.o)
 .debug_abbrev  0x00000000000003af       0x9f /usr/lib/gcc/arm-none-eabi/4.8.2/../../../arm-none-eabi/lib/armv7-m/libc.a(lib_a-memset.o)
 .debug_abbrev  0x000000000000044e      0x20f /usr/lib/gcc/arm-none-eabi/4.8.2/../../../arm-none-eabi/lib/armv7-m/libc.a(lib_a-__atexit.o)
 .debug_abbrev  0x000000000000065d      0x285 /usr/lib/gcc/arm-none-eabi/4.8.2/../../../arm-none-eabi/lib/armv7-m/libc.a(lib_a-__call_atexit.o)
 .debug_abbrev  0x00000000000008e2      0x5ad bluetooth_rxtx.o
 .debug_abbrev  0x0000000000000e8f      0x1a8 bluetooth.o
 .debug_abbrev  0x0000000000001037      0x175 bluetooth_le.o
 .debug_abbrev  0x00000000000011ac      0x308 ubertooth_usb.o
 .debug_abbrev  0x00000000000014b4      0x111 ubertooth_rssi.o
 .debug_abbrev  0x00000000000015c5      0x14e ubertooth_cs.o
 .debug_abbrev  0x0000000000001713       0x88 ubertooth_clock.o
 .debug_abbrev  0x000000000000179b      0x109 ubertooth_dma.o
 .debug_abbrev  0x00000000000018a4      0x1cb cc2400_rangetest.o
 .debug_abbrev  0x0000000000001a6f      0x37c ego.o
 .debug_abbrev  0x0000000000001deb      0x2fa ../common/usb_serial.o
 .debug_abbrev  0x00000000000020e5       0xb8 ../common/LPC17xx_Startup.o
 .debug_abbrev  0x000000000000219d       0x80 ../common/LPC17xx_Interrupts.o
 .debug_abbrev  0x000000000000221d      0x2ee ../common/ubertooth.o
 .debug_abbrev  0x000000000000250b      0x249 ../common/lpcusb/target/usbcontrol.o
 .debug_abbrev  0x0000000000002754      0x13d ../common/lpcusb/target/usbinit.o
 .debug_abbrev  0x0000000000002891      0x2ac ../common/lpcusb/target/usbhw_lpc.o
 .debug_abbrev  0x0000000000002b3d      0x2d8 ../common/lpcusb/target/usbstdreq.o
 .debug_abbrev  0x0000000000002e15       0x14 /usr/lib/gcc/arm-none-eabi/4.8.2/armv7-m/libgcc.a(_ashldi3.o)
 .debug_abbrev  0x0000000000002e29      0x1fa /usr/lib/gcc/arm-none-eabi/4.8.2/../../../arm-none-eabi/lib/armv7-m/libc.a(lib_a-malloc.o)
 .debug_abbrev  0x0000000000003023      0x2a2 /usr/lib/gcc/arm-none-eabi/4.8.2/../../../arm-none-eabi/lib/armv7-m/libc.a(lib_a-mallocr.o)
 .debug_abbrev  0x00000000000032c5       0x7f /usr/lib/gcc/arm-none-eabi/4.8.2/../../../arm-none-eabi/lib/armv7-m/libc.a(lib_a-memcmp.o)
 .debug_abbrev  0x0000000000003344       0x14 /usr/lib/gcc/arm-none-eabi/4.8.2/../../../arm-none-eabi/lib/armv7-m/libc.a(lib_a-memcpy.o)
 .debug_abbrev  0x0000000000003358      0x19a /usr/lib/gcc/arm-none-eabi/4.8.2/../../../arm-none-eabi/lib/armv7-m/libc.a(lib_a-mlock.o)
 .debug_abbrev  0x00000000000034f2      0x1fd /usr/lib/gcc/arm-none-eabi/4.8.2/../../../arm-none-eabi/lib/armv7-m/libc.a(lib_a-sbrkr.o)
 .debug_abbrev  0x00000000000036ef       0x70 /usr/lib/gcc/arm-none-eabi/4.8.2/../../../arm-none-eabi/lib/armv7-m/libc.a(lib_a-strlen.o)
 .debug_abbrev  0x000000000000375f      0x27b /usr/lib/gcc/arm-none-eabi/4.8.2/../../../arm-none-eabi/lib/armv7-m/libc.a(lib_a-freer.o)
 .debug_abbrev  0x00000000000039da      0x258 /usr/lib/gcc/arm-none-eabi/4.8.2/../../../arm-none-eabi/lib/armv7-m/libc.a(lib_a-reent.o)
 .debug_abbrev  0x0000000000003c32       0x83 /usr/lib/gcc/arm-none-eabi/4.8.2/../../../arm-none-eabi/lib/armv7-m/libnosys.a(sbrk.o)

.debug_loc      0x0000000000000000     0x6cc2
 .debug_loc     0x0000000000000000       0x2c /usr/lib/gcc/arm-none-eabi/4.8.2/../../../arm-none-eabi/lib/armv7-m/libc.a(lib_a-atexit.o)
 .debug_loc     0x000000000000002c       0x5c /usr/lib/gcc/arm-none-eabi/4.8.2/../../../arm-none-eabi/lib/armv7-m/libc.a(lib_a-fini.o)
 .debug_loc     0x0000000000000088       0xae /usr/lib/gcc/arm-none-eabi/4.8.2/../../../arm-none-eabi/lib/armv7-m/libc.a(lib_a-init.o)
 .debug_loc     0x0000000000000136      0x18b /usr/lib/gcc/arm-none-eabi/4.8.2/../../../arm-none-eabi/lib/armv7-m/libc.a(lib_a-memset.o)
 .debug_loc     0x00000000000002c1      0x14d /usr/lib/gcc/arm-none-eabi/4.8.2/../../../arm-none-eabi/lib/armv7-m/libc.a(lib_a-__atexit.o)
 .debug_loc     0x000000000000040e      0x155 /usr/lib/gcc/arm-none-eabi/4.8.2/../../../arm-none-eabi/lib/armv7-m/libc.a(lib_a-__call_atexit.o)
 .debug_loc     0x0000000000000563     0x236e bluetooth_rxtx.o
 .debug_loc     0x00000000000028d1      0x75b bluetooth.o
 .debug_loc     0x000000000000302c      0x37c bluetooth_le.o
 .debug_loc     0x00000000000033a8      0x324 ubertooth_usb.o
 .debug_loc     0x00000000000036cc       0x8c ubertooth_rssi.o
 .debug_loc     0x0000000000003758       0x7d ubertooth_cs.o
 .debug_loc     0x00000000000037d5       0x1f ubertooth_dma.o
 .debug_loc     0x00000000000037f4      0x295 cc2400_rangetest.o
 .debug_loc     0x0000000000003a89      0x2fa ego.o
 .debug_loc     0x0000000000003d83      0x319 ../common/usb_serial.o
 .debug_loc     0x000000000000409c       0x97 ../common/LPC17xx_Startup.o
 .debug_loc     0x0000000000004133      0x701 ../common/ubertooth.o
 .debug_loc     0x0000000000004834      0x182 ../common/lpcusb/target/usbcontrol.o
 .debug_loc     0x00000000000049b6      0x720 ../common/lpcusb/target/usbhw_lpc.o
 .debug_loc     0x00000000000050d6      0x786 ../common/lpcusb/target/usbstdreq.o
 .debug_loc     0x000000000000585c       0x58 /usr/lib/gcc/arm-none-eabi/4.8.2/../../../arm-none-eabi/lib/armv7-m/libc.a(lib_a-malloc.o)
 .debug_loc     0x00000000000058b4      0xd1f /usr/lib/gcc/arm-none-eabi/4.8.2/../../../arm-none-eabi/lib/armv7-m/libc.a(lib_a-mallocr.o)
 .debug_loc     0x00000000000065d3       0xe3 /usr/lib/gcc/arm-none-eabi/4.8.2/../../../arm-none-eabi/lib/armv7-m/libc.a(lib_a-memcmp.o)
 .debug_loc     0x00000000000066b6       0x3f /usr/lib/gcc/arm-none-eabi/4.8.2/../../../arm-none-eabi/lib/armv7-m/libc.a(lib_a-sbrkr.o)
 .debug_loc     0x00000000000066f5       0x21 /usr/lib/gcc/arm-none-eabi/4.8.2/../../../arm-none-eabi/lib/armv7-m/libc.a(lib_a-strlen.o)
 .debug_loc     0x0000000000006716      0x450 /usr/lib/gcc/arm-none-eabi/4.8.2/../../../arm-none-eabi/lib/armv7-m/libc.a(lib_a-freer.o)
 .debug_loc     0x0000000000006b66      0x13b /usr/lib/gcc/arm-none-eabi/4.8.2/../../../arm-none-eabi/lib/armv7-m/libc.a(lib_a-reent.o)
 .debug_loc     0x0000000000006ca1       0x21 /usr/lib/gcc/arm-none-eabi/4.8.2/../../../arm-none-eabi/lib/armv7-m/libnosys.a(sbrk.o)

.debug_aranges  0x0000000000000000      0x998
 .debug_aranges
                0x0000000000000000       0x20 /usr/lib/gcc/arm-none-eabi/4.8.2/../../../arm-none-eabi/lib/armv7-m/libc.a(lib_a-atexit.o)
 .debug_aranges
                0x0000000000000020       0x20 /usr/lib/gcc/arm-none-eabi/4.8.2/../../../arm-none-eabi/lib/armv7-m/libc.a(lib_a-fini.o)
 .debug_aranges
                0x0000000000000040       0x18 /usr/lib/gcc/arm-none-eabi/4.8.2/../../../arm-none-eabi/lib/armv7-m/libc.a(lib_a-impure.o)
 .debug_aranges
                0x0000000000000058       0x20 /usr/lib/gcc/arm-none-eabi/4.8.2/../../../arm-none-eabi/lib/armv7-m/libc.a(lib_a-init.o)
 .debug_aranges
                0x0000000000000078       0x20 /usr/lib/gcc/arm-none-eabi/4.8.2/../../../arm-none-eabi/lib/armv7-m/libc.a(lib_a-memset.o)
 .debug_aranges
                0x0000000000000098       0x20 /usr/lib/gcc/arm-none-eabi/4.8.2/../../../arm-none-eabi/lib/armv7-m/libc.a(lib_a-__atexit.o)
 .debug_aranges
                0x00000000000000b8       0x28 /usr/lib/gcc/arm-none-eabi/4.8.2/../../../arm-none-eabi/lib/armv7-m/libc.a(lib_a-__call_atexit.o)
 .debug_aranges
                0x00000000000000e0      0x170 bluetooth_rxtx.o
 .debug_aranges
                0x0000000000000250       0x30 bluetooth.o
 .debug_aranges
                0x0000000000000280       0x48 bluetooth_le.o
 .debug_aranges
                0x00000000000002c8       0x60 ubertooth_usb.o
 .debug_aranges
                0x0000000000000328       0x38 ubertooth_rssi.o
 .debug_aranges
                0x0000000000000360       0x38 ubertooth_cs.o
 .debug_aranges
                0x0000000000000398       0x30 ubertooth_clock.o
 .debug_aranges
                0x00000000000003c8       0x40 ubertooth_dma.o
 .debug_aranges
                0x0000000000000408       0x30 cc2400_rangetest.o
 .debug_aranges
                0x0000000000000438       0x98 ego.o
 .debug_aranges
                0x00000000000004d0       0x70 ../common/usb_serial.o
 .debug_aranges
                0x0000000000000540       0x20 ../common/LPC17xx_Startup.o
 .debug_aranges
                0x0000000000000560       0x20 ../common/LPC17xx_Interrupts.o
 .debug_aranges
                0x0000000000000580      0x110 ../common/ubertooth.o
 .debug_aranges
                0x0000000000000690       0x38 ../common/lpcusb/target/usbcontrol.o
 .debug_aranges
                0x00000000000006c8       0x28 ../common/lpcusb/target/usbinit.o
 .debug_aranges
                0x00000000000006f0       0xd8 ../common/lpcusb/target/usbhw_lpc.o
 .debug_aranges
                0x00000000000007c8       0x50 ../common/lpcusb/target/usbstdreq.o
 .debug_aranges
                0x0000000000000818       0x20 /usr/lib/gcc/arm-none-eabi/4.8.2/armv7-m/libgcc.a(_ashldi3.o)
 .debug_aranges
                0x0000000000000838       0x28 /usr/lib/gcc/arm-none-eabi/4.8.2/../../../arm-none-eabi/lib/armv7-m/libc.a(lib_a-malloc.o)
 .debug_aranges
                0x0000000000000860       0x20 /usr/lib/gcc/arm-none-eabi/4.8.2/../../../arm-none-eabi/lib/armv7-m/libc.a(lib_a-mallocr.o)
 .debug_aranges
                0x0000000000000880       0x20 /usr/lib/gcc/arm-none-eabi/4.8.2/../../../arm-none-eabi/lib/armv7-m/libc.a(lib_a-memcmp.o)
 .debug_aranges
                0x00000000000008a0       0x20 /usr/lib/gcc/arm-none-eabi/4.8.2/../../../arm-none-eabi/lib/armv7-m/libc.a(lib_a-memcpy.o)
 .debug_aranges
                0x00000000000008c0       0x28 /usr/lib/gcc/arm-none-eabi/4.8.2/../../../arm-none-eabi/lib/armv7-m/libc.a(lib_a-mlock.o)
 .debug_aranges
                0x00000000000008e8       0x20 /usr/lib/gcc/arm-none-eabi/4.8.2/../../../arm-none-eabi/lib/armv7-m/libc.a(lib_a-sbrkr.o)
 .debug_aranges
                0x0000000000000908       0x20 /usr/lib/gcc/arm-none-eabi/4.8.2/../../../arm-none-eabi/lib/armv7-m/libc.a(lib_a-strlen.o)
 .debug_aranges
                0x0000000000000928       0x28 /usr/lib/gcc/arm-none-eabi/4.8.2/../../../arm-none-eabi/lib/armv7-m/libc.a(lib_a-freer.o)
 .debug_aranges
                0x0000000000000950       0x28 /usr/lib/gcc/arm-none-eabi/4.8.2/../../../arm-none-eabi/lib/armv7-m/libc.a(lib_a-reent.o)
 .debug_aranges
                0x0000000000000978       0x20 /usr/lib/gcc/arm-none-eabi/4.8.2/../../../arm-none-eabi/lib/armv7-m/libnosys.a(sbrk.o)

.debug_ranges   0x0000000000000000      0xa48
 .debug_ranges  0x0000000000000000       0x10 /usr/lib/gcc/arm-none-eabi/4.8.2/../../../arm-none-eabi/lib/armv7-m/libc.a(lib_a-atexit.o)
 .debug_ranges  0x0000000000000010       0x10 /usr/lib/gcc/arm-none-eabi/4.8.2/../../../arm-none-eabi/lib/armv7-m/libc.a(lib_a-fini.o)
 .debug_ranges  0x0000000000000020       0x10 /usr/lib/gcc/arm-none-eabi/4.8.2/../../../arm-none-eabi/lib/armv7-m/libc.a(lib_a-init.o)
 .debug_ranges  0x0000000000000030       0x10 /usr/lib/gcc/arm-none-eabi/4.8.2/../../../arm-none-eabi/lib/armv7-m/libc.a(lib_a-memset.o)
 .debug_ranges  0x0000000000000040       0x10 /usr/lib/gcc/arm-none-eabi/4.8.2/../../../arm-none-eabi/lib/armv7-m/libc.a(lib_a-__atexit.o)
 .debug_ranges  0x0000000000000050       0x38 /usr/lib/gcc/arm-none-eabi/4.8.2/../../../arm-none-eabi/lib/armv7-m/libc.a(lib_a-__call_atexit.o)
 .debug_ranges  0x0000000000000088      0x2e0 bluetooth_rxtx.o
 .debug_ranges  0x0000000000000368       0x50 bluetooth.o
 .debug_ranges  0x00000000000003b8       0x38 bluetooth_le.o
 .debug_ranges  0x00000000000003f0       0x50 ubertooth_usb.o
 .debug_ranges  0x0000000000000440       0x28 ubertooth_rssi.o
 .debug_ranges  0x0000000000000468       0x28 ubertooth_cs.o
 .debug_ranges  0x0000000000000490       0x20 ubertooth_clock.o
 .debug_ranges  0x00000000000004b0       0x30 ubertooth_dma.o
 .debug_ranges  0x00000000000004e0       0x20 cc2400_rangetest.o
 .debug_ranges  0x0000000000000500       0xd0 ego.o
 .debug_ranges  0x00000000000005d0       0x78 ../common/usb_serial.o
 .debug_ranges  0x0000000000000648       0x10 ../common/LPC17xx_Startup.o
 .debug_ranges  0x0000000000000658       0x10 ../common/LPC17xx_Interrupts.o
 .debug_ranges  0x0000000000000668      0x130 ../common/ubertooth.o
 .debug_ranges  0x0000000000000798       0x40 ../common/lpcusb/target/usbcontrol.o
 .debug_ranges  0x00000000000007d8       0x18 ../common/lpcusb/target/usbinit.o
 .debug_ranges  0x00000000000007f0       0xe0 ../common/lpcusb/target/usbhw_lpc.o
 .debug_ranges  0x00000000000008d0       0x88 ../common/lpcusb/target/usbstdreq.o
 .debug_ranges  0x0000000000000958       0x18 /usr/lib/gcc/arm-none-eabi/4.8.2/../../../arm-none-eabi/lib/armv7-m/libc.a(lib_a-malloc.o)
 .debug_ranges  0x0000000000000970       0x38 /usr/lib/gcc/arm-none-eabi/4.8.2/../../../arm-none-eabi/lib/armv7-m/libc.a(lib_a-mallocr.o)
 .debug_ranges  0x00000000000009a8       0x10 /usr/lib/gcc/arm-none-eabi/4.8.2/../../../arm-none-eabi/lib/armv7-m/libc.a(lib_a-memcmp.o)
 .debug_ranges  0x00000000000009b8       0x18 /usr/lib/gcc/arm-none-eabi/4.8.2/../../../arm-none-eabi/lib/armv7-m/libc.a(lib_a-mlock.o)
 .debug_ranges  0x00000000000009d0       0x10 /usr/lib/gcc/arm-none-eabi/4.8.2/../../../arm-none-eabi/lib/armv7-m/libc.a(lib_a-sbrkr.o)
 .debug_ranges  0x00000000000009e0       0x10 /usr/lib/gcc/arm-none-eabi/4.8.2/../../../arm-none-eabi/lib/armv7-m/libc.a(lib_a-strlen.o)
 .debug_ranges  0x00000000000009f0       0x18 /usr/lib/gcc/arm-none-eabi/4.8.2/../../../arm-none-eabi/lib/armv7-m/libc.a(lib_a-freer.o)
 .debug_ranges  0x0000000000000a08       0x30 /usr/lib/gcc/arm-none-eabi/4.8.2/../../../arm-none-eabi/lib/armv7-m/libc.a(lib_a-reent.o)
 .debug_ranges  0x0000000000000a38       0x10 /usr/lib/gcc/arm-none-eabi/4.8.2/../../../arm-none-eabi/lib/armv7-m/libnosys.a(sbrk.o)

.debug_line     0x0000000000000000     0x41cd
 .debug_line    0x0000000000000000       0xa6 /usr/lib/gcc/arm-none-eabi/4.8.2/../../../arm-none-eabi/lib/armv7-m/libc.a(lib_a-atexit.o)
 .debug_line    0x00000000000000a6       0x9c /usr/lib/gcc/arm-none-eabi/4.8.2/../../../arm-none-eabi/lib/armv7-m/libc.a(lib_a-fini.o)
 .debug_line    0x0000000000000142       0xd6 /usr/lib/gcc/arm-none-eabi/4.8.2/../../../arm-none-eabi/lib/armv7-m/libc.a(lib_a-impure.o)
 .debug_line    0x0000000000000218       0xb5 /usr/lib/gcc/arm-none-eabi/4.8.2/../../../arm-none-eabi/lib/armv7-m/libc.a(lib_a-init.o)
 .debug_line    0x00000000000002cd       0xff /usr/lib/gcc/arm-none-eabi/4.8.2/../../../arm-none-eabi/lib/armv7-m/libc.a(lib_a-memset.o)
 .debug_line    0x00000000000003cc      0x160 /usr/lib/gcc/arm-none-eabi/4.8.2/../../../arm-none-eabi/lib/armv7-m/libc.a(lib_a-__atexit.o)
 .debug_line    0x000000000000052c      0x19a /usr/lib/gcc/arm-none-eabi/4.8.2/../../../arm-none-eabi/lib/armv7-m/libc.a(lib_a-__call_atexit.o)
 .debug_line    0x00000000000006c6     0x11b1 bluetooth_rxtx.o
 .debug_line    0x0000000000001877      0x1b8 bluetooth.o
 .debug_line    0x0000000000001a2f      0x149 bluetooth_le.o
 .debug_line    0x0000000000001b78      0x237 ubertooth_usb.o
 .debug_line    0x0000000000001daf       0xfe ubertooth_rssi.o
 .debug_line    0x0000000000001ead       0xfd ubertooth_cs.o
 .debug_line    0x0000000000001faa       0xbe ubertooth_clock.o
 .debug_line    0x0000000000002068      0x134 ubertooth_dma.o
 .debug_line    0x000000000000219c      0x23d cc2400_rangetest.o
 .debug_line    0x00000000000023d9      0x2af ego.o
 .debug_line    0x0000000000002688      0x203 ../common/usb_serial.o
 .debug_line    0x000000000000288b       0x96 ../common/LPC17xx_Startup.o
 .debug_line    0x0000000000002921       0x4e ../common/LPC17xx_Interrupts.o
 .debug_line    0x000000000000296f      0x476 ../common/ubertooth.o
 .debug_line    0x0000000000002de5       0xf3 ../common/lpcusb/target/usbcontrol.o
 .debug_line    0x0000000000002ed8       0xa0 ../common/lpcusb/target/usbinit.o
 .debug_line    0x0000000000002f78      0x357 ../common/lpcusb/target/usbhw_lpc.o
 .debug_line    0x00000000000032cf      0x1af ../common/lpcusb/target/usbstdreq.o
 .debug_line    0x000000000000347e       0x6f /usr/lib/gcc/arm-none-eabi/4.8.2/armv7-m/libgcc.a(_ashldi3.o)
 .debug_line    0x00000000000034ed      0x138 /usr/lib/gcc/arm-none-eabi/4.8.2/../../../arm-none-eabi/lib/armv7-m/libc.a(lib_a-malloc.o)
 .debug_line    0x0000000000003625      0x325 /usr/lib/gcc/arm-none-eabi/4.8.2/../../../arm-none-eabi/lib/armv7-m/libc.a(lib_a-mallocr.o)
 .debug_line    0x000000000000394a       0xf6 /usr/lib/gcc/arm-none-eabi/4.8.2/../../../arm-none-eabi/lib/armv7-m/libc.a(lib_a-memcmp.o)
 .debug_line    0x0000000000003a40       0xbb /usr/lib/gcc/arm-none-eabi/4.8.2/../../../arm-none-eabi/lib/armv7-m/libc.a(lib_a-memcpy.o)
 .debug_line    0x0000000000003afb       0xf4 /usr/lib/gcc/arm-none-eabi/4.8.2/../../../arm-none-eabi/lib/armv7-m/libc.a(lib_a-mlock.o)
 .debug_line    0x0000000000003bef      0x12c /usr/lib/gcc/arm-none-eabi/4.8.2/../../../arm-none-eabi/lib/armv7-m/libc.a(lib_a-sbrkr.o)
 .debug_line    0x0000000000003d1b       0xd7 /usr/lib/gcc/arm-none-eabi/4.8.2/../../../arm-none-eabi/lib/armv7-m/libc.a(lib_a-strlen.o)
 .debug_line    0x0000000000003df2      0x221 /usr/lib/gcc/arm-none-eabi/4.8.2/../../../arm-none-eabi/lib/armv7-m/libc.a(lib_a-freer.o)
 .debug_line    0x0000000000004013      0x162 /usr/lib/gcc/arm-none-eabi/4.8.2/../../../arm-none-eabi/lib/armv7-m/libc.a(lib_a-reent.o)
 .debug_line    0x0000000000004175       0x58 /usr/lib/gcc/arm-none-eabi/4.8.2/../../../arm-none-eabi/lib/armv7-m/libnosys.a(sbrk.o)

.debug_str      0x0000000000000000     0x33cb
 .debug_str     0x0000000000000000      0x199 /usr/lib/gcc/arm-none-eabi/4.8.2/../../../arm-none-eabi/lib/armv7-m/libc.a(lib_a-atexit.o)
                                        0x1d9 (size before relaxing)
 .debug_str     0x0000000000000199       0xaf /usr/lib/gcc/arm-none-eabi/4.8.2/../../../arm-none-eabi/lib/armv7-m/libc.a(lib_a-fini.o)
                                        0x1d1 (size before relaxing)
 .debug_str     0x0000000000000248      0x3ea /usr/lib/gcc/arm-none-eabi/4.8.2/../../../arm-none-eabi/lib/armv7-m/libc.a(lib_a-impure.o)
                                        0x56d (size before relaxing)
 .debug_str     0x0000000000000632       0x8a /usr/lib/gcc/arm-none-eabi/4.8.2/../../../arm-none-eabi/lib/armv7-m/libc.a(lib_a-init.o)
                                        0x1fb (size before relaxing)
 .debug_str     0x00000000000006bc       0x93 /usr/lib/gcc/arm-none-eabi/4.8.2/../../../arm-none-eabi/lib/armv7-m/libc.a(lib_a-memset.o)
                                        0x1b0 (size before relaxing)
 .debug_str     0x000000000000074f       0x30 /usr/lib/gcc/arm-none-eabi/4.8.2/../../../arm-none-eabi/lib/armv7-m/libc.a(lib_a-__atexit.o)
                                        0x5b5 (size before relaxing)
 .debug_str     0x000000000000077f       0x7c /usr/lib/gcc/arm-none-eabi/4.8.2/../../../arm-none-eabi/lib/armv7-m/libc.a(lib_a-__call_atexit.o)
                                        0x5cd (size before relaxing)
 .debug_str     0x00000000000007fb     0x1689 bluetooth_rxtx.o
                                       0x1890 (size before relaxing)
 .debug_str     0x0000000000001e84       0x98 bluetooth.o
                                        0x2d9 (size before relaxing)
 .debug_str     0x0000000000001f1c       0x52 bluetooth_le.o
                                        0x43f (size before relaxing)
 .debug_str     0x0000000000001f6e      0x19d ubertooth_usb.o
                                        0x4e7 (size before relaxing)
 .debug_str     0x000000000000210b       0x30 ubertooth_rssi.o
                                        0x271 (size before relaxing)
 .debug_str     0x000000000000213b       0x69 ubertooth_cs.o
                                        0x305 (size before relaxing)
 .debug_str     0x00000000000021a4       0x12 ubertooth_clock.o
                                        0x270 (size before relaxing)
 .debug_str     0x00000000000021b6       0x60 ubertooth_dma.o
                                        0x28c (size before relaxing)
 .debug_str     0x0000000000002216       0x58 cc2400_rangetest.o
                                        0x327 (size before relaxing)
 .debug_str     0x000000000000226e      0x1d4 ego.o
                                        0x65c (size before relaxing)
 .debug_str     0x0000000000002442      0x216 ../common/usb_serial.o
                                        0x4d2 (size before relaxing)
 .debug_str     0x0000000000002658       0x9b ../common/LPC17xx_Startup.o
                                        0x225 (size before relaxing)
 .debug_str     0x00000000000026f3       0x51 ../common/LPC17xx_Interrupts.o
                                        0x187 (size before relaxing)
 .debug_str     0x0000000000002744       0xe7 ../common/ubertooth.o
                                        0x3bd (size before relaxing)
 .debug_str     0x000000000000282b       0xdf ../common/lpcusb/target/usbcontrol.o
                                        0x2ef (size before relaxing)
 .debug_str     0x000000000000290a       0x56 ../common/lpcusb/target/usbinit.o
                                        0x283 (size before relaxing)
 .debug_str     0x0000000000002960      0x305 ../common/lpcusb/target/usbhw_lpc.o
                                        0x5cd (size before relaxing)
 .debug_str     0x0000000000002c65      0x262 ../common/lpcusb/target/usbstdreq.o
                                        0x4d1 (size before relaxing)
 .debug_str     0x0000000000002ec7       0x4c /usr/lib/gcc/arm-none-eabi/4.8.2/../../../arm-none-eabi/lib/armv7-m/libc.a(lib_a-malloc.o)
                                        0x581 (size before relaxing)
 .debug_str     0x0000000000002f13      0x216 /usr/lib/gcc/arm-none-eabi/4.8.2/../../../arm-none-eabi/lib/armv7-m/libc.a(lib_a-mallocr.o)
                                        0x77c (size before relaxing)
 .debug_str     0x0000000000003129       0x2e /usr/lib/gcc/arm-none-eabi/4.8.2/../../../arm-none-eabi/lib/armv7-m/libc.a(lib_a-memcmp.o)
                                        0x19c (size before relaxing)
 .debug_str     0x0000000000003157       0x42 /usr/lib/gcc/arm-none-eabi/4.8.2/../../../arm-none-eabi/lib/armv7-m/libc.a(lib_a-mlock.o)
                                        0x576 (size before relaxing)
 .debug_str     0x0000000000003199       0x37 /usr/lib/gcc/arm-none-eabi/4.8.2/../../../arm-none-eabi/lib/armv7-m/libc.a(lib_a-sbrkr.o)
                                        0x564 (size before relaxing)
 .debug_str     0x00000000000031d0       0x85 /usr/lib/gcc/arm-none-eabi/4.8.2/../../../arm-none-eabi/lib/armv7-m/libc.a(lib_a-strlen.o)
                                        0x1a9 (size before relaxing)
 .debug_str     0x0000000000003255       0x34 /usr/lib/gcc/arm-none-eabi/4.8.2/../../../arm-none-eabi/lib/armv7-m/libc.a(lib_a-freer.o)
                                        0x6c6 (size before relaxing)
 .debug_str     0x0000000000003289       0x58 /usr/lib/gcc/arm-none-eabi/4.8.2/../../../arm-none-eabi/lib/armv7-m/libc.a(lib_a-reent.o)
                                        0x58c (size before relaxing)
 .debug_str     0x00000000000032e1       0xea /usr/lib/gcc/arm-none-eabi/4.8.2/../../../arm-none-eabi/lib/armv7-m/libnosys.a(sbrk.o)
                                        0x103 (size before relaxing)

.debug_frame    0x0000000000000000     0x1708
 .debug_frame   0x0000000000000000       0x20 /usr/lib/gcc/arm-none-eabi/4.8.2/../../../arm-none-eabi/lib/armv7-m/libc.a(lib_a-atexit.o)
 .debug_frame   0x0000000000000020       0x2c /usr/lib/gcc/arm-none-eabi/4.8.2/../../../arm-none-eabi/lib/armv7-m/libc.a(lib_a-fini.o)
 .debug_frame   0x000000000000004c       0x2c /usr/lib/gcc/arm-none-eabi/4.8.2/../../../arm-none-eabi/lib/armv7-m/libc.a(lib_a-init.o)
 .debug_frame   0x0000000000000078       0x2c /usr/lib/gcc/arm-none-eabi/4.8.2/../../../arm-none-eabi/lib/armv7-m/libc.a(lib_a-memset.o)
 .debug_frame   0x00000000000000a4       0x30 /usr/lib/gcc/arm-none-eabi/4.8.2/../../../arm-none-eabi/lib/armv7-m/libc.a(lib_a-__atexit.o)
 .debug_frame   0x00000000000000d4       0x48 /usr/lib/gcc/arm-none-eabi/4.8.2/../../../arm-none-eabi/lib/armv7-m/libc.a(lib_a-__call_atexit.o)
 .debug_frame   0x000000000000011c      0x60c bluetooth_rxtx.o
 .debug_frame   0x0000000000000728       0x90 bluetooth.o
 .debug_frame   0x00000000000007b8       0xac bluetooth_le.o
 .debug_frame   0x0000000000000864       0xf8 ubertooth_usb.o
 .debug_frame   0x000000000000095c       0x68 ubertooth_rssi.o
 .debug_frame   0x00000000000009c4       0x6c ubertooth_cs.o
 .debug_frame   0x0000000000000a30       0x4c ubertooth_clock.o
 .debug_frame   0x0000000000000a7c       0x78 ubertooth_dma.o
 .debug_frame   0x0000000000000af4       0x8c cc2400_rangetest.o
 .debug_frame   0x0000000000000b80      0x190 ego.o
 .debug_frame   0x0000000000000d10      0x130 ../common/usb_serial.o
 .debug_frame   0x0000000000000e40       0x2c ../common/LPC17xx_Startup.o
 .debug_frame   0x0000000000000e6c       0x20 ../common/LPC17xx_Interrupts.o
 .debug_frame   0x0000000000000e8c      0x304 ../common/ubertooth.o
 .debug_frame   0x0000000000001190       0x84 ../common/lpcusb/target/usbcontrol.o
 .debug_frame   0x0000000000001214       0x3c ../common/lpcusb/target/usbinit.o
 .debug_frame   0x0000000000001250      0x220 ../common/lpcusb/target/usbhw_lpc.o
 .debug_frame   0x0000000000001470       0xcc ../common/lpcusb/target/usbstdreq.o
 .debug_frame   0x000000000000153c       0x30 /usr/lib/gcc/arm-none-eabi/4.8.2/../../../arm-none-eabi/lib/armv7-m/libc.a(lib_a-malloc.o)
 .debug_frame   0x000000000000156c       0x38 /usr/lib/gcc/arm-none-eabi/4.8.2/../../../arm-none-eabi/lib/armv7-m/libc.a(lib_a-mallocr.o)
 .debug_frame   0x00000000000015a4       0x2c /usr/lib/gcc/arm-none-eabi/4.8.2/../../../arm-none-eabi/lib/armv7-m/libc.a(lib_a-memcmp.o)
 .debug_frame   0x00000000000015d0       0x30 /usr/lib/gcc/arm-none-eabi/4.8.2/../../../arm-none-eabi/lib/armv7-m/libc.a(lib_a-mlock.o)
 .debug_frame   0x0000000000001600       0x2c /usr/lib/gcc/arm-none-eabi/4.8.2/../../../arm-none-eabi/lib/armv7-m/libc.a(lib_a-sbrkr.o)
 .debug_frame   0x000000000000162c       0x20 /usr/lib/gcc/arm-none-eabi/4.8.2/../../../arm-none-eabi/lib/armv7-m/libc.a(lib_a-strlen.o)
 .debug_frame   0x000000000000164c       0x54 /usr/lib/gcc/arm-none-eabi/4.8.2/../../../arm-none-eabi/lib/armv7-m/libc.a(lib_a-freer.o)
 .debug_frame   0x00000000000016a0       0x48 /usr/lib/gcc/arm-none-eabi/4.8.2/../../../arm-none-eabi/lib/armv7-m/libc.a(lib_a-reent.o)
 .debug_frame   0x00000000000016e8       0x20 /usr/lib/gcc/arm-none-eabi/4.8.2/../../../arm-none-eabi/lib/armv7-m/libnosys.a(sbrk.o)
