Archive member included because of file (symbol)

/usr/lib/gcc/arm-none-eabi/4.8.2/../../../arm-none-eabi/lib/armv7-m/libc.a(lib_a-atexit.o)
                              /usr/lib/gcc/arm-none-eabi/4.8.2/../../../arm-none-eabi/lib/armv7-m/crt0.o (atexit)
/usr/lib/gcc/arm-none-eabi/4.8.2/../../../arm-none-eabi/lib/armv7-m/libc.a(lib_a-exit.o)
                              /usr/lib/gcc/arm-none-eabi/4.8.2/../../../arm-none-eabi/lib/armv7-m/crt0.o (exit)
/usr/lib/gcc/arm-none-eabi/4.8.2/../../../arm-none-eabi/lib/armv7-m/libc.a(lib_a-fini.o)
                              /usr/lib/gcc/arm-none-eabi/4.8.2/../../../arm-none-eabi/lib/armv7-m/crt0.o (__libc_fini_array)
/usr/lib/gcc/arm-none-eabi/4.8.2/../../../arm-none-eabi/lib/armv7-m/libc.a(lib_a-impure.o)
                              /usr/lib/gcc/arm-none-eabi/4.8.2/../../../arm-none-eabi/lib/armv7-m/libc.a(lib_a-exit.o) (_global_impure_ptr)
/usr/lib/gcc/arm-none-eabi/4.8.2/../../../arm-none-eabi/lib/armv7-m/libc.a(lib_a-init.o)
                              /usr/lib/gcc/arm-none-eabi/4.8.2/../../../arm-none-eabi/lib/armv7-m/crt0.o (__libc_init_array)
/usr/lib/gcc/arm-none-eabi/4.8.2/../../../arm-none-eabi/lib/armv7-m/libc.a(lib_a-memset.o)
                              /usr/lib/gcc/arm-none-eabi/4.8.2/../../../arm-none-eabi/lib/armv7-m/crt0.o (memset)
/usr/lib/gcc/arm-none-eabi/4.8.2/../../../arm-none-eabi/lib/armv7-m/libc.a(lib_a-__atexit.o)
                              /usr/lib/gcc/arm-none-eabi/4.8.2/../../../arm-none-eabi/lib/armv7-m/libc.a(lib_a-atexit.o) (__register_exitproc)
/usr/lib/gcc/arm-none-eabi/4.8.2/../../../arm-none-eabi/lib/armv7-m/libc.a(lib_a-__call_atexit.o)
                              /usr/lib/gcc/arm-none-eabi/4.8.2/../../../arm-none-eabi/lib/armv7-m/libc.a(lib_a-exit.o) (__call_exitprocs)
/usr/lib/gcc/arm-none-eabi/4.8.2/armv7-m/libgcc.a(_ashldi3.o)
                              bluetooth_rxtx.o (__aeabi_llsl)
/usr/lib/gcc/arm-none-eabi/4.8.2/../../../arm-none-eabi/lib/armv7-m/libc.a(lib_a-malloc.o)
                              bluetooth_rxtx.o (malloc)
/usr/lib/gcc/arm-none-eabi/4.8.2/../../../arm-none-eabi/lib/armv7-m/libc.a(lib_a-mallocr.o)
                              /usr/lib/gcc/arm-none-eabi/4.8.2/../../../arm-none-eabi/lib/armv7-m/libc.a(lib_a-malloc.o) (_malloc_r)
/usr/lib/gcc/arm-none-eabi/4.8.2/../../../arm-none-eabi/lib/armv7-m/libc.a(lib_a-memcmp.o)
                              bluetooth_rxtx.o (memcmp)
/usr/lib/gcc/arm-none-eabi/4.8.2/../../../arm-none-eabi/lib/armv7-m/libc.a(lib_a-memcpy.o)
                              bluetooth_rxtx.o (memcpy)
/usr/lib/gcc/arm-none-eabi/4.8.2/../../../arm-none-eabi/lib/armv7-m/libc.a(lib_a-mlock.o)
                              /usr/lib/gcc/arm-none-eabi/4.8.2/../../../arm-none-eabi/lib/armv7-m/libc.a(lib_a-mallocr.o) (__malloc_lock)
/usr/lib/gcc/arm-none-eabi/4.8.2/../../../arm-none-eabi/lib/armv7-m/libc.a(lib_a-sbrkr.o)
                              /usr/lib/gcc/arm-none-eabi/4.8.2/../../../arm-none-eabi/lib/armv7-m/libc.a(lib_a-mallocr.o) (_sbrk_r)
/usr/lib/gcc/arm-none-eabi/4.8.2/../../../arm-none-eabi/lib/armv7-m/libc.a(lib_a-strlen.o)
                              bluetooth_rxtx.o (strlen)
/usr/lib/gcc/arm-none-eabi/4.8.2/../../../arm-none-eabi/lib/armv7-m/libc.a(lib_a-freer.o)
                              /usr/lib/gcc/arm-none-eabi/4.8.2/../../../arm-none-eabi/lib/armv7-m/libc.a(lib_a-malloc.o) (_free_r)
/usr/lib/gcc/arm-none-eabi/4.8.2/../../../arm-none-eabi/lib/armv7-m/libc.a(lib_a-reent.o)
                              /usr/lib/gcc/arm-none-eabi/4.8.2/../../../arm-none-eabi/lib/armv7-m/libc.a(lib_a-sbrkr.o) (errno)
/usr/lib/gcc/arm-none-eabi/4.8.2/../../../arm-none-eabi/lib/armv7-m/libnosys.a(sbrk.o)
                              /usr/lib/gcc/arm-none-eabi/4.8.2/../../../arm-none-eabi/lib/armv7-m/libc.a(lib_a-sbrkr.o) (_sbrk)
/usr/lib/gcc/arm-none-eabi/4.8.2/../../../arm-none-eabi/lib/armv7-m/libnosys.a(_exit.o)
                              /usr/lib/gcc/arm-none-eabi/4.8.2/../../../arm-none-eabi/lib/armv7-m/libc.a(lib_a-exit.o) (_exit)

Allocating common symbols
Common symbol       size              file

last_hop            0x4               bluetooth_rxtx.o
b                   0x1               bluetooth.o
rx_tc               0x4               bluetooth_rxtx.o
rssi_max            0x1               bluetooth_rxtx.o
used_channels       0x1               bluetooth_rxtx.o
le_dma_lli          0xb0              ubertooth_dma.o
rssi_min            0x1               bluetooth_rxtx.o
errno               0x4               /usr/lib/gcc/arm-none-eabi/4.8.2/../../../arm-none-eabi/lib/armv7-m/libc.a(lib_a-reent.o)
afh_map             0xa               bluetooth_rxtx.o
d1                  0x2               bluetooth.o
clkn_offset         0x4               bluetooth_rxtx.o
rx_dma_lli2         0x10              ubertooth_dma.o
afh_bank            0x4f              bluetooth.o
a1                  0x1               bluetooth.o
clkn_last_drift_fix
[...]
Memory Configuration

Name             Origin             Length             Attributes
rom              0x0000000000004000 0x000000000001c000 xr
ram              0x0000000010000000 0x0000000000004000 xrw
*default*        0x0000000000000000 0xffffffffffffffff

Linker script and memory map

LOAD /usr/lib/gcc/arm-none-eabi/4.8.2/armv7-m/crti.o
LOAD /usr/lib/gcc/arm-none-eabi/4.8.2/armv7-m/crtbegin.o
LOAD /usr/lib/gcc/arm-none-eabi/4.8.2/../../../arm-none-eabi/lib/armv7-m/crt0.o
START GROUP
LOAD /usr/lib/gcc/arm-none-eabi/4.8.2/../../../arm-none-eabi/lib/armv7-m/libc.a
LOAD /usr/lib/gcc/arm-none-eabi/4.8.2/../../../arm-none-eabi/lib/armv7-m/libg.a
LOAD /usr/lib/gcc/arm-none-eabi/4.8.2/armv7-m/libgcc.a
LOAD /usr/lib/gcc/arm-none-eabi/4.8.2/../../../arm-none-eabi/lib/armv7-m/libm.a
END GROUP
LOAD bluetooth_rxtx.o
LOAD bluetooth.o
LOAD bluetooth_le.o
LOAD ubertooth_usb.o
LOAD ubertooth_rssi.o
LOAD ubertooth_cs.o
LOAD ubertooth_clock.o
LOAD ubertooth_dma.o
LOAD cc2400_rangetest.o
LOAD ego.o
LOAD ../common/usb_serial.o
LOAD ../common/serial_fifo.o
LOAD ../common/LPC17xx_Startup.o
LOAD ../common/LPC17xx_Interrupts.o
LOAD ../common/ubertooth.o
LOAD ../common/lpcusb/target/usbcontrol.o
LOAD ../common/lpcusb/target/usbinit.o
LOAD ../common/lpcusb/target/usbhw_lpc.o
LOAD ../common/lpcusb/target/usbstdreq.o
START GROUP
LOAD /usr/lib/gcc/arm-none-eabi/4.8.2/armv7-m/libgcc.a
LOAD /usr/lib/gcc/arm-none-eabi/4.8.2/../../../arm-none-eabi/lib/armv7-m/libc.a
END GROUP
LOAD /usr/lib/gcc/arm-none-eabi/4.8.2/armv7-m/crtend.o
LOAD /usr/lib/gcc/arm-none-eabi/4.8.2/armv7-m/crtn.o
START GROUP
LOAD /usr/lib/gcc/arm-none-eabi/4.8.2/armv7-m/libgcc.a
LOAD /usr/lib/gcc/arm-none-eabi/4.8.2/../../../arm-none-eabi/lib/armv7-m/libc.a
LOAD /usr/lib/gcc/arm-none-eabi/4.8.2/../../../arm-none-eabi/lib/armv7-m/libm.a
LOAD /usr/lib/gcc/arm-none-eabi/4.8.2/../../../arm-none-eabi/lib/armv7-m/libnosys.a
END GROUP

.text           0x0000000000004000     0x66d0
                0x0000000000004000                . = ALIGN (0x400)
                0x0000000000004000                _interrupt_vector_table = .
 *(.irq_handler_table)
 .irq_handler_table
                0x0000000000004000       0xcc ../common/LPC17xx_Interrupts.o
                0x0000000000004000                _NVIC_Handler_Functions
 *(.text .text.* .gnu.linkonce.t.*)
 .text          0x00000000000040cc       0xc8 /usr/lib/gcc/arm-none-eabi/4.8.2/armv7-m/crtbegin.o
 .text.atexit   0x0000000000004194        0xc /usr/lib/gcc/arm-none-eabi/4.8.2/../../../arm-none-eabi/lib/armv7-m/libc.a(lib_a-atexit.o)
                0x0000000000004194                atexit
 .text.__libc_fini_array
                0x00000000000041a0       0x34 /usr/lib/gcc/arm-none-eabi/4.8.2/../../../arm-none-eabi/lib/armv7-m/libc.a(lib_a-fini.o)
                0x00000000000041a0                __libc_fini_array
 .text.__libc_init_array
                0x00000000000041d4       0x5c /usr/lib/gcc/arm-none-eabi/4.8.2/../../../arm-none-eabi/lib/armv7-m/libc.a(lib_a-init.o)
                0x00000000000041d4                __libc_init_array
 .text.memset   0x0000000000004230       0x94 /usr/lib/gcc/arm-none-eabi/4.8.2/../../../arm-none-eabi/lib/armv7-m/libc.a(lib_a-memset.o)
                0x0000000000004230                memset
 .text.__register_exitproc
                0x00000000000042c4       0xac /usr/lib/gcc/arm-none-eabi/4.8.2/../../../arm-none-eabi/lib/armv7-m/libc.a(lib_a-__atexit.o)
                0x00000000000042c4                __register_exitproc
 .text.startup.register_fini
                0x0000000000004370       0x18 /usr/lib/gcc/arm-none-eabi/4.8.2/../../../arm-none-eabi/lib/armv7-m/libc.a(lib_a-__call_atexit.o)
 .text.reverse8
                0x0000000000004388       0x22 bluetooth_rxtx.o
 *fill*         0x00000000000043aa        0x2 
 .text.cc2400_rx
                0x00000000000043ac       0xa4 bluetooth_rxtx.o
 .text.cc2400_rx_sync
                0x0000000000004450       0xb0 bluetooth_rxtx.o
 .text.enqueue  0x0000000000004500       0x9c bluetooth_rxtx.o
 .text.le_set_access_address
                0x000000000000459c       0x18 bluetooth_rxtx.o
 .text.cc2400_idle
                0x00000000000045b4       0xac bluetooth_rxtx.o
 .text.cb_follow_le
                0x0000000000004660      0x104 bluetooth_rxtx.o
                0x0000000000004660                cb_follow_le
 .text.connection_follow_cb
                0x0000000000004764      0x170 bluetooth_rxtx.o
                0x0000000000004764                connection_follow_cb
 .text.vendor_request_handler
                0x00000000000048d4      0x720 bluetooth_rxtx.o
 .text.enqueue_with_ts
                0x0000000000004ff4       0x58 bluetooth_rxtx.o
                0x0000000000004ff4                enqueue_with_ts
 .text.TIMER0_IRQHandler
                0x000000000000504c      0x140 bluetooth_rxtx.o
                0x000000000000504c                TIMER0_IRQHandler
 .text.EINT3_IRQHandler
                0x000000000000518c       0x34 bluetooth_rxtx.o
                0x000000000000518c                EINT3_IRQHandler
 .text.DMA_IRQHandler
                0x00000000000051c0      0x114 bluetooth_rxtx.o
                0x00000000000051c0                DMA_IRQHandler
 .text.le_transmit
                0x00000000000052d4      0x1b0 bluetooth_rxtx.o
                0x00000000000052d4                le_transmit
 .text.le_jam   0x0000000000005484       0x78 bluetooth_rxtx.o
                0x0000000000005484                le_jam
 .text.hop      0x00000000000054fc      0x1a0 bluetooth_rxtx.o
                0x00000000000054fc                hop
 .text.bt_stream_rx
                0x000000000000569c      0x15c bluetooth_rxtx.o
                0x000000000000569c                bt_stream_rx
 .text.br_transmit
                0x00000000000057f8      0x280 bluetooth_rxtx.o
                0x00000000000057f8                br_transmit
 .text.reset_le
                0x0000000000005a78       0x54 bluetooth_rxtx.o
                0x0000000000005a78                reset_le
 .text.reset_le_promisc
                0x0000000000005acc       0x20 bluetooth_rxtx.o
                0x0000000000005acc                reset_le_promisc
 .text.bt_generic_le
                0x0000000000005aec      0x1e4 bluetooth_rxtx.o
                0x0000000000005aec                bt_generic_le
 .text.bt_le_sync
                0x0000000000005cd0      0x3d8 bluetooth_rxtx.o
                0x0000000000005cd0                bt_le_sync
 .text.bt_le_sync_cfo
                0x00000000000060a8      0x48c bluetooth_rxtx.o
                0x00000000000060a8                bt_le_sync_cfo
 .text.bt_follow_le
                0x0000000000006534       0x20 bluetooth_rxtx.o
                0x0000000000006534                bt_follow_le
 .text.bt_tracking_le
                0x0000000000006554       0x20 bluetooth_rxtx.o
                0x0000000000006554                bt_tracking_le
 .text.le_promisc_state
                0x0000000000006574       0x36 bluetooth_rxtx.o
                0x0000000000006574                le_promisc_state
 *fill*         0x00000000000065aa        0x2 
 .text.promisc_recover_hop_increment
                0x00000000000065ac       0xe0 bluetooth_rxtx.o
                0x00000000000065ac                promisc_recover_hop_increment
 .text.promisc_recover_hop_interval
                0x000000000000668c       0xb4 bluetooth_rxtx.o
                0x000000000000668c                promisc_recover_hop_interval
 .text.promisc_follow_cb
                0x0000000000006740       0x74 bluetooth_rxtx.o
                0x0000000000006740                promisc_follow_cb
 .text.see_aa   0x00000000000067b4       0x5c bluetooth_rxtx.o
                0x00000000000067b4                see_aa
 .text.cb_le_promisc
                0x0000000000006810      0x1a0 bluetooth_rxtx.o
                0x0000000000006810                cb_le_promisc
 .text.bt_promisc_le
                0x00000000000069b0       0x70 bluetooth_rxtx.o
                0x00000000000069b0                bt_promisc_le
 .text.bt_slave_le
                0x0000000000006a20      0x2a0 bluetooth_rxtx.o
                0x0000000000006a20                bt_slave_le
 .text.rx_generic_sync
                0x0000000000006cc0       0xa0 bluetooth_rxtx.o
                0x0000000000006cc0                rx_generic_sync
 .text.rx_generic
                0x0000000000006d60       0x20 bluetooth_rxtx.o
                0x0000000000006d60                rx_generic
 .text.tx_generic
                0x0000000000006d80       0xf4 bluetooth_rxtx.o
                0x0000000000006d80                tx_generic
 .text.specan   0x0000000000006e74      0x114 bluetooth_rxtx.o
                0x0000000000006e74                specan
 .text.led_specan
                0x0000000000006f88      0x130 bluetooth_rxtx.o
                0x0000000000006f88                led_specan
 .text.startup.main
                0x00000000000070b8      0x180 bluetooth_rxtx.o
                0x00000000000070b8                main
 .text.precalc  0x0000000000007238      0x138 bluetooth.o
                0x0000000000007238                precalc
 .text.next_hop
                0x0000000000007370      0x13c bluetooth.o
                0x0000000000007370                next_hop
 .text.btle_channel_index
                0x00000000000074ac       0x26 bluetooth_le.o
                0x00000000000074ac                btle_channel_index
 .text.btle_channel_index_to_phys
                0x00000000000074d2       0x30 bluetooth_le.o
                0x00000000000074d2                btle_channel_index_to_phys
 .text.btle_next_hop
                0x0000000000007502       0x1e bluetooth_le.o
                0x0000000000007502                btle_next_hop
 .text.btle_calc_crc
                0x0000000000007520       0x38 bluetooth_le.o
                0x0000000000007520                btle_calc_crc
 .text.btle_reverse_crc
                0x0000000000007558       0x52 bluetooth_le.o
                0x0000000000007558                btle_reverse_crc
 *fill*         0x00000000000075aa        0x2 
 .text.btle_crcgen_lut
                0x00000000000075ac       0x28 bluetooth_le.o
                0x00000000000075ac                btle_crcgen_lut
 .text.usb_vendor_request_handler
                0x00000000000075d4       0x2c ubertooth_usb.o
                0x00000000000075d4                usb_vendor_request_handler
 .text.set_serial_descriptor
                0x0000000000007600       0x54 ubertooth_usb.o
                0x0000000000007600                set_serial_descriptor
 .text.ubertooth_usb_init
                0x0000000000007654       0x4c ubertooth_usb.o
                0x0000000000007654                ubertooth_usb_init
 .text.queue_init
                0x00000000000076a0       0x1c ubertooth_usb.o
                0x00000000000076a0                queue_init
 .text.usb_enqueue
                0x00000000000076bc       0x34 ubertooth_usb.o
                0x00000000000076bc                usb_enqueue
 .text.usb_enqueue_time
                0x00000000000076f0       0x34 ubertooth_usb.o
                0x00000000000076f0                usb_enqueue_time
 .text.dequeue  0x0000000000007724       0x2c ubertooth_usb.o
                0x0000000000007724                dequeue
 .text.dequeue_send
                0x0000000000007750       0x48 ubertooth_usb.o
                0x0000000000007750                dequeue_send
 .text.handle_usb
                0x0000000000007798       0x28 ubertooth_usb.o
                0x0000000000007798                handle_usb
 .text.rssi_reset
                0x00000000000077c0       0x38 ubertooth_rssi.o
                0x00000000000077c0                rssi_reset
 .text.rssi_add
                0x00000000000077f8       0x40 ubertooth_rssi.o
                0x00000000000077f8                rssi_add
 .text.rssi_iir_update
                0x0000000000007838       0x50 ubertooth_rssi.o
                0x0000000000007838                rssi_iir_update
 .text.rssi_get_avg
                0x0000000000007888       0x28 ubertooth_rssi.o
                0x0000000000007888                rssi_get_avg
 .text.cs_threshold_calc_and_set
                0x00000000000078b0       0x64 ubertooth_cs.o
                0x00000000000078b0                cs_threshold_calc_and_set
 .text.cs_trigger_enable
                0x0000000000007914       0x2c ubertooth_cs.o
                0x0000000000007914                cs_trigger_enable
 .text.cs_trigger_disable
                0x0000000000007940       0x2c ubertooth_cs.o
                0x0000000000007940                cs_trigger_disable
 .text.cs_reset
                0x000000000000796c       0x24 ubertooth_cs.o
                0x000000000000796c                cs_reset
 .text.clkn_stop
                0x0000000000007990       0x50 ubertooth_clock.o
                0x0000000000007990                clkn_stop
 .text.clkn_start
                0x00000000000079e0        0xc ubertooth_clock.o
                0x00000000000079e0                clkn_start
 .text.clkn_init
                0x00000000000079ec       0x28 ubertooth_clock.o
                0x00000000000079ec                clkn_init
 .text.dma_disable
                0x0000000000007a14       0x7c ubertooth_dma.o
 .text.dma_init
                0x0000000000007a90       0x7c ubertooth_dma.o
                0x0000000000007a90                dma_init
 .text.dma_init_le
                0x0000000000007b0c       0x90 ubertooth_dma.o
                0x0000000000007b0c                dma_init_le
 .text.dio_ssp_start
                0x0000000000007b9c       0x4c ubertooth_dma.o
                0x0000000000007b9c                dio_ssp_start
 .text.dio_ssp_stop
                0x0000000000007be8       0x2c ubertooth_dma.o
                0x0000000000007be8                dio_ssp_stop
 .text.cc2400_rangetest
                0x0000000000007c14      0x288 cc2400_rangetest.o
                0x0000000000007c14                cc2400_rangetest
 .text.cc2400_repeater
                0x0000000000007e9c      0x170 cc2400_rangetest.o
                0x0000000000007e9c                cc2400_repeater
 .text.cc2400_txtest
                0x000000000000800c       0x78 cc2400_rangetest.o
                0x000000000000800c                cc2400_txtest
 .text.ssp_stop
                0x0000000000008084       0x1c ego.o
 .text.do_rx    0x00000000000080a0       0x20 ego.o
 .text.sleep_ms
                0x00000000000080c0       0x2c ego.o
 .text.sleep_elapsed
                0x00000000000080ec       0x38 ego.o
 .text.nop_state
                0x0000000000008124        0x2 ego.o
 *fill*         0x0000000000008126        0x2 
 .text.init_state
                0x0000000000008128       0x18 ego.o
 .text.continuous_init_state
                0x0000000000008140        0x6 ego.o
 *fill*         0x0000000000008146        0x2 
 .text.start_rf_state
                0x0000000000008148       0xb8 ego.o
 .text.start_jamming_state
                0x0000000000008200       0xa4 ego.o
 .text.sleep_state
                0x00000000000082a4       0x48 ego.o
 .text.jam_sleep_state
                0x00000000000082ec       0x20 ego.o
 .text.jamming_state
                0x000000000000830c       0x60 ego.o
                0x000000000000830c                jamming_state
 .text.continuous_cap_state
                0x000000000000836c       0x7c ego.o
 .text.jam_cap_state
                0x00000000000083e8       0x64 ego.o
 .text.cap_state
                0x000000000000844c       0x90 ego.o
 .text.ego_main
                0x00000000000084dc       0x7c ego.o
                0x00000000000084dc                ego_main
 .text.USB_IRQHandler
                0x0000000000008558        0x4 ../common/usb_serial.o
                0x0000000000008558                USB_IRQHandler
 .text.Reset_Handler
                0x000000000000855c       0x54 ../common/LPC17xx_Startup.o
                0x000000000000855c                Reset_Handler
 .text.Default_Handler
                0x00000000000085b0        0x2 ../common/LPC17xx_Interrupts.o
                0x00000000000085b0                TIMER2_IRQHandler
                0x00000000000085b0                DebugMon_Handler
                0x00000000000085b0                RIT_IRQHandler
                0x00000000000085b0                I2C0_IRQHandler
                0x00000000000085b0                HardFault_Handler
                0x00000000000085b0                SysTick_Handler
                0x00000000000085b0                PWM1_IRQHandler
                0x00000000000085b0                PendSV_Handler
                0x00000000000085b0                NMI_Handler
                0x00000000000085b0                I2C1_IRQHandler
                0x00000000000085b0                EINT2_IRQHandler
                0x00000000000085b0                UART1_IRQHandler
                0x00000000000085b0                TIMER3_IRQHandler
                0x00000000000085b0                UART0_IRQHandler
                0x00000000000085b0                MemManagement_Handler
                0x00000000000085b0                UsageFault_Handler
                0x00000000000085b0                PLL0_IRQHandler
                0x00000000000085b0                CAN_IRQHandler
                0x00000000000085b0                PLL1_IRQHandler
                0x00000000000085b0                SSP0_IRQHandler
                0x00000000000085b0                I2S_IRQHandler
                0x00000000000085b0                I2C2_IRQHandler
                0x00000000000085b0                RTC_IRQHandler
                0x00000000000085b0                SPI_IRQHandler
                0x00000000000085b0                EINT1_IRQHandler
                0x00000000000085b0                TIMER1_IRQHandler
                0x00000000000085b0                UART2_IRQHandler
                0x00000000000085b0                ADC_IRQHandler
                0x00000000000085b0                SSP1_IRQHandler
                0x00000000000085b0                BOD_IRQHandler
                0x00000000000085b0                WDT_IRQHandler
                0x00000000000085b0                SVC_Handler
                0x00000000000085b0                QEI_IRQHandler
                0x00000000000085b0                EINT0_IRQHandler
                0x00000000000085b0                USBACT_IRQHandler
                0x00000000000085b0                CANACT_IRQHandler
                0x00000000000085b0                BusFault_Handler
                0x00000000000085b0                UART3_IRQHandler
                0x00000000000085b0                MCPWM_IRQHandler
                0x00000000000085b0                ENET_IRQHandler
 *fill*         0x00000000000085b2        0x2 
 .text.spi_delay
                0x00000000000085b4       0x18 ../common/ubertooth.o
 .text.rbit     0x00000000000085cc        0x6 ../common/ubertooth.o
                0x00000000000085cc                rbit
 *fill*         0x00000000000085d2        0x2 
 .text.wait_us  0x00000000000085d4       0x2c ../common/ubertooth.o
                0x00000000000085d4                wait_us
 .text.wait     0x0000000000008600        0xc ../common/ubertooth.o
                0x0000000000008600                wait
 .text.all_pins_off
                0x000000000000860c       0x54 ../common/ubertooth.o
                0x000000000000860c                all_pins_off
 .text.gpio_init
                0x0000000000008660       0x34 ../common/ubertooth.o
                0x0000000000008660                gpio_init
 .text.dio_ssp_init
                0x0000000000008694       0x54 ../common/ubertooth.o
                0x0000000000008694                dio_ssp_init
 .text.atest_init
                0x00000000000086e8       0x34 ../common/ubertooth.o
                0x00000000000086e8                atest_init
 .text.cc2400_spi
                0x000000000000871c       0x50 ../common/ubertooth.o
                0x000000000000871c                cc2400_spi
 .text.cc2400_init
                0x000000000000876c       0x38 ../common/ubertooth.o
                0x000000000000876c                cc2400_init
 .text.cc2400_get
                0x00000000000087a4       0x12 ../common/ubertooth.o
                0x00000000000087a4                cc2400_get
 .text.cc2400_set
                0x00000000000087b6        0xa ../common/ubertooth.o
                0x00000000000087b6                cc2400_set
 .text.cc2400_get8
                0x00000000000087c0       0x12 ../common/ubertooth.o
                0x00000000000087c0                cc2400_get8
 *fill*         0x00000000000087d2        0x2 
 .text.cc2400_get_rev
                0x00000000000087d4       0x58 ../common/ubertooth.o
                0x00000000000087d4                cc2400_get_rev
 .text.cc2400_set8
                0x000000000000882c        0xa ../common/ubertooth.o
                0x000000000000882c                cc2400_set8
 *fill*         0x0000000000008836        0x2 
 .text.cc2400_fifo_write
                0x0000000000008838       0x90 ../common/ubertooth.o
                0x0000000000008838                cc2400_fifo_write
 .text.cc2400_fifo_read
                0x00000000000088c8       0x90 ../common/ubertooth.o
                0x00000000000088c8                cc2400_fifo_read
 .text.cc2400_status
                0x0000000000008958        0xe ../common/ubertooth.o
                0x0000000000008958                cc2400_status
 .text.cc2400_strobe
                0x0000000000008966        0xe ../common/ubertooth.o
                0x0000000000008966                cc2400_strobe
 .text.cc2400_reset
                0x0000000000008974       0x2c ../common/ubertooth.o
                0x0000000000008974                cc2400_reset
 .text.clock_start
                0x00000000000089a0      0x14c ../common/ubertooth.o
                0x00000000000089a0                clock_start
 .text.ubertooth_init
                0x0000000000008aec       0x12 ../common/ubertooth.o
                0x0000000000008aec                ubertooth_init
 *fill*         0x0000000000008afe        0x2 
 .text.reset    0x0000000000008b00       0x34 ../common/ubertooth.o
                0x0000000000008b00                reset
 .text.get_part_num
                0x0000000000008b34       0x38 ../common/ubertooth.o
                0x0000000000008b34                get_part_num
 .text.get_device_serial
                0x0000000000008b6c       0x68 ../common/ubertooth.o
                0x0000000000008b6c                get_device_serial
 .text.set_isp  0x0000000000008bd4       0x20 ../common/ubertooth.o
                0x0000000000008bd4                set_isp
 .text.DataIn   0x0000000000008bf4       0x28 ../common/lpcusb/target/usbcontrol.o
 .text._HandleRequest.constprop.1
                0x0000000000008c1c       0x50 ../common/lpcusb/target/usbcontrol.o
 .text.USBHandleControlTransfer
                0x0000000000008c6c       0xa8 ../common/lpcusb/target/usbcontrol.o
                0x0000000000008c6c                USBHandleControlTransfer
 .text.USBRegisterRequestHandler
                0x0000000000008d14       0x10 ../common/lpcusb/target/usbcontrol.o
                0x0000000000008d14                USBRegisterRequestHandler
 .text.HandleUsbReset
                0x0000000000008d24        0x2 ../common/lpcusb/target/usbinit.o
 *fill*         0x0000000000008d26        0x2 
 .text.USBInit  0x0000000000008d28       0x4c ../common/lpcusb/target/usbinit.o
                0x0000000000008d28                USBInit
 .text.Wait4DevInt
                0x0000000000008d74       0x18 ../common/lpcusb/target/usbhw_lpc.o
 .text.USBHwCmd
                0x0000000000008d8c       0x18 ../common/lpcusb/target/usbhw_lpc.o
 .text.USBHwCmdWrite
                0x0000000000008da4       0x20 ../common/lpcusb/target/usbhw_lpc.o
 .text.USBHwEPConfig
                0x0000000000008dc4       0x38 ../common/lpcusb/target/usbhw_lpc.o
                0x0000000000008dc4                USBHwEPConfig
 .text.USBHwRegisterEPIntHandler
                0x0000000000008dfc       0x34 ../common/lpcusb/target/usbhw_lpc.o
                0x0000000000008dfc                USBHwRegisterEPIntHandler
 .text.USBHwRegisterDevIntHandler
                0x0000000000008e30       0x18 ../common/lpcusb/target/usbhw_lpc.o
                0x0000000000008e30                USBHwRegisterDevIntHandler
 .text.USBHwSetAddress
                0x0000000000008e48        0xa ../common/lpcusb/target/usbhw_lpc.o
                0x0000000000008e48                USBHwSetAddress
 .text.USBHwConnect
                0x0000000000008e52        0xc ../common/lpcusb/target/usbhw_lpc.o
                0x0000000000008e52                USBHwConnect
 .text.USBHwNakIntEnable
                0x0000000000008e5e        0x8 ../common/lpcusb/target/usbhw_lpc.o
                0x0000000000008e5e                USBHwNakIntEnable
 *fill*         0x0000000000008e66        0x2 
 .text.USBHwEPGetStatus
                0x0000000000008e68       0x34 ../common/lpcusb/target/usbhw_lpc.o
                0x0000000000008e68                USBHwEPGetStatus
 .text.USBHwEPStall
                0x0000000000008e9c       0x18 ../common/lpcusb/target/usbhw_lpc.o
                0x0000000000008e9c                USBHwEPStall
 .text.USBHwEPWrite
                0x0000000000008eb4       0x60 ../common/lpcusb/target/usbhw_lpc.o
                0x0000000000008eb4                USBHwEPWrite
 .text.USBHwEPRead
                0x0000000000008f14       0x6c ../common/lpcusb/target/usbhw_lpc.o
                0x0000000000008f14                USBHwEPRead
 .text.USBHwConfigDevice
                0x0000000000008f80        0xc ../common/lpcusb/target/usbhw_lpc.o
                0x0000000000008f80                USBHwConfigDevice
 .text.USBHwISR
                0x0000000000008f8c       0xcc ../common/lpcusb/target/usbhw_lpc.o
                0x0000000000008f8c                USBHwISR
 .text.USBHwInit
                0x0000000000009058       0xb0 ../common/lpcusb/target/usbhw_lpc.o
                0x0000000000009058                USBHwInit
 .text.USBFilterOsVendorMessage
                0x0000000000009108       0x68 ../common/lpcusb/target/usbstdreq.o
                0x0000000000009108                USBFilterOsVendorMessage
 .text.USBRegisterWinusbInterface
                0x0000000000009170       0x34 ../common/lpcusb/target/usbstdreq.o
                0x0000000000009170                USBRegisterWinusbInterface
 .text.USBRegisterDescriptors
                0x00000000000091a4        0xc ../common/lpcusb/target/usbstdreq.o
                0x00000000000091a4                USBRegisterDescriptors
 .text.USBGetDescriptor
                0x00000000000091b0       0x58 ../common/lpcusb/target/usbstdreq.o
                0x00000000000091b0                USBGetDescriptor
 .text.USBHandleStandardRequest
                0x0000000000009208      0x138 ../common/lpcusb/target/usbstdreq.o
                0x0000000000009208                USBHandleStandardRequest
 .text          0x0000000000009340       0x18 /usr/lib/gcc/arm-none-eabi/4.8.2/armv7-m/libgcc.a(_ashldi3.o)
                0x0000000000009340                __ashldi3
                0x0000000000009340                __aeabi_llsl
 .text.malloc   0x0000000000009358       0x10 /usr/lib/gcc/arm-none-eabi/4.8.2/../../../arm-none-eabi/lib/armv7-m/libc.a(lib_a-malloc.o)
                0x0000000000009358                malloc
 .text._malloc_r
                0x0000000000009368      0x564 /usr/lib/gcc/arm-none-eabi/4.8.2/../../../arm-none-eabi/lib/armv7-m/libc.a(lib_a-mallocr.o)
                0x0000000000009368                _malloc_r
 .text.memcmp   0x00000000000098cc       0x68 /usr/lib/gcc/arm-none-eabi/4.8.2/../../../arm-none-eabi/lib/armv7-m/libc.a(lib_a-memcmp.o)
                0x00000000000098cc                memcmp
 .text          0x0000000000009934       0xec /usr/lib/gcc/arm-none-eabi/4.8.2/../../../arm-none-eabi/lib/armv7-m/libc.a(lib_a-memcpy.o)
                0x0000000000009934                memcpy
 .text.__malloc_lock
                0x0000000000009a20        0x4 /usr/lib/gcc/arm-none-eabi/4.8.2/../../../arm-none-eabi/lib/armv7-m/libc.a(lib_a-mlock.o)
                0x0000000000009a20                __malloc_lock
 .text.__malloc_unlock
                0x0000000000009a24        0x4 /usr/lib/gcc/arm-none-eabi/4.8.2/../../../arm-none-eabi/lib/armv7-m/libc.a(lib_a-mlock.o)
                0x0000000000009a24                __malloc_unlock
 .text._sbrk_r  0x0000000000009a28       0x28 /usr/lib/gcc/arm-none-eabi/4.8.2/../../../arm-none-eabi/lib/armv7-m/libc.a(lib_a-sbrkr.o)
                0x0000000000009a28                _sbrk_r
 .text.strlen   0x0000000000009a50       0x60 /usr/lib/gcc/arm-none-eabi/4.8.2/../../../arm-none-eabi/lib/armv7-m/libc.a(lib_a-strlen.o)
                0x0000000000009a50                strlen
 .text._malloc_trim_r
                0x0000000000009ab0       0xa4 /usr/lib/gcc/arm-none-eabi/4.8.2/../../../arm-none-eabi/lib/armv7-m/libc.a(lib_a-freer.o)
                0x0000000000009ab0                _malloc_trim_r
 .text._free_r  0x0000000000009b54      0x198 /usr/lib/gcc/arm-none-eabi/4.8.2/../../../arm-none-eabi/lib/armv7-m/libc.a(lib_a-freer.o)
                0x0000000000009b54                _free_r
 .text._sbrk    0x0000000000009cec       0x20 /usr/lib/gcc/arm-none-eabi/4.8.2/../../../arm-none-eabi/lib/armv7-m/libnosys.a(sbrk.o)
                0x0000000000009cec                _sbrk
 *(.rodata .rodata.* .gnu.linkonce.r.*)
 .rodata.str1.4
                0x0000000000009d0c        0x4 /usr/lib/gcc/arm-none-eabi/4.8.2/../../../arm-none-eabi/lib/armv7-m/libc.a(lib_a-impure.o)
 .rodata._global_impure_ptr
                0x0000000000009d10        0x4 /usr/lib/gcc/arm-none-eabi/4.8.2/../../../arm-none-eabi/lib/armv7-m/libc.a(lib_a-impure.o)
                0x0000000000009d10                _global_impure_ptr
 .rodata        0x0000000000009d14      0x8c8 bluetooth_rxtx.o
                0x0000000000009dbb                compile_info
 .rodata.str1.1
                0x000000000000a5dc        0xb bluetooth_rxtx.o
 .rodata        0x000000000000a5e7       0x1c bluetooth.o
 .rodata.str1.1
                0x000000000000a603       0x27 ubertooth_usb.o
 *fill*         0x000000000000a62a        0x2 
 .rodata        0x000000000000a62c       0x54 ego.o
 .rodata        0x000000000000a680        0x4 ../common/ubertooth.o
                0x000000000000a680                iap_entry
 .rodata        0x000000000000a684       0x28 ../common/lpcusb/target/usbstdreq.o
 *(.eh_frame_hdr)
 *(.eh_frame)
 .eh_frame      0x000000000000a6ac        0x0 /usr/lib/gcc/arm-none-eabi/4.8.2/armv7-m/crtbegin.o
                0x000000000000a6ac                . = ALIGN (0x4)
 *(.init)
 .init          0x000000000000a6ac        0x4 /usr/lib/gcc/arm-none-eabi/4.8.2/armv7-m/crti.o
                0x000000000000a6ac                _init
 .init          0x000000000000a6b0        0x8 /usr/lib/gcc/arm-none-eabi/4.8.2/armv7-m/crtn.o
                0x000000000000a6b8                . = ALIGN (0x4)
                0x000000000000a6b8                __preinit_array_start = .
 *(.preinit_array)
                0x000000000000a6b8                __preinit_array_end = .
                0x000000000000a6b8                . = ALIGN (0x4)
                0x000000000000a6b8                __init_array_start = .
 *(SORT(.init_array.*))
 .init_array.00000
                0x000000000000a6b8        0x4 /usr/lib/gcc/arm-none-eabi/4.8.2/../../../arm-none-eabi/lib/armv7-m/libc.a(lib_a-__call_atexit.o)
 *(.init_array)
 .init_array    0x000000000000a6bc        0x4 /usr/lib/gcc/arm-none-eabi/4.8.2/armv7-m/crtbegin.o
                0x000000000000a6c0                __init_array_end = .
                0x000000000000a6c0                . = ALIGN (0x4)
 *crtbegin.o(.ctors)
 *(EXCLUDE_FILE(*crtend.o) .ctors)
 *(SORT(.ctors.*))
 *crtend.o(.ctors)
                0x000000000000a6c0                . = ALIGN (0x4)
 *(.fini)
 .fini          0x000000000000a6c0        0x4 /usr/lib/gcc/arm-none-eabi/4.8.2/armv7-m/crti.o
                0x000000000000a6c0                _fini
 .fini          0x000000000000a6c4        0x8 /usr/lib/gcc/arm-none-eabi/4.8.2/armv7-m/crtn.o
                0x000000000000a6cc                . = ALIGN (0x4)
                0x000000000000a6cc                __fini_array_start = .
 *(.fini_array)
 .fini_array    0x000000000000a6cc        0x4 /usr/lib/gcc/arm-none-eabi/4.8.2/armv7-m/crtbegin.o
 *(SORT(.fini_array.*))
                0x000000000000a6d0                __fini_array_end = .
 *crtbegin.o(.dtors)
 *(EXCLUDE_FILE(*crtend.o) .dtors)
 *(SORT(.dtors.*))
 *crtend.o(.dtors)
                0x000000000000a6d0                . = ALIGN (0x8)
                0x000000000000a6d0                _etext = .

.glue_7         0x000000000000a6d0        0x0
 .glue_7        0x0000000000000000        0x0 linker stubs

.glue_7t        0x000000000000a6d0        0x0
 .glue_7t       0x0000000000000000        0x0 linker stubs

.vfp11_veneer   0x000000000000a6d0        0x0
 .vfp11_veneer  0x0000000000000000        0x0 linker stubs

.v4_bx          0x000000000000a6d0        0x0
 .v4_bx         0x0000000000000000        0x0 linker stubs

.iplt           0x000000000000a6d0        0x0
 .iplt          0x0000000000000000        0x0 /usr/lib/gcc/arm-none-eabi/4.8.2/armv7-m/crtbegin.o

.rel.dyn        0x000000000000a6d0        0x0
 .rel.iplt      0x0000000000000000        0x0 /usr/lib/gcc/arm-none-eabi/4.8.2/armv7-m/crtbegin.o

.ARM.extab
 *(.ARM.extab* .gnu.linkonce.armextab.*)
                0x000000000000a6d0                __exidx_start = .

.ARM.exidx
 *(.ARM.exidx* .gnu.linkonce.armexidx.*)
                0x000000000000a6d0                __exidx_end = .
                0x000000000000a6d0                _etext = .

.persistent     0x0000000010000000       0x20
                0x0000000010000000                _persistent_start = .
                0x0000000010000020                . = (. + 0x20)
 *fill*         0x0000000010000000       0x20 
                0x0000000010000020                _persistent_end = .
                0x000000001000001c                bootloader_ctrl = (_persistent_start + 0x1c)

.data           0x0000000010000020      0xdf4 load address 0x000000000000a6d0
                0x0000000010000020                _data = .
 *(vtable)
 *(.data*)
 .data.impure_data
                0x0000000010000020      0x428 /usr/lib/gcc/arm-none-eabi/4.8.2/../../../arm-none-eabi/lib/armv7-m/libc.a(lib_a-impure.o)
 .data._impure_ptr
                0x0000000010000448        0x4 /usr/lib/gcc/arm-none-eabi/4.8.2/../../../arm-none-eabi/lib/armv7-m/libc.a(lib_a-impure.o)
                0x0000000010000448                _impure_ptr
 .data          0x000000001000044c       0x54 bluetooth_rxtx.o
                0x000000001000044c                channel
                0x0000000010000450                le
                0x0000000010000494                hop_timeout
                0x0000000010000496                le_adv_channel
                0x0000000010000498                low_freq
                0x000000001000049a                high_freq
                0x000000001000049c                rssi_threshold
 .data          0x00000000100004a0      0x400 bluetooth_le.o
                0x00000000100004a0                btle_crc_lut
 .data          0x00000000100008a0       0xbd ubertooth_usb.o
 .data          0x000000001000095d       0xa4 ../common/lpcusb/target/usbstdreq.o
 *fill*         0x0000000010000a01        0x3 
 .data.__malloc_av_
                0x0000000010000a04      0x408 /usr/lib/gcc/arm-none-eabi/4.8.2/../../../arm-none-eabi/lib/armv7-m/libc.a(lib_a-mallocr.o)
                0x0000000010000a04                __malloc_av_
 .data.__malloc_trim_threshold
                0x0000000010000e0c        0x4 /usr/lib/gcc/arm-none-eabi/4.8.2/../../../arm-none-eabi/lib/armv7-m/libc.a(lib_a-mallocr.o)
                0x0000000010000e0c                __malloc_trim_threshold
 .data.__malloc_sbrk_base
                0x0000000010000e10        0x4 /usr/lib/gcc/arm-none-eabi/4.8.2/../../../arm-none-eabi/lib/armv7-m/libc.a(lib_a-mallocr.o)
                0x0000000010000e10                __malloc_sbrk_base
                0x0000000010000e14                _edata = .

.jcr            0x0000000010000e14        0x0 load address 0x000000000000b4c4
 .jcr           0x0000000010000e14        0x0 /usr/lib/gcc/arm-none-eabi/4.8.2/armv7-m/crtbegin.o

.tm_clone_table
                0x0000000010000e14        0x0 load address 0x000000000000b4c4
 .tm_clone_table
                0x0000000010000e14        0x0 /usr/lib/gcc/arm-none-eabi/4.8.2/armv7-m/crtbegin.o
 .tm_clone_table
                0x0000000010000e14        0x0 /usr/lib/gcc/arm-none-eabi/4.8.2/armv7-m/crtend.o

.igot.plt       0x0000000010000e14        0x0 load address 0x000000000000b4c4
 .igot.plt      0x0000000000000000        0x0 /usr/lib/gcc/arm-none-eabi/4.8.2/armv7-m/crtbegin.o

.bss            0x0000000010000e18     0x29e0 load address 0x000000000000b4c4
                0x0000000010000e18                _bss = .
                0x0000000010000e18                __bss_start__ = .
 *(.bss*)
 .bss           0x0000000010000e18       0x1c /usr/lib/gcc/arm-none-eabi/4.8.2/armv7-m/crtbegin.o
 .bss           0x0000000010000e34       0x80 bluetooth_rxtx.o
                0x0000000010000e34                modulation
                0x0000000010000e35                status
                0x0000000010000e36                idle_buf_clkn_high
                0x0000000010000e38                idle_buf_clk100ns
                0x0000000010000e3c                idle_buf_channel
                0x0000000010000e3e                hop_mode
                0x0000000010000e3f                do_hop
                0x0000000010000e40                hop_direct_channel
                0x0000000010000e42                requested_channel
                0x0000000010000e44                dma_discard
                0x0000000010000e45                mode
                0x0000000010000e46                requested_mode
                0x0000000010000e47                jam_mode
                0x0000000010000e48                ego_mode
                0x0000000010000e4c                packet_cb
                0x0000000010000e50                le_jam_count
                0x0000000010000e54                dlen
                0x0000000010000e58                slave_mac_address
                0x0000000010000e60                data_cb
                0x0000000010000e68                cfo_time
 .bss           0x0000000010000eb4        0xc ubertooth_usb.o
                0x0000000010000eb4                head
                0x0000000010000eb8                tail
                0x0000000010000ebc                last_usb_pkt
 .bss           0x0000000010000ec0       0x9e ubertooth_rssi.o
                0x0000000010000ec0                rssi_iir
 *fill*         0x0000000010000f5e        0x2 
 .bss           0x0000000010000f60        0x8 ../common/ubertooth.o
 .bss           0x0000000010000f68       0x34 ../common/lpcusb/target/usbcontrol.o
 .bss           0x0000000010000f9c        0x8 ../common/lpcusb/target/usbinit.o
 .bss           0x0000000010000fa4       0x48 ../common/lpcusb/target/usbhw_lpc.o
 .bss           0x0000000010000fec       0x10 ../common/lpcusb/target/usbstdreq.o
 .bss.__malloc_max_total_mem
                0x0000000010000ffc        0x4 /usr/lib/gcc/arm-none-eabi/4.8.2/../../../arm-none-eabi/lib/armv7-m/libc.a(lib_a-mallocr.o)
                0x0000000010000ffc                __malloc_max_total_mem
 .bss.__malloc_max_sbrked_mem
                0x0000000010001000        0x4 /usr/lib/gcc/arm-none-eabi/4.8.2/../../../arm-none-eabi/lib/armv7-m/libc.a(lib_a-mallocr.o)
                0x0000000010001000                __malloc_max_sbrked_mem
 .bss.__malloc_top_pad
                0x0000000010001004        0x4 /usr/lib/gcc/arm-none-eabi/4.8.2/../../../arm-none-eabi/lib/armv7-m/libc.a(lib_a-mallocr.o)
                0x0000000010001004                __malloc_top_pad
 .bss.__malloc_current_mallinfo
                0x0000000010001008       0x28 /usr/lib/gcc/arm-none-eabi/4.8.2/../../../arm-none-eabi/lib/armv7-m/libc.a(lib_a-mallocr.o)
                0x0000000010001008                __malloc_current_mallinfo
 .bss.heap_end.4061
                0x0000000010001030        0x4 /usr/lib/gcc/arm-none-eabi/4.8.2/../../../arm-none-eabi/lib/armv7-m/libnosys.a(sbrk.o)
 *(COMMON)
 *fill*         0x0000000010001034        0x4 
 COMMON         0x0000000010001038      0x538 bluetooth_rxtx.o
                0x0000000010001038                last_hop
                0x000000001000103c                rx_tc
                0x0000000010001040                rssi_max
                0x0000000010001041                used_channels
                0x0000000010001042                rssi_min
                0x0000000010001043                afh_map
                0x0000000010001050                clkn_offset
                0x0000000010001054                clkn_last_drift_fix
                0x0000000010001058                clk_drift_correction
                0x000000001000105c                clkn
                0x0000000010001060                tx_pkt
                0x000000001000109c                active_rxbuf
                0x00000000100010a0                le_promisc
                0x00000000100011a8                cs_no_squelch
                0x00000000100011aa                clk100ns_offset
                0x00000000100011b0                syncword
                0x00000000100011b8                idle_rxbuf
                0x00000000100011bc                unpacked
                0x00000000100014dc                clk_drift_ppm
                0x00000000100014de                rssi_count
                0x00000000100014df                afh_enabled
                0x00000000100014e0                cs_threshold_req
                0x00000000100014e1                rxbuf2
                0x0000000010001514                clkn_next_drift_fix
                0x0000000010001518                slave_mac_address_data
                0x000000001000151c                rr
                0x0000000010001521                rxbuf1
                0x0000000010001554                rx_err
                0x0000000010001558                cs_threshold_cur
                0x0000000010001559                cs_trigger
                0x0000000010001560                target
 COMMON         0x0000000010001570       0xa5 bluetooth.o
                0x0000000010001570                b
                0x0000000010001572                d1
                0x0000000010001574                afh_bank
                0x00000000100015c3                a1
                0x00000000100015c4                c1
                0x00000000100015c5                bank
                0x0000000010001614                e
 *fill*         0x0000000010001615        0x3 
 COMMON         0x0000000010001618     0x2108 ubertooth_usb.o
                0x0000000010001618                fifo
                0x0000000010003618                abVendorReqData
                0x000000001000371c                v_req_handler
 COMMON         0x0000000010003720        0x4 ubertooth_rssi.o
                0x0000000010003720                rssi_sum
 COMMON         0x0000000010003724       0xd0 ubertooth_dma.o
                0x0000000010003724                le_dma_lli
                0x00000000100037d4                rx_dma_lli2
                0x00000000100037e4                rx_dma_lli1
 COMMON         0x00000000100037f4        0x4 /usr/lib/gcc/arm-none-eabi/4.8.2/../../../arm-none-eabi/lib/armv7-m/libc.a(lib_a-reent.o)
                0x00000000100037f4                errno
                0x00000000100037f8                _ebss = .
                0x00000000100037f8                __bss_end__ = .

.cr_heap        0x00000000100037f8        0x0 load address 0x000000000000b4c4
                0x00000000100037f8                end = .
                0x00000000100037f8                __end__ = .
                0x00000000100037f8                _pvHeapStart = .
                0x0000000010003fe0                _StackTop = ((ORIGIN (ram) + 0x4000) - 0x20)
OUTPUT(bluetooth_rxtx.elf elf32-littlearm)

.ARM.attributes
                0x0000000000000000       0x29
 .ARM.attributes
                0x0000000000000000       0x1d /usr/lib/gcc/arm-none-eabi/4.8.2/armv7-m/crti.o
 .ARM.attributes
                0x000000000000001d       0x2d /usr/lib/gcc/arm-none-eabi/4.8.2/armv7-m/crtbegin.o
 .ARM.attributes
                0x000000000000004a       0x2d /usr/lib/gcc/arm-none-eabi/4.8.2/../../../arm-none-eabi/lib/armv7-m/libc.a(lib_a-atexit.o)
 .ARM.attributes
                0x0000000000000077       0x2d /usr/lib/gcc/arm-none-eabi/4.8.2/../../../arm-none-eabi/lib/armv7-m/libc.a(lib_a-fini.o)
 .ARM.attributes
                0x00000000000000a4       0x2d /usr/lib/gcc/arm-none-eabi/4.8.2/../../../arm-none-eabi/lib/armv7-m/libc.a(lib_a-impure.o)
 .ARM.attributes
                0x00000000000000d1       0x2d /usr/lib/gcc/arm-none-eabi/4.8.2/../../../arm-none-eabi/lib/armv7-m/libc.a(lib_a-init.o)
 .ARM.attributes
                0x00000000000000fe       0x2d /usr/lib/gcc/arm-none-eabi/4.8.2/../../../arm-none-eabi/lib/armv7-m/libc.a(lib_a-memset.o)
 .ARM.attributes
                0x000000000000012b       0x2d /usr/lib/gcc/arm-none-eabi/4.8.2/../../../arm-none-eabi/lib/armv7-m/libc.a(lib_a-__atexit.o)
 .ARM.attributes
                0x0000000000000158       0x2d /usr/lib/gcc/arm-none-eabi/4.8.2/../../../arm-none-eabi/lib/armv7-m/libc.a(lib_a-__call_atexit.o)
 .ARM.attributes
                0x0000000000000185       0x33 bluetooth_rxtx.o
 .ARM.attributes
                0x00000000000001b8       0x33 bluetooth.o
 .ARM.attributes
                0x00000000000001eb       0x33 bluetooth_le.o
 .ARM.attributes
                0x000000000000021e       0x33 ubertooth_usb.o
 .ARM.attributes
                0x0000000000000251       0x33 ubertooth_rssi.o
 .ARM.attributes
                0x0000000000000284       0x33 ubertooth_cs.o
 .ARM.attributes
                0x00000000000002b7       0x33 ubertooth_clock.o
 .ARM.attributes
                0x00000000000002ea       0x33 ubertooth_dma.o
 .ARM.attributes
                0x000000000000031d       0x33 cc2400_rangetest.o
 .ARM.attributes
                0x0000000000000350       0x33 ego.o
 .ARM.attributes
                0x0000000000000383       0x33 ../common/usb_serial.o
 .ARM.attributes
                0x00000000000003b6       0x33 ../common/LPC17xx_Startup.o
 .ARM.attributes
                0x00000000000003e9       0x33 ../common/LPC17xx_Interrupts.o
 .ARM.attributes
                0x000000000000041c       0x33 ../common/ubertooth.o
 .ARM.attributes
                0x000000000000044f       0x33 ../common/lpcusb/target/usbcontrol.o
 .ARM.attributes
                0x0000000000000482       0x33 ../common/lpcusb/target/usbinit.o
 .ARM.attributes
                0x00000000000004b5       0x33 ../common/lpcusb/target/usbhw_lpc.o
 .ARM.attributes
                0x00000000000004e8       0x33 ../common/lpcusb/target/usbstdreq.o
 .ARM.attributes
                0x000000000000051b       0x1d /usr/lib/gcc/arm-none-eabi/4.8.2/armv7-m/libgcc.a(_ashldi3.o)
 .ARM.attributes
                0x0000000000000538       0x2d /usr/lib/gcc/arm-none-eabi/4.8.2/../../../arm-none-eabi/lib/armv7-m/libc.a(lib_a-malloc.o)
 .ARM.attributes
                0x0000000000000565       0x2d /usr/lib/gcc/arm-none-eabi/4.8.2/../../../arm-none-eabi/lib/armv7-m/libc.a(lib_a-mallocr.o)
 .ARM.attributes
                0x0000000000000592       0x2d /usr/lib/gcc/arm-none-eabi/4.8.2/../../../arm-none-eabi/lib/armv7-m/libc.a(lib_a-memcmp.o)
 .ARM.attributes
                0x00000000000005bf       0x1b /usr/lib/gcc/arm-none-eabi/4.8.2/../../../arm-none-eabi/lib/armv7-m/libc.a(lib_a-memcpy.o)
 .ARM.attributes
                0x00000000000005da       0x2d /usr/lib/gcc/arm-none-eabi/4.8.2/../../../arm-none-eabi/lib/armv7-m/libc.a(lib_a-mlock.o)
 .ARM.attributes
                0x0000000000000607       0x2d /usr/lib/gcc/arm-none-eabi/4.8.2/../../../arm-none-eabi/lib/armv7-m/libc.a(lib_a-sbrkr.o)
 .ARM.attributes
                0x0000000000000634       0x2d /usr/lib/gcc/arm-none-eabi/4.8.2/../../../arm-none-eabi/lib/armv7-m/libc.a(lib_a-strlen.o)
 .ARM.attributes
                0x0000000000000661       0x2d /usr/lib/gcc/arm-none-eabi/4.8.2/../../../arm-none-eabi/lib/armv7-m/libc.a(lib_a-freer.o)
 .ARM.attributes
                0x000000000000068e       0x2d /usr/lib/gcc/arm-none-eabi/4.8.2/../../../arm-none-eabi/lib/armv7-m/libc.a(lib_a-reent.o)
 .ARM.attributes
                0x00000000000006bb       0x2d /usr/lib/gcc/arm-none-eabi/4.8.2/armv7-m/crtend.o
 .ARM.attributes
                0x00000000000006e8       0x1d /usr/lib/gcc/arm-none-eabi/4.8.2/armv7-m/crtn.o
 .ARM.attributes
                0x0000000000000705       0x2d /usr/lib/gcc/arm-none-eabi/4.8.2/../../../arm-none-eabi/lib/armv7-m/libnosys.a(sbrk.o)

.comment        0x0000000000000000       0x1f
 .comment       0x0000000000000000       0x1f /usr/lib/gcc/arm-none-eabi/4.8.2/armv7-m/crtbegin.o
                                         0x20 (size before relaxing)
 .comment       0x0000000000000000       0x20 /usr/lib/gcc/arm-none-eabi/4.8.2/../../../arm-none-eabi/lib/armv7-m/libc.a(lib_a-atexit.o)
 .comment       0x0000000000000000       0x20 /usr/lib/gcc/arm-none-eabi/4.8.2/../../../arm-none-eabi/lib/armv7-m/libc.a(lib_a-fini.o)
 .comment       0x0000000000000000       0x20 /usr/lib/gcc/arm-none-eabi/4.8.2/../../../arm-none-eabi/lib/armv7-m/libc.a(lib_a-impure.o)
 .comment       0x0000000000000000       0x20 /usr/lib/gcc/arm-none-eabi/4.8.2/../../../arm-none-eabi/lib/armv7-m/libc.a(lib_a-init.o)
 .comment       0x0000000000000000       0x20 /usr/lib/gcc/arm-none-eabi/4.8.2/../../../arm-none-eabi/lib/armv7-m/libc.a(lib_a-memset.o)
 .comment       0x0000000000000000       0x20 /usr/lib/gcc/arm-none-eabi/4.8.2/../../../arm-none-eabi/lib/armv7-m/libc.a(lib_a-__atexit.o)
 .comment       0x0000000000000000       0x20 /usr/lib/gcc/arm-none-eabi/4.8.2/../../../arm-none-eabi/lib/armv7-m/libc.a(lib_a-__call_atexit.o)
 .comment       0x0000000000000000       0x20 bluetooth_rxtx.o
 .comment       0x0000000000000000       0x20 bluetooth.o
 .comment       0x0000000000000000       0x20 bluetooth_le.o
 .comment       0x0000000000000000       0x20 ubertooth_usb.o
 .comment       0x0000000000000000       0x20 ubertooth_rssi.o
 .comment       0x0000000000000000       0x20 ubertooth_cs.o
 .comment       0x0000000000000000       0x20 ubertooth_clock.o
 .comment       0x0000000000000000       0x20 ubertooth_dma.o
 .comment       0x0000000000000000       0x20 cc2400_rangetest.o
 .comment       0x0000000000000000       0x20 ego.o
 .comment       0x0000000000000000       0x20 ../common/usb_serial.o
 .comment       0x0000000000000000       0x20 ../common/LPC17xx_Startup.o
 .comment       0x0000000000000000       0x20 ../common/LPC17xx_Interrupts.o
 .comment       0x0000000000000000       0x20 ../common/ubertooth.o
 .comment       0x0000000000000000       0x20 ../common/lpcusb/target/usbcontrol.o
 .comment       0x0000000000000000       0x20 ../common/lpcusb/target/usbinit.o
 .comment       0x0000000000000000       0x20 ../common/lpcusb/target/usbhw_lpc.o
 .comment       0x0000000000000000       0x20 ../common/lpcusb/target/usbstdreq.o
 .comment       0x0000000000000000       0x20 /usr/lib/gcc/arm-none-eabi/4.8.2/../../../arm-none-eabi/lib/armv7-m/libc.a(lib_a-malloc.o)
 .comment       0x0000000000000000       0x20 /usr/lib/gcc/arm-none-eabi/4.8.2/../../../arm-none-eabi/lib/armv7-m/libc.a(lib_a-mallocr.o)
 .comment       0x0000000000000000       0x20 /usr/lib/gcc/arm-none-eabi/4.8.2/../../../arm-none-eabi/lib/armv7-m/libc.a(lib_a-memcmp.o)
 .comment       0x0000000000000000       0x20 /usr/lib/gcc/arm-none-eabi/4.8.2/../../../arm-none-eabi/lib/armv7-m/libc.a(lib_a-mlock.o)
 .comment       0x0000000000000000       0x20 /usr/lib/gcc/arm-none-eabi/4.8.2/../../../arm-none-eabi/lib/armv7-m/libc.a(lib_a-sbrkr.o)
 .comment       0x0000000000000000       0x20 /usr/lib/gcc/arm-none-eabi/4.8.2/../../../arm-none-eabi/lib/armv7-m/libc.a(lib_a-strlen.o)
 .comment       0x0000000000000000       0x20 /usr/lib/gcc/arm-none-eabi/4.8.2/../../../arm-none-eabi/lib/armv7-m/libc.a(lib_a-freer.o)
 .comment       0x0000000000000000       0x20 /usr/lib/gcc/arm-none-eabi/4.8.2/../../../arm-none-eabi/lib/armv7-m/libc.a(lib_a-reent.o)
 .comment       0x0000000000000000       0x20 /usr/lib/gcc/arm-none-eabi/4.8.2/armv7-m/crtend.o
 .comment       0x0000000000000000       0x20 /usr/lib/gcc/arm-none-eabi/4.8.2/../../../arm-none-eabi/lib/armv7-m/libnosys.a(sbrk.o)

.debug_info     0x0000000000000000     0xff79
 .debug_info    0x0000000000000000      0x10a /usr/lib/gcc/arm-none-eabi/4.8.2/../../../arm-none-eabi/lib/armv7-m/libc.a(lib_a-atexit.o)
 .debug_info    0x000000000000010a       0xef /usr/lib/gcc/arm-none-eabi/4.8.2/../../../arm-none-eabi/lib/armv7-m/libc.a(lib_a-fini.o)
 .debug_info    0x00000000000001f9      0x894 /usr/lib/gcc/arm-none-eabi/4.8.2/../../../arm-none-eabi/lib/armv7-m/libc.a(lib_a-impure.o)
 .debug_info    0x0000000000000a8d      0x105 /usr/lib/gcc/arm-none-eabi/4.8.2/../../../arm-none-eabi/lib/armv7-m/libc.a(lib_a-init.o)
 .debug_info    0x0000000000000b92      0x117 /usr/lib/gcc/arm-none-eabi/4.8.2/../../../arm-none-eabi/lib/armv7-m/libc.a(lib_a-memset.o)
 .debug_info    0x0000000000000ca9      0x934 /usr/lib/gcc/arm-none-eabi/4.8.2/../../../arm-none-eabi/lib/armv7-m/libc.a(lib_a-__atexit.o)
 .debug_info    0x00000000000015dd      0x9aa /usr/lib/gcc/arm-none-eabi/4.8.2/../../../arm-none-eabi/lib/armv7-m/libc.a(lib_a-__call_atexit.o)
 .debug_info    0x0000000000001f87     0x3ebd bluetooth_rxtx.o
 .debug_info    0x0000000000005e44      0x4cf bluetooth.o
 .debug_info    0x0000000000006313      0x536 bluetooth_le.o
 .debug_info    0x0000000000006849      0x876 ubertooth_usb.o
 .debug_info    0x00000000000070bf      0x208 ubertooth_rssi.o
 .debug_info    0x00000000000072c7      0x266 ubertooth_cs.o
 .debug_info    0x000000000000752d      0x16c ubertooth_clock.o
 .debug_info    0x0000000000007699      0x24d ubertooth_dma.o
 .debug_info    0x00000000000078e6      0x83c cc2400_rangetest.o
 .debug_info    0x0000000000008122      0xd0b ego.o
 .debug_info    0x0000000000008e2d      0x9b9 ../common/usb_serial.o
 .debug_info    0x00000000000097e6      0x117 ../common/LPC17xx_Startup.o
 .debug_info    0x00000000000098fd       0x7d ../common/LPC17xx_Interrupts.o
 .debug_info    0x000000000000997a      0xaef ../common/ubertooth.o
 .debug_info    0x000000000000a469      0x47d ../common/lpcusb/target/usbcontrol.o
 .debug_info    0x000000000000a8e6      0x297 ../common/lpcusb/target/usbinit.o
 .debug_info    0x000000000000ab7d      0xab0 ../common/lpcusb/target/usbhw_lpc.o
 .debug_info    0x000000000000b62d      0x74b ../common/lpcusb/target/usbstdreq.o
 .debug_info    0x000000000000bd78       0x9f /usr/lib/gcc/arm-none-eabi/4.8.2/armv7-m/libgcc.a(_ashldi3.o)
 .debug_info    0x000000000000be17      0x915 /usr/lib/gcc/arm-none-eabi/4.8.2/../../../arm-none-eabi/lib/armv7-m/libc.a(lib_a-malloc.o)
 .debug_info    0x000000000000c72c      0xd7b /usr/lib/gcc/arm-none-eabi/4.8.2/../../../arm-none-eabi/lib/armv7-m/libc.a(lib_a-mallocr.o)
 .debug_info    0x000000000000d4a7      0x113 /usr/lib/gcc/arm-none-eabi/4.8.2/../../../arm-none-eabi/lib/armv7-m/libc.a(lib_a-memcmp.o)
 .debug_info    0x000000000000d5ba       0xb2 /usr/lib/gcc/arm-none-eabi/4.8.2/../../../arm-none-eabi/lib/armv7-m/libc.a(lib_a-memcpy.o)
 .debug_info    0x000000000000d66c      0x8b4 /usr/lib/gcc/arm-none-eabi/4.8.2/../../../arm-none-eabi/lib/armv7-m/libc.a(lib_a-mlock.o)
 .debug_info    0x000000000000df20      0x8f4 /usr/lib/gcc/arm-none-eabi/4.8.2/../../../arm-none-eabi/lib/armv7-m/libc.a(lib_a-sbrkr.o)
 .debug_info    0x000000000000e814       0xb5 /usr/lib/gcc/arm-none-eabi/4.8.2/../../../arm-none-eabi/lib/armv7-m/libc.a(lib_a-strlen.o)
 .debug_info    0x000000000000e8c9      0xc1c /usr/lib/gcc/arm-none-eabi/4.8.2/../../../arm-none-eabi/lib/armv7-m/libc.a(lib_a-freer.o)
 .debug_info    0x000000000000f4e5      0x9fb /usr/lib/gcc/arm-none-eabi/4.8.2/../../../arm-none-eabi/lib/armv7-m/libc.a(lib_a-reent.o)
 .debug_info    0x000000000000fee0       0x99 /usr/lib/gcc/arm-none-eabi/4.8.2/../../../arm-none-eabi/lib/armv7-m/libnosys.a(sbrk.o)

.debug_abbrev   0x0000000000000000     0x3ca6
 .debug_abbrev  0x0000000000000000       0xb8 /usr/lib/gcc/arm-none-eabi/4.8.2/../../../arm-none-eabi/lib/armv7-m/libc.a(lib_a-atexit.o)
 .debug_abbrev  0x00000000000000b8       0xbd /usr/lib/gcc/arm-none-eabi/4.8.2/../../../arm-none-eabi/lib/armv7-m/libc.a(lib_a-fini.o)
 .debug_abbrev  0x0000000000000175      0x180 /usr/lib/gcc/arm-none-eabi/4.8.2/../../../arm-none-eabi/lib/armv7-m/libc.a(lib_a-impure.o)
 .debug_abbrev  0x00000000000002f5       0xba /usr/lib/gcc/arm-none-eabi/4.8.2/../../../arm-none-eabi/lib/armv7-m/libc.a(lib_a-init.o)
 .debug_abbrev  0x00000000000003af       0x9f /usr/lib/gcc/arm-none-eabi/4.8.2/../../../arm-none-eabi/lib/armv7-m/libc.a(lib_a-memset.o)
 .debug_abbrev  0x000000000000044e      0x20f /usr/lib/gcc/arm-none-eabi/4.8.2/../../../arm-none-eabi/lib/armv7-m/libc.a(lib_a-__atexit.o)
 .debug_abbrev  0x000000000000065d      0x285 /usr/lib/gcc/arm-none-eabi/4.8.2/../../../arm-none-eabi/lib/armv7-m/libc.a(lib_a-__call_atexit.o)
 .debug_abbrev  0x00000000000008e2      0x59e bluetooth_rxtx.o
 .debug_abbrev  0x0000000000000e80      0x1a8 bluetooth.o
 .debug_abbrev  0x0000000000001028      0x175 bluetooth_le.o
 .debug_abbrev  0x000000000000119d      0x308 ubertooth_usb.o
 .debug_abbrev  0x00000000000014a5      0x111 ubertooth_rssi.o
 .debug_abbrev  0x00000000000015b6      0x14e ubertooth_cs.o
 .debug_abbrev  0x0000000000001704       0x88 ubertooth_clock.o
 .debug_abbrev  0x000000000000178c      0x109 ubertooth_dma.o
 .debug_abbrev  0x0000000000001895      0x1cb cc2400_rangetest.o
 .debug_abbrev  0x0000000000001a60      0x37c ego.o
 .debug_abbrev  0x0000000000001ddc      0x2fa ../common/usb_serial.o
 .debug_abbrev  0x00000000000020d6       0xb8 ../common/LPC17xx_Startup.o
 .debug_abbrev  0x000000000000218e       0x80 ../common/LPC17xx_Interrupts.o
 .debug_abbrev  0x000000000000220e      0x2ee ../common/ubertooth.o
 .debug_abbrev  0x00000000000024fc      0x249 ../common/lpcusb/target/usbcontrol.o
 .debug_abbrev  0x0000000000002745      0x13d ../common/lpcusb/target/usbinit.o
 .debug_abbrev  0x0000000000002882      0x2ac ../common/lpcusb/target/usbhw_lpc.o
 .debug_abbrev  0x0000000000002b2e      0x2d8 ../common/lpcusb/target/usbstdreq.o
 .debug_abbrev  0x0000000000002e06       0x14 /usr/lib/gcc/arm-none-eabi/4.8.2/armv7-m/libgcc.a(_ashldi3.o)
 .debug_abbrev  0x0000000000002e1a      0x1fa /usr/lib/gcc/arm-none-eabi/4.8.2/../../../arm-none-eabi/lib/armv7-m/libc.a(lib_a-malloc.o)
 .debug_abbrev  0x0000000000003014      0x2a2 /usr/lib/gcc/arm-none-eabi/4.8.2/../../../arm-none-eabi/lib/armv7-m/libc.a(lib_a-mallocr.o)
 .debug_abbrev  0x00000000000032b6       0x7f /usr/lib/gcc/arm-none-eabi/4.8.2/../../../arm-none-eabi/lib/armv7-m/libc.a(lib_a-memcmp.o)
 .debug_abbrev  0x0000000000003335       0x14 /usr/lib/gcc/arm-none-eabi/4.8.2/../../../arm-none-eabi/lib/armv7-m/libc.a(lib_a-memcpy.o)
 .debug_abbrev  0x0000000000003349      0x19a /usr/lib/gcc/arm-none-eabi/4.8.2/../../../arm-none-eabi/lib/armv7-m/libc.a(lib_a-mlock.o)
 .debug_abbrev  0x00000000000034e3      0x1fd /usr/lib/gcc/arm-none-eabi/4.8.2/../../../arm-none-eabi/lib/armv7-m/libc.a(lib_a-sbrkr.o)
 .debug_abbrev  0x00000000000036e0       0x70 /usr/lib/gcc/arm-none-eabi/4.8.2/../../../arm-none-eabi/lib/armv7-m/libc.a(lib_a-strlen.o)
 .debug_abbrev  0x0000000000003750      0x27b /usr/lib/gcc/arm-none-eabi/4.8.2/../../../arm-none-eabi/lib/armv7-m/libc.a(lib_a-freer.o)
 .debug_abbrev  0x00000000000039cb      0x258 /usr/lib/gcc/arm-none-eabi/4.8.2/../../../arm-none-eabi/lib/armv7-m/libc.a(lib_a-reent.o)
 .debug_abbrev  0x0000000000003c23       0x83 /usr/lib/gcc/arm-none-eabi/4.8.2/../../../arm-none-eabi/lib/armv7-m/libnosys.a(sbrk.o)

.debug_loc      0x0000000000000000     0x6c58
 .debug_loc     0x0000000000000000       0x2c /usr/lib/gcc/arm-none-eabi/4.8.2/../../../arm-none-eabi/lib/armv7-m/libc.a(lib_a-atexit.o)
 .debug_loc     0x000000000000002c       0x5c /usr/lib/gcc/arm-none-eabi/4.8.2/../../../arm-none-eabi/lib/armv7-m/libc.a(lib_a-fini.o)
 .debug_loc     0x0000000000000088       0xae /usr/lib/gcc/arm-none-eabi/4.8.2/../../../arm-none-eabi/lib/armv7-m/libc.a(lib_a-init.o)
 .debug_loc     0x0000000000000136      0x18b /usr/lib/gcc/arm-none-eabi/4.8.2/../../../arm-none-eabi/lib/armv7-m/libc.a(lib_a-memset.o)
 .debug_loc     0x00000000000002c1      0x14d /usr/lib/gcc/arm-none-eabi/4.8.2/../../../arm-none-eabi/lib/armv7-m/libc.a(lib_a-__atexit.o)
 .debug_loc     0x000000000000040e      0x155 /usr/lib/gcc/arm-none-eabi/4.8.2/../../../arm-none-eabi/lib/armv7-m/libc.a(lib_a-__call_atexit.o)
 .debug_loc     0x0000000000000563     0x2304 bluetooth_rxtx.o
 .debug_loc     0x0000000000002867      0x75b bluetooth.o
 .debug_loc     0x0000000000002fc2      0x37c bluetooth_le.o
 .debug_loc     0x000000000000333e      0x324 ubertooth_usb.o
 .debug_loc     0x0000000000003662       0x8c ubertooth_rssi.o
 .debug_loc     0x00000000000036ee       0x7d ubertooth_cs.o
 .debug_loc     0x000000000000376b       0x1f ubertooth_dma.o
 .debug_loc     0x000000000000378a      0x295 cc2400_rangetest.o
 .debug_loc     0x0000000000003a1f      0x2fa ego.o
 .debug_loc     0x0000000000003d19      0x319 ../common/usb_serial.o
 .debug_loc     0x0000000000004032       0x97 ../common/LPC17xx_Startup.o
 .debug_loc     0x00000000000040c9      0x701 ../common/ubertooth.o
 .debug_loc     0x00000000000047ca      0x182 ../common/lpcusb/target/usbcontrol.o
 .debug_loc     0x000000000000494c      0x720 ../common/lpcusb/target/usbhw_lpc.o
 .debug_loc     0x000000000000506c      0x786 ../common/lpcusb/target/usbstdreq.o
 .debug_loc     0x00000000000057f2       0x58 /usr/lib/gcc/arm-none-eabi/4.8.2/../../../arm-none-eabi/lib/armv7-m/libc.a(lib_a-malloc.o)
 .debug_loc     0x000000000000584a      0xd1f /usr/lib/gcc/arm-none-eabi/4.8.2/../../../arm-none-eabi/lib/armv7-m/libc.a(lib_a-mallocr.o)
 .debug_loc     0x0000000000006569       0xe3 /usr/lib/gcc/arm-none-eabi/4.8.2/../../../arm-none-eabi/lib/armv7-m/libc.a(lib_a-memcmp.o)
 .debug_loc     0x000000000000664c       0x3f /usr/lib/gcc/arm-none-eabi/4.8.2/../../../arm-none-eabi/lib/armv7-m/libc.a(lib_a-sbrkr.o)
 .debug_loc     0x000000000000668b       0x21 /usr/lib/gcc/arm-none-eabi/4.8.2/../../../arm-none-eabi/lib/armv7-m/libc.a(lib_a-strlen.o)
 .debug_loc     0x00000000000066ac      0x450 /usr/lib/gcc/arm-none-eabi/4.8.2/../../../arm-none-eabi/lib/armv7-m/libc.a(lib_a-freer.o)
 .debug_loc     0x0000000000006afc      0x13b /usr/lib/gcc/arm-none-eabi/4.8.2/../../../arm-none-eabi/lib/armv7-m/libc.a(lib_a-reent.o)
 .debug_loc     0x0000000000006c37       0x21 /usr/lib/gcc/arm-none-eabi/4.8.2/../../../arm-none-eabi/lib/armv7-m/libnosys.a(sbrk.o)

.debug_aranges  0x0000000000000000      0x978
 .debug_aranges
                0x0000000000000000       0x20 /usr/lib/gcc/arm-none-eabi/4.8.2/../../../arm-none-eabi/lib/armv7-m/libc.a(lib_a-atexit.o)
 .debug_aranges
                0x0000000000000020       0x20 /usr/lib/gcc/arm-none-eabi/4.8.2/../../../arm-none-eabi/lib/armv7-m/libc.a(lib_a-fini.o)
 .debug_aranges
                0x0000000000000040       0x18 /usr/lib/gcc/arm-none-eabi/4.8.2/../../../arm-none-eabi/lib/armv7-m/libc.a(lib_a-impure.o)
 .debug_aranges
                0x0000000000000058       0x20 /usr/lib/gcc/arm-none-eabi/4.8.2/../../../arm-none-eabi/lib/armv7-m/libc.a(lib_a-init.o)
 .debug_aranges
                0x0000000000000078       0x20 /usr/lib/gcc/arm-none-eabi/4.8.2/../../../arm-none-eabi/lib/armv7-m/libc.a(lib_a-memset.o)
 .debug_aranges
                0x0000000000000098       0x20 /usr/lib/gcc/arm-none-eabi/4.8.2/../../../arm-none-eabi/lib/armv7-m/libc.a(lib_a-__atexit.o)
 .debug_aranges
                0x00000000000000b8       0x28 /usr/lib/gcc/arm-none-eabi/4.8.2/../../../arm-none-eabi/lib/armv7-m/libc.a(lib_a-__call_atexit.o)
 .debug_aranges
                0x00000000000000e0      0x150 bluetooth_rxtx.o
 .debug_aranges
                0x0000000000000230       0x30 bluetooth.o
 .debug_aranges
                0x0000000000000260       0x48 bluetooth_le.o
 .debug_aranges
                0x00000000000002a8       0x60 ubertooth_usb.o
 .debug_aranges
                0x0000000000000308       0x38 ubertooth_rssi.o
 .debug_aranges
                0x0000000000000340       0x38 ubertooth_cs.o
 .debug_aranges
                0x0000000000000378       0x30 ubertooth_clock.o
 .debug_aranges
                0x00000000000003a8       0x40 ubertooth_dma.o
 .debug_aranges
                0x00000000000003e8       0x30 cc2400_rangetest.o
 .debug_aranges
                0x0000000000000418       0x98 ego.o
 .debug_aranges
                0x00000000000004b0       0x70 ../common/usb_serial.o
 .debug_aranges
                0x0000000000000520       0x20 ../common/LPC17xx_Startup.o
 .debug_aranges
                0x0000000000000540       0x20 ../common/LPC17xx_Interrupts.o
 .debug_aranges
                0x0000000000000560      0x110 ../common/ubertooth.o
 .debug_aranges
                0x0000000000000670       0x38 ../common/lpcusb/target/usbcontrol.o
 .debug_aranges
                0x00000000000006a8       0x28 ../common/lpcusb/target/usbinit.o
 .debug_aranges
                0x00000000000006d0       0xd8 ../common/lpcusb/target/usbhw_lpc.o
 .debug_aranges
                0x00000000000007a8       0x50 ../common/lpcusb/target/usbstdreq.o
 .debug_aranges
                0x00000000000007f8       0x20 /usr/lib/gcc/arm-none-eabi/4.8.2/armv7-m/libgcc.a(_ashldi3.o)
 .debug_aranges
                0x0000000000000818       0x28 /usr/lib/gcc/arm-none-eabi/4.8.2/../../../arm-none-eabi/lib/armv7-m/libc.a(lib_a-malloc.o)
 .debug_aranges
                0x0000000000000840       0x20 /usr/lib/gcc/arm-none-eabi/4.8.2/../../../arm-none-eabi/lib/armv7-m/libc.a(lib_a-mallocr.o)
 .debug_aranges
                0x0000000000000860       0x20 /usr/lib/gcc/arm-none-eabi/4.8.2/../../../arm-none-eabi/lib/armv7-m/libc.a(lib_a-memcmp.o)
 .debug_aranges
                0x0000000000000880       0x20 /usr/lib/gcc/arm-none-eabi/4.8.2/../../../arm-none-eabi/lib/armv7-m/libc.a(lib_a-memcpy.o)
 .debug_aranges
                0x00000000000008a0       0x28 /usr/lib/gcc/arm-none-eabi/4.8.2/../../../arm-none-eabi/lib/armv7-m/libc.a(lib_a-mlock.o)
 .debug_aranges
                0x00000000000008c8       0x20 /usr/lib/gcc/arm-none-eabi/4.8.2/../../../arm-none-eabi/lib/armv7-m/libc.a(lib_a-sbrkr.o)
 .debug_aranges
                0x00000000000008e8       0x20 /usr/lib/gcc/arm-none-eabi/4.8.2/../../../arm-none-eabi/lib/armv7-m/libc.a(lib_a-strlen.o)
 .debug_aranges
                0x0000000000000908       0x28 /usr/lib/gcc/arm-none-eabi/4.8.2/../../../arm-none-eabi/lib/armv7-m/libc.a(lib_a-freer.o)
 .debug_aranges
                0x0000000000000930       0x28 /usr/lib/gcc/arm-none-eabi/4.8.2/../../../arm-none-eabi/lib/armv7-m/libc.a(lib_a-reent.o)
 .debug_aranges
                0x0000000000000958       0x20 /usr/lib/gcc/arm-none-eabi/4.8.2/../../../arm-none-eabi/lib/armv7-m/libnosys.a(sbrk.o)

.debug_ranges   0x0000000000000000      0x9f0
 .debug_ranges  0x0000000000000000       0x10 /usr/lib/gcc/arm-none-eabi/4.8.2/../../../arm-none-eabi/lib/armv7-m/libc.a(lib_a-atexit.o)
 .debug_ranges  0x0000000000000010       0x10 /usr/lib/gcc/arm-none-eabi/4.8.2/../../../arm-none-eabi/lib/armv7-m/libc.a(lib_a-fini.o)
 .debug_ranges  0x0000000000000020       0x10 /usr/lib/gcc/arm-none-eabi/4.8.2/../../../arm-none-eabi/lib/armv7-m/libc.a(lib_a-init.o)
 .debug_ranges  0x0000000000000030       0x10 /usr/lib/gcc/arm-none-eabi/4.8.2/../../../arm-none-eabi/lib/armv7-m/libc.a(lib_a-memset.o)
 .debug_ranges  0x0000000000000040       0x10 /usr/lib/gcc/arm-none-eabi/4.8.2/../../../arm-none-eabi/lib/armv7-m/libc.a(lib_a-__atexit.o)
 .debug_ranges  0x0000000000000050       0x38 /usr/lib/gcc/arm-none-eabi/4.8.2/../../../arm-none-eabi/lib/armv7-m/libc.a(lib_a-__call_atexit.o)
 .debug_ranges  0x0000000000000088      0x288 bluetooth_rxtx.o
 .debug_ranges  0x0000000000000310       0x50 bluetooth.o
 .debug_ranges  0x0000000000000360       0x38 bluetooth_le.o
 .debug_ranges  0x0000000000000398       0x50 ubertooth_usb.o
 .debug_ranges  0x00000000000003e8       0x28 ubertooth_rssi.o
 .debug_ranges  0x0000000000000410       0x28 ubertooth_cs.o
 .debug_ranges  0x0000000000000438       0x20 ubertooth_clock.o
 .debug_ranges  0x0000000000000458       0x30 ubertooth_dma.o
 .debug_ranges  0x0000000000000488       0x20 cc2400_rangetest.o
 .debug_ranges  0x00000000000004a8       0xd0 ego.o
 .debug_ranges  0x0000000000000578       0x78 ../common/usb_serial.o
 .debug_ranges  0x00000000000005f0       0x10 ../common/LPC17xx_Startup.o
 .debug_ranges  0x0000000000000600       0x10 ../common/LPC17xx_Interrupts.o
 .debug_ranges  0x0000000000000610      0x130 ../common/ubertooth.o
 .debug_ranges  0x0000000000000740       0x40 ../common/lpcusb/target/usbcontrol.o
 .debug_ranges  0x0000000000000780       0x18 ../common/lpcusb/target/usbinit.o
 .debug_ranges  0x0000000000000798       0xe0 ../common/lpcusb/target/usbhw_lpc.o
 .debug_ranges  0x0000000000000878       0x88 ../common/lpcusb/target/usbstdreq.o
 .debug_ranges  0x0000000000000900       0x18 /usr/lib/gcc/arm-none-eabi/4.8.2/../../../arm-none-eabi/lib/armv7-m/libc.a(lib_a-malloc.o)
 .debug_ranges  0x0000000000000918       0x38 /usr/lib/gcc/arm-none-eabi/4.8.2/../../../arm-none-eabi/lib/armv7-m/libc.a(lib_a-mallocr.o)
 .debug_ranges  0x0000000000000950       0x10 /usr/lib/gcc/arm-none-eabi/4.8.2/../../../arm-none-eabi/lib/armv7-m/libc.a(lib_a-memcmp.o)
 .debug_ranges  0x0000000000000960       0x18 /usr/lib/gcc/arm-none-eabi/4.8.2/../../../arm-none-eabi/lib/armv7-m/libc.a(lib_a-mlock.o)
 .debug_ranges  0x0000000000000978       0x10 /usr/lib/gcc/arm-none-eabi/4.8.2/../../../arm-none-eabi/lib/armv7-m/libc.a(lib_a-sbrkr.o)
 .debug_ranges  0x0000000000000988       0x10 /usr/lib/gcc/arm-none-eabi/4.8.2/../../../arm-none-eabi/lib/armv7-m/libc.a(lib_a-strlen.o)
 .debug_ranges  0x0000000000000998       0x18 /usr/lib/gcc/arm-none-eabi/4.8.2/../../../arm-none-eabi/lib/armv7-m/libc.a(lib_a-freer.o)
 .debug_ranges  0x00000000000009b0       0x30 /usr/lib/gcc/arm-none-eabi/4.8.2/../../../arm-none-eabi/lib/armv7-m/libc.a(lib_a-reent.o)
 .debug_ranges  0x00000000000009e0       0x10 /usr/lib/gcc/arm-none-eabi/4.8.2/../../../arm-none-eabi/lib/armv7-m/libnosys.a(sbrk.o)

.debug_line     0x0000000000000000     0x409b
 .debug_line    0x0000000000000000       0xa6 /usr/lib/gcc/arm-none-eabi/4.8.2/../../../arm-none-eabi/lib/armv7-m/libc.a(lib_a-atexit.o)
 .debug_line    0x00000000000000a6       0x9c /usr/lib/gcc/arm-none-eabi/4.8.2/../../../arm-none-eabi/lib/armv7-m/libc.a(lib_a-fini.o)
 .debug_line    0x0000000000000142       0xd6 /usr/lib/gcc/arm-none-eabi/4.8.2/../../../arm-none-eabi/lib/armv7-m/libc.a(lib_a-impure.o)
 .debug_line    0x0000000000000218       0xb5 /usr/lib/gcc/arm-none-eabi/4.8.2/../../../arm-none-eabi/lib/armv7-m/libc.a(lib_a-init.o)
 .debug_line    0x00000000000002cd       0xff /usr/lib/gcc/arm-none-eabi/4.8.2/../../../arm-none-eabi/lib/armv7-m/libc.a(lib_a-memset.o)
 .debug_line    0x00000000000003cc      0x160 /usr/lib/gcc/arm-none-eabi/4.8.2/../../../arm-none-eabi/lib/armv7-m/libc.a(lib_a-__atexit.o)
 .debug_line    0x000000000000052c      0x19a /usr/lib/gcc/arm-none-eabi/4.8.2/../../../arm-none-eabi/lib/armv7-m/libc.a(lib_a-__call_atexit.o)
 .debug_line    0x00000000000006c6     0x107f bluetooth_rxtx.o
 .debug_line    0x0000000000001745      0x1b8 bluetooth.o
 .debug_line    0x00000000000018fd      0x149 bluetooth_le.o
 .debug_line    0x0000000000001a46      0x237 ubertooth_usb.o
 .debug_line    0x0000000000001c7d       0xfe ubertooth_rssi.o
 .debug_line    0x0000000000001d7b       0xfd ubertooth_cs.o
 .debug_line    0x0000000000001e78       0xbe ubertooth_clock.o
 .debug_line    0x0000000000001f36      0x134 ubertooth_dma.o
 .debug_line    0x000000000000206a      0x23d cc2400_rangetest.o
 .debug_line    0x00000000000022a7      0x2af ego.o
 .debug_line    0x0000000000002556      0x203 ../common/usb_serial.o
 .debug_line    0x0000000000002759       0x96 ../common/LPC17xx_Startup.o
 .debug_line    0x00000000000027ef       0x4e ../common/LPC17xx_Interrupts.o
 .debug_line    0x000000000000283d      0x476 ../common/ubertooth.o
 .debug_line    0x0000000000002cb3       0xf3 ../common/lpcusb/target/usbcontrol.o
 .debug_line    0x0000000000002da6       0xa0 ../common/lpcusb/target/usbinit.o
 .debug_line    0x0000000000002e46      0x357 ../common/lpcusb/target/usbhw_lpc.o
 .debug_line    0x000000000000319d      0x1af ../common/lpcusb/target/usbstdreq.o
 .debug_line    0x000000000000334c       0x6f /usr/lib/gcc/arm-none-eabi/4.8.2/armv7-m/libgcc.a(_ashldi3.o)
 .debug_line    0x00000000000033bb      0x138 /usr/lib/gcc/arm-none-eabi/4.8.2/../../../arm-none-eabi/lib/armv7-m/libc.a(lib_a-malloc.o)
 .debug_line    0x00000000000034f3      0x325 /usr/lib/gcc/arm-none-eabi/4.8.2/../../../arm-none-eabi/lib/armv7-m/libc.a(lib_a-mallocr.o)
 .debug_line    0x0000000000003818       0xf6 /usr/lib/gcc/arm-none-eabi/4.8.2/../../../arm-none-eabi/lib/armv7-m/libc.a(lib_a-memcmp.o)
 .debug_line    0x000000000000390e       0xbb /usr/lib/gcc/arm-none-eabi/4.8.2/../../../arm-none-eabi/lib/armv7-m/libc.a(lib_a-memcpy.o)
 .debug_line    0x00000000000039c9       0xf4 /usr/lib/gcc/arm-none-eabi/4.8.2/../../../arm-none-eabi/lib/armv7-m/libc.a(lib_a-mlock.o)
 .debug_line    0x0000000000003abd      0x12c /usr/lib/gcc/arm-none-eabi/4.8.2/../../../arm-none-eabi/lib/armv7-m/libc.a(lib_a-sbrkr.o)
 .debug_line    0x0000000000003be9       0xd7 /usr/lib/gcc/arm-none-eabi/4.8.2/../../../arm-none-eabi/lib/armv7-m/libc.a(lib_a-strlen.o)
 .debug_line    0x0000000000003cc0      0x221 /usr/lib/gcc/arm-none-eabi/4.8.2/../../../arm-none-eabi/lib/armv7-m/libc.a(lib_a-freer.o)
 .debug_line    0x0000000000003ee1      0x162 /usr/lib/gcc/arm-none-eabi/4.8.2/../../../arm-none-eabi/lib/armv7-m/libc.a(lib_a-reent.o)
 .debug_line    0x0000000000004043       0x58 /usr/lib/gcc/arm-none-eabi/4.8.2/../../../arm-none-eabi/lib/armv7-m/libnosys.a(sbrk.o)

.debug_str      0x0000000000000000     0x33f0
 .debug_str     0x0000000000000000      0x199 /usr/lib/gcc/arm-none-eabi/4.8.2/../../../arm-none-eabi/lib/armv7-m/libc.a(lib_a-atexit.o)
                                        0x1d9 (size before relaxing)
 .debug_str     0x0000000000000199       0xaf /usr/lib/gcc/arm-none-eabi/4.8.2/../../../arm-none-eabi/lib/armv7-m/libc.a(lib_a-fini.o)
                                        0x1d1 (size before relaxing)
 .debug_str     0x0000000000000248      0x3ea /usr/lib/gcc/arm-none-eabi/4.8.2/../../../arm-none-eabi/lib/armv7-m/libc.a(lib_a-impure.o)
                                        0x56d (size before relaxing)
 .debug_str     0x0000000000000632       0x8a /usr/lib/gcc/arm-none-eabi/4.8.2/../../../arm-none-eabi/lib/armv7-m/libc.a(lib_a-init.o)
                                        0x1fb (size before relaxing)
 .debug_str     0x00000000000006bc       0x93 /usr/lib/gcc/arm-none-eabi/4.8.2/../../../arm-none-eabi/lib/armv7-m/libc.a(lib_a-memset.o)
                                        0x1b0 (size before relaxing)
 .debug_str     0x000000000000074f       0x30 /usr/lib/gcc/arm-none-eabi/4.8.2/../../../arm-none-eabi/lib/armv7-m/libc.a(lib_a-__atexit.o)
                                        0x5b5 (size before relaxing)
 .debug_str     0x000000000000077f       0x7c /usr/lib/gcc/arm-none-eabi/4.8.2/../../../arm-none-eabi/lib/armv7-m/libc.a(lib_a-__call_atexit.o)
                                        0x5cd (size before relaxing)
 .debug_str     0x00000000000007fb     0x16ae bluetooth_rxtx.o
                                       0x18ab (size before relaxing)
 .debug_str     0x0000000000001ea9       0x98 bluetooth.o
                                        0x2d9 (size before relaxing)
 .debug_str     0x0000000000001f41       0x52 bluetooth_le.o
                                        0x43f (size before relaxing)
 .debug_str     0x0000000000001f93      0x19d ubertooth_usb.o
                                        0x4e7 (size before relaxing)
 .debug_str     0x0000000000002130       0x30 ubertooth_rssi.o
                                        0x271 (size before relaxing)
 .debug_str     0x0000000000002160       0x69 ubertooth_cs.o
                                        0x305 (size before relaxing)
 .debug_str     0x00000000000021c9       0x12 ubertooth_clock.o
                                        0x270 (size before relaxing)
 .debug_str     0x00000000000021db       0x60 ubertooth_dma.o
                                        0x28c (size before relaxing)
 .debug_str     0x000000000000223b       0x58 cc2400_rangetest.o
                                        0x327 (size before relaxing)
 .debug_str     0x0000000000002293      0x1d4 ego.o
                                        0x65c (size before relaxing)
 .debug_str     0x0000000000002467      0x216 ../common/usb_serial.o
                                        0x4d2 (size before relaxing)
 .debug_str     0x000000000000267d       0x9b ../common/LPC17xx_Startup.o
                                        0x225 (size before relaxing)
 .debug_str     0x0000000000002718       0x51 ../common/LPC17xx_Interrupts.o
                                        0x187 (size before relaxing)
 .debug_str     0x0000000000002769       0xe7 ../common/ubertooth.o
                                        0x3bd (size before relaxing)
 .debug_str     0x0000000000002850       0xdf ../common/lpcusb/target/usbcontrol.o
                                        0x2ef (size before relaxing)
 .debug_str     0x000000000000292f       0x56 ../common/lpcusb/target/usbinit.o
                                        0x283 (size before relaxing)
 .debug_str     0x0000000000002985      0x305 ../common/lpcusb/target/usbhw_lpc.o
                                        0x5cd (size before relaxing)
 .debug_str     0x0000000000002c8a      0x262 ../common/lpcusb/target/usbstdreq.o
                                        0x4d1 (size before relaxing)
 .debug_str     0x0000000000002eec       0x4c /usr/lib/gcc/arm-none-eabi/4.8.2/../../../arm-none-eabi/lib/armv7-m/libc.a(lib_a-malloc.o)
                                        0x581 (size before relaxing)
 .debug_str     0x0000000000002f38      0x216 /usr/lib/gcc/arm-none-eabi/4.8.2/../../../arm-none-eabi/lib/armv7-m/libc.a(lib_a-mallocr.o)
                                        0x77c (size before relaxing)
 .debug_str     0x000000000000314e       0x2e /usr/lib/gcc/arm-none-eabi/4.8.2/../../../arm-none-eabi/lib/armv7-m/libc.a(lib_a-memcmp.o)
                                        0x19c (size before relaxing)
 .debug_str     0x000000000000317c       0x42 /usr/lib/gcc/arm-none-eabi/4.8.2/../../../arm-none-eabi/lib/armv7-m/libc.a(lib_a-mlock.o)
                                        0x576 (size before relaxing)
 .debug_str     0x00000000000031be       0x37 /usr/lib/gcc/arm-none-eabi/4.8.2/../../../arm-none-eabi/lib/armv7-m/libc.a(lib_a-sbrkr.o)
                                        0x564 (size before relaxing)
 .debug_str     0x00000000000031f5       0x85 /usr/lib/gcc/arm-none-eabi/4.8.2/../../../arm-none-eabi/lib/armv7-m/libc.a(lib_a-strlen.o)
                                        0x1a9 (size before relaxing)
 .debug_str     0x000000000000327a       0x34 /usr/lib/gcc/arm-none-eabi/4.8.2/../../../arm-none-eabi/lib/armv7-m/libc.a(lib_a-freer.o)
                                        0x6c6 (size before relaxing)
 .debug_str     0x00000000000032ae       0x58 /usr/lib/gcc/arm-none-eabi/4.8.2/../../../arm-none-eabi/lib/armv7-m/libc.a(lib_a-reent.o)
                                        0x58c (size before relaxing)
 .debug_str     0x0000000000003306       0xea /usr/lib/gcc/arm-none-eabi/4.8.2/../../../arm-none-eabi/lib/armv7-m/libnosys.a(sbrk.o)
                                        0x103 (size before relaxing)

.debug_frame    0x0000000000000000     0x1670
 .debug_frame   0x0000000000000000       0x20 /usr/lib/gcc/arm-none-eabi/4.8.2/../../../arm-none-eabi/lib/armv7-m/libc.a(lib_a-atexit.o)
 .debug_frame   0x0000000000000020       0x2c /usr/lib/gcc/arm-none-eabi/4.8.2/../../../arm-none-eabi/lib/armv7-m/libc.a(lib_a-fini.o)
 .debug_frame   0x000000000000004c       0x2c /usr/lib/gcc/arm-none-eabi/4.8.2/../../../arm-none-eabi/lib/armv7-m/libc.a(lib_a-init.o)
 .debug_frame   0x0000000000000078       0x2c /usr/lib/gcc/arm-none-eabi/4.8.2/../../../arm-none-eabi/lib/armv7-m/libc.a(lib_a-memset.o)
 .debug_frame   0x00000000000000a4       0x30 /usr/lib/gcc/arm-none-eabi/4.8.2/../../../arm-none-eabi/lib/armv7-m/libc.a(lib_a-__atexit.o)
 .debug_frame   0x00000000000000d4       0x48 /usr/lib/gcc/arm-none-eabi/4.8.2/../../../arm-none-eabi/lib/armv7-m/libc.a(lib_a-__call_atexit.o)
 .debug_frame   0x000000000000011c      0x574 bluetooth_rxtx.o
 .debug_frame   0x0000000000000690       0x90 bluetooth.o
 .debug_frame   0x0000000000000720       0xac bluetooth_le.o
 .debug_frame   0x00000000000007cc       0xf8 ubertooth_usb.o
 .debug_frame   0x00000000000008c4       0x68 ubertooth_rssi.o
 .debug_frame   0x000000000000092c       0x6c ubertooth_cs.o
 .debug_frame   0x0000000000000998       0x4c ubertooth_clock.o
 .debug_frame   0x00000000000009e4       0x78 ubertooth_dma.o
 .debug_frame   0x0000000000000a5c       0x8c cc2400_rangetest.o
 .debug_frame   0x0000000000000ae8      0x190 ego.o
 .debug_frame   0x0000000000000c78      0x130 ../common/usb_serial.o
 .debug_frame   0x0000000000000da8       0x2c ../common/LPC17xx_Startup.o
 .debug_frame   0x0000000000000dd4       0x20 ../common/LPC17xx_Interrupts.o
 .debug_frame   0x0000000000000df4      0x304 ../common/ubertooth.o
 .debug_frame   0x00000000000010f8       0x84 ../common/lpcusb/target/usbcontrol.o
 .debug_frame   0x000000000000117c       0x3c ../common/lpcusb/target/usbinit.o
 .debug_frame   0x00000000000011b8      0x220 ../common/lpcusb/target/usbhw_lpc.o
 .debug_frame   0x00000000000013d8       0xcc ../common/lpcusb/target/usbstdreq.o
 .debug_frame   0x00000000000014a4       0x30 /usr/lib/gcc/arm-none-eabi/4.8.2/../../../arm-none-eabi/lib/armv7-m/libc.a(lib_a-malloc.o)
 .debug_frame   0x00000000000014d4       0x38 /usr/lib/gcc/arm-none-eabi/4.8.2/../../../arm-none-eabi/lib/armv7-m/libc.a(lib_a-mallocr.o)
 .debug_frame   0x000000000000150c       0x2c /usr/lib/gcc/arm-none-eabi/4.8.2/../../../arm-none-eabi/lib/armv7-m/libc.a(lib_a-memcmp.o)
 .debug_frame   0x0000000000001538       0x30 /usr/lib/gcc/arm-none-eabi/4.8.2/../../../arm-none-eabi/lib/armv7-m/libc.a(lib_a-mlock.o)
 .debug_frame   0x0000000000001568       0x2c /usr/lib/gcc/arm-none-eabi/4.8.2/../../../arm-none-eabi/lib/armv7-m/libc.a(lib_a-sbrkr.o)
 .debug_frame   0x0000000000001594       0x20 /usr/lib/gcc/arm-none-eabi/4.8.2/../../../arm-none-eabi/lib/armv7-m/libc.a(lib_a-strlen.o)
 .debug_frame   0x00000000000015b4       0x54 /usr/lib/gcc/arm-none-eabi/4.8.2/../../../arm-none-eabi/lib/armv7-m/libc.a(lib_a-freer.o)
 .debug_frame   0x0000000000001608       0x48 /usr/lib/gcc/arm-none-eabi/4.8.2/../../../arm-none-eabi/lib/armv7-m/libc.a(lib_a-reent.o)
 .debug_frame   0x0000000000001650       0x20 /usr/lib/gcc/arm-none-eabi/4.8.2/../../../arm-none-eabi/lib/armv7-m/libnosys.a(sbrk.o)
