Archive member included because of file (symbol)

/usr/lib/gcc/arm-none-eabi/4.8.2/../../../arm-none-eabi/lib/armv7-m/libc.a(lib_a-atexit.o)
                              /usr/lib/gcc/arm-none-eabi/4.8.2/../../../arm-none-eabi/lib/armv7-m/crt0.o (atexit)
/usr/lib/gcc/arm-none-eabi/4.8.2/../../../arm-none-eabi/lib/armv7-m/libc.a(lib_a-exit.o)
                              /usr/lib/gcc/arm-none-eabi/4.8.2/../../../arm-none-eabi/lib/armv7-m/crt0.o (exit)
/usr/lib/gcc/arm-none-eabi/4.8.2/../../../arm-none-eabi/lib/armv7-m/libc.a(lib_a-fini.o)
                              /usr/lib/gcc/arm-none-eabi/4.8.2/../../../arm-none-eabi/lib/armv7-m/crt0.o (__libc_fini_array)
/usr/lib/gcc/arm-none-eabi/4.8.2/../../../arm-none-eabi/lib/armv7-m/libc.a(lib_a-impure.o)
                              /usr/lib/gcc/arm-none-eabi/4.8.2/../../../arm-none-eabi/lib/armv7-m/libc.a(lib_a-exit.o) (_global_impure_ptr)
/usr/lib/gcc/arm-none-eabi/4.8.2/../../../arm-none-eabi/lib/armv7-m/libc.a(lib_a-init.o)
                              /usr/lib/gcc/arm-none-eabi/4.8.2/../../../arm-none-eabi/lib/armv7-m/crt0.o (__libc_init_array)
/usr/lib/gcc/arm-none-eabi/4.8.2/../../../arm-none-eabi/lib/armv7-m/libc.a(lib_a-memset.o)
                              /usr/lib/gcc/arm-none-eabi/4.8.2/../../../arm-none-eabi/lib/armv7-m/crt0.o (memset)
/usr/lib/gcc/arm-none-eabi/4.8.2/../../../arm-none-eabi/lib/armv7-m/libc.a(lib_a-__atexit.o)
                              /usr/lib/gcc/arm-none-eabi/4.8.2/../../../arm-none-eabi/lib/armv7-m/libc.a(lib_a-atexit.o) (__register_exitproc)
/usr/lib/gcc/arm-none-eabi/4.8.2/../../../arm-none-eabi/lib/armv7-m/libc.a(lib_a-__call_atexit.o)
                              /usr/lib/gcc/arm-none-eabi/4.8.2/../../../arm-none-eabi/lib/armv7-m/libc.a(lib_a-exit.o) (__call_exitprocs)
/usr/lib/gcc/arm-none-eabi/4.8.2/armv7-m/libgcc.a(_ashldi3.o)
                              bluetooth_rxtx.o (__aeabi_llsl)
/usr/lib/gcc/arm-none-eabi/4.8.2/../../../arm-none-eabi/lib/armv7-m/libc.a(lib_a-memcmp.o)
                              bluetooth_rxtx.o (memcmp)
/usr/lib/gcc/arm-none-eabi/4.8.2/../../../arm-none-eabi/lib/armv7-m/libc.a(lib_a-memcpy.o)
                              bluetooth_rxtx.o (memcpy)
/usr/lib/gcc/arm-none-eabi/4.8.2/../../../arm-none-eabi/lib/armv7-m/libc.a(lib_a-strlen.o)
                              bluetooth_rxtx.o (strlen)
/usr/lib/gcc/arm-none-eabi/4.8.2/../../../arm-none-eabi/lib/armv7-m/libnosys.a(_exit.o)
                              /usr/lib/gcc/arm-none-eabi/4.8.2/../../../arm-none-eabi/lib/armv7-m/libc.a(lib_a-exit.o) (_exit)

Allocating common symbols
Common symbol       size              file

last_hop            0x4               bluetooth_rxtx.o
b                   0x1               bluetooth.o
rx_tc               0x4               bluetooth_rxtx.o
rssi_max            0x1               bluetooth_rxtx.o
used_channels       0x1               bluetooth_rxtx.o
le_dma_lli          0xb0              ubertooth_dma.o
rssi_min            0x1               bluetooth_rxtx.o
afh_map             0xa               bluetooth_rxtx.o
d1                  0x2               bluetooth.o
clkn_offset         0x4               bluetooth_rxtx.o
rx_dma_lli2         0x10              ubertooth_dma.o
afh_bank            0x4f              bluetooth.o
a1                  0x1               bluetooth.o
clkn_last_drift_fix
                    0x4               bluetooth_rxtx.o
clk_drift_correction
                    0x2               bluetooth_rxtx.o
clkn                0x4               bluetooth_rxtx.o
tx_pkt              0x3a              bluetooth_rxtx.o
active_rxbuf        0x4               bluetooth_rxtx.o
rssi_sum            0x4               ubertooth_rssi.o
fifo                0x2000            ubertooth_usb.o
le_promisc          0x108             bluetooth_rxtx.o
cs_no_squelch       0x1               bluetooth_rxtx.o
clk100ns_offset     0x2               bluetooth_rxtx.o
c1                  0x1               bluetooth.o
syncword            0x8               bluetooth_rxtx.o
idle_rxbuf          0x4               bluetooth_rxtx.o
bank                0x4f              bluetooth.o
unpacked            0x320             bluetooth_rxtx.o
clk_drift_ppm       0x2               bluetooth_rxtx.o
rssi_count          0x1               bluetooth_rxtx.o
afh_enabled         0x1               bluetooth_rxtx.o
cs_threshold_req    0x1               bluetooth_rxtx.o
rxbuf2              0x32              bluetooth_rxtx.o
abVendorReqData     0x102             ubertooth_usb.o
v_req_handler       0x4               ubertooth_usb.o
rx_dma_lli1         0x10              ubertooth_dma.o
clkn_next_drift_fix
                    0x4               bluetooth_rxtx.o
e                   0x1               bluetooth.o
rr                  0x5               bluetooth_rxtx.o
rxbuf1              0x32              bluetooth_rxtx.o
rx_err              0x4               bluetooth_rxtx.o
cs_threshold_cur    0x1               bluetooth_rxtx.o
cs_trigger          0x1               bluetooth_rxtx.o
target              0x10              bluetooth_rxtx.o

Discarded input sections

 .text          0x0000000000000000        0x0 /usr/lib/gcc/arm-none-eabi/4.8.2/armv7-m/crti.o
 .data          0x0000000000000000        0x0 /usr/lib/gcc/arm-none-eabi/4.8.2/armv7-m/crti.o
 .bss           0x0000000000000000        0x0 /usr/lib/gcc/arm-none-eabi/4.8.2/armv7-m/crti.o
 .data          0x0000000000000000        0x4 /usr/lib/gcc/arm-none-eabi/4.8.2/armv7-m/crtbegin.o
 .text          0x0000000000000000       0x68 /usr/lib/gcc/arm-none-eabi/4.8.2/../../../arm-none-eabi/lib/armv7-m/crt0.o
 .data          0x0000000000000000        0x0 /usr/lib/gcc/arm-none-eabi/4.8.2/../../../arm-none-eabi/lib/armv7-m/crt0.o
 .bss           0x0000000000000000        0x0 /usr/lib/gcc/arm-none-eabi/4.8.2/../../../arm-none-eabi/lib/armv7-m/crt0.o
 .ARM.extab     0x0000000000000000        0x0 /usr/lib/gcc/arm-none-eabi/4.8.2/../../../arm-none-eabi/lib/armv7-m/crt0.o
 .ARM.exidx     0x0000000000000000        0x8 /usr/lib/gcc/arm-none-eabi/4.8.2/../../../arm-none-eabi/lib/armv7-m/crt0.o
 .ARM.attributes
                0x0000000000000000       0x1b /usr/lib/gcc/arm-none-eabi/4.8.2/../../../arm-none-eabi/lib/armv7-m/crt0.o
 .debug_line    0x0000000000000000       0x7b /usr/lib/gcc/arm-none-eabi/4.8.2/../../../arm-none-eabi/lib/armv7-m/crt0.o
 .debug_info    0x0000000000000000       0x8d /usr/lib/gcc/arm-none-eabi/4.8.2/../../../arm-none-eabi/lib/armv7-m/crt0.o
 .debug_abbrev  0x0000000000000000       0x14 /usr/lib/gcc/arm-none-eabi/4.8.2/../../../arm-none-eabi/lib/armv7-m/crt0.o
 .debug_aranges
                0x0000000000000000       0x20 /usr/lib/gcc/arm-none-eabi/4.8.2/../../../arm-none-eabi/lib/armv7-m/crt0.o
 .text          0x0000000000000000        0x0 /usr/lib/gcc/arm-none-eabi/4.8.2/../../../arm-none-eabi/lib/armv7-m/libc.a(lib_a-atexit.o)
 .data          0x0000000000000000        0x0 /usr/lib/gcc/arm-none-eabi/4.8.2/../../../arm-none-eabi/lib/armv7-m/libc.a(lib_a-atexit.o)
 .bss           0x0000000000000000        0x0 /usr/lib/gcc/arm-none-eabi/4.8.2/../../../arm-none-eabi/lib/armv7-m/libc.a(lib_a-atexit.o)
 .text          0x0000000000000000        0x0 /usr/lib/gcc/arm-none-eabi/4.8.2/../../../arm-none-eabi/lib/armv7-m/libc.a(lib_a-exit.o)
 .data          0x0000000000000000        0x0 /usr/lib/gcc/arm-none-eabi/4.8.2/../../../arm-none-eabi/lib/armv7-m/libc.a(lib_a-exit.o)
 .bss           0x0000000000000000        0x0 /usr/lib/gcc/arm-none-eabi/4.8.2/../../../arm-none-eabi/lib/armv7-m/libc.a(lib_a-exit.o)
 .text.exit     0x0000000000000000       0x20 /usr/lib/gcc/arm-none-eabi/4.8.2/../../../arm-none-eabi/lib/armv7-m/libc.a(lib_a-exit.o)
 .debug_info    0x0000000000000000      0x8e4 /usr/lib/gcc/arm-none-eabi/4.8.2/../../../arm-none-eabi/lib/armv7-m/libc.a(lib_a-exit.o)
 .debug_abbrev  0x0000000000000000      0x1e6 /usr/lib/gcc/arm-none-eabi/4.8.2/../../../arm-none-eabi/lib/armv7-m/libc.a(lib_a-exit.o)
 .debug_loc     0x0000000000000000       0x1e /usr/lib/gcc/arm-none-eabi/4.8.2/../../../arm-none-eabi/lib/armv7-m/libc.a(lib_a-exit.o)
 .debug_aranges
                0x0000000000000000       0x20 /usr/lib/gcc/arm-none-eabi/4.8.2/../../../arm-none-eabi/lib/armv7-m/libc.a(lib_a-exit.o)
 .debug_ranges  0x0000000000000000       0x10 /usr/lib/gcc/arm-none-eabi/4.8.2/../../../arm-none-eabi/lib/armv7-m/libc.a(lib_a-exit.o)
 .debug_line    0x0000000000000000      0x13f /usr/lib/gcc/arm-none-eabi/4.8.2/../../../arm-none-eabi/lib/armv7-m/libc.a(lib_a-exit.o)
 .debug_str     0x0000000000000000      0x576 /usr/lib/gcc/arm-none-eabi/4.8.2/../../../arm-none-eabi/lib/armv7-m/libc.a(lib_a-exit.o)
 .comment       0x0000000000000000       0x20 /usr/lib/gcc/arm-none-eabi/4.8.2/../../../arm-none-eabi/lib/armv7-m/libc.a(lib_a-exit.o)
 .ARM.attributes
                0x0000000000000000       0x2d /usr/lib/gcc/arm-none-eabi/4.8.2/../../../arm-none-eabi/lib/armv7-m/libc.a(lib_a-exit.o)
 .debug_frame   0x0000000000000000       0x28 /usr/lib/gcc/arm-none-eabi/4.8.2/../../../arm-none-eabi/lib/armv7-m/libc.a(lib_a-exit.o)
 .text          0x0000000000000000        0x0 /usr/lib/gcc/arm-none-eabi/4.8.2/../../../arm-none-eabi/lib/armv7-m/libc.a(lib_a-fini.o)
 .data          0x0000000000000000        0x0 /usr/lib/gcc/arm-none-eabi/4.8.2/../../../arm-none-eabi/lib/armv7-m/libc.a(lib_a-fini.o)
 .bss           0x0000000000000000        0x0 /usr/lib/gcc/arm-none-eabi/4.8.2/../../../arm-none-eabi/lib/armv7-m/libc.a(lib_a-fini.o)
 .text          0x0000000000000000        0x0 /usr/lib/gcc/arm-none-eabi/4.8.2/../../../arm-none-eabi/lib/armv7-m/libc.a(lib_a-impure.o)
 .data          0x0000000000000000        0x0 /usr/lib/gcc/arm-none-eabi/4.8.2/../../../arm-none-eabi/lib/armv7-m/libc.a(lib_a-impure.o)
 .bss           0x0000000000000000        0x0 /usr/lib/gcc/arm-none-eabi/4.8.2/../../../arm-none-eabi/lib/armv7-m/libc.a(lib_a-impure.o)
 .data._impure_ptr
                0x0000000000000000        0x4 /usr/lib/gcc/arm-none-eabi/4.8.2/../../../arm-none-eabi/lib/armv7-m/libc.a(lib_a-impure.o)
 .text          0x0000000000000000        0x0 /usr/lib/gcc/arm-none-eabi/4.8.2/../../../arm-none-eabi/lib/armv7-m/libc.a(lib_a-init.o)
 .data          0x0000000000000000        0x0 /usr/lib/gcc/arm-none-eabi/4.8.2/../../../arm-none-eabi/lib/armv7-m/libc.a(lib_a-init.o)
 .bss           0x0000000000000000        0x0 /usr/lib/gcc/arm-none-eabi/4.8.2/../../../arm-none-eabi/lib/armv7-m/libc.a(lib_a-init.o)
 .text          0x0000000000000000        0x0 /usr/lib/gcc/arm-none-eabi/4.8.2/../../../arm-none-eabi/lib/armv7-m/libc.a(lib_a-memset.o)
 .data          0x0000000000000000        0x0 /usr/lib/gcc/arm-none-eabi/4.8.2/../../../arm-none-eabi/lib/armv7-m/libc.a(lib_a-memset.o)
 .bss           0x0000000000000000        0x0 /usr/lib/gcc/arm-none-eabi/4.8.2/../../../arm-none-eabi/lib/armv7-m/libc.a(lib_a-memset.o)
 .text          0x0000000000000000        0x0 /usr/lib/gcc/arm-none-eabi/4.8.2/../../../arm-none-eabi/lib/armv7-m/libc.a(lib_a-__atexit.o)
 .data          0x0000000000000000        0x0 /usr/lib/gcc/arm-none-eabi/4.8.2/../../../arm-none-eabi/lib/armv7-m/libc.a(lib_a-__atexit.o)
 .bss           0x0000000000000000        0x0 /usr/lib/gcc/arm-none-eabi/4.8.2/../../../arm-none-eabi/lib/armv7-m/libc.a(lib_a-__atexit.o)
 .text          0x0000000000000000        0x0 /usr/lib/gcc/arm-none-eabi/4.8.2/../../../arm-none-eabi/lib/armv7-m/libc.a(lib_a-__call_atexit.o)
 .data          0x0000000000000000        0x0 /usr/lib/gcc/arm-none-eabi/4.8.2/../../../arm-none-eabi/lib/armv7-m/libc.a(lib_a-__call_atexit.o)
 .bss           0x0000000000000000        0x0 /usr/lib/gcc/arm-none-eabi/4.8.2/../../../arm-none-eabi/lib/armv7-m/libc.a(lib_a-__call_atexit.o)
 .text.__call_exitprocs
                0x0000000000000000       0xf8 /usr/lib/gcc/arm-none-eabi/4.8.2/../../../arm-none-eabi/lib/armv7-m/libc.a(lib_a-__call_atexit.o)
 .text          0x0000000000000000        0x0 bluetooth_rxtx.o
 .text          0x0000000000000000        0x0 bluetooth.o
 .data          0x0000000000000000        0x0 bluetooth.o
 .bss           0x0000000000000000        0x0 bluetooth.o
 .text.find_access_code
                0x0000000000000000       0xcc bluetooth.o
 .text          0x0000000000000000        0x0 bluetooth_le.o
 .bss           0x0000000000000000        0x0 bluetooth_le.o
 .text          0x0000000000000000        0x0 ubertooth_usb.o
 .text          0x0000000000000000        0x0 ubertooth_rssi.o
 .data          0x0000000000000000        0x0 ubertooth_rssi.o
 .text          0x0000000000000000        0x0 ubertooth_cs.o
 .data          0x0000000000000000        0x0 ubertooth_cs.o
 .bss           0x0000000000000000        0x0 ubertooth_cs.o
 .text          0x0000000000000000        0x0 ubertooth_clock.o
 .data          0x0000000000000000        0x0 ubertooth_clock.o
 .bss           0x0000000000000000        0x0 ubertooth_clock.o
 .text          0x0000000000000000        0x0 ubertooth_dma.o
 .data          0x0000000000000000        0x0 ubertooth_dma.o
 .bss           0x0000000000000000        0x0 ubertooth_dma.o
 .text          0x0000000000000000        0x0 cc2400_rangetest.o
 .data          0x0000000000000000        0x0 cc2400_rangetest.o
 .bss           0x0000000000000000        0x0 cc2400_rangetest.o
 .text          0x0000000000000000        0x0 ego.o
 .data          0x0000000000000000        0x0 ego.o
 .bss           0x0000000000000000        0x0 ego.o
 .text          0x0000000000000000        0x0 ../common/usb_serial.o
 .data          0x0000000000000000       0xdc ../common/usb_serial.o
 .bss           0x0000000000000000      0x168 ../common/usb_serial.o
 .text.USBDevIntHandler
                0x0000000000000000       0x10 ../common/usb_serial.o
 .text.SendNextBulkIn.part.0
                0x0000000000000000       0x3c ../common/usb_serial.o
 .text.USBFrameHandler
                0x0000000000000000       0x28 ../common/usb_serial.o
 .text.BulkOut  0x0000000000000000       0x3c ../common/usb_serial.o
 .text.HandleClassRequest
                0x0000000000000000       0x34 ../common/usb_serial.o
 .text.BulkIn   0x0000000000000000       0x14 ../common/usb_serial.o
 .text.VCOM_init
                0x0000000000000000       0x28 ../common/usb_serial.o
 .text.VCOM_putchar
                0x0000000000000000       0x1c ../common/usb_serial.o
 .text.VCOM_getchar
                0x0000000000000000       0x24 ../common/usb_serial.o
 .text.usb_serial_init
                0x0000000000000000       0x74 ../common/usb_serial.o
 .text          0x0000000000000000        0x0 ../common/serial_fifo.o
 .data          0x0000000000000000        0x0 ../common/serial_fifo.o
 .bss           0x0000000000000000        0x0 ../common/serial_fifo.o
 .text.fifo_init
                0x0000000000000000        0xa ../common/serial_fifo.o
 .text.fifo_put
                0x0000000000000000       0x30 ../common/serial_fifo.o
 .text.fifo_get
                0x0000000000000000       0x30 ../common/serial_fifo.o
 .text.fifo_avail
                0x0000000000000000       0x20 ../common/serial_fifo.o
 .text.fifo_free
                0x0000000000000000        0xc ../common/serial_fifo.o
 .debug_info    0x0000000000000000      0x1af ../common/serial_fifo.o
 .debug_abbrev  0x0000000000000000      0x12a ../common/serial_fifo.o
 .debug_loc     0x0000000000000000       0xe6 ../common/serial_fifo.o
 .debug_aranges
                0x0000000000000000       0x40 ../common/serial_fifo.o
 .debug_ranges  0x0000000000000000       0x30 ../common/serial_fifo.o
 .debug_line    0x0000000000000000       0xd3 ../common/serial_fifo.o
 .debug_str     0x0000000000000000      0x1ba ../common/serial_fifo.o
 .comment       0x0000000000000000       0x20 ../common/serial_fifo.o
 .ARM.attributes
                0x0000000000000000       0x33 ../common/serial_fifo.o
 .debug_frame   0x0000000000000000       0x78 ../common/serial_fifo.o
 .text          0x0000000000000000        0x0 ../common/LPC17xx_Startup.o
 .data          0x0000000000000000        0x0 ../common/LPC17xx_Startup.o
 .bss           0x0000000000000000        0x0 ../common/LPC17xx_Startup.o
 .text          0x0000000000000000        0x0 ../common/LPC17xx_Interrupts.o
 .data          0x0000000000000000        0x0 ../common/LPC17xx_Interrupts.o
 .bss           0x0000000000000000        0x0 ../common/LPC17xx_Interrupts.o
 .text          0x0000000000000000        0x0 ../common/ubertooth.o
 .data          0x0000000000000000        0x0 ../common/ubertooth.o
 .text.wait_ms  0x0000000000000000        0xa ../common/ubertooth.o
 .text.cc2400_tune_rx
                0x0000000000000000        0xa ../common/ubertooth.o
 .text.cc2400_tune_tx
                0x0000000000000000        0x8 ../common/ubertooth.o
 .text.cc2400_hop_rx
                0x0000000000000000       0x38 ../common/ubertooth.o
 .text.cc2400_hop_tx
                0x0000000000000000       0x38 ../common/ubertooth.o
 .text          0x0000000000000000        0x0 ../common/lpcusb/target/usbcontrol.o
 .data          0x0000000000000000        0x0 ../common/lpcusb/target/usbcontrol.o
 .text          0x0000000000000000        0x0 ../common/lpcusb/target/usbinit.o
 .data          0x0000000000000000        0x0 ../common/lpcusb/target/usbinit.o
 .text          0x0000000000000000        0x0 ../common/lpcusb/target/usbhw_lpc.o
 .data          0x0000000000000000        0x0 ../common/lpcusb/target/usbhw_lpc.o
 .text.USBHwRegisterFrameHandler
                0x0000000000000000       0x18 ../common/lpcusb/target/usbhw_lpc.o
 .text.USBHwISOCEPRead
                0x0000000000000000       0x84 ../common/lpcusb/target/usbhw_lpc.o
 .text.USBSetupDMADescriptor
                0x0000000000000000       0x46 ../common/lpcusb/target/usbhw_lpc.o
 .text.USBDisableDMAForEndpoint
                0x0000000000000000       0x1c ../common/lpcusb/target/usbhw_lpc.o
 .text.USBEnableDMAForEndpoint
                0x0000000000000000       0x1c ../common/lpcusb/target/usbhw_lpc.o
 .text.USBInitializeISOCFrameArray
                0x0000000000000000       0x24 ../common/lpcusb/target/usbhw_lpc.o
 .text.USBSetHeadDDForDMA
                0x0000000000000000       0x10 ../common/lpcusb/target/usbhw_lpc.o
 .text.USBInitializeUSBDMA
                0x0000000000000000       0x18 ../common/lpcusb/target/usbhw_lpc.o
 .text          0x0000000000000000        0x0 ../common/lpcusb/target/usbstdreq.o
 .text.USBGetOsStringDescriptor
                0x0000000000000000       0x1c ../common/lpcusb/target/usbstdreq.o
 .text.USBRegisterCustomReqHandler
                0x0000000000000000        0xc ../common/lpcusb/target/usbstdreq.o
 .data          0x0000000000000000        0x0 /usr/lib/gcc/arm-none-eabi/4.8.2/armv7-m/libgcc.a(_ashldi3.o)
 .bss           0x0000000000000000        0x0 /usr/lib/gcc/arm-none-eabi/4.8.2/armv7-m/libgcc.a(_ashldi3.o)
 .text          0x0000000000000000        0x0 /usr/lib/gcc/arm-none-eabi/4.8.2/../../../arm-none-eabi/lib/armv7-m/libc.a(lib_a-memcmp.o)
 .data          0x0000000000000000        0x0 /usr/lib/gcc/arm-none-eabi/4.8.2/../../../arm-none-eabi/lib/armv7-m/libc.a(lib_a-memcmp.o)
 .bss           0x0000000000000000        0x0 /usr/lib/gcc/arm-none-eabi/4.8.2/../../../arm-none-eabi/lib/armv7-m/libc.a(lib_a-memcmp.o)
 .data          0x0000000000000000        0x0 /usr/lib/gcc/arm-none-eabi/4.8.2/../../../arm-none-eabi/lib/armv7-m/libc.a(lib_a-memcpy.o)
 .bss           0x0000000000000000        0x0 /usr/lib/gcc/arm-none-eabi/4.8.2/../../../arm-none-eabi/lib/armv7-m/libc.a(lib_a-memcpy.o)
 .text          0x0000000000000000        0x0 /usr/lib/gcc/arm-none-eabi/4.8.2/../../../arm-none-eabi/lib/armv7-m/libc.a(lib_a-strlen.o)
 .data          0x0000000000000000        0x0 /usr/lib/gcc/arm-none-eabi/4.8.2/../../../arm-none-eabi/lib/armv7-m/libc.a(lib_a-strlen.o)
 .bss           0x0000000000000000        0x0 /usr/lib/gcc/arm-none-eabi/4.8.2/../../../arm-none-eabi/lib/armv7-m/libc.a(lib_a-strlen.o)
 .text          0x0000000000000000        0x0 /usr/lib/gcc/arm-none-eabi/4.8.2/armv7-m/crtend.o
 .data          0x0000000000000000        0x0 /usr/lib/gcc/arm-none-eabi/4.8.2/armv7-m/crtend.o
 .bss           0x0000000000000000        0x0 /usr/lib/gcc/arm-none-eabi/4.8.2/armv7-m/crtend.o
 .eh_frame      0x0000000000000000        0x4 /usr/lib/gcc/arm-none-eabi/4.8.2/armv7-m/crtend.o
 .jcr           0x0000000000000000        0x4 /usr/lib/gcc/arm-none-eabi/4.8.2/armv7-m/crtend.o
 .text          0x0000000000000000        0x0 /usr/lib/gcc/arm-none-eabi/4.8.2/armv7-m/crtn.o
 .data          0x0000000000000000        0x0 /usr/lib/gcc/arm-none-eabi/4.8.2/armv7-m/crtn.o
 .bss           0x0000000000000000        0x0 /usr/lib/gcc/arm-none-eabi/4.8.2/armv7-m/crtn.o
 .text          0x0000000000000000        0x0 /usr/lib/gcc/arm-none-eabi/4.8.2/../../../arm-none-eabi/lib/armv7-m/libnosys.a(_exit.o)
 .data          0x0000000000000000        0x0 /usr/lib/gcc/arm-none-eabi/4.8.2/../../../arm-none-eabi/lib/armv7-m/libnosys.a(_exit.o)
 .bss           0x0000000000000000        0x0 /usr/lib/gcc/arm-none-eabi/4.8.2/../../../arm-none-eabi/lib/armv7-m/libnosys.a(_exit.o)
 .text._exit    0x0000000000000000        0x4 /usr/lib/gcc/arm-none-eabi/4.8.2/../../../arm-none-eabi/lib/armv7-m/libnosys.a(_exit.o)
 .debug_info    0x0000000000000000       0x58 /usr/lib/gcc/arm-none-eabi/4.8.2/../../../arm-none-eabi/lib/armv7-m/libnosys.a(_exit.o)
 .debug_abbrev  0x0000000000000000       0x55 /usr/lib/gcc/arm-none-eabi/4.8.2/../../../arm-none-eabi/lib/armv7-m/libnosys.a(_exit.o)
 .debug_aranges
                0x0000000000000000       0x20 /usr/lib/gcc/arm-none-eabi/4.8.2/../../../arm-none-eabi/lib/armv7-m/libnosys.a(_exit.o)
 .debug_ranges  0x0000000000000000       0x10 /usr/lib/gcc/arm-none-eabi/4.8.2/../../../arm-none-eabi/lib/armv7-m/libnosys.a(_exit.o)
 .debug_line    0x0000000000000000       0x58 /usr/lib/gcc/arm-none-eabi/4.8.2/../../../arm-none-eabi/lib/armv7-m/libnosys.a(_exit.o)
 .debug_str     0x0000000000000000       0xe3 /usr/lib/gcc/arm-none-eabi/4.8.2/../../../arm-none-eabi/lib/armv7-m/libnosys.a(_exit.o)
 .comment       0x0000000000000000       0x20 /usr/lib/gcc/arm-none-eabi/4.8.2/../../../arm-none-eabi/lib/armv7-m/libnosys.a(_exit.o)
 .ARM.attributes
                0x0000000000000000       0x2d /usr/lib/gcc/arm-none-eabi/4.8.2/../../../arm-none-eabi/lib/armv7-m/libnosys.a(_exit.o)
 .debug_frame   0x0000000000000000       0x20 /usr/lib/gcc/arm-none-eabi/4.8.2/../../../arm-none-eabi/lib/armv7-m/libnosys.a(_exit.o)

Memory Configuration

Name             Origin             Length             Attributes
rom              0x0000000000004000 0x000000000001c000 xr
ram              0x0000000010000000 0x0000000000004000 xrw
*default*        0x0000000000000000 0xffffffffffffffff

Linker script and memory map

LOAD /usr/lib/gcc/arm-none-eabi/4.8.2/armv7-m/crti.o
LOAD /usr/lib/gcc/arm-none-eabi/4.8.2/armv7-m/crtbegin.o
LOAD /usr/lib/gcc/arm-none-eabi/4.8.2/../../../arm-none-eabi/lib/armv7-m/crt0.o
START GROUP
LOAD /usr/lib/gcc/arm-none-eabi/4.8.2/../../../arm-none-eabi/lib/armv7-m/libc.a
LOAD /usr/lib/gcc/arm-none-eabi/4.8.2/../../../arm-none-eabi/lib/armv7-m/libg.a
LOAD /usr/lib/gcc/arm-none-eabi/4.8.2/armv7-m/libgcc.a
LOAD /usr/lib/gcc/arm-none-eabi/4.8.2/../../../arm-none-eabi/lib/armv7-m/libm.a
END GROUP
LOAD bluetooth_rxtx.o
LOAD bluetooth.o
LOAD bluetooth_le.o
LOAD ubertooth_usb.o
LOAD ubertooth_rssi.o
LOAD ubertooth_cs.o
LOAD ubertooth_clock.o
LOAD ubertooth_dma.o
LOAD cc2400_rangetest.o
LOAD ego.o
LOAD ../common/usb_serial.o
LOAD ../common/serial_fifo.o
LOAD ../common/LPC17xx_Startup.o
LOAD ../common/LPC17xx_Interrupts.o
LOAD ../common/ubertooth.o
LOAD ../common/lpcusb/target/usbcontrol.o
LOAD ../common/lpcusb/target/usbinit.o
LOAD ../common/lpcusb/target/usbhw_lpc.o
LOAD ../common/lpcusb/target/usbstdreq.o
START GROUP
LOAD /usr/lib/gcc/arm-none-eabi/4.8.2/armv7-m/libgcc.a
LOAD /usr/lib/gcc/arm-none-eabi/4.8.2/../../../arm-none-eabi/lib/armv7-m/libc.a
END GROUP
LOAD /usr/lib/gcc/arm-none-eabi/4.8.2/armv7-m/crtend.o
LOAD /usr/lib/gcc/arm-none-eabi/4.8.2/armv7-m/crtn.o
START GROUP
LOAD /usr/lib/gcc/arm-none-eabi/4.8.2/armv7-m/libgcc.a
LOAD /usr/lib/gcc/arm-none-eabi/4.8.2/../../../arm-none-eabi/lib/armv7-m/libc.a
LOAD /usr/lib/gcc/arm-none-eabi/4.8.2/../../../arm-none-eabi/lib/armv7-m/libm.a
LOAD /usr/lib/gcc/arm-none-eabi/4.8.2/../../../arm-none-eabi/lib/armv7-m/libnosys.a
END GROUP

.text           0x0000000000004000     0x5630
                0x0000000000004000                . = ALIGN (0x400)
                0x0000000000004000                _interrupt_vector_table = .
 *(.irq_handler_table)
 .irq_handler_table
                0x0000000000004000       0xcc ../common/LPC17xx_Interrupts.o
                0x0000000000004000                _NVIC_Handler_Functions
 *(.text .text.* .gnu.linkonce.t.*)
 .text          0x00000000000040cc       0xc8 /usr/lib/gcc/arm-none-eabi/4.8.2/armv7-m/crtbegin.o
 .text.atexit   0x0000000000004194        0xc /usr/lib/gcc/arm-none-eabi/4.8.2/../../../arm-none-eabi/lib/armv7-m/libc.a(lib_a-atexit.o)
                0x0000000000004194                atexit
 .text.__libc_fini_array
                0x00000000000041a0       0x34 /usr/lib/gcc/arm-none-eabi/4.8.2/../../../arm-none-eabi/lib/armv7-m/libc.a(lib_a-fini.o)
                0x00000000000041a0                __libc_fini_array
 .text.__libc_init_array
                0x00000000000041d4       0x5c /usr/lib/gcc/arm-none-eabi/4.8.2/../../../arm-none-eabi/lib/armv7-m/libc.a(lib_a-init.o)
                0x00000000000041d4                __libc_init_array
 .text.memset   0x0000000000004230       0x94 /usr/lib/gcc/arm-none-eabi/4.8.2/../../../arm-none-eabi/lib/armv7-m/libc.a(lib_a-memset.o)
                0x0000000000004230                memset
 .text.__register_exitproc
                0x00000000000042c4       0xac /usr/lib/gcc/arm-none-eabi/4.8.2/../../../arm-none-eabi/lib/armv7-m/libc.a(lib_a-__atexit.o)
                0x00000000000042c4                __register_exitproc
 .text.startup.register_fini
                0x0000000000004370       0x18 /usr/lib/gcc/arm-none-eabi/4.8.2/../../../arm-none-eabi/lib/armv7-m/libc.a(lib_a-__call_atexit.o)
 .text.reverse8
                0x0000000000004388       0x22 bluetooth_rxtx.o
 *fill*         0x00000000000043aa        0x2 
 .text.cc2400_rx
                0x00000000000043ac       0xa4 bluetooth_rxtx.o
 .text.cc2400_rx_sync
                0x0000000000004450       0xb0 bluetooth_rxtx.o
 .text.enqueue  0x0000000000004500       0x9c bluetooth_rxtx.o
 .text.le_set_access_address
                0x000000000000459c       0x18 bluetooth_rxtx.o
 .text.cc2400_idle
                0x00000000000045b4       0xac bluetooth_rxtx.o
 .text.cb_follow_le
                0x0000000000004660      0x104 bluetooth_rxtx.o
                0x0000000000004660                cb_follow_le
 .text.connection_follow_cb
                0x0000000000004764      0x170 bluetooth_rxtx.o
                0x0000000000004764                connection_follow_cb
 .text.vendor_request_handler
                0x00000000000048d4      0x650 bluetooth_rxtx.o
 .text.enqueue_with_ts
                0x0000000000004f24       0x58 bluetooth_rxtx.o
                0x0000000000004f24                enqueue_with_ts
 .text.TIMER0_IRQHandler
                0x0000000000004f7c      0x140 bluetooth_rxtx.o
                0x0000000000004f7c                TIMER0_IRQHandler
 .text.EINT3_IRQHandler
                0x00000000000050bc       0x34 bluetooth_rxtx.o
                0x00000000000050bc                EINT3_IRQHandler
 .text.DMA_IRQHandler
                0x00000000000050f0       0xdc bluetooth_rxtx.o
                0x00000000000050f0                DMA_IRQHandler
 .text.le_transmit
                0x00000000000051cc      0x1ac bluetooth_rxtx.o
                0x00000000000051cc                le_transmit
 .text.le_jam   0x0000000000005378       0x78 bluetooth_rxtx.o
                0x0000000000005378                le_jam
 .text.hop      0x00000000000053f0      0x1a0 bluetooth_rxtx.o
                0x00000000000053f0                hop
 .text.bt_stream_rx
                0x0000000000005590      0x15c bluetooth_rxtx.o
                0x0000000000005590                bt_stream_rx
 .text.br_transmit
                0x00000000000056ec      0x280 bluetooth_rxtx.o
                0x00000000000056ec                br_transmit
 .text.reset_le
                0x000000000000596c       0x54 bluetooth_rxtx.o
                0x000000000000596c                reset_le
 .text.reset_le_promisc
                0x00000000000059c0       0x20 bluetooth_rxtx.o
                0x00000000000059c0                reset_le_promisc
 .text.bt_generic_le
                0x00000000000059e0      0x1e4 bluetooth_rxtx.o
                0x00000000000059e0                bt_generic_le
 .text.bt_le_sync
                0x0000000000005bc4      0x3d8 bluetooth_rxtx.o
                0x0000000000005bc4                bt_le_sync
 .text.bt_follow_le
                0x0000000000005f9c       0x20 bluetooth_rxtx.o
                0x0000000000005f9c                bt_follow_le
 .text.le_promisc_state
                0x0000000000005fbc       0x36 bluetooth_rxtx.o
                0x0000000000005fbc                le_promisc_state
 *fill*         0x0000000000005ff2        0x2 
 .text.promisc_recover_hop_increment
                0x0000000000005ff4       0xe0 bluetooth_rxtx.o
                0x0000000000005ff4                promisc_recover_hop_increment
 .text.promisc_recover_hop_interval
                0x00000000000060d4       0xb4 bluetooth_rxtx.o
                0x00000000000060d4                promisc_recover_hop_interval
 .text.promisc_follow_cb
                0x0000000000006188       0x74 bluetooth_rxtx.o
                0x0000000000006188                promisc_follow_cb
 .text.see_aa   0x00000000000061fc       0x5c bluetooth_rxtx.o
                0x00000000000061fc                see_aa
 .text.cb_le_promisc
                0x0000000000006258      0x1a0 bluetooth_rxtx.o
                0x0000000000006258                cb_le_promisc
 .text.bt_promisc_le
                0x00000000000063f8       0x70 bluetooth_rxtx.o
                0x00000000000063f8                bt_promisc_le
 .text.bt_slave_le
                0x0000000000006468       0xb4 bluetooth_rxtx.o
                0x0000000000006468                bt_slave_le
 .text.rx_generic_sync
                0x000000000000651c       0xa0 bluetooth_rxtx.o
                0x000000000000651c                rx_generic_sync
 .text.rx_generic
                0x00000000000065bc       0x20 bluetooth_rxtx.o
                0x00000000000065bc                rx_generic
 .text.tx_generic
                0x00000000000065dc       0xf4 bluetooth_rxtx.o
                0x00000000000065dc                tx_generic
 .text.specan   0x00000000000066d0      0x114 bluetooth_rxtx.o
                0x00000000000066d0                specan
 .text.led_specan
                0x00000000000067e4      0x130 bluetooth_rxtx.o
                0x00000000000067e4                led_specan
 .text.startup.main
                0x0000000000006914      0x114 bluetooth_rxtx.o
                0x0000000000006914                main
 .text.precalc  0x0000000000006a28      0x138 bluetooth.o
                0x0000000000006a28                precalc
 .text.next_hop
                0x0000000000006b60      0x13c bluetooth.o
                0x0000000000006b60                next_hop
 .text.btle_channel_index
                0x0000000000006c9c       0x26 bluetooth_le.o
                0x0000000000006c9c                btle_channel_index
 .text.btle_channel_index_to_phys
                0x0000000000006cc2       0x30 bluetooth_le.o
                0x0000000000006cc2                btle_channel_index_to_phys
 .text.btle_next_hop
                0x0000000000006cf2       0x1e bluetooth_le.o
                0x0000000000006cf2                btle_next_hop
 .text.btle_calc_crc
                0x0000000000006d10       0x38 bluetooth_le.o
                0x0000000000006d10                btle_calc_crc
 .text.btle_reverse_crc
                0x0000000000006d48       0x52 bluetooth_le.o
                0x0000000000006d48                btle_reverse_crc
 *fill*         0x0000000000006d9a        0x2 
 .text.btle_crcgen_lut
                0x0000000000006d9c       0x28 bluetooth_le.o
                0x0000000000006d9c                btle_crcgen_lut
 .text.usb_vendor_request_handler
                0x0000000000006dc4       0x2c ubertooth_usb.o
                0x0000000000006dc4                usb_vendor_request_handler
 .text.set_serial_descriptor
                0x0000000000006df0       0x54 ubertooth_usb.o
                0x0000000000006df0                set_serial_descriptor
 .text.ubertooth_usb_init
                0x0000000000006e44       0x4c ubertooth_usb.o
                0x0000000000006e44                ubertooth_usb_init
 .text.queue_init
                0x0000000000006e90       0x1c ubertooth_usb.o
                0x0000000000006e90                queue_init
 .text.usb_enqueue
                0x0000000000006eac       0x34 ubertooth_usb.o
                0x0000000000006eac                usb_enqueue
 .text.dequeue  0x0000000000006ee0       0x2c ubertooth_usb.o
                0x0000000000006ee0                dequeue
 .text.dequeue_send
                0x0000000000006f0c       0x48 ubertooth_usb.o
                0x0000000000006f0c                dequeue_send
 .text.handle_usb
                0x0000000000006f54       0x28 ubertooth_usb.o
                0x0000000000006f54                handle_usb
 .text.rssi_reset
                0x0000000000006f7c       0x38 ubertooth_rssi.o
                0x0000000000006f7c                rssi_reset
 .text.rssi_add
                0x0000000000006fb4       0x40 ubertooth_rssi.o
                0x0000000000006fb4                rssi_add
 .text.rssi_iir_update
                0x0000000000006ff4       0x50 ubertooth_rssi.o
                0x0000000000006ff4                rssi_iir_update
 .text.rssi_get_avg
                0x0000000000007044       0x28 ubertooth_rssi.o
                0x0000000000007044                rssi_get_avg
 .text.cs_threshold_calc_and_set
                0x000000000000706c       0x64 ubertooth_cs.o
                0x000000000000706c                cs_threshold_calc_and_set
 .text.cs_trigger_enable
                0x00000000000070d0       0x2c ubertooth_cs.o
                0x00000000000070d0                cs_trigger_enable
 .text.cs_trigger_disable
                0x00000000000070fc       0x2c ubertooth_cs.o
                0x00000000000070fc                cs_trigger_disable
 .text.cs_reset
                0x0000000000007128       0x24 ubertooth_cs.o
                0x0000000000007128                cs_reset
 .text.clkn_stop
                0x000000000000714c       0x50 ubertooth_clock.o
                0x000000000000714c                clkn_stop
 .text.clkn_start
                0x000000000000719c        0xc ubertooth_clock.o
                0x000000000000719c                clkn_start
 .text.clkn_init
                0x00000000000071a8       0x28 ubertooth_clock.o
                0x00000000000071a8                clkn_init
 .text.dma_disable
                0x00000000000071d0       0x7c ubertooth_dma.o
 .text.dma_init
                0x000000000000724c       0x7c ubertooth_dma.o
                0x000000000000724c                dma_init
 .text.dma_init_le
                0x00000000000072c8       0x90 ubertooth_dma.o
                0x00000000000072c8                dma_init_le
 .text.dio_ssp_start
                0x0000000000007358       0x4c ubertooth_dma.o
                0x0000000000007358                dio_ssp_start
 .text.dio_ssp_stop
                0x00000000000073a4       0x2c ubertooth_dma.o
                0x00000000000073a4                dio_ssp_stop
 .text.cc2400_rangetest
                0x00000000000073d0      0x288 cc2400_rangetest.o
                0x00000000000073d0                cc2400_rangetest
 .text.cc2400_repeater
                0x0000000000007658      0x170 cc2400_rangetest.o
                0x0000000000007658                cc2400_repeater
 .text.cc2400_txtest
                0x00000000000077c8       0x78 cc2400_rangetest.o
                0x00000000000077c8                cc2400_txtest
 .text.ssp_stop
                0x0000000000007840       0x1c ego.o
 .text.do_rx    0x000000000000785c       0x20 ego.o
 .text.sleep_ms
                0x000000000000787c       0x2c ego.o
 .text.sleep_elapsed
                0x00000000000078a8       0x38 ego.o
 .text.nop_state
                0x00000000000078e0        0x2 ego.o
 *fill*         0x00000000000078e2        0x2 
 .text.init_state
                0x00000000000078e4       0x18 ego.o
 .text.continuous_init_state
                0x00000000000078fc        0x6 ego.o
 *fill*         0x0000000000007902        0x2 
 .text.start_rf_state
                0x0000000000007904       0xb8 ego.o
 .text.start_jamming_state
                0x00000000000079bc       0xa4 ego.o
 .text.sleep_state
                0x0000000000007a60       0x48 ego.o
 .text.jam_sleep_state
                0x0000000000007aa8       0x20 ego.o
 .text.jamming_state
                0x0000000000007ac8       0x60 ego.o
                0x0000000000007ac8                jamming_state
 .text.continuous_cap_state
                0x0000000000007b28       0x7c ego.o
 .text.jam_cap_state
                0x0000000000007ba4       0x64 ego.o
 .text.cap_state
                0x0000000000007c08       0x90 ego.o
 .text.ego_main
                0x0000000000007c98       0x7c ego.o
                0x0000000000007c98                ego_main
 .text.USB_IRQHandler
                0x0000000000007d14        0x4 ../common/usb_serial.o
                0x0000000000007d14                USB_IRQHandler
 .text.Reset_Handler
                0x0000000000007d18       0x54 ../common/LPC17xx_Startup.o
                0x0000000000007d18                Reset_Handler
 .text.Default_Handler
                0x0000000000007d6c        0x2 ../common/LPC17xx_Interrupts.o
                0x0000000000007d6c                TIMER2_IRQHandler
                0x0000000000007d6c                DebugMon_Handler
                0x0000000000007d6c                RIT_IRQHandler
                0x0000000000007d6c                I2C0_IRQHandler
                0x0000000000007d6c                HardFault_Handler
                0x0000000000007d6c                SysTick_Handler
                0x0000000000007d6c                PWM1_IRQHandler
                0x0000000000007d6c                PendSV_Handler
                0x0000000000007d6c                NMI_Handler
                0x0000000000007d6c                I2C1_IRQHandler
                0x0000000000007d6c                EINT2_IRQHandler
                0x0000000000007d6c                UART1_IRQHandler
                0x0000000000007d6c                TIMER3_IRQHandler
                0x0000000000007d6c                UART0_IRQHandler
                0x0000000000007d6c                MemManagement_Handler
                0x0000000000007d6c                UsageFault_Handler
                0x0000000000007d6c                PLL0_IRQHandler
                0x0000000000007d6c                CAN_IRQHandler
                0x0000000000007d6c                PLL1_IRQHandler
                0x0000000000007d6c                SSP0_IRQHandler
                0x0000000000007d6c                I2S_IRQHandler
                0x0000000000007d6c                I2C2_IRQHandler
                0x0000000000007d6c                RTC_IRQHandler
                0x0000000000007d6c                SPI_IRQHandler
                0x0000000000007d6c                EINT1_IRQHandler
                0x0000000000007d6c                TIMER1_IRQHandler
                0x0000000000007d6c                UART2_IRQHandler
                0x0000000000007d6c                ADC_IRQHandler
                0x0000000000007d6c                SSP1_IRQHandler
                0x0000000000007d6c                BOD_IRQHandler
                0x0000000000007d6c                WDT_IRQHandler
                0x0000000000007d6c                SVC_Handler
                0x0000000000007d6c                QEI_IRQHandler
                0x0000000000007d6c                EINT0_IRQHandler
                0x0000000000007d6c                USBACT_IRQHandler
                0x0000000000007d6c                CANACT_IRQHandler
                0x0000000000007d6c                BusFault_Handler
                0x0000000000007d6c                UART3_IRQHandler
                0x0000000000007d6c                MCPWM_IRQHandler
                0x0000000000007d6c                ENET_IRQHandler
 *fill*         0x0000000000007d6e        0x2 
 .text.spi_delay
                0x0000000000007d70       0x18 ../common/ubertooth.o
 .text.rbit     0x0000000000007d88        0x6 ../common/ubertooth.o
                0x0000000000007d88                rbit
 *fill*         0x0000000000007d8e        0x2 
 .text.wait_us  0x0000000000007d90       0x2c ../common/ubertooth.o
                0x0000000000007d90                wait_us
 .text.wait     0x0000000000007dbc        0xc ../common/ubertooth.o
                0x0000000000007dbc                wait
 .text.all_pins_off
                0x0000000000007dc8       0x54 ../common/ubertooth.o
                0x0000000000007dc8                all_pins_off
 .text.gpio_init
                0x0000000000007e1c       0x34 ../common/ubertooth.o
                0x0000000000007e1c                gpio_init
 .text.dio_ssp_init
                0x0000000000007e50       0x54 ../common/ubertooth.o
                0x0000000000007e50                dio_ssp_init
 .text.atest_init
                0x0000000000007ea4       0x34 ../common/ubertooth.o
                0x0000000000007ea4                atest_init
 .text.cc2400_spi
                0x0000000000007ed8       0x50 ../common/ubertooth.o
                0x0000000000007ed8                cc2400_spi
 .text.cc2400_init
                0x0000000000007f28       0x38 ../common/ubertooth.o
                0x0000000000007f28                cc2400_init
 .text.cc2400_get
                0x0000000000007f60       0x12 ../common/ubertooth.o
                0x0000000000007f60                cc2400_get
 .text.cc2400_set
                0x0000000000007f72        0xa ../common/ubertooth.o
                0x0000000000007f72                cc2400_set
 .text.cc2400_get8
                0x0000000000007f7c       0x12 ../common/ubertooth.o
                0x0000000000007f7c                cc2400_get8
 .text.cc2400_set8
                0x0000000000007f8e        0xa ../common/ubertooth.o
                0x0000000000007f8e                cc2400_set8
 .text.cc2400_fifo_write
                0x0000000000007f98       0x90 ../common/ubertooth.o
                0x0000000000007f98                cc2400_fifo_write
 .text.cc2400_fifo_read
                0x0000000000008028       0x90 ../common/ubertooth.o
                0x0000000000008028                cc2400_fifo_read
 .text.cc2400_status
                0x00000000000080b8        0xe ../common/ubertooth.o
                0x00000000000080b8                cc2400_status
 .text.cc2400_strobe
                0x00000000000080c6        0xe ../common/ubertooth.o
                0x00000000000080c6                cc2400_strobe
 .text.cc2400_reset
                0x00000000000080d4       0x2c ../common/ubertooth.o
                0x00000000000080d4                cc2400_reset
 .text.clock_start
                0x0000000000008100      0x14c ../common/ubertooth.o
                0x0000000000008100                clock_start
 .text.ubertooth_init
                0x000000000000824c       0x12 ../common/ubertooth.o
                0x000000000000824c                ubertooth_init
 *fill*         0x000000000000825e        0x2 
 .text.reset    0x0000000000008260       0x34 ../common/ubertooth.o
                0x0000000000008260                reset
 .text.get_part_num
                0x0000000000008294       0x38 ../common/ubertooth.o
                0x0000000000008294                get_part_num
 .text.get_device_serial
                0x00000000000082cc       0x68 ../common/ubertooth.o
                0x00000000000082cc                get_device_serial
 .text.set_isp  0x0000000000008334       0x20 ../common/ubertooth.o
                0x0000000000008334                set_isp
 .text.DataIn   0x0000000000008354       0x28 ../common/lpcusb/target/usbcontrol.o
 .text._HandleRequest.constprop.1
                0x000000000000837c       0x50 ../common/lpcusb/target/usbcontrol.o
 .text.USBHandleControlTransfer
                0x00000000000083cc       0xa8 ../common/lpcusb/target/usbcontrol.o
                0x00000000000083cc                USBHandleControlTransfer
 .text.USBRegisterRequestHandler
                0x0000000000008474       0x10 ../common/lpcusb/target/usbcontrol.o
                0x0000000000008474                USBRegisterRequestHandler
 .text.HandleUsbReset
                0x0000000000008484        0x2 ../common/lpcusb/target/usbinit.o
 *fill*         0x0000000000008486        0x2 
 .text.USBInit  0x0000000000008488       0x4c ../common/lpcusb/target/usbinit.o
                0x0000000000008488                USBInit
 .text.Wait4DevInt
                0x00000000000084d4       0x18 ../common/lpcusb/target/usbhw_lpc.o
 .text.USBHwCmd
                0x00000000000084ec       0x18 ../common/lpcusb/target/usbhw_lpc.o
 .text.USBHwCmdWrite
                0x0000000000008504       0x20 ../common/lpcusb/target/usbhw_lpc.o
 .text.USBHwEPConfig
                0x0000000000008524       0x38 ../common/lpcusb/target/usbhw_lpc.o
                0x0000000000008524                USBHwEPConfig
 .text.USBHwRegisterEPIntHandler
                0x000000000000855c       0x34 ../common/lpcusb/target/usbhw_lpc.o
                0x000000000000855c                USBHwRegisterEPIntHandler
 .text.USBHwRegisterDevIntHandler
                0x0000000000008590       0x18 ../common/lpcusb/target/usbhw_lpc.o
                0x0000000000008590                USBHwRegisterDevIntHandler
 .text.USBHwSetAddress
                0x00000000000085a8        0xa ../common/lpcusb/target/usbhw_lpc.o
                0x00000000000085a8                USBHwSetAddress
 .text.USBHwConnect
                0x00000000000085b2        0xc ../common/lpcusb/target/usbhw_lpc.o
                0x00000000000085b2                USBHwConnect
 .text.USBHwNakIntEnable
                0x00000000000085be        0x8 ../common/lpcusb/target/usbhw_lpc.o
                0x00000000000085be                USBHwNakIntEnable
 *fill*         0x00000000000085c6        0x2 
 .text.USBHwEPGetStatus
                0x00000000000085c8       0x34 ../common/lpcusb/target/usbhw_lpc.o
                0x00000000000085c8                USBHwEPGetStatus
 .text.USBHwEPStall
                0x00000000000085fc       0x18 ../common/lpcusb/target/usbhw_lpc.o
                0x00000000000085fc                USBHwEPStall
 .text.USBHwEPWrite
                0x0000000000008614       0x60 ../common/lpcusb/target/usbhw_lpc.o
                0x0000000000008614                USBHwEPWrite
 .text.USBHwEPRead
                0x0000000000008674       0x6c ../common/lpcusb/target/usbhw_lpc.o
                0x0000000000008674                USBHwEPRead
 .text.USBHwConfigDevice
                0x00000000000086e0        0xc ../common/lpcusb/target/usbhw_lpc.o
                0x00000000000086e0                USBHwConfigDevice
 .text.USBHwISR
                0x00000000000086ec       0xcc ../common/lpcusb/target/usbhw_lpc.o
                0x00000000000086ec                USBHwISR
 .text.USBHwInit
                0x00000000000087b8       0xb0 ../common/lpcusb/target/usbhw_lpc.o
                0x00000000000087b8                USBHwInit
 .text.USBFilterOsVendorMessage
                0x0000000000008868       0x68 ../common/lpcusb/target/usbstdreq.o
                0x0000000000008868                USBFilterOsVendorMessage
 .text.USBRegisterWinusbInterface
                0x00000000000088d0       0x34 ../common/lpcusb/target/usbstdreq.o
                0x00000000000088d0                USBRegisterWinusbInterface
 .text.USBRegisterDescriptors
                0x0000000000008904        0xc ../common/lpcusb/target/usbstdreq.o
                0x0000000000008904                USBRegisterDescriptors
 .text.USBGetDescriptor
                0x0000000000008910       0x58 ../common/lpcusb/target/usbstdreq.o
                0x0000000000008910                USBGetDescriptor
 .text.USBHandleStandardRequest
                0x0000000000008968      0x138 ../common/lpcusb/target/usbstdreq.o
                0x0000000000008968                USBHandleStandardRequest
 .text          0x0000000000008aa0       0x18 /usr/lib/gcc/arm-none-eabi/4.8.2/armv7-m/libgcc.a(_ashldi3.o)
                0x0000000000008aa0                __ashldi3
                0x0000000000008aa0                __aeabi_llsl
 .text.memcmp   0x0000000000008ab8       0x68 /usr/lib/gcc/arm-none-eabi/4.8.2/../../../arm-none-eabi/lib/armv7-m/libc.a(lib_a-memcmp.o)
                0x0000000000008ab8                memcmp
 .text          0x0000000000008b20       0xec /usr/lib/gcc/arm-none-eabi/4.8.2/../../../arm-none-eabi/lib/armv7-m/libc.a(lib_a-memcpy.o)
                0x0000000000008b20                memcpy
 .text.strlen   0x0000000000008c0c       0x60 /usr/lib/gcc/arm-none-eabi/4.8.2/../../../arm-none-eabi/lib/armv7-m/libc.a(lib_a-strlen.o)
                0x0000000000008c0c                strlen
 *(.rodata .rodata.* .gnu.linkonce.r.*)
 .rodata.str1.4
                0x0000000000008c6c        0x4 /usr/lib/gcc/arm-none-eabi/4.8.2/../../../arm-none-eabi/lib/armv7-m/libc.a(lib_a-impure.o)
 .rodata._global_impure_ptr
                0x0000000000008c70        0x4 /usr/lib/gcc/arm-none-eabi/4.8.2/../../../arm-none-eabi/lib/armv7-m/libc.a(lib_a-impure.o)
                0x0000000000008c70                _global_impure_ptr
 .rodata        0x0000000000008c74      0x8c4 bluetooth_rxtx.o
                0x0000000000008d1b                compile_info
 .rodata.str1.1
                0x0000000000009538        0xb bluetooth_rxtx.o
 .rodata        0x0000000000009543       0x1c bluetooth.o
 .rodata.str1.1
                0x000000000000955f       0x27 ubertooth_usb.o
 *fill*         0x0000000000009586        0x2 
 .rodata        0x0000000000009588       0x54 ego.o
 .rodata        0x00000000000095dc        0x4 ../common/ubertooth.o
                0x00000000000095dc                iap_entry
 .rodata        0x00000000000095e0       0x28 ../common/lpcusb/target/usbstdreq.o
 *(.eh_frame_hdr)
 *(.eh_frame)
 .eh_frame      0x0000000000009608        0x0 /usr/lib/gcc/arm-none-eabi/4.8.2/armv7-m/crtbegin.o
                0x0000000000009608                . = ALIGN (0x4)
 *(.init)
 .init          0x0000000000009608        0x4 /usr/lib/gcc/arm-none-eabi/4.8.2/armv7-m/crti.o
                0x0000000000009608                _init
 .init          0x000000000000960c        0x8 /usr/lib/gcc/arm-none-eabi/4.8.2/armv7-m/crtn.o
                0x0000000000009614                . = ALIGN (0x4)
                0x0000000000009614                __preinit_array_start = .
 *(.preinit_array)
                0x0000000000009614                __preinit_array_end = .
                0x0000000000009614                . = ALIGN (0x4)
                0x0000000000009614                __init_array_start = .
 *(SORT(.init_array.*))
 .init_array.00000
                0x0000000000009614        0x4 /usr/lib/gcc/arm-none-eabi/4.8.2/../../../arm-none-eabi/lib/armv7-m/libc.a(lib_a-__call_atexit.o)
 *(.init_array)
 .init_array    0x0000000000009618        0x4 /usr/lib/gcc/arm-none-eabi/4.8.2/armv7-m/crtbegin.o
                0x000000000000961c                __init_array_end = .
                0x000000000000961c                . = ALIGN (0x4)
 *crtbegin.o(.ctors)
 *(EXCLUDE_FILE(*crtend.o) .ctors)
 *(SORT(.ctors.*))
 *crtend.o(.ctors)
                0x000000000000961c                . = ALIGN (0x4)
 *(.fini)
 .fini          0x000000000000961c        0x4 /usr/lib/gcc/arm-none-eabi/4.8.2/armv7-m/crti.o
                0x000000000000961c                _fini
 .fini          0x0000000000009620        0x8 /usr/lib/gcc/arm-none-eabi/4.8.2/armv7-m/crtn.o
                0x0000000000009628                . = ALIGN (0x4)
                0x0000000000009628                __fini_array_start = .
 *(.fini_array)
 .fini_array    0x0000000000009628        0x4 /usr/lib/gcc/arm-none-eabi/4.8.2/armv7-m/crtbegin.o
 *(SORT(.fini_array.*))
                0x000000000000962c                __fini_array_end = .
 *crtbegin.o(.dtors)
 *(EXCLUDE_FILE(*crtend.o) .dtors)
 *(SORT(.dtors.*))
 *crtend.o(.dtors)
                0x0000000000009630                . = ALIGN (0x8)
 *fill*         0x000000000000962c        0x4 
                0x0000000000009630                _etext = .

.glue_7         0x0000000000009630        0x0
 .glue_7        0x0000000000000000        0x0 linker stubs

.glue_7t        0x0000000000009630        0x0
 .glue_7t       0x0000000000000000        0x0 linker stubs

.vfp11_veneer   0x0000000000009630        0x0
 .vfp11_veneer  0x0000000000000000        0x0 linker stubs

.v4_bx          0x0000000000009630        0x0
 .v4_bx         0x0000000000000000        0x0 linker stubs

.iplt           0x0000000000009630        0x0
 .iplt          0x0000000000000000        0x0 /usr/lib/gcc/arm-none-eabi/4.8.2/armv7-m/crtbegin.o

.rel.dyn        0x0000000000009630        0x0
 .rel.iplt      0x0000000000000000        0x0 /usr/lib/gcc/arm-none-eabi/4.8.2/armv7-m/crtbegin.o

.ARM.extab
 *(.ARM.extab* .gnu.linkonce.armextab.*)
                0x0000000000009630                __exidx_start = .

.ARM.exidx
 *(.ARM.exidx* .gnu.linkonce.armexidx.*)
                0x0000000000009630                __exidx_end = .
                0x0000000000009630                _etext = .

.persistent     0x0000000010000000       0x20
                0x0000000010000000                _persistent_start = .
                0x0000000010000020                . = (. + 0x20)
 *fill*         0x0000000010000000       0x20 
                0x0000000010000020                _persistent_end = .
                0x000000001000001c                bootloader_ctrl = (_persistent_start + 0x1c)

.data           0x0000000010000020      0x9dd load address 0x0000000000009630
                0x0000000010000020                _data = .
 *(vtable)
 *(.data*)
 .data.impure_data
                0x0000000010000020      0x428 /usr/lib/gcc/arm-none-eabi/4.8.2/../../../arm-none-eabi/lib/armv7-m/libc.a(lib_a-impure.o)
 .data          0x0000000010000448       0x54 bluetooth_rxtx.o
                0x0000000010000448                channel
                0x000000001000044c                le
                0x0000000010000490                hop_timeout
                0x0000000010000492                le_adv_channel
                0x0000000010000494                low_freq
                0x0000000010000496                high_freq
                0x0000000010000498                rssi_threshold
 .data          0x000000001000049c      0x400 bluetooth_le.o
                0x000000001000049c                btle_crc_lut
 .data          0x000000001000089c       0xbd ubertooth_usb.o
 .data          0x0000000010000959       0xa4 ../common/lpcusb/target/usbstdreq.o
                0x00000000100009fd                _edata = .

.jcr            0x0000000010000a00        0x0 load address 0x000000000000a00d
 .jcr           0x0000000010000a00        0x0 /usr/lib/gcc/arm-none-eabi/4.8.2/armv7-m/crtbegin.o

.tm_clone_table
                0x0000000010000a00        0x0 load address 0x000000000000a00d
 .tm_clone_table
                0x0000000010000a00        0x0 /usr/lib/gcc/arm-none-eabi/4.8.2/armv7-m/crtbegin.o
 .tm_clone_table
                0x0000000010000a00        0x0 /usr/lib/gcc/arm-none-eabi/4.8.2/armv7-m/crtend.o

.igot.plt       0x0000000010000a00        0x0 load address 0x000000000000a00d
 .igot.plt      0x0000000000000000        0x0 /usr/lib/gcc/arm-none-eabi/4.8.2/armv7-m/crtbegin.o

.bss            0x0000000010000a00     0x2954 load address 0x000000000000a00d
                0x0000000010000a00                _bss = .
                0x0000000010000a00                __bss_start__ = .
 *(.bss*)
 .bss           0x0000000010000a00       0x1c /usr/lib/gcc/arm-none-eabi/4.8.2/armv7-m/crtbegin.o
 .bss           0x0000000010000a1c       0x38 bluetooth_rxtx.o
                0x0000000010000a1c                modulation
                0x0000000010000a1d                status
                0x0000000010000a1e                idle_buf_clkn_high
                0x0000000010000a20                idle_buf_clk100ns
                0x0000000010000a24                idle_buf_channel
                0x0000000010000a26                hop_mode
                0x0000000010000a27                do_hop
                0x0000000010000a28                hop_direct_channel
                0x0000000010000a2a                requested_channel
                0x0000000010000a2c                dma_discard
                0x0000000010000a2d                mode
                0x0000000010000a2e                requested_mode
                0x0000000010000a2f                jam_mode
                0x0000000010000a30                ego_mode
                0x0000000010000a34                packet_cb
                0x0000000010000a38                le_jam_count
                0x0000000010000a3c                slave_mac_address
                0x0000000010000a44                data_cb
 .bss           0x0000000010000a54        0xc ubertooth_usb.o
                0x0000000010000a54                head
                0x0000000010000a58                tail
                0x0000000010000a5c                last_usb_pkt
 .bss           0x0000000010000a60       0x9e ubertooth_rssi.o
                0x0000000010000a60                rssi_iir
 *fill*         0x0000000010000afe        0x2 
 .bss           0x0000000010000b00        0x8 ../common/ubertooth.o
 .bss           0x0000000010000b08       0x34 ../common/lpcusb/target/usbcontrol.o
 .bss           0x0000000010000b3c        0x8 ../common/lpcusb/target/usbinit.o
 .bss           0x0000000010000b44       0x48 ../common/lpcusb/target/usbhw_lpc.o
 .bss           0x0000000010000b8c       0x10 ../common/lpcusb/target/usbstdreq.o
 *(COMMON)
 *fill*         0x0000000010000b9c        0x4 
 COMMON         0x0000000010000ba0      0x530 bluetooth_rxtx.o
                0x0000000010000ba0                last_hop
                0x0000000010000ba4                rx_tc
                0x0000000010000ba8                rssi_max
                0x0000000010000ba9                used_channels
                0x0000000010000baa                rssi_min
                0x0000000010000bab                afh_map
                0x0000000010000bb8                clkn_offset
                0x0000000010000bbc                clkn_last_drift_fix
                0x0000000010000bc0                clk_drift_correction
                0x0000000010000bc4                clkn
                0x0000000010000bc8                tx_pkt
                0x0000000010000c04                active_rxbuf
                0x0000000010000c08                le_promisc
                0x0000000010000d10                cs_no_squelch
                0x0000000010000d12                clk100ns_offset
                0x0000000010000d18                syncword
                0x0000000010000d20                idle_rxbuf
                0x0000000010000d24                unpacked
                0x0000000010001044                clk_drift_ppm
                0x0000000010001046                rssi_count
                0x0000000010001047                afh_enabled
                0x0000000010001048                cs_threshold_req
                0x0000000010001049                rxbuf2
                0x000000001000107c                clkn_next_drift_fix
                0x0000000010001080                rr
                0x0000000010001085                rxbuf1
                0x00000000100010b8                rx_err
                0x00000000100010bc                cs_threshold_cur
                0x00000000100010bd                cs_trigger
                0x00000000100010c0                target
 COMMON         0x00000000100010d0       0xa5 bluetooth.o
                0x00000000100010d0                b
                0x00000000100010d2                d1
                0x00000000100010d4                afh_bank
                0x0000000010001123                a1
                0x0000000010001124                c1
                0x0000000010001125                bank
                0x0000000010001174                e
 *fill*         0x0000000010001175        0x3 
 COMMON         0x0000000010001178     0x2108 ubertooth_usb.o
                0x0000000010001178                fifo
                0x0000000010003178                abVendorReqData
                0x000000001000327c                v_req_handler
 COMMON         0x0000000010003280        0x4 ubertooth_rssi.o
                0x0000000010003280                rssi_sum
 COMMON         0x0000000010003284       0xd0 ubertooth_dma.o
                0x0000000010003284                le_dma_lli
                0x0000000010003334                rx_dma_lli2
                0x0000000010003344                rx_dma_lli1
                0x0000000010003354                _ebss = .
                0x0000000010003354                __bss_end__ = .

.cr_heap        0x0000000010003354        0x0 load address 0x000000000000a00d
                0x0000000010003354                end = .
                0x0000000010003354                __end__ = .
                0x0000000010003354                _pvHeapStart = .
                0x0000000010003fe0                _StackTop = ((ORIGIN (ram) + 0x4000) - 0x20)
OUTPUT(bluetooth_rxtx.elf elf32-littlearm)

.ARM.attributes
                0x0000000000000000       0x29
 .ARM.attributes
                0x0000000000000000       0x1d /usr/lib/gcc/arm-none-eabi/4.8.2/armv7-m/crti.o
 .ARM.attributes
                0x000000000000001d       0x2d /usr/lib/gcc/arm-none-eabi/4.8.2/armv7-m/crtbegin.o
 .ARM.attributes
                0x000000000000004a       0x2d /usr/lib/gcc/arm-none-eabi/4.8.2/../../../arm-none-eabi/lib/armv7-m/libc.a(lib_a-atexit.o)
 .ARM.attributes
                0x0000000000000077       0x2d /usr/lib/gcc/arm-none-eabi/4.8.2/../../../arm-none-eabi/lib/armv7-m/libc.a(lib_a-fini.o)
 .ARM.attributes
                0x00000000000000a4       0x2d /usr/lib/gcc/arm-none-eabi/4.8.2/../../../arm-none-eabi/lib/armv7-m/libc.a(lib_a-impure.o)
 .ARM.attributes
                0x00000000000000d1       0x2d /usr/lib/gcc/arm-none-eabi/4.8.2/../../../arm-none-eabi/lib/armv7-m/libc.a(lib_a-init.o)
 .ARM.attributes
                0x00000000000000fe       0x2d /usr/lib/gcc/arm-none-eabi/4.8.2/../../../arm-none-eabi/lib/armv7-m/libc.a(lib_a-memset.o)
 .ARM.attributes
                0x000000000000012b       0x2d /usr/lib/gcc/arm-none-eabi/4.8.2/../../../arm-none-eabi/lib/armv7-m/libc.a(lib_a-__atexit.o)
 .ARM.attributes
                0x0000000000000158       0x2d /usr/lib/gcc/arm-none-eabi/4.8.2/../../../arm-none-eabi/lib/armv7-m/libc.a(lib_a-__call_atexit.o)
 .ARM.attributes
                0x0000000000000185       0x33 bluetooth_rxtx.o
 .ARM.attributes
                0x00000000000001b8       0x33 bluetooth.o
 .ARM.attributes
                0x00000000000001eb       0x33 bluetooth_le.o
 .ARM.attributes
                0x000000000000021e       0x33 ubertooth_usb.o
 .ARM.attributes
                0x0000000000000251       0x33 ubertooth_rssi.o
 .ARM.attributes
                0x0000000000000284       0x33 ubertooth_cs.o
 .ARM.attributes
                0x00000000000002b7       0x33 ubertooth_clock.o
 .ARM.attributes
                0x00000000000002ea       0x33 ubertooth_dma.o
 .ARM.attributes
                0x000000000000031d       0x33 cc2400_rangetest.o
 .ARM.attributes
                0x0000000000000350       0x33 ego.o
 .ARM.attributes
                0x0000000000000383       0x33 ../common/usb_serial.o
 .ARM.attributes
                0x00000000000003b6       0x33 ../common/LPC17xx_Startup.o
 .ARM.attributes
                0x00000000000003e9       0x33 ../common/LPC17xx_Interrupts.o
 .ARM.attributes
                0x000000000000041c       0x33 ../common/ubertooth.o
 .ARM.attributes
                0x000000000000044f       0x33 ../common/lpcusb/target/usbcontrol.o
 .ARM.attributes
                0x0000000000000482       0x33 ../common/lpcusb/target/usbinit.o
 .ARM.attributes
                0x00000000000004b5       0x33 ../common/lpcusb/target/usbhw_lpc.o
 .ARM.attributes
                0x00000000000004e8       0x33 ../common/lpcusb/target/usbstdreq.o
 .ARM.attributes
                0x000000000000051b       0x1d /usr/lib/gcc/arm-none-eabi/4.8.2/armv7-m/libgcc.a(_ashldi3.o)
 .ARM.attributes
                0x0000000000000538       0x2d /usr/lib/gcc/arm-none-eabi/4.8.2/../../../arm-none-eabi/lib/armv7-m/libc.a(lib_a-memcmp.o)
 .ARM.attributes
                0x0000000000000565       0x1b /usr/lib/gcc/arm-none-eabi/4.8.2/../../../arm-none-eabi/lib/armv7-m/libc.a(lib_a-memcpy.o)
 .ARM.attributes
                0x0000000000000580       0x2d /usr/lib/gcc/arm-none-eabi/4.8.2/../../../arm-none-eabi/lib/armv7-m/libc.a(lib_a-strlen.o)
 .ARM.attributes
                0x00000000000005ad       0x2d /usr/lib/gcc/arm-none-eabi/4.8.2/armv7-m/crtend.o
 .ARM.attributes
                0x00000000000005da       0x1d /usr/lib/gcc/arm-none-eabi/4.8.2/armv7-m/crtn.o

.comment        0x0000000000000000       0x1f
 .comment       0x0000000000000000       0x1f /usr/lib/gcc/arm-none-eabi/4.8.2/armv7-m/crtbegin.o
                                         0x20 (size before relaxing)
 .comment       0x0000000000000000       0x20 /usr/lib/gcc/arm-none-eabi/4.8.2/../../../arm-none-eabi/lib/armv7-m/libc.a(lib_a-atexit.o)
 .comment       0x0000000000000000       0x20 /usr/lib/gcc/arm-none-eabi/4.8.2/../../../arm-none-eabi/lib/armv7-m/libc.a(lib_a-fini.o)
 .comment       0x0000000000000000       0x20 /usr/lib/gcc/arm-none-eabi/4.8.2/../../../arm-none-eabi/lib/armv7-m/libc.a(lib_a-impure.o)
 .comment       0x0000000000000000       0x20 /usr/lib/gcc/arm-none-eabi/4.8.2/../../../arm-none-eabi/lib/armv7-m/libc.a(lib_a-init.o)
 .comment       0x0000000000000000       0x20 /usr/lib/gcc/arm-none-eabi/4.8.2/../../../arm-none-eabi/lib/armv7-m/libc.a(lib_a-memset.o)
 .comment       0x0000000000000000       0x20 /usr/lib/gcc/arm-none-eabi/4.8.2/../../../arm-none-eabi/lib/armv7-m/libc.a(lib_a-__atexit.o)
 .comment       0x0000000000000000       0x20 /usr/lib/gcc/arm-none-eabi/4.8.2/../../../arm-none-eabi/lib/armv7-m/libc.a(lib_a-__call_atexit.o)
 .comment       0x0000000000000000       0x20 bluetooth_rxtx.o
 .comment       0x0000000000000000       0x20 bluetooth.o
 .comment       0x0000000000000000       0x20 bluetooth_le.o
 .comment       0x0000000000000000       0x20 ubertooth_usb.o
 .comment       0x0000000000000000       0x20 ubertooth_rssi.o
 .comment       0x0000000000000000       0x20 ubertooth_cs.o
 .comment       0x0000000000000000       0x20 ubertooth_clock.o
 .comment       0x0000000000000000       0x20 ubertooth_dma.o
 .comment       0x0000000000000000       0x20 cc2400_rangetest.o
 .comment       0x0000000000000000       0x20 ego.o
 .comment       0x0000000000000000       0x20 ../common/usb_serial.o
 .comment       0x0000000000000000       0x20 ../common/LPC17xx_Startup.o
 .comment       0x0000000000000000       0x20 ../common/LPC17xx_Interrupts.o
 .comment       0x0000000000000000       0x20 ../common/ubertooth.o
 .comment       0x0000000000000000       0x20 ../common/lpcusb/target/usbcontrol.o
 .comment       0x0000000000000000       0x20 ../common/lpcusb/target/usbinit.o
 .comment       0x0000000000000000       0x20 ../common/lpcusb/target/usbhw_lpc.o
 .comment       0x0000000000000000       0x20 ../common/lpcusb/target/usbstdreq.o
 .comment       0x0000000000000000       0x20 /usr/lib/gcc/arm-none-eabi/4.8.2/../../../arm-none-eabi/lib/armv7-m/libc.a(lib_a-memcmp.o)
 .comment       0x0000000000000000       0x20 /usr/lib/gcc/arm-none-eabi/4.8.2/../../../arm-none-eabi/lib/armv7-m/libc.a(lib_a-strlen.o)
 .comment       0x0000000000000000       0x20 /usr/lib/gcc/arm-none-eabi/4.8.2/armv7-m/crtend.o

.debug_info     0x0000000000000000     0xb7fe
 .debug_info    0x0000000000000000      0x10a /usr/lib/gcc/arm-none-eabi/4.8.2/../../../arm-none-eabi/lib/armv7-m/libc.a(lib_a-atexit.o)
 .debug_info    0x000000000000010a       0xef /usr/lib/gcc/arm-none-eabi/4.8.2/../../../arm-none-eabi/lib/armv7-m/libc.a(lib_a-fini.o)
 .debug_info    0x00000000000001f9      0x894 /usr/lib/gcc/arm-none-eabi/4.8.2/../../../arm-none-eabi/lib/armv7-m/libc.a(lib_a-impure.o)
 .debug_info    0x0000000000000a8d      0x105 /usr/lib/gcc/arm-none-eabi/4.8.2/../../../arm-none-eabi/lib/armv7-m/libc.a(lib_a-init.o)
 .debug_info    0x0000000000000b92      0x117 /usr/lib/gcc/arm-none-eabi/4.8.2/../../../arm-none-eabi/lib/armv7-m/libc.a(lib_a-memset.o)
 .debug_info    0x0000000000000ca9      0x934 /usr/lib/gcc/arm-none-eabi/4.8.2/../../../arm-none-eabi/lib/armv7-m/libc.a(lib_a-__atexit.o)
 .debug_info    0x00000000000015dd      0x9aa /usr/lib/gcc/arm-none-eabi/4.8.2/../../../arm-none-eabi/lib/armv7-m/libc.a(lib_a-__call_atexit.o)
 .debug_info    0x0000000000001f87     0x36fe bluetooth_rxtx.o
 .debug_info    0x0000000000005685      0x4cf bluetooth.o
 .debug_info    0x0000000000005b54      0x536 bluetooth_le.o
 .debug_info    0x000000000000608a      0x7fb ubertooth_usb.o
 .debug_info    0x0000000000006885      0x208 ubertooth_rssi.o
 .debug_info    0x0000000000006a8d      0x266 ubertooth_cs.o
 .debug_info    0x0000000000006cf3      0x16c ubertooth_clock.o
 .debug_info    0x0000000000006e5f      0x24d ubertooth_dma.o
 .debug_info    0x00000000000070ac      0x83c cc2400_rangetest.o
 .debug_info    0x00000000000078e8      0xd0b ego.o
 .debug_info    0x00000000000085f3      0x9b9 ../common/usb_serial.o
 .debug_info    0x0000000000008fac      0x117 ../common/LPC17xx_Startup.o
 .debug_info    0x00000000000090c3       0x7d ../common/LPC17xx_Interrupts.o
 .debug_info    0x0000000000009140      0xa96 ../common/ubertooth.o
 .debug_info    0x0000000000009bd6      0x47d ../common/lpcusb/target/usbcontrol.o
 .debug_info    0x000000000000a053      0x297 ../common/lpcusb/target/usbinit.o
 .debug_info    0x000000000000a2ea      0xab0 ../common/lpcusb/target/usbhw_lpc.o
 .debug_info    0x000000000000ad9a      0x74b ../common/lpcusb/target/usbstdreq.o
 .debug_info    0x000000000000b4e5       0x9f /usr/lib/gcc/arm-none-eabi/4.8.2/armv7-m/libgcc.a(_ashldi3.o)
 .debug_info    0x000000000000b584      0x113 /usr/lib/gcc/arm-none-eabi/4.8.2/../../../arm-none-eabi/lib/armv7-m/libc.a(lib_a-memcmp.o)
 .debug_info    0x000000000000b697       0xb2 /usr/lib/gcc/arm-none-eabi/4.8.2/../../../arm-none-eabi/lib/armv7-m/libc.a(lib_a-memcpy.o)
 .debug_info    0x000000000000b749       0xb5 /usr/lib/gcc/arm-none-eabi/4.8.2/../../../arm-none-eabi/lib/armv7-m/libc.a(lib_a-strlen.o)

.debug_abbrev   0x0000000000000000     0x2ef0
 .debug_abbrev  0x0000000000000000       0xb8 /usr/lib/gcc/arm-none-eabi/4.8.2/../../../arm-none-eabi/lib/armv7-m/libc.a(lib_a-atexit.o)
 .debug_abbrev  0x00000000000000b8       0xbd /usr/lib/gcc/arm-none-eabi/4.8.2/../../../arm-none-eabi/lib/armv7-m/libc.a(lib_a-fini.o)
 .debug_abbrev  0x0000000000000175      0x180 /usr/lib/gcc/arm-none-eabi/4.8.2/../../../arm-none-eabi/lib/armv7-m/libc.a(lib_a-impure.o)
 .debug_abbrev  0x00000000000002f5       0xba /usr/lib/gcc/arm-none-eabi/4.8.2/../../../arm-none-eabi/lib/armv7-m/libc.a(lib_a-init.o)
 .debug_abbrev  0x00000000000003af       0x9f /usr/lib/gcc/arm-none-eabi/4.8.2/../../../arm-none-eabi/lib/armv7-m/libc.a(lib_a-memset.o)
 .debug_abbrev  0x000000000000044e      0x20f /usr/lib/gcc/arm-none-eabi/4.8.2/../../../arm-none-eabi/lib/armv7-m/libc.a(lib_a-__atexit.o)
 .debug_abbrev  0x000000000000065d      0x285 /usr/lib/gcc/arm-none-eabi/4.8.2/../../../arm-none-eabi/lib/armv7-m/libc.a(lib_a-__call_atexit.o)
 .debug_abbrev  0x00000000000008e2      0x580 bluetooth_rxtx.o
 .debug_abbrev  0x0000000000000e62      0x1a8 bluetooth.o
 .debug_abbrev  0x000000000000100a      0x175 bluetooth_le.o
 .debug_abbrev  0x000000000000117f      0x308 ubertooth_usb.o
 .debug_abbrev  0x0000000000001487      0x111 ubertooth_rssi.o
 .debug_abbrev  0x0000000000001598      0x14e ubertooth_cs.o
 .debug_abbrev  0x00000000000016e6       0x88 ubertooth_clock.o
 .debug_abbrev  0x000000000000176e      0x109 ubertooth_dma.o
 .debug_abbrev  0x0000000000001877      0x1cb cc2400_rangetest.o
 .debug_abbrev  0x0000000000001a42      0x37c ego.o
 .debug_abbrev  0x0000000000001dbe      0x2fa ../common/usb_serial.o
 .debug_abbrev  0x00000000000020b8       0xb8 ../common/LPC17xx_Startup.o
 .debug_abbrev  0x0000000000002170       0x80 ../common/LPC17xx_Interrupts.o
 .debug_abbrev  0x00000000000021f0      0x2df ../common/ubertooth.o
 .debug_abbrev  0x00000000000024cf      0x249 ../common/lpcusb/target/usbcontrol.o
 .debug_abbrev  0x0000000000002718      0x13d ../common/lpcusb/target/usbinit.o
 .debug_abbrev  0x0000000000002855      0x2ac ../common/lpcusb/target/usbhw_lpc.o
 .debug_abbrev  0x0000000000002b01      0x2d8 ../common/lpcusb/target/usbstdreq.o
 .debug_abbrev  0x0000000000002dd9       0x14 /usr/lib/gcc/arm-none-eabi/4.8.2/armv7-m/libgcc.a(_ashldi3.o)
 .debug_abbrev  0x0000000000002ded       0x7f /usr/lib/gcc/arm-none-eabi/4.8.2/../../../arm-none-eabi/lib/armv7-m/libc.a(lib_a-memcmp.o)
 .debug_abbrev  0x0000000000002e6c       0x14 /usr/lib/gcc/arm-none-eabi/4.8.2/../../../arm-none-eabi/lib/armv7-m/libc.a(lib_a-memcpy.o)
 .debug_abbrev  0x0000000000002e80       0x70 /usr/lib/gcc/arm-none-eabi/4.8.2/../../../arm-none-eabi/lib/armv7-m/libc.a(lib_a-strlen.o)

.debug_loc      0x0000000000000000     0x56e4
 .debug_loc     0x0000000000000000       0x2c /usr/lib/gcc/arm-none-eabi/4.8.2/../../../arm-none-eabi/lib/armv7-m/libc.a(lib_a-atexit.o)
 .debug_loc     0x000000000000002c       0x5c /usr/lib/gcc/arm-none-eabi/4.8.2/../../../arm-none-eabi/lib/armv7-m/libc.a(lib_a-fini.o)
 .debug_loc     0x0000000000000088       0xae /usr/lib/gcc/arm-none-eabi/4.8.2/../../../arm-none-eabi/lib/armv7-m/libc.a(lib_a-init.o)
 .debug_loc     0x0000000000000136      0x18b /usr/lib/gcc/arm-none-eabi/4.8.2/../../../arm-none-eabi/lib/armv7-m/libc.a(lib_a-memset.o)
 .debug_loc     0x00000000000002c1      0x14d /usr/lib/gcc/arm-none-eabi/4.8.2/../../../arm-none-eabi/lib/armv7-m/libc.a(lib_a-__atexit.o)
 .debug_loc     0x000000000000040e      0x155 /usr/lib/gcc/arm-none-eabi/4.8.2/../../../arm-none-eabi/lib/armv7-m/libc.a(lib_a-__call_atexit.o)
 .debug_loc     0x0000000000000563     0x21bf bluetooth_rxtx.o
 .debug_loc     0x0000000000002722      0x75b bluetooth.o
 .debug_loc     0x0000000000002e7d      0x37c bluetooth_le.o
 .debug_loc     0x00000000000031f9      0x2c6 ubertooth_usb.o
 .debug_loc     0x00000000000034bf       0x8c ubertooth_rssi.o
 .debug_loc     0x000000000000354b       0x7d ubertooth_cs.o
 .debug_loc     0x00000000000035c8       0x1f ubertooth_dma.o
 .debug_loc     0x00000000000035e7      0x295 cc2400_rangetest.o
 .debug_loc     0x000000000000387c      0x2fa ego.o
 .debug_loc     0x0000000000003b76      0x319 ../common/usb_serial.o
 .debug_loc     0x0000000000003e8f       0x97 ../common/LPC17xx_Startup.o
 .debug_loc     0x0000000000003f26      0x692 ../common/ubertooth.o
 .debug_loc     0x00000000000045b8      0x182 ../common/lpcusb/target/usbcontrol.o
 .debug_loc     0x000000000000473a      0x720 ../common/lpcusb/target/usbhw_lpc.o
 .debug_loc     0x0000000000004e5a      0x786 ../common/lpcusb/target/usbstdreq.o
 .debug_loc     0x00000000000055e0       0xe3 /usr/lib/gcc/arm-none-eabi/4.8.2/../../../arm-none-eabi/lib/armv7-m/libc.a(lib_a-memcmp.o)
 .debug_loc     0x00000000000056c3       0x21 /usr/lib/gcc/arm-none-eabi/4.8.2/../../../arm-none-eabi/lib/armv7-m/libc.a(lib_a-strlen.o)

.debug_aranges  0x0000000000000000      0x858
 .debug_aranges
                0x0000000000000000       0x20 /usr/lib/gcc/arm-none-eabi/4.8.2/../../../arm-none-eabi/lib/armv7-m/libc.a(lib_a-atexit.o)
 .debug_aranges
                0x0000000000000020       0x20 /usr/lib/gcc/arm-none-eabi/4.8.2/../../../arm-none-eabi/lib/armv7-m/libc.a(lib_a-fini.o)
 .debug_aranges
                0x0000000000000040       0x18 /usr/lib/gcc/arm-none-eabi/4.8.2/../../../arm-none-eabi/lib/armv7-m/libc.a(lib_a-impure.o)
 .debug_aranges
                0x0000000000000058       0x20 /usr/lib/gcc/arm-none-eabi/4.8.2/../../../arm-none-eabi/lib/armv7-m/libc.a(lib_a-init.o)
 .debug_aranges
                0x0000000000000078       0x20 /usr/lib/gcc/arm-none-eabi/4.8.2/../../../arm-none-eabi/lib/armv7-m/libc.a(lib_a-memset.o)
 .debug_aranges
                0x0000000000000098       0x20 /usr/lib/gcc/arm-none-eabi/4.8.2/../../../arm-none-eabi/lib/armv7-m/libc.a(lib_a-__atexit.o)
 .debug_aranges
                0x00000000000000b8       0x28 /usr/lib/gcc/arm-none-eabi/4.8.2/../../../arm-none-eabi/lib/armv7-m/libc.a(lib_a-__call_atexit.o)
 .debug_aranges
                0x00000000000000e0      0x140 bluetooth_rxtx.o
 .debug_aranges
                0x0000000000000220       0x30 bluetooth.o
 .debug_aranges
                0x0000000000000250       0x48 bluetooth_le.o
 .debug_aranges
                0x0000000000000298       0x58 ubertooth_usb.o
 .debug_aranges
                0x00000000000002f0       0x38 ubertooth_rssi.o
 .debug_aranges
                0x0000000000000328       0x38 ubertooth_cs.o
 .debug_aranges
                0x0000000000000360       0x30 ubertooth_clock.o
 .debug_aranges
                0x0000000000000390       0x40 ubertooth_dma.o
 .debug_aranges
                0x00000000000003d0       0x30 cc2400_rangetest.o
 .debug_aranges
                0x0000000000000400       0x98 ego.o
 .debug_aranges
                0x0000000000000498       0x70 ../common/usb_serial.o
 .debug_aranges
                0x0000000000000508       0x20 ../common/LPC17xx_Startup.o
 .debug_aranges
                0x0000000000000528       0x20 ../common/LPC17xx_Interrupts.o
 .debug_aranges
                0x0000000000000548      0x108 ../common/ubertooth.o
 .debug_aranges
                0x0000000000000650       0x38 ../common/lpcusb/target/usbcontrol.o
 .debug_aranges
                0x0000000000000688       0x28 ../common/lpcusb/target/usbinit.o
 .debug_aranges
                0x00000000000006b0       0xd8 ../common/lpcusb/target/usbhw_lpc.o
 .debug_aranges
                0x0000000000000788       0x50 ../common/lpcusb/target/usbstdreq.o
 .debug_aranges
                0x00000000000007d8       0x20 /usr/lib/gcc/arm-none-eabi/4.8.2/armv7-m/libgcc.a(_ashldi3.o)
 .debug_aranges
                0x00000000000007f8       0x20 /usr/lib/gcc/arm-none-eabi/4.8.2/../../../arm-none-eabi/lib/armv7-m/libc.a(lib_a-memcmp.o)
 .debug_aranges
                0x0000000000000818       0x20 /usr/lib/gcc/arm-none-eabi/4.8.2/../../../arm-none-eabi/lib/armv7-m/libc.a(lib_a-memcpy.o)
 .debug_aranges
                0x0000000000000838       0x20 /usr/lib/gcc/arm-none-eabi/4.8.2/../../../arm-none-eabi/lib/armv7-m/libc.a(lib_a-strlen.o)

.debug_ranges   0x0000000000000000      0x8b0
 .debug_ranges  0x0000000000000000       0x10 /usr/lib/gcc/arm-none-eabi/4.8.2/../../../arm-none-eabi/lib/armv7-m/libc.a(lib_a-atexit.o)
 .debug_ranges  0x0000000000000010       0x10 /usr/lib/gcc/arm-none-eabi/4.8.2/../../../arm-none-eabi/lib/armv7-m/libc.a(lib_a-fini.o)
 .debug_ranges  0x0000000000000020       0x10 /usr/lib/gcc/arm-none-eabi/4.8.2/../../../arm-none-eabi/lib/armv7-m/libc.a(lib_a-init.o)
 .debug_ranges  0x0000000000000030       0x10 /usr/lib/gcc/arm-none-eabi/4.8.2/../../../arm-none-eabi/lib/armv7-m/libc.a(lib_a-memset.o)
 .debug_ranges  0x0000000000000040       0x10 /usr/lib/gcc/arm-none-eabi/4.8.2/../../../arm-none-eabi/lib/armv7-m/libc.a(lib_a-__atexit.o)
 .debug_ranges  0x0000000000000050       0x38 /usr/lib/gcc/arm-none-eabi/4.8.2/../../../arm-none-eabi/lib/armv7-m/libc.a(lib_a-__call_atexit.o)
 .debug_ranges  0x0000000000000088      0x228 bluetooth_rxtx.o
 .debug_ranges  0x00000000000002b0       0x50 bluetooth.o
 .debug_ranges  0x0000000000000300       0x38 bluetooth_le.o
 .debug_ranges  0x0000000000000338       0x48 ubertooth_usb.o
 .debug_ranges  0x0000000000000380       0x28 ubertooth_rssi.o
 .debug_ranges  0x00000000000003a8       0x28 ubertooth_cs.o
 .debug_ranges  0x00000000000003d0       0x20 ubertooth_clock.o
 .debug_ranges  0x00000000000003f0       0x30 ubertooth_dma.o
 .debug_ranges  0x0000000000000420       0x20 cc2400_rangetest.o
 .debug_ranges  0x0000000000000440       0xd0 ego.o
 .debug_ranges  0x0000000000000510       0x78 ../common/usb_serial.o
 .debug_ranges  0x0000000000000588       0x10 ../common/LPC17xx_Startup.o
 .debug_ranges  0x0000000000000598       0x10 ../common/LPC17xx_Interrupts.o
 .debug_ranges  0x00000000000005a8      0x128 ../common/ubertooth.o
 .debug_ranges  0x00000000000006d0       0x40 ../common/lpcusb/target/usbcontrol.o
 .debug_ranges  0x0000000000000710       0x18 ../common/lpcusb/target/usbinit.o
 .debug_ranges  0x0000000000000728       0xe0 ../common/lpcusb/target/usbhw_lpc.o
 .debug_ranges  0x0000000000000808       0x88 ../common/lpcusb/target/usbstdreq.o
 .debug_ranges  0x0000000000000890       0x10 /usr/lib/gcc/arm-none-eabi/4.8.2/../../../arm-none-eabi/lib/armv7-m/libc.a(lib_a-memcmp.o)
 .debug_ranges  0x00000000000008a0       0x10 /usr/lib/gcc/arm-none-eabi/4.8.2/../../../arm-none-eabi/lib/armv7-m/libc.a(lib_a-strlen.o)

.debug_line     0x0000000000000000     0x33b6
 .debug_line    0x0000000000000000       0xa6 /usr/lib/gcc/arm-none-eabi/4.8.2/../../../arm-none-eabi/lib/armv7-m/libc.a(lib_a-atexit.o)
 .debug_line    0x00000000000000a6       0x9c /usr/lib/gcc/arm-none-eabi/4.8.2/../../../arm-none-eabi/lib/armv7-m/libc.a(lib_a-fini.o)
 .debug_line    0x0000000000000142       0xd6 /usr/lib/gcc/arm-none-eabi/4.8.2/../../../arm-none-eabi/lib/armv7-m/libc.a(lib_a-impure.o)
 .debug_line    0x0000000000000218       0xb5 /usr/lib/gcc/arm-none-eabi/4.8.2/../../../arm-none-eabi/lib/armv7-m/libc.a(lib_a-init.o)
 .debug_line    0x00000000000002cd       0xff /usr/lib/gcc/arm-none-eabi/4.8.2/../../../arm-none-eabi/lib/armv7-m/libc.a(lib_a-memset.o)
 .debug_line    0x00000000000003cc      0x160 /usr/lib/gcc/arm-none-eabi/4.8.2/../../../arm-none-eabi/lib/armv7-m/libc.a(lib_a-__atexit.o)
 .debug_line    0x000000000000052c      0x19a /usr/lib/gcc/arm-none-eabi/4.8.2/../../../arm-none-eabi/lib/armv7-m/libc.a(lib_a-__call_atexit.o)
 .debug_line    0x00000000000006c6      0xe35 bluetooth_rxtx.o
 .debug_line    0x00000000000014fb      0x1b8 bluetooth.o
 .debug_line    0x00000000000016b3      0x149 bluetooth_le.o
 .debug_line    0x00000000000017fc      0x21d ubertooth_usb.o
 .debug_line    0x0000000000001a19       0xfe ubertooth_rssi.o
 .debug_line    0x0000000000001b17       0xfd ubertooth_cs.o
 .debug_line    0x0000000000001c14       0xbe ubertooth_clock.o
 .debug_line    0x0000000000001cd2      0x134 ubertooth_dma.o
 .debug_line    0x0000000000001e06      0x23d cc2400_rangetest.o
 .debug_line    0x0000000000002043      0x2af ego.o
 .debug_line    0x00000000000022f2      0x203 ../common/usb_serial.o
 .debug_line    0x00000000000024f5       0x96 ../common/LPC17xx_Startup.o
 .debug_line    0x000000000000258b       0x4e ../common/LPC17xx_Interrupts.o
 .debug_line    0x00000000000025d9      0x44d ../common/ubertooth.o
 .debug_line    0x0000000000002a26       0xf3 ../common/lpcusb/target/usbcontrol.o
 .debug_line    0x0000000000002b19       0xa0 ../common/lpcusb/target/usbinit.o
 .debug_line    0x0000000000002bb9      0x357 ../common/lpcusb/target/usbhw_lpc.o
 .debug_line    0x0000000000002f10      0x1af ../common/lpcusb/target/usbstdreq.o
 .debug_line    0x00000000000030bf       0x6f /usr/lib/gcc/arm-none-eabi/4.8.2/armv7-m/libgcc.a(_ashldi3.o)
 .debug_line    0x000000000000312e       0xf6 /usr/lib/gcc/arm-none-eabi/4.8.2/../../../arm-none-eabi/lib/armv7-m/libc.a(lib_a-memcmp.o)
 .debug_line    0x0000000000003224       0xbb /usr/lib/gcc/arm-none-eabi/4.8.2/../../../arm-none-eabi/lib/armv7-m/libc.a(lib_a-memcpy.o)
 .debug_line    0x00000000000032df       0xd7 /usr/lib/gcc/arm-none-eabi/4.8.2/../../../arm-none-eabi/lib/armv7-m/libc.a(lib_a-strlen.o)

.debug_str      0x0000000000000000     0x2d79
 .debug_str     0x0000000000000000      0x199 /usr/lib/gcc/arm-none-eabi/4.8.2/../../../arm-none-eabi/lib/armv7-m/libc.a(lib_a-atexit.o)
                                        0x1d9 (size before relaxing)
 .debug_str     0x0000000000000199       0xaf /usr/lib/gcc/arm-none-eabi/4.8.2/../../../arm-none-eabi/lib/armv7-m/libc.a(lib_a-fini.o)
                                        0x1d1 (size before relaxing)
 .debug_str     0x0000000000000248      0x3fd /usr/lib/gcc/arm-none-eabi/4.8.2/../../../arm-none-eabi/lib/armv7-m/libc.a(lib_a-impure.o)
                                        0x56d (size before relaxing)
 .debug_str     0x0000000000000645       0x8a /usr/lib/gcc/arm-none-eabi/4.8.2/../../../arm-none-eabi/lib/armv7-m/libc.a(lib_a-init.o)
                                        0x1fb (size before relaxing)
 .debug_str     0x00000000000006cf       0x93 /usr/lib/gcc/arm-none-eabi/4.8.2/../../../arm-none-eabi/lib/armv7-m/libc.a(lib_a-memset.o)
                                        0x1b0 (size before relaxing)
 .debug_str     0x0000000000000762       0x30 /usr/lib/gcc/arm-none-eabi/4.8.2/../../../arm-none-eabi/lib/armv7-m/libc.a(lib_a-__atexit.o)
                                        0x5b5 (size before relaxing)
 .debug_str     0x0000000000000792       0x7c /usr/lib/gcc/arm-none-eabi/4.8.2/../../../arm-none-eabi/lib/armv7-m/libc.a(lib_a-__call_atexit.o)
                                        0x5cd (size before relaxing)
 .debug_str     0x000000000000080e     0x1470 bluetooth_rxtx.o
                                       0x1644 (size before relaxing)
 .debug_str     0x0000000000001c7e       0x98 bluetooth.o
                                        0x2d9 (size before relaxing)
 .debug_str     0x0000000000001d16       0x52 bluetooth_le.o
                                        0x43f (size before relaxing)
 .debug_str     0x0000000000001d68      0x1a2 ubertooth_usb.o
                                        0x4c5 (size before relaxing)
 .debug_str     0x0000000000001f0a       0x30 ubertooth_rssi.o
                                        0x271 (size before relaxing)
 .debug_str     0x0000000000001f3a       0x69 ubertooth_cs.o
                                        0x305 (size before relaxing)
 .debug_str     0x0000000000001fa3       0x12 ubertooth_clock.o
                                        0x270 (size before relaxing)
 .debug_str     0x0000000000001fb5       0x60 ubertooth_dma.o
                                        0x28c (size before relaxing)
 .debug_str     0x0000000000002015       0x58 cc2400_rangetest.o
                                        0x327 (size before relaxing)
 .debug_str     0x000000000000206d      0x1d4 ego.o
                                        0x65c (size before relaxing)
 .debug_str     0x0000000000002241      0x216 ../common/usb_serial.o
                                        0x4d2 (size before relaxing)
 .debug_str     0x0000000000002457       0x9b ../common/LPC17xx_Startup.o
                                        0x225 (size before relaxing)
 .debug_str     0x00000000000024f2       0x51 ../common/LPC17xx_Interrupts.o
                                        0x187 (size before relaxing)
 .debug_str     0x0000000000002543       0xe7 ../common/ubertooth.o
                                        0x3a6 (size before relaxing)
 .debug_str     0x000000000000262a       0xdf ../common/lpcusb/target/usbcontrol.o
                                        0x2ef (size before relaxing)
 .debug_str     0x0000000000002709       0x56 ../common/lpcusb/target/usbinit.o
                                        0x283 (size before relaxing)
 .debug_str     0x000000000000275f      0x305 ../common/lpcusb/target/usbhw_lpc.o
                                        0x5cd (size before relaxing)
 .debug_str     0x0000000000002a64      0x262 ../common/lpcusb/target/usbstdreq.o
                                        0x4d1 (size before relaxing)
 .debug_str     0x0000000000002cc6       0x2e /usr/lib/gcc/arm-none-eabi/4.8.2/../../../arm-none-eabi/lib/armv7-m/libc.a(lib_a-memcmp.o)
                                        0x19c (size before relaxing)
 .debug_str     0x0000000000002cf4       0x85 /usr/lib/gcc/arm-none-eabi/4.8.2/../../../arm-none-eabi/lib/armv7-m/libc.a(lib_a-strlen.o)
                                        0x1a9 (size before relaxing)

.debug_frame    0x0000000000000000     0x1460
 .debug_frame   0x0000000000000000       0x20 /usr/lib/gcc/arm-none-eabi/4.8.2/../../../arm-none-eabi/lib/armv7-m/libc.a(lib_a-atexit.o)
 .debug_frame   0x0000000000000020       0x2c /usr/lib/gcc/arm-none-eabi/4.8.2/../../../arm-none-eabi/lib/armv7-m/libc.a(lib_a-fini.o)
 .debug_frame   0x000000000000004c       0x2c /usr/lib/gcc/arm-none-eabi/4.8.2/../../../arm-none-eabi/lib/armv7-m/libc.a(lib_a-init.o)
 .debug_frame   0x0000000000000078       0x2c /usr/lib/gcc/arm-none-eabi/4.8.2/../../../arm-none-eabi/lib/armv7-m/libc.a(lib_a-memset.o)
 .debug_frame   0x00000000000000a4       0x30 /usr/lib/gcc/arm-none-eabi/4.8.2/../../../arm-none-eabi/lib/armv7-m/libc.a(lib_a-__atexit.o)
 .debug_frame   0x00000000000000d4       0x48 /usr/lib/gcc/arm-none-eabi/4.8.2/../../../arm-none-eabi/lib/armv7-m/libc.a(lib_a-__call_atexit.o)
 .debug_frame   0x000000000000011c      0x510 bluetooth_rxtx.o
 .debug_frame   0x000000000000062c       0x90 bluetooth.o
 .debug_frame   0x00000000000006bc       0xac bluetooth_le.o
 .debug_frame   0x0000000000000768       0xe8 ubertooth_usb.o
 .debug_frame   0x0000000000000850       0x68 ubertooth_rssi.o
 .debug_frame   0x00000000000008b8       0x6c ubertooth_cs.o
 .debug_frame   0x0000000000000924       0x4c ubertooth_clock.o
 .debug_frame   0x0000000000000970       0x78 ubertooth_dma.o
 .debug_frame   0x00000000000009e8       0x8c cc2400_rangetest.o
 .debug_frame   0x0000000000000a74      0x190 ego.o
 .debug_frame   0x0000000000000c04      0x130 ../common/usb_serial.o
 .debug_frame   0x0000000000000d34       0x2c ../common/LPC17xx_Startup.o
 .debug_frame   0x0000000000000d60       0x20 ../common/LPC17xx_Interrupts.o
 .debug_frame   0x0000000000000d80      0x2e8 ../common/ubertooth.o
 .debug_frame   0x0000000000001068       0x84 ../common/lpcusb/target/usbcontrol.o
 .debug_frame   0x00000000000010ec       0x3c ../common/lpcusb/target/usbinit.o
 .debug_frame   0x0000000000001128      0x220 ../common/lpcusb/target/usbhw_lpc.o
 .debug_frame   0x0000000000001348       0xcc ../common/lpcusb/target/usbstdreq.o
 .debug_frame   0x0000000000001414       0x2c /usr/lib/gcc/arm-none-eabi/4.8.2/../../../arm-none-eabi/lib/armv7-m/libc.a(lib_a-memcmp.o)
 .debug_frame   0x0000000000001440       0x20 /usr/lib/gcc/arm-none-eabi/4.8.2/../../../arm-none-eabi/lib/armv7-m/libc.a(lib_a-strlen.o)
