Archive member included because of file (symbol)

/usr/lib/gcc/arm-none-eabi/4.8.2/../../../arm-none-eabi/lib/armv7-m/libc.a(lib_a-atexit.o)
                              /usr/lib/gcc/arm-none-eabi/4.8.2/../../../arm-none-eabi/lib/armv7-m/crt0.o (atexit)
/usr/lib/gcc/arm-none-eabi/4.8.2/../../../arm-none-eabi/lib/armv7-m/libc.a(lib_a-exit.o)
                              /usr/lib/gcc/arm-none-eabi/4.8.2/../../../arm-none-eabi/lib/armv7-m/crt0.o (exit)
/usr/lib/gcc/arm-none-eabi/4.8.2/../../../arm-none-eabi/lib/armv7-m/libc.a(lib_a-fini.o)
                              /usr/lib/gcc/arm-none-eabi/4.8.2/../../../arm-none-eabi/lib/armv7-m/crt0.o (__libc_fini_array)
/usr/lib/gcc/arm-none-eabi/4.8.2/../../../arm-none-eabi/lib/armv7-m/libc.a(lib_a-impure.o)
                              /usr/lib/gcc/arm-none-eabi/4.8.2/../../../arm-none-eabi/lib/armv7-m/libc.a(lib_a-exit.o) (_global_impure_ptr)
/usr/lib/gcc/arm-none-eabi/4.8.2/../../../arm-none-eabi/lib/armv7-m/libc.a(lib_a-init.o)
                              /usr/lib/gcc/arm-none-eabi/4.8.2/../../../arm-none-eabi/lib/armv7-m/crt0.o (__libc_init_array)
/usr/lib/gcc/arm-none-eabi/4.8.2/../../../arm-none-eabi/lib/armv7-m/libc.a(lib_a-memset.o)
                              /usr/lib/gcc/arm-none-eabi/4.8.2/../../../arm-none-eabi/lib/armv7-m/crt0.o (memset)
/usr/lib/gcc/arm-none-eabi/4.8.2/../../../arm-none-eabi/lib/armv7-m/libc.a(lib_a-__atexit.o)
                              /usr/lib/gcc/arm-none-eabi/4.8.2/../../../arm-none-eabi/lib/armv7-m/libc.a(lib_a-atexit.o) (__register_exitproc)
/usr/lib/gcc/arm-none-eabi/4.8.2/../../../arm-none-eabi/lib/armv7-m/libc.a(lib_a-__call_atexit.o)
                              /usr/lib/gcc/arm-none-eabi/4.8.2/../../../arm-none-eabi/lib/armv7-m/libc.a(lib_a-exit.o) (__call_exitprocs)
/usr/lib/gcc/arm-none-eabi/4.8.2/armv7-m/libgcc.a(_ashldi3.o)
                              bluetooth_rxtx.o (__aeabi_llsl)
/usr/lib/gcc/arm-none-eabi/4.8.2/../../../arm-none-eabi/lib/armv7-m/libc.a(lib_a-memcmp.o)
                              bluetooth_rxtx.o (memcmp)
/usr/lib/gcc/arm-none-eabi/4.8.2/../../../arm-none-eabi/lib/armv7-m/libc.a(lib_a-memcpy.o)
                              bluetooth_rxtx.o (memcpy)
/usr/lib/gcc/arm-none-eabi/4.8.2/../../../arm-none-eabi/lib/armv7-m/libc.a(lib_a-strlen.o)
                              bluetooth_rxtx.o (strlen)
/usr/lib/gcc/arm-none-eabi/4.8.2/../../../arm-none-eabi/lib/armv7-m/libnosys.a(_exit.o)
                              /usr/lib/gcc/arm-none-eabi/4.8.2/../../../arm-none-eabi/lib/armv7-m/libc.a(lib_a-exit.o) (_exit)

Allocating common symbols
Common symbol       size              file

last_hop            0x4               bluetooth_rxtx.o
b                   0x1               bluetooth.o
rx_tc               0x4               bluetooth_rxtx.o
rssi_max            0x1               bluetooth_rxtx.o
used_channels       0x1               bluetooth_rxtx.o
le_dma_lli          0xb0              ubertooth_dma.o
rssi_min            0x1               bluetooth_rxtx.o
afh_map             0xa               bluetooth_rxtx.o
d1                  0x2               bluetooth.o
clkn_offset         0x4               bluetooth_rxtx.o
rx_dma_lli2         0x10              ubertooth_dma.o
afh_bank            0x4f              bluetooth.o
a1                  0x1               bluetooth.o
clkn_last_drift_fix
                    0x4               bluetooth_rxtx.o
clk_drift_correction
                    0x2               bluetooth_rxtx.o
clkn                0x4               bluetooth_rxtx.o
tx_pkt              0x3a              bluetooth_rxtx.o
active_rxbuf        0x4               bluetooth_rxtx.o
rssi_sum            0x4               ubertooth_rssi.o
fifo                0x2000            ubertooth_usb.o
le_promisc          0x108             bluetooth_rxtx.o
cs_no_squelch       0x1               bluetooth_rxtx.o
clk100ns_offset     0x2               bluetooth_rxtx.o
c1                  0x1               bluetooth.o
syncword            0x8               bluetooth_rxtx.o
idle_rxbuf          0x4               bluetooth_rxtx.o
bank                0x4f              bluetooth.o
unpacked            0x320             bluetooth_rxtx.o
clk_drift_ppm       0x2               bluetooth_rxtx.o
rssi_count          0x1               bluetooth_rxtx.o
afh_enabled         0x1               bluetooth_rxtx.o
cs_threshold_req    0x1               bluetooth_rxtx.o
rxbuf2              0x32              bluetooth_rxtx.o
abVendorReqData     0x102             ubertooth_usb.o
v_req_handler       0x4               ubertooth_usb.o
rx_dma_lli1         0x10              ubertooth_dma.o
clkn_next_drift_fix
                    0x4               bluetooth_rxtx.o
e                   0x1               bluetooth.o
rr                  0x5               bluetooth_rxtx.o
rxbuf1              0x32              bluetooth_rxtx.o
rx_err              0x4               bluetooth_rxtx.o
cs_threshold_cur    0x1               bluetooth_rxtx.o
cs_trigger          0x1               bluetooth_rxtx.o
target              0x10              bluetooth_rxtx.o

Discarded input sections

 .text          0x0000000000000000        0x0 /usr/lib/gcc/arm-none-eabi/4.8.2/armv7-m/crti.o
 .data          0x0000000000000000        0x0 /usr/lib/gcc/arm-none-eabi/4.8.2/armv7-m/crti.o
 .bss           0x0000000000000000        0x0 /usr/lib/gcc/arm-none-eabi/4.8.2/armv7-m/crti.o
 .data          0x0000000000000000        0x4 /usr/lib/gcc/arm-none-eabi/4.8.2/armv7-m/crtbegin.o
 .text          0x0000000000000000       0x68 /usr/lib/gcc/arm-none-eabi/4.8.2/../../../arm-none-eabi/lib/armv7-m/crt0.o
 .data          0x0000000000000000        0x0 /usr/lib/gcc/arm-none-eabi/4.8.2/../../../arm-none-eabi/lib/armv7-m/crt0.o
 .bss           0x0000000000000000        0x0 /usr/lib/gcc/arm-none-eabi/4.8.2/../../../arm-none-eabi/lib/armv7-m/crt0.o
 .ARM.extab     0x0000000000000000        0x0 /usr/lib/gcc/arm-none-eabi/4.8.2/../../../arm-none-eabi/lib/armv7-m/crt0.o
 .ARM.exidx     0x0000000000000000        0x8 /usr/lib/gcc/arm-none-eabi/4.8.2/../../../arm-none-eabi/lib/armv7-m/crt0.o
 .ARM.attributes
                0x0000000000000000       0x1b /usr/lib/gcc/arm-none-eabi/4.8.2/../../../arm-none-eabi/lib/armv7-m/crt0.o
 .debug_line    0x0000000000000000       0x7b /usr/lib/gcc/arm-none-eabi/4.8.2/../../../arm-none-eabi/lib/armv7-m/crt0.o
 .debug_info    0x0000000000000000       0x8d /usr/lib/gcc/arm-none-eabi/4.8.2/../../../arm-none-eabi/lib/armv7-m/crt0.o
 .debug_abbrev  0x0000000000000000       0x14 /usr/lib/gcc/arm-none-eabi/4.8.2/../../../arm-none-eabi/lib/armv7-m/crt0.o
 .debug_aranges
                0x0000000000000000       0x20 /usr/lib/gcc/arm-none-eabi/4.8.2/../../../arm-none-eabi/lib/armv7-m/crt0.o
 .text          0x0000000000000000        0x0 /usr/lib/gcc/arm-none-eabi/4.8.2/../../../arm-none-eabi/lib/armv7-m/libc.a(lib_a-atexit.o)
 .data          0x0000000000000000        0x0 /usr/lib/gcc/arm-none-eabi/4.8.2/../../../arm-none-eabi/lib/armv7-m/libc.a(lib_a-atexit.o)
 .bss           0x0000000000000000        0x0 /usr/lib/gcc/arm-none-eabi/4.8.2/../../../arm-none-eabi/lib/armv7-m/libc.a(lib_a-atexit.o)
 .text          0x0000000000000000        0x0 /usr/lib/gcc/arm-none-eabi/4.8.2/../../../arm-none-eabi/lib/armv7-m/libc.a(lib_a-exit.o)
 .data          0x0000000000000000        0x0 /usr/lib/gcc/arm-none-eabi/4.8.2/../../../arm-none-eabi/lib/armv7-m/libc.a(lib_a-exit.o)
 .bss           0x0000000000000000        0x0 /usr/lib/gcc/arm-none-eabi/4.8.2/../../../arm-none-eabi/lib/armv7-m/libc.a(lib_a-exit.o)
 .text.exit     0x0000000000000000       0x20 /usr/lib/gcc/arm-none-eabi/4.8.2/../../../arm-none-eabi/lib/armv7-m/libc.a(lib_a-exit.o)
 .debug_info    0x0000000000000000      0x8e4 /usr/lib/gcc/arm-none-eabi/4.8.2/../../../arm-none-eabi/lib/armv7-m/libc.a(lib_a-exit.o)
 .debug_abbrev  0x0000000000000000      0x1e6 /usr/lib/gcc/arm-none-eabi/4.8.2/../../../arm-none-eabi/lib/armv7-m/libc.a(lib_a-exit.o)
 .debug_loc     0x0000000000000000       0x1e /usr/lib/gcc/arm-none-eabi/4.8.2/../../../arm-none-eabi/lib/armv7-m/libc.a(lib_a-exit.o)
 .debug_aranges
                0x0000000000000000       0x20 /usr/lib/gcc/arm-none-eabi/4.8.2/../../../arm-none-eabi/lib/armv7-m/libc.a(lib_a-exit.o)
 .debug_ranges  0x0000000000000000       0x10 /usr/lib/gcc/arm-none-eabi/4.8.2/../../../arm-none-eabi/lib/armv7-m/libc.a(lib_a-exit.o)
 .debug_line    0x0000000000000000      0x13f /usr/lib/gcc/arm-none-eabi/4.8.2/../../../arm-none-eabi/lib/armv7-m/libc.a(lib_a-exit.o)
 .debug_str     0x0000000000000000      0x576 /usr/lib/gcc/arm-none-eabi/4.8.2/../../../arm-none-eabi/lib/armv7-m/libc.a(lib_a-exit.o)
 .comment       0x0000000000000000       0x20 /usr/lib/gcc/arm-none-eabi/4.8.2/../../../arm-none-eabi/lib/armv7-m/libc.a(lib_a-exit.o)
 .ARM.attributes
                0x0000000000000000       0x2d /usr/lib/gcc/arm-none-eabi/4.8.2/../../../arm-none-eabi/lib/armv7-m/libc.a(lib_a-exit.o)
 .debug_frame   0x0000000000000000       0x28 /usr/lib/gcc/arm-none-eabi/4.8.2/../../../arm-none-eabi/lib/armv7-m/libc.a(lib_a-exit.o)
 .text          0x0000000000000000        0x0 /usr/lib/gcc/arm-none-eabi/4.8.2/../../../arm-none-eabi/lib/armv7-m/libc.a(lib_a-fini.o)
 .data          0x0000000000000000        0x0 /usr/lib/gcc/arm-none-eabi/4.8.2/../../../arm-none-eabi/lib/armv7-m/libc.a(lib_a-fini.o)
 .bss           0x0000000000000000        0x0 /usr/lib/gcc/arm-none-eabi/4.8.2/../../../arm-none-eabi/lib/armv7-m/libc.a(lib_a-fini.o)
 .text          0x0000000000000000        0x0 /usr/lib/gcc/arm-none-eabi/4.8.2/../../../arm-none-eabi/lib/armv7-m/libc.a(lib_a-impure.o)
 .data          0x0000000000000000        0x0 /usr/lib/gcc/arm-none-eabi/4.8.2/../../../arm-none-eabi/lib/armv7-m/libc.a(lib_a-impure.o)
 .bss           0x0000000000000000        0x0 /usr/lib/gcc/arm-none-eabi/4.8.2/../../../arm-none-eabi/lib/armv7-m/libc.a(lib_a-impure.o)
 .data._impure_ptr
                0x0000000000000000        0x4 /usr/lib/gcc/arm-none-eabi/4.8.2/../../../arm-none-eabi/lib/armv7-m/libc.a(lib_a-impure.o)
 .text          0x0000000000000000        0x0 /usr/lib/gcc/arm-none-eabi/4.8.2/../../../arm-none-eabi/lib/armv7-m/libc.a(lib_a-init.o)
 .data          0x0000000000000000        0x0 /usr/lib/gcc/arm-none-eabi/4.8.2/../../../arm-none-eabi/lib/armv7-m/libc.a(lib_a-init.o)
 .bss           0x0000000000000000        0x0 /usr/lib/gcc/arm-none-eabi/4.8.2/../../../arm-none-eabi/lib/armv7-m/libc.a(lib_a-init.o)
 .text          0x0000000000000000        0x0 /usr/lib/gcc/arm-none-eabi/4.8.2/../../../arm-none-eabi/lib/armv7-m/libc.a(lib_a-memset.o)
 .data          0x0000000000000000        0x0 /usr/lib/gcc/arm-none-eabi/4.8.2/../../../arm-none-eabi/lib/armv7-m/libc.a(lib_a-memset.o)
 .bss           0x0000000000000000        0x0 /usr/lib/gcc/arm-none-eabi/4.8.2/../../../arm-none-eabi/lib/armv7-m/libc.a(lib_a-memset.o)
 .text          0x0000000000000000        0x0 /usr/lib/gcc/arm-none-eabi/4.8.2/../../../arm-none-eabi/lib/armv7-m/libc.a(lib_a-__atexit.o)
 .data          0x0000000000000000        0x0 /usr/lib/gcc/arm-none-eabi/4.8.2/../../../arm-none-eabi/lib/armv7-m/libc.a(lib_a-__atexit.o)
 .bss           0x0000000000000000        0x0 /usr/lib/gcc/arm-none-eabi/4.8.2/../../../arm-none-eabi/lib/armv7-m/libc.a(lib_a-__atexit.o)
 .text          0x0000000000000000        0x0 /usr/lib/gcc/arm-none-eabi/4.8.2/../../../arm-none-eabi/lib/armv7-m/libc.a(lib_a-__call_atexit.o)
 .data          0x0000000000000000        0x0 /usr/lib/gcc/arm-none-eabi/4.8.2/../../../arm-none-eabi/lib/armv7-m/libc.a(lib_a-__call_atexit.o)
 .bss           0x0000000000000000        0x0 /usr/lib/gcc/arm-none-eabi/4.8.2/../../../arm-none-eabi/lib/armv7-m/libc.a(lib_a-__call_atexit.o)
 .text.__call_exitprocs
                0x0000000000000000       0xf8 /usr/lib/gcc/arm-none-eabi/4.8.2/../../../arm-none-eabi/lib/armv7-m/libc.a(lib_a-__call_atexit.o)
 .text          0x0000000000000000        0x0 bluetooth_rxtx.o
 .text          0x0000000000000000        0x0 bluetooth.o
 .data          0x0000000000000000        0x0 bluetooth.o
 .bss           0x0000000000000000        0x0 bluetooth.o
 .text.find_access_code
                0x0000000000000000       0xcc bluetooth.o
 .text          0x0000000000000000        0x0 bluetooth_le.o
 .bss           0x0000000000000000        0x0 bluetooth_le.o
 .text          0x0000000000000000        0x0 ubertooth_usb.o
 .text          0x0000000000000000        0x0 ubertooth_rssi.o
 .data          0x0000000000000000        0x0 ubertooth_rssi.o
 .text          0x0000000000000000        0x0 ubertooth_cs.o
 .data          0x0000000000000000        0x0 ubertooth_cs.o
 .bss           0x0000000000000000        0x0 ubertooth_cs.o
 .text          0x0000000000000000        0x0 ubertooth_clock.o
 .data          0x0000000000000000        0x0 ubertooth_clock.o
 .bss           0x0000000000000000        0x0 ubertooth_clock.o
 .text          0x0000000000000000        0x0 ubertooth_dma.o
 .data          0x0000000000000000        0x0 ubertooth_dma.o
 .bss           0x0000000000000000        0x0 ubertooth_dma.o
 .text          0x0000000000000000        0x0 cc2400_rangetest.o
 .data          0x0000000000000000        0x0 cc2400_rangetest.o
 .bss           0x0000000000000000        0x0 cc2400_rangetest.o
 .text          0x0000000000000000        0x0 ego.o
 .data          0x0000000000000000        0x0 ego.o
 .bss           0x0000000000000000        0x0 ego.o
 .text          0x0000000000000000        0x0 ../common/usb_serial.o
 .data          0x0000000000000000       0xdc ../common/usb_serial.o
 .bss           0x0000000000000000      0x168 ../common/usb_serial.o
 .text.USBDevIntHandler
                0x0000000000000000       0x10 ../common/usb_serial.o
 .text.SendNextBulkIn.part.0
                0x0000000000000000       0x3c ../common/usb_serial.o
 .text.USBFrameHandler
                0x0000000000000000       0x28 ../common/usb_serial.o
 .text.BulkOut  0x0000000000000000       0x3c ../common/usb_serial.o
 .text.HandleClassRequest
                0x0000000000000000       0x34 ../common/usb_serial.o
 .text.BulkIn   0x0000000000000000       0x14 ../common/usb_serial.o
 .text.VCOM_init
                0x0000000000000000       0x28 ../common/usb_serial.o
 .text.VCOM_putchar
                0x0000000000000000       0x1c ../common/usb_serial.o
 .text.VCOM_getchar
                0x0000000000000000       0x24 ../common/usb_serial.o
 .text.usb_serial_init
                0x0000000000000000       0x74 ../common/usb_serial.o
 .text          0x0000000000000000        0x0 ../common/serial_fifo.o
 .data          0x0000000000000000        0x0 ../common/serial_fifo.o
 .bss           0x0000000000000000        0x0 ../common/serial_fifo.o
 .text.fifo_init
                0x0000000000000000        0xa ../common/serial_fifo.o
 .text.fifo_put
                0x0000000000000000       0x30 ../common/serial_fifo.o
 .text.fifo_get
                0x0000000000000000       0x30 ../common/serial_fifo.o
 .text.fifo_avail
                0x0000000000000000       0x20 ../common/serial_fifo.o
 .text.fifo_free
                0x0000000000000000        0xc ../common/serial_fifo.o
 .debug_info    0x0000000000000000      0x1af ../common/serial_fifo.o
 .debug_abbrev  0x0000000000000000      0x12a ../common/serial_fifo.o
 .debug_loc     0x0000000000000000       0xe6 ../common/serial_fifo.o
 .debug_aranges
                0x0000000000000000       0x40 ../common/serial_fifo.o
 .debug_ranges  0x0000000000000000       0x30 ../common/serial_fifo.o
 .debug_line    0x0000000000000000       0xd3 ../common/serial_fifo.o
 .debug_str     0x0000000000000000      0x1ba ../common/serial_fifo.o
 .comment       0x0000000000000000       0x20 ../common/serial_fifo.o
 .ARM.attributes
                0x0000000000000000       0x33 ../common/serial_fifo.o
 .debug_frame   0x0000000000000000       0x78 ../common/serial_fifo.o
 .text          0x0000000000000000        0x0 ../common/LPC17xx_Startup.o
 .data          0x0000000000000000        0x0 ../common/LPC17xx_Startup.o
 .bss           0x0000000000000000        0x0 ../common/LPC17xx_Startup.o
 .text          0x0000000000000000        0x0 ../common/LPC17xx_Interrupts.o
 .data          0x0000000000000000        0x0 ../common/LPC17xx_Interrupts.o
 .bss           0x0000000000000000        0x0 ../common/LPC17xx_Interrupts.o
 .text          0x0000000000000000        0x0 ../common/ubertooth.o
 .data          0x0000000000000000        0x0 ../common/ubertooth.o
 .text.wait_ms  0x0000000000000000        0xa ../common/ubertooth.o
 .text.cc2400_tune_rx
                0x0000000000000000        0xa ../common/ubertooth.o
 .text.cc2400_tune_tx
                0x0000000000000000        0x8 ../common/ubertooth.o
 .text.cc2400_hop_rx
                0x0000000000000000       0x38 ../common/ubertooth.o
 .text.cc2400_hop_tx
                0x0000000000000000       0x38 ../common/ubertooth.o
 .text          0x0000000000000000        0x0 ../common/lpcusb/target/usbcontrol.o
 .data          0x0000000000000000        0x0 ../common/lpcusb/target/usbcontrol.o
 .text          0x0000000000000000        0x0 ../common/lpcusb/target/usbinit.o
 .data          0x0000000000000000        0x0 ../common/lpcusb/target/usbinit.o
 .text          0x0000000000000000        0x0 ../common/lpcusb/target/usbhw_lpc.o
 .data          0x0000000000000000        0x0 ../common/lpcusb/target/usbhw_lpc.o
 .text.USBHwRegisterFrameHandler
                0x0000000000000000       0x18 ../common/lpcusb/target/usbhw_lpc.o
 .text.USBHwISOCEPRead
                0x0000000000000000       0x84 ../common/lpcusb/target/usbhw_lpc.o
 .text.USBSetupDMADescriptor
                0x0000000000000000       0x46 ../common/lpcusb/target/usbhw_lpc.o
 .text.USBDisableDMAForEndpoint
                0x0000000000000000       0x1c ../common/lpcusb/target/usbhw_lpc.o
 .text.USBEnableDMAForEndpoint
                0x0000000000000000       0x1c ../common/lpcusb/target/usbhw_lpc.o
 .text.USBInitializeISOCFrameArray
                0x0000000000000000       0x24 ../common/lpcusb/target/usbhw_lpc.o
 .text.USBSetHeadDDForDMA
                0x0000000000000000       0x10 ../common/lpcusb/target/usbhw_lpc.o
 .text.USBInitializeUSBDMA
                0x0000000000000000       0x18 ../common/lpcusb/target/usbhw_lpc.o
 .text          0x0000000000000000        0x0 ../common/lpcusb/target/usbstdreq.o
 .text.USBGetOsStringDescriptor
                0x0000000000000000       0x1c ../common/lpcusb/target/usbstdreq.o
 .text.USBRegisterCustomReqHandler
                0x0000000000000000        0xc ../common/lpcusb/target/usbstdreq.o
 .data          0x0000000000000000        0x0 /usr/lib/gcc/arm-none-eabi/4.8.2/armv7-m/libgcc.a(_ashldi3.o)
 .bss           0x0000000000000000        0x0 /usr/lib/gcc/arm-none-eabi/4.8.2/armv7-m/libgcc.a(_ashldi3.o)
 .text          0x0000000000000000        0x0 /usr/lib/gcc/arm-none-eabi/4.8.2/../../../arm-none-eabi/lib/armv7-m/libc.a(lib_a-memcmp.o)
 .data          0x0000000000000000        0x0 /usr/lib/gcc/arm-none-eabi/4.8.2/../../../arm-none-eabi/lib/armv7-m/libc.a(lib_a-memcmp.o)
 .bss           0x0000000000000000        0x0 /usr/lib/gcc/arm-none-eabi/4.8.2/../../../arm-none-eabi/lib/armv7-m/libc.a(lib_a-memcmp.o)
 .data          0x0000000000000000        0x0 /usr/lib/gcc/arm-none-eabi/4.8.2/../../../arm-none-eabi/lib/armv7-m/libc.a(lib_a-memcpy.o)
 .bss           0x0000000000000000        0x0 /usr/lib/gcc/arm-none-eabi/4.8.2/../../../arm-none-eabi/lib/armv7-m/libc.a(lib_a-memcpy.o)
 .text          0x0000000000000000        0x0 /usr/lib/gcc/arm-none-eabi/4.8.2/../../../arm-none-eabi/lib/armv7-m/libc.a(lib_a-strlen.o)
 .data          0x0000000000000000        0x0 /usr/lib/gcc/arm-none-eabi/4.8.2/../../../arm-none-eabi/lib/armv7-m/libc.a(lib_a-strlen.o)
 .bss           0x0000000000000000        0x0 /usr/lib/gcc/arm-none-eabi/4.8.2/../../../arm-none-eabi/lib/armv7-m/libc.a(lib_a-strlen.o)
 .text          0x0000000000000000        0x0 /usr/lib/gcc/arm-none-eabi/4.8.2/armv7-m/crtend.o
 .data          0x0000000000000000        0x0 /usr/lib/gcc/arm-none-eabi/4.8.2/armv7-m/crtend.o
 .bss           0x0000000000000000        0x0 /usr/lib/gcc/arm-none-eabi/4.8.2/armv7-m/crtend.o
 .eh_frame      0x0000000000000000        0x4 /usr/lib/gcc/arm-none-eabi/4.8.2/armv7-m/crtend.o
 .jcr           0x0000000000000000        0x4 /usr/lib/gcc/arm-none-eabi/4.8.2/armv7-m/crtend.o
 .text          0x0000000000000000        0x0 /usr/lib/gcc/arm-none-eabi/4.8.2/armv7-m/crtn.o
 .data          0x0000000000000000        0x0 /usr/lib/gcc/arm-none-eabi/4.8.2/armv7-m/crtn.o
 .bss           0x0000000000000000        0x0 /usr/lib/gcc/arm-none-eabi/4.8.2/armv7-m/crtn.o
 .text          0x0000000000000000        0x0 /usr/lib/gcc/arm-none-eabi/4.8.2/../../../arm-none-eabi/lib/armv7-m/libnosys.a(_exit.o)
 .data          0x0000000000000000        0x0 /usr/lib/gcc/arm-none-eabi/4.8.2/../../../arm-none-eabi/lib/armv7-m/libnosys.a(_exit.o)
 .bss           0x0000000000000000        0x0 /usr/lib/gcc/arm-none-eabi/4.8.2/../../../arm-none-eabi/lib/armv7-m/libnosys.a(_exit.o)
 .text._exit    0x0000000000000000        0x4 /usr/lib/gcc/arm-none-eabi/4.8.2/../../../arm-none-eabi/lib/armv7-m/libnosys.a(_exit.o)
 .debug_info    0x0000000000000000       0x58 /usr/lib/gcc/arm-none-eabi/4.8.2/../../../arm-none-eabi/lib/armv7-m/libnosys.a(_exit.o)
 .debug_abbrev  0x0000000000000000       0x55 /usr/lib/gcc/arm-none-eabi/4.8.2/../../../arm-none-eabi/lib/armv7-m/libnosys.a(_exit.o)
 .debug_aranges
                0x0000000000000000       0x20 /usr/lib/gcc/arm-none-eabi/4.8.2/../../../arm-none-eabi/lib/armv7-m/libnosys.a(_exit.o)
 .debug_ranges  0x0000000000000000       0x10 /usr/lib/gcc/arm-none-eabi/4.8.2/../../../arm-none-eabi/lib/armv7-m/libnosys.a(_exit.o)
 .debug_line    0x0000000000000000       0x58 /usr/lib/gcc/arm-none-eabi/4.8.2/../../../arm-none-eabi/lib/armv7-m/libnosys.a(_exit.o)
 .debug_str     0x0000000000000000       0xe3 /usr/lib/gcc/arm-none-eabi/4.8.2/../../../arm-none-eabi/lib/armv7-m/libnosys.a(_exit.o)
 .comment       0x0000000000000000       0x20 /usr/lib/gcc/arm-none-eabi/4.8.2/../../../arm-none-eabi/lib/armv7-m/libnosys.a(_exit.o)
 .ARM.attributes
                0x0000000000000000       0x2d /usr/lib/gcc/arm-none-eabi/4.8.2/../../../arm-none-eabi/lib/armv7-m/libnosys.a(_exit.o)
 .debug_frame   0x0000000000000000       0x20 /usr/lib/gcc/arm-none-eabi/4.8.2/../../../arm-none-eabi/lib/armv7-m/libnosys.a(_exit.o)

Memory Configuration

Name             Origin             Length             Attributes
rom              0x0000000000004000 0x000000000001c000 xr
ram              0x0000000010000000 0x0000000000004000 xrw
*default*        0x0000000000000000 0xffffffffffffffff

Linker script and memory map

LOAD /usr/lib/gcc/arm-none-eabi/4.8.2/armv7-m/crti.o
LOAD /usr/lib/gcc/arm-none-eabi/4.8.2/armv7-m/crtbegin.o
LOAD /usr/lib/gcc/arm-none-eabi/4.8.2/../../../arm-none-eabi/lib/armv7-m/crt0.o
START GROUP
LOAD /usr/lib/gcc/arm-none-eabi/4.8.2/../../../arm-none-eabi/lib/armv7-m/libc.a
LOAD /usr/lib/gcc/arm-none-eabi/4.8.2/../../../arm-none-eabi/lib/armv7-m/libg.a
LOAD /usr/lib/gcc/arm-none-eabi/4.8.2/armv7-m/libgcc.a
LOAD /usr/lib/gcc/arm-none-eabi/4.8.2/../../../arm-none-eabi/lib/armv7-m/libm.a
END GROUP
LOAD bluetooth_rxtx.o
LOAD bluetooth.o
LOAD bluetooth_le.o
LOAD ubertooth_usb.o
LOAD ubertooth_rssi.o
LOAD ubertooth_cs.o
LOAD ubertooth_clock.o
LOAD ubertooth_dma.o
LOAD cc2400_rangetest.o
LOAD ego.o
LOAD ../common/usb_serial.o
LOAD ../common/serial_fifo.o
LOAD ../common/LPC17xx_Startup.o
LOAD ../common/LPC17xx_Interrupts.o
LOAD ../common/ubertooth.o
LOAD ../common/lpcusb/target/usbcontrol.o
LOAD ../common/lpcusb/target/usbinit.o
LOAD ../common/lpcusb/target/usbhw_lpc.o
LOAD ../common/lpcusb/target/usbstdreq.o
START GROUP
LOAD /usr/lib/gcc/arm-none-eabi/4.8.2/armv7-m/libgcc.a
LOAD /usr/lib/gcc/arm-none-eabi/4.8.2/../../../arm-none-eabi/lib/armv7-m/libc.a
END GROUP
LOAD /usr/lib/gcc/arm-none-eabi/4.8.2/armv7-m/crtend.o
LOAD /usr/lib/gcc/arm-none-eabi/4.8.2/armv7-m/crtn.o
START GROUP
LOAD /usr/lib/gcc/arm-none-eabi/4.8.2/armv7-m/libgcc.a
LOAD /usr/lib/gcc/arm-none-eabi/4.8.2/../../../arm-none-eabi/lib/armv7-m/libc.a
LOAD /usr/lib/gcc/arm-none-eabi/4.8.2/../../../arm-none-eabi/lib/armv7-m/libm.a
LOAD /usr/lib/gcc/arm-none-eabi/4.8.2/../../../arm-none-eabi/lib/armv7-m/libnosys.a
END GROUP

.text           0x0000000000004000     0x57c0
                0x0000000000004000                . = ALIGN (0x400)
                0x0000000000004000                _interrupt_vector_table = .
 *(.irq_handler_table)
 .irq_handler_table
                0x0000000000004000       0xcc ../common/LPC17xx_Interrupts.o
                0x0000000000004000                _NVIC_Handler_Functions
 *(.text .text.* .gnu.linkonce.t.*)
 .text          0x00000000000040cc       0xc8 /usr/lib/gcc/arm-none-eabi/4.8.2/armv7-m/crtbegin.o
 .text.atexit   0x0000000000004194        0xc /usr/lib/gcc/arm-none-eabi/4.8.2/../../../arm-none-eabi/lib/armv7-m/libc.a(lib_a-atexit.o)
                0x0000000000004194                atexit
 .text.__libc_fini_array
                0x00000000000041a0       0x34 /usr/lib/gcc/arm-none-eabi/4.8.2/../../../arm-none-eabi/lib/armv7-m/libc.a(lib_a-fini.o)
                0x00000000000041a0                __libc_fini_array
 .text.__libc_init_array
                0x00000000000041d4       0x5c /usr/lib/gcc/arm-none-eabi/4.8.2/../../../arm-none-eabi/lib/armv7-m/libc.a(lib_a-init.o)
                0x00000000000041d4                __libc_init_array
 .text.memset   0x0000000000004230       0x94 /usr/lib/gcc/arm-none-eabi/4.8.2/../../../arm-none-eabi/lib/armv7-m/libc.a(lib_a-memset.o)
                0x0000000000004230                memset
 .text.__register_exitproc
                0x00000000000042c4       0xac /usr/lib/gcc/arm-none-eabi/4.8.2/../../../arm-none-eabi/lib/armv7-m/libc.a(lib_a-__atexit.o)
                0x00000000000042c4                __register_exitproc
 .text.startup.register_fini
                0x0000000000004370       0x18 /usr/lib/gcc/arm-none-eabi/4.8.2/../../../arm-none-eabi/lib/armv7-m/libc.a(lib_a-__call_atexit.o)
 .text.reverse8
                0x0000000000004388       0x22 bluetooth_rxtx.o
 *fill*         0x00000000000043aa        0x2 
 .text.cc2400_rx
                0x00000000000043ac       0xa4 bluetooth_rxtx.o
 .text.cc2400_rx_sync
                0x0000000000004450       0xb0 bluetooth_rxtx.o
 .text.enqueue  0x0000000000004500       0x9c bluetooth_rxtx.o
 .text.le_set_access_address
                0x000000000000459c       0x18 bluetooth_rxtx.o
 .text.cc2400_idle
                0x00000000000045b4       0xac bluetooth_rxtx.o
 .text.cb_follow_le
                0x0000000000004660      0x104 bluetooth_rxtx.o
                0x0000000000004660                cb_follow_le
 .text.connection_follow_cb
                0x0000000000004764      0x170 bluetooth_rxtx.o
                0x0000000000004764                connection_follow_cb
 .text.vendor_request_handler
                0x00000000000048d4      0x6f8 bluetooth_rxtx.o
 .text.enqueue_with_ts
                0x0000000000004fcc       0x58 bluetooth_rxtx.o
                0x0000000000004fcc                enqueue_with_ts
 .text.TIMER0_IRQHandler
                0x0000000000005024      0x140 bluetooth_rxtx.o
                0x0000000000005024                TIMER0_IRQHandler
 .text.EINT3_IRQHandler
                0x0000000000005164       0x34 bluetooth_rxtx.o
                0x0000000000005164                EINT3_IRQHandler
 .text.DMA_IRQHandler
                0x0000000000005198      0x10c bluetooth_rxtx.o
                0x0000000000005198                DMA_IRQHandler
 .text.le_transmit
                0x00000000000052a4      0x1ac bluetooth_rxtx.o
                0x00000000000052a4                le_transmit
 .text.le_jam   0x0000000000005450       0x78 bluetooth_rxtx.o
                0x0000000000005450                le_jam
 .text.hop      0x00000000000054c8      0x1a0 bluetooth_rxtx.o
                0x00000000000054c8                hop
 .text.bt_stream_rx
                0x0000000000005668      0x15c bluetooth_rxtx.o
                0x0000000000005668                bt_stream_rx
 .text.br_transmit
                0x00000000000057c4      0x280 bluetooth_rxtx.o
                0x00000000000057c4                br_transmit
 .text.reset_le
                0x0000000000005a44       0x54 bluetooth_rxtx.o
                0x0000000000005a44                reset_le
 .text.reset_le_promisc
                0x0000000000005a98       0x20 bluetooth_rxtx.o
                0x0000000000005a98                reset_le_promisc
 .text.bt_generic_le
                0x0000000000005ab8      0x1e4 bluetooth_rxtx.o
                0x0000000000005ab8                bt_generic_le
 .text.bt_le_sync
                0x0000000000005c9c      0x3d8 bluetooth_rxtx.o
                0x0000000000005c9c                bt_le_sync
 .text.bt_follow_le
                0x0000000000006074       0x20 bluetooth_rxtx.o
                0x0000000000006074                bt_follow_le
 .text.le_promisc_state
                0x0000000000006094       0x36 bluetooth_rxtx.o
                0x0000000000006094                le_promisc_state
 *fill*         0x00000000000060ca        0x2 
 .text.promisc_recover_hop_increment
                0x00000000000060cc       0xe0 bluetooth_rxtx.o
                0x00000000000060cc                promisc_recover_hop_increment
 .text.promisc_recover_hop_interval
                0x00000000000061ac       0xb4 bluetooth_rxtx.o
                0x00000000000061ac                promisc_recover_hop_interval
 .text.promisc_follow_cb
                0x0000000000006260       0x74 bluetooth_rxtx.o
                0x0000000000006260                promisc_follow_cb
 .text.see_aa   0x00000000000062d4       0x5c bluetooth_rxtx.o
                0x00000000000062d4                see_aa
 .text.cb_le_promisc
                0x0000000000006330      0x1a0 bluetooth_rxtx.o
                0x0000000000006330                cb_le_promisc
 .text.bt_promisc_le
                0x00000000000064d0       0x70 bluetooth_rxtx.o
                0x00000000000064d0                bt_promisc_le
 .text.bt_slave_le
                0x0000000000006540       0xf8 bluetooth_rxtx.o
                0x0000000000006540                bt_slave_le
 .text.rx_generic_sync
                0x0000000000006638       0xa0 bluetooth_rxtx.o
                0x0000000000006638                rx_generic_sync
 .text.rx_generic
                0x00000000000066d8       0x20 bluetooth_rxtx.o
                0x00000000000066d8                rx_generic
 .text.tx_generic
                0x00000000000066f8       0xf4 bluetooth_rxtx.o
                0x00000000000066f8                tx_generic
 .text.specan   0x00000000000067ec      0x114 bluetooth_rxtx.o
                0x00000000000067ec                specan
 .text.led_specan
                0x0000000000006900      0x130 bluetooth_rxtx.o
                0x0000000000006900                led_specan
 .text.startup.main
                0x0000000000006a30      0x178 bluetooth_rxtx.o
                0x0000000000006a30                main
 .text.precalc  0x0000000000006ba8      0x138 bluetooth.o
                0x0000000000006ba8                precalc
 .text.next_hop
                0x0000000000006ce0      0x13c bluetooth.o
                0x0000000000006ce0                next_hop
 .text.btle_channel_index
                0x0000000000006e1c       0x26 bluetooth_le.o
                0x0000000000006e1c                btle_channel_index
 .text.btle_channel_index_to_phys
                0x0000000000006e42       0x30 bluetooth_le.o
                0x0000000000006e42                btle_channel_index_to_phys
 .text.btle_next_hop
                0x0000000000006e72       0x1e bluetooth_le.o
                0x0000000000006e72                btle_next_hop
 .text.btle_calc_crc
                0x0000000000006e90       0x38 bluetooth_le.o
                0x0000000000006e90                btle_calc_crc
 .text.btle_reverse_crc
                0x0000000000006ec8       0x52 bluetooth_le.o
                0x0000000000006ec8                btle_reverse_crc
 *fill*         0x0000000000006f1a        0x2 
 .text.btle_crcgen_lut
                0x0000000000006f1c       0x28 bluetooth_le.o
                0x0000000000006f1c                btle_crcgen_lut
 .text.usb_vendor_request_handler
                0x0000000000006f44       0x2c ubertooth_usb.o
                0x0000000000006f44                usb_vendor_request_handler
 .text.set_serial_descriptor
                0x0000000000006f70       0x54 ubertooth_usb.o
                0x0000000000006f70                set_serial_descriptor
 .text.ubertooth_usb_init
                0x0000000000006fc4       0x4c ubertooth_usb.o
                0x0000000000006fc4                ubertooth_usb_init
 .text.queue_init
                0x0000000000007010       0x1c ubertooth_usb.o
                0x0000000000007010                queue_init
 .text.usb_enqueue
                0x000000000000702c       0x34 ubertooth_usb.o
                0x000000000000702c                usb_enqueue
 .text.dequeue  0x0000000000007060       0x2c ubertooth_usb.o
                0x0000000000007060                dequeue
 .text.dequeue_send
                0x000000000000708c       0x48 ubertooth_usb.o
                0x000000000000708c                dequeue_send
 .text.handle_usb
                0x00000000000070d4       0x28 ubertooth_usb.o
                0x00000000000070d4                handle_usb
 .text.rssi_reset
                0x00000000000070fc       0x38 ubertooth_rssi.o
                0x00000000000070fc                rssi_reset
 .text.rssi_add
                0x0000000000007134       0x40 ubertooth_rssi.o
                0x0000000000007134                rssi_add
 .text.rssi_iir_update
                0x0000000000007174       0x50 ubertooth_rssi.o
                0x0000000000007174                rssi_iir_update
 .text.rssi_get_avg
                0x00000000000071c4       0x28 ubertooth_rssi.o
                0x00000000000071c4                rssi_get_avg
 .text.cs_threshold_calc_and_set
                0x00000000000071ec       0x64 ubertooth_cs.o
                0x00000000000071ec                cs_threshold_calc_and_set
 .text.cs_trigger_enable
                0x0000000000007250       0x2c ubertooth_cs.o
                0x0000000000007250                cs_trigger_enable
 .text.cs_trigger_disable
                0x000000000000727c       0x2c ubertooth_cs.o
                0x000000000000727c                cs_trigger_disable
 .text.cs_reset
                0x00000000000072a8       0x24 ubertooth_cs.o
                0x00000000000072a8                cs_reset
 .text.clkn_stop
                0x00000000000072cc       0x50 ubertooth_clock.o
                0x00000000000072cc                clkn_stop
 .text.clkn_start
                0x000000000000731c        0xc ubertooth_clock.o
                0x000000000000731c                clkn_start
 .text.clkn_init
                0x0000000000007328       0x28 ubertooth_clock.o
                0x0000000000007328                clkn_init
 .text.dma_disable
                0x0000000000007350       0x7c ubertooth_dma.o
 .text.dma_init
                0x00000000000073cc       0x7c ubertooth_dma.o
                0x00000000000073cc                dma_init
 .text.dma_init_le
                0x0000000000007448       0x90 ubertooth_dma.o
                0x0000000000007448                dma_init_le
 .text.dio_ssp_start
                0x00000000000074d8       0x4c ubertooth_dma.o
                0x00000000000074d8                dio_ssp_start
 .text.dio_ssp_stop
                0x0000000000007524       0x2c ubertooth_dma.o
                0x0000000000007524                dio_ssp_stop
 .text.cc2400_rangetest
                0x0000000000007550      0x288 cc2400_rangetest.o
                0x0000000000007550                cc2400_rangetest
 .text.cc2400_repeater
                0x00000000000077d8      0x170 cc2400_rangetest.o
                0x00000000000077d8                cc2400_repeater
 .text.cc2400_txtest
                0x0000000000007948       0x78 cc2400_rangetest.o
                0x0000000000007948                cc2400_txtest
 .text.ssp_stop
                0x00000000000079c0       0x1c ego.o
 .text.do_rx    0x00000000000079dc       0x20 ego.o
 .text.sleep_ms
                0x00000000000079fc       0x2c ego.o
 .text.sleep_elapsed
                0x0000000000007a28       0x38 ego.o
 .text.nop_state
                0x0000000000007a60        0x2 ego.o
 *fill*         0x0000000000007a62        0x2 
 .text.init_state
                0x0000000000007a64       0x18 ego.o
 .text.continuous_init_state
                0x0000000000007a7c        0x6 ego.o
 *fill*         0x0000000000007a82        0x2 
 .text.start_rf_state
                0x0000000000007a84       0xb8 ego.o
 .text.start_jamming_state
                0x0000000000007b3c       0xa4 ego.o
 .text.sleep_state
                0x0000000000007be0       0x48 ego.o
 .text.jam_sleep_state
                0x0000000000007c28       0x20 ego.o
 .text.jamming_state
                0x0000000000007c48       0x60 ego.o
                0x0000000000007c48                jamming_state
 .text.continuous_cap_state
                0x0000000000007ca8       0x7c ego.o
 .text.jam_cap_state
                0x0000000000007d24       0x64 ego.o
 .text.cap_state
                0x0000000000007d88       0x90 ego.o
 .text.ego_main
                0x0000000000007e18       0x7c ego.o
                0x0000000000007e18                ego_main
 .text.USB_IRQHandler
                0x0000000000007e94        0x4 ../common/usb_serial.o
                0x0000000000007e94                USB_IRQHandler
 .text.Reset_Handler
                0x0000000000007e98       0x54 ../common/LPC17xx_Startup.o
                0x0000000000007e98                Reset_Handler
 .text.Default_Handler
                0x0000000000007eec        0x2 ../common/LPC17xx_Interrupts.o
                0x0000000000007eec                TIMER2_IRQHandler
                0x0000000000007eec                DebugMon_Handler
                0x0000000000007eec                RIT_IRQHandler
                0x0000000000007eec                I2C0_IRQHandler
                0x0000000000007eec                HardFault_Handler
                0x0000000000007eec                SysTick_Handler
                0x0000000000007eec                PWM1_IRQHandler
                0x0000000000007eec                PendSV_Handler
                0x0000000000007eec                NMI_Handler
                0x0000000000007eec                I2C1_IRQHandler
                0x0000000000007eec                EINT2_IRQHandler
                0x0000000000007eec                UART1_IRQHandler
                0x0000000000007eec                TIMER3_IRQHandler
                0x0000000000007eec                UART0_IRQHandler
                0x0000000000007eec                MemManagement_Handler
                0x0000000000007eec                UsageFault_Handler
                0x0000000000007eec                PLL0_IRQHandler
                0x0000000000007eec                CAN_IRQHandler
                0x0000000000007eec                PLL1_IRQHandler
                0x0000000000007eec                SSP0_IRQHandler
                0x0000000000007eec                I2S_IRQHandler
                0x0000000000007eec                I2C2_IRQHandler
                0x0000000000007eec                RTC_IRQHandler
                0x0000000000007eec                SPI_IRQHandler
                0x0000000000007eec                EINT1_IRQHandler
                0x0000000000007eec                TIMER1_IRQHandler
                0x0000000000007eec                UART2_IRQHandler
                0x0000000000007eec                ADC_IRQHandler
                0x0000000000007eec                SSP1_IRQHandler
                0x0000000000007eec                BOD_IRQHandler
                0x0000000000007eec                WDT_IRQHandler
                0x0000000000007eec                SVC_Handler
                0x0000000000007eec                QEI_IRQHandler
                0x0000000000007eec                EINT0_IRQHandler
                0x0000000000007eec                USBACT_IRQHandler
                0x0000000000007eec                CANACT_IRQHandler
                0x0000000000007eec                BusFault_Handler
                0x0000000000007eec                UART3_IRQHandler
                0x0000000000007eec                MCPWM_IRQHandler
                0x0000000000007eec                ENET_IRQHandler
 *fill*         0x0000000000007eee        0x2 
 .text.spi_delay
                0x0000000000007ef0       0x18 ../common/ubertooth.o
 .text.rbit     0x0000000000007f08        0x6 ../common/ubertooth.o
                0x0000000000007f08                rbit
 *fill*         0x0000000000007f0e        0x2 
 .text.wait_us  0x0000000000007f10       0x2c ../common/ubertooth.o
                0x0000000000007f10                wait_us
 .text.wait     0x0000000000007f3c        0xc ../common/ubertooth.o
                0x0000000000007f3c                wait
 .text.all_pins_off
                0x0000000000007f48       0x54 ../common/ubertooth.o
                0x0000000000007f48                all_pins_off
 .text.gpio_init
                0x0000000000007f9c       0x34 ../common/ubertooth.o
                0x0000000000007f9c                gpio_init
 .text.dio_ssp_init
                0x0000000000007fd0       0x54 ../common/ubertooth.o
                0x0000000000007fd0                dio_ssp_init
 .text.atest_init
                0x0000000000008024       0x34 ../common/ubertooth.o
                0x0000000000008024                atest_init
 .text.cc2400_spi
                0x0000000000008058       0x50 ../common/ubertooth.o
                0x0000000000008058                cc2400_spi
 .text.cc2400_init
                0x00000000000080a8       0x38 ../common/ubertooth.o
                0x00000000000080a8                cc2400_init
 .text.cc2400_get
                0x00000000000080e0       0x12 ../common/ubertooth.o
                0x00000000000080e0                cc2400_get
 .text.cc2400_set
                0x00000000000080f2        0xa ../common/ubertooth.o
                0x00000000000080f2                cc2400_set
 .text.cc2400_get8
                0x00000000000080fc       0x12 ../common/ubertooth.o
                0x00000000000080fc                cc2400_get8
 .text.cc2400_set8
                0x000000000000810e        0xa ../common/ubertooth.o
                0x000000000000810e                cc2400_set8
 .text.cc2400_fifo_write
                0x0000000000008118       0x90 ../common/ubertooth.o
                0x0000000000008118                cc2400_fifo_write
 .text.cc2400_fifo_read
                0x00000000000081a8       0x90 ../common/ubertooth.o
                0x00000000000081a8                cc2400_fifo_read
 .text.cc2400_status
                0x0000000000008238        0xe ../common/ubertooth.o
                0x0000000000008238                cc2400_status
 .text.cc2400_strobe
                0x0000000000008246        0xe ../common/ubertooth.o
                0x0000000000008246                cc2400_strobe
 .text.cc2400_reset
                0x0000000000008254       0x2c ../common/ubertooth.o
                0x0000000000008254                cc2400_reset
 .text.clock_start
                0x0000000000008280      0x14c ../common/ubertooth.o
                0x0000000000008280                clock_start
 .text.ubertooth_init
                0x00000000000083cc       0x12 ../common/ubertooth.o
                0x00000000000083cc                ubertooth_init
 *fill*         0x00000000000083de        0x2 
 .text.reset    0x00000000000083e0       0x34 ../common/ubertooth.o
                0x00000000000083e0                reset
 .text.get_part_num
                0x0000000000008414       0x38 ../common/ubertooth.o
                0x0000000000008414                get_part_num
 .text.get_device_serial
                0x000000000000844c       0x68 ../common/ubertooth.o
                0x000000000000844c                get_device_serial
 .text.set_isp  0x00000000000084b4       0x20 ../common/ubertooth.o
                0x00000000000084b4                set_isp
 .text.DataIn   0x00000000000084d4       0x28 ../common/lpcusb/target/usbcontrol.o
 .text._HandleRequest.constprop.1
                0x00000000000084fc       0x50 ../common/lpcusb/target/usbcontrol.o
 .text.USBHandleControlTransfer
                0x000000000000854c       0xa8 ../common/lpcusb/target/usbcontrol.o
                0x000000000000854c                USBHandleControlTransfer
 .text.USBRegisterRequestHandler
                0x00000000000085f4       0x10 ../common/lpcusb/target/usbcontrol.o
                0x00000000000085f4                USBRegisterRequestHandler
 .text.HandleUsbReset
                0x0000000000008604        0x2 ../common/lpcusb/target/usbinit.o
 *fill*         0x0000000000008606        0x2 
 .text.USBInit  0x0000000000008608       0x4c ../common/lpcusb/target/usbinit.o
                0x0000000000008608                USBInit
 .text.Wait4DevInt
                0x0000000000008654       0x18 ../common/lpcusb/target/usbhw_lpc.o
 .text.USBHwCmd
                0x000000000000866c       0x18 ../common/lpcusb/target/usbhw_lpc.o
 .text.USBHwCmdWrite
                0x0000000000008684       0x20 ../common/lpcusb/target/usbhw_lpc.o
 .text.USBHwEPConfig
                0x00000000000086a4       0x38 ../common/lpcusb/target/usbhw_lpc.o
                0x00000000000086a4                USBHwEPConfig
 .text.USBHwRegisterEPIntHandler
                0x00000000000086dc       0x34 ../common/lpcusb/target/usbhw_lpc.o
                0x00000000000086dc                USBHwRegisterEPIntHandler
 .text.USBHwRegisterDevIntHandler
                0x0000000000008710       0x18 ../common/lpcusb/target/usbhw_lpc.o
                0x0000000000008710                USBHwRegisterDevIntHandler
 .text.USBHwSetAddress
                0x0000000000008728        0xa ../common/lpcusb/target/usbhw_lpc.o
                0x0000000000008728                USBHwSetAddress
 .text.USBHwConnect
                0x0000000000008732        0xc ../common/lpcusb/target/usbhw_lpc.o
                0x0000000000008732                USBHwConnect
 .text.USBHwNakIntEnable
                0x000000000000873e        0x8 ../common/lpcusb/target/usbhw_lpc.o
                0x000000000000873e                USBHwNakIntEnable
 *fill*         0x0000000000008746        0x2 
 .text.USBHwEPGetStatus
                0x0000000000008748       0x34 ../common/lpcusb/target/usbhw_lpc.o
                0x0000000000008748                USBHwEPGetStatus
 .text.USBHwEPStall
                0x000000000000877c       0x18 ../common/lpcusb/target/usbhw_lpc.o
                0x000000000000877c                USBHwEPStall
 .text.USBHwEPWrite
                0x0000000000008794       0x60 ../common/lpcusb/target/usbhw_lpc.o
                0x0000000000008794                USBHwEPWrite
 .text.USBHwEPRead
                0x00000000000087f4       0x6c ../common/lpcusb/target/usbhw_lpc.o
                0x00000000000087f4                USBHwEPRead
 .text.USBHwConfigDevice
                0x0000000000008860        0xc ../common/lpcusb/target/usbhw_lpc.o
                0x0000000000008860                USBHwConfigDevice
 .text.USBHwISR
                0x000000000000886c       0xcc ../common/lpcusb/target/usbhw_lpc.o
                0x000000000000886c                USBHwISR
 .text.USBHwInit
                0x0000000000008938       0xb0 ../common/lpcusb/target/usbhw_lpc.o
                0x0000000000008938                USBHwInit
 .text.USBFilterOsVendorMessage
                0x00000000000089e8       0x68 ../common/lpcusb/target/usbstdreq.o
                0x00000000000089e8                USBFilterOsVendorMessage
 .text.USBRegisterWinusbInterface
                0x0000000000008a50       0x34 ../common/lpcusb/target/usbstdreq.o
                0x0000000000008a50                USBRegisterWinusbInterface
 .text.USBRegisterDescriptors
                0x0000000000008a84        0xc ../common/lpcusb/target/usbstdreq.o
                0x0000000000008a84                USBRegisterDescriptors
 .text.USBGetDescriptor
                0x0000000000008a90       0x58 ../common/lpcusb/target/usbstdreq.o
                0x0000000000008a90                USBGetDescriptor
 .text.USBHandleStandardRequest
                0x0000000000008ae8      0x138 ../common/lpcusb/target/usbstdreq.o
                0x0000000000008ae8                USBHandleStandardRequest
 .text          0x0000000000008c20       0x18 /usr/lib/gcc/arm-none-eabi/4.8.2/armv7-m/libgcc.a(_ashldi3.o)
                0x0000000000008c20                __ashldi3
                0x0000000000008c20                __aeabi_llsl
 .text.memcmp   0x0000000000008c38       0x68 /usr/lib/gcc/arm-none-eabi/4.8.2/../../../arm-none-eabi/lib/armv7-m/libc.a(lib_a-memcmp.o)
                0x0000000000008c38                memcmp
 .text          0x0000000000008ca0       0xec /usr/lib/gcc/arm-none-eabi/4.8.2/../../../arm-none-eabi/lib/armv7-m/libc.a(lib_a-memcpy.o)
                0x0000000000008ca0                memcpy
 .text.strlen   0x0000000000008d8c       0x60 /usr/lib/gcc/arm-none-eabi/4.8.2/../../../arm-none-eabi/lib/armv7-m/libc.a(lib_a-strlen.o)
                0x0000000000008d8c                strlen
 *(.rodata .rodata.* .gnu.linkonce.r.*)
 .rodata.str1.4
                0x0000000000008dec        0x4 /usr/lib/gcc/arm-none-eabi/4.8.2/../../../arm-none-eabi/lib/armv7-m/libc.a(lib_a-impure.o)
 .rodata._global_impure_ptr
                0x0000000000008df0        0x4 /usr/lib/gcc/arm-none-eabi/4.8.2/../../../arm-none-eabi/lib/armv7-m/libc.a(lib_a-impure.o)
                0x0000000000008df0                _global_impure_ptr
 .rodata        0x0000000000008df4      0x8d4 bluetooth_rxtx.o
                0x0000000000008e9b                compile_info
 .rodata.str1.1
                0x00000000000096c8        0xb bluetooth_rxtx.o
 .rodata        0x00000000000096d3       0x1c bluetooth.o
 .rodata.str1.1
                0x00000000000096ef       0x27 ubertooth_usb.o
 *fill*         0x0000000000009716        0x2 
 .rodata        0x0000000000009718       0x54 ego.o
 .rodata        0x000000000000976c        0x4 ../common/ubertooth.o
                0x000000000000976c                iap_entry
 .rodata        0x0000000000009770       0x28 ../common/lpcusb/target/usbstdreq.o
 *(.eh_frame_hdr)
 *(.eh_frame)
 .eh_frame      0x0000000000009798        0x0 /usr/lib/gcc/arm-none-eabi/4.8.2/armv7-m/crtbegin.o
                0x0000000000009798                . = ALIGN (0x4)
 *(.init)
 .init          0x0000000000009798        0x4 /usr/lib/gcc/arm-none-eabi/4.8.2/armv7-m/crti.o
                0x0000000000009798                _init
 .init          0x000000000000979c        0x8 /usr/lib/gcc/arm-none-eabi/4.8.2/armv7-m/crtn.o
                0x00000000000097a4                . = ALIGN (0x4)
                0x00000000000097a4                __preinit_array_start = .
 *(.preinit_array)
                0x00000000000097a4                __preinit_array_end = .
                0x00000000000097a4                . = ALIGN (0x4)
                0x00000000000097a4                __init_array_start = .
 *(SORT(.init_array.*))
 .init_array.00000
                0x00000000000097a4        0x4 /usr/lib/gcc/arm-none-eabi/4.8.2/../../../arm-none-eabi/lib/armv7-m/libc.a(lib_a-__call_atexit.o)
 *(.init_array)
 .init_array    0x00000000000097a8        0x4 /usr/lib/gcc/arm-none-eabi/4.8.2/armv7-m/crtbegin.o
                0x00000000000097ac                __init_array_end = .
                0x00000000000097ac                . = ALIGN (0x4)
 *crtbegin.o(.ctors)
 *(EXCLUDE_FILE(*crtend.o) .ctors)
 *(SORT(.ctors.*))
 *crtend.o(.ctors)
                0x00000000000097ac                . = ALIGN (0x4)
 *(.fini)
 .fini          0x00000000000097ac        0x4 /usr/lib/gcc/arm-none-eabi/4.8.2/armv7-m/crti.o
                0x00000000000097ac                _fini
 .fini          0x00000000000097b0        0x8 /usr/lib/gcc/arm-none-eabi/4.8.2/armv7-m/crtn.o
                0x00000000000097b8                . = ALIGN (0x4)
                0x00000000000097b8                __fini_array_start = .
 *(.fini_array)
 .fini_array    0x00000000000097b8        0x4 /usr/lib/gcc/arm-none-eabi/4.8.2/armv7-m/crtbegin.o
 *(SORT(.fini_array.*))
                0x00000000000097bc                __fini_array_end = .
 *crtbegin.o(.dtors)
 *(EXCLUDE_FILE(*crtend.o) .dtors)
 *(SORT(.dtors.*))
 *crtend.o(.dtors)
                0x00000000000097c0                . = ALIGN (0x8)
 *fill*         0x00000000000097bc        0x4 
                0x00000000000097c0                _etext = .

.glue_7         0x00000000000097c0        0x0
 .glue_7        0x0000000000000000        0x0 linker stubs

.glue_7t        0x00000000000097c0        0x0
 .glue_7t       0x0000000000000000        0x0 linker stubs

.vfp11_veneer   0x00000000000097c0        0x0
 .vfp11_veneer  0x0000000000000000        0x0 linker stubs

.v4_bx          0x00000000000097c0        0x0
 .v4_bx         0x0000000000000000        0x0 linker stubs

.iplt           0x00000000000097c0        0x0
 .iplt          0x0000000000000000        0x0 /usr/lib/gcc/arm-none-eabi/4.8.2/armv7-m/crtbegin.o

.rel.dyn        0x00000000000097c0        0x0
 .rel.iplt      0x0000000000000000        0x0 /usr/lib/gcc/arm-none-eabi/4.8.2/armv7-m/crtbegin.o

.ARM.extab
 *(.ARM.extab* .gnu.linkonce.armextab.*)
                0x00000000000097c0                __exidx_start = .

.ARM.exidx
 *(.ARM.exidx* .gnu.linkonce.armexidx.*)
                0x00000000000097c0                __exidx_end = .
                0x00000000000097c0                _etext = .

.persistent     0x0000000010000000       0x20
                0x0000000010000000                _persistent_start = .
                0x0000000010000020                . = (. + 0x20)
 *fill*         0x0000000010000000       0x20 
                0x0000000010000020                _persistent_end = .
                0x000000001000001c                bootloader_ctrl = (_persistent_start + 0x1c)

.data           0x0000000010000020      0x9dd load address 0x00000000000097c0
                0x0000000010000020                _data = .
 *(vtable)
 *(.data*)
 .data.impure_data
                0x0000000010000020      0x428 /usr/lib/gcc/arm-none-eabi/4.8.2/../../../arm-none-eabi/lib/armv7-m/libc.a(lib_a-impure.o)
 .data          0x0000000010000448       0x54 bluetooth_rxtx.o
                0x0000000010000448                channel
                0x000000001000044c                le
                0x0000000010000490                hop_timeout
                0x0000000010000492                le_adv_channel
                0x0000000010000494                low_freq
                0x0000000010000496                high_freq
                0x0000000010000498                rssi_threshold
 .data          0x000000001000049c      0x400 bluetooth_le.o
                0x000000001000049c                btle_crc_lut
 .data          0x000000001000089c       0xbd ubertooth_usb.o
 .data          0x0000000010000959       0xa4 ../common/lpcusb/target/usbstdreq.o
                0x00000000100009fd                _edata = .

.jcr            0x0000000010000a00        0x0 load address 0x000000000000a19d
 .jcr           0x0000000010000a00        0x0 /usr/lib/gcc/arm-none-eabi/4.8.2/armv7-m/crtbegin.o

.tm_clone_table
                0x0000000010000a00        0x0 load address 0x000000000000a19d
 .tm_clone_table
                0x0000000010000a00        0x0 /usr/lib/gcc/arm-none-eabi/4.8.2/armv7-m/crtbegin.o
 .tm_clone_table
                0x0000000010000a00        0x0 /usr/lib/gcc/arm-none-eabi/4.8.2/armv7-m/crtend.o

.igot.plt       0x0000000010000a00        0x0 load address 0x000000000000a19d
 .igot.plt      0x0000000000000000        0x0 /usr/lib/gcc/arm-none-eabi/4.8.2/armv7-m/crtbegin.o

.bss            0x0000000010000a00     0x2954 load address 0x000000000000a19d
                0x0000000010000a00                _bss = .
                0x0000000010000a00                __bss_start__ = .
 *(.bss*)
 .bss           0x0000000010000a00       0x1c /usr/lib/gcc/arm-none-eabi/4.8.2/armv7-m/crtbegin.o
 .bss           0x0000000010000a1c       0x38 bluetooth_rxtx.o
                0x0000000010000a1c                modulation
                0x0000000010000a1d                status
                0x0000000010000a1e                idle_buf_clkn_high
                0x0000000010000a20                idle_buf_clk100ns
                0x0000000010000a24                idle_buf_channel
                0x0000000010000a26                hop_mode
                0x0000000010000a27                do_hop
                0x0000000010000a28                hop_direct_channel
                0x0000000010000a2a                requested_channel
                0x0000000010000a2c                dma_discard
                0x0000000010000a2d                mode
                0x0000000010000a2e                requested_mode
                0x0000000010000a2f                jam_mode
                0x0000000010000a30                ego_mode
                0x0000000010000a34                packet_cb
                0x0000000010000a38                le_jam_count
                0x0000000010000a3c                slave_mac_address
                0x0000000010000a44                data_cb
 .bss           0x0000000010000a54        0xc ubertooth_usb.o
                0x0000000010000a54                head
                0x0000000010000a58                tail
                0x0000000010000a5c                last_usb_pkt
 .bss           0x0000000010000a60       0x9e ubertooth_rssi.o
                0x0000000010000a60                rssi_iir
 *fill*         0x0000000010000afe        0x2 
 .bss           0x0000000010000b00        0x8 ../common/ubertooth.o
 .bss           0x0000000010000b08       0x34 ../common/lpcusb/target/usbcontrol.o
 .bss           0x0000000010000b3c        0x8 ../common/lpcusb/target/usbinit.o
 .bss           0x0000000010000b44       0x48 ../common/lpcusb/target/usbhw_lpc.o
 .bss           0x0000000010000b8c       0x10 ../common/lpcusb/target/usbstdreq.o
 *(COMMON)
 *fill*         0x0000000010000b9c        0x4 
 COMMON         0x0000000010000ba0      0x530 bluetooth_rxtx.o
                0x0000000010000ba0                last_hop
                0x0000000010000ba4                rx_tc
                0x0000000010000ba8                rssi_max
                0x0000000010000ba9                used_channels
                0x0000000010000baa                rssi_min
                0x0000000010000bab                afh_map
                0x0000000010000bb8                clkn_offset
                0x0000000010000bbc                clkn_last_drift_fix
                0x0000000010000bc0                clk_drift_correction
                0x0000000010000bc4                clkn
                0x0000000010000bc8                tx_pkt
                0x0000000010000c04                active_rxbuf
                0x0000000010000c08                le_promisc
                0x0000000010000d10                cs_no_squelch
                0x0000000010000d12                clk100ns_offset
                0x0000000010000d18                syncword
                0x0000000010000d20                idle_rxbuf
                0x0000000010000d24                unpacked
                0x0000000010001044                clk_drift_ppm
                0x0000000010001046                rssi_count
                0x0000000010001047                afh_enabled
                0x0000000010001048                cs_threshold_req
                0x0000000010001049                rxbuf2
                0x000000001000107c                clkn_next_drift_fix
                0x0000000010001080                rr
                0x0000000010001085                rxbuf1
                0x00000000100010b8                rx_err
                0x00000000100010bc                cs_threshold_cur
                0x00000000100010bd                cs_trigger
                0x00000000100010c0                target
 COMMON         0x00000000100010d0       0xa5 bluetooth.o
                0x00000000100010d0                b
                0x00000000100010d2                d1
                0x00000000100010d4                afh_bank
                0x0000000010001123                a1
                0x0000000010001124                c1
                0x0000000010001125                bank
                0x0000000010001174                e
 *fill*         0x0000000010001175        0x3 
 COMMON         0x0000000010001178     0x2108 ubertooth_usb.o
                0x0000000010001178                fifo
                0x0000000010003178                abVendorReqData
                0x000000001000327c                v_req_handler
 COMMON         0x0000000010003280        0x4 ubertooth_rssi.o
                0x0000000010003280                rssi_sum
 COMMON         0x0000000010003284       0xd0 ubertooth_dma.o
                0x0000000010003284                le_dma_lli
                0x0000000010003334                rx_dma_lli2
                0x0000000010003344                rx_dma_lli1
                0x0000000010003354                _ebss = .
                0x0000000010003354                __bss_end__ = .

.cr_heap        0x0000000010003354        0x0 load address 0x000000000000a19d
                0x0000000010003354                end = .
                0x0000000010003354                __end__ = .
                0x0000000010003354                _pvHeapStart = .
                0x0000000010003fe0                _StackTop = ((ORIGIN (ram) + 0x4000) - 0x20)
OUTPUT(bluetooth_rxtx.elf elf32-littlearm)

.ARM.attributes
                0x0000000000000000       0x29
 .ARM.attributes
                0x0000000000000000       0x1d /usr/lib/gcc/arm-none-eabi/4.8.2/armv7-m/crti.o
 .ARM.attributes
                0x000000000000001d       0x2d /usr/lib/gcc/arm-none-eabi/4.8.2/armv7-m/crtbegin.o
 .ARM.attributes
                0x000000000000004a       0x2d /usr/lib/gcc/arm-none-eabi/4.8.2/../../../arm-none-eabi/lib/armv7-m/libc.a(lib_a-atexit.o)
 .ARM.attributes
                0x0000000000000077       0x2d /usr/lib/gcc/arm-none-eabi/4.8.2/../../../arm-none-eabi/lib/armv7-m/libc.a(lib_a-fini.o)
 .ARM.attributes
                0x00000000000000a4       0x2d /usr/lib/gcc/arm-none-eabi/4.8.2/../../../arm-none-eabi/lib/armv7-m/libc.a(lib_a-impure.o)
 .ARM.attributes
                0x00000000000000d1       0x2d /usr/lib/gcc/arm-none-eabi/4.8.2/../../../arm-none-eabi/lib/armv7-m/libc.a(lib_a-init.o)
 .ARM.attributes
                0x00000000000000fe       0x2d /usr/lib/gcc/arm-none-eabi/4.8.2/../../../arm-none-eabi/lib/armv7-m/libc.a(lib_a-memset.o)
 .ARM.attributes
                0x000000000000012b       0x2d /usr/lib/gcc/arm-none-eabi/4.8.2/../../../arm-none-eabi/lib/armv7-m/libc.a(lib_a-__atexit.o)
 .ARM.attributes
                0x0000000000000158       0x2d /usr/lib/gcc/arm-none-eabi/4.8.2/../../../arm-none-eabi/lib/armv7-m/libc.a(lib_a-__call_atexit.o)
 .ARM.attributes
                0x0000000000000185       0x33 bluetooth_rxtx.o
 .ARM.attributes
                0x00000000000001b8       0x33 bluetooth.o
 .ARM.attributes
                0x00000000000001eb       0x33 bluetooth_le.o
 .ARM.attributes
                0x000000000000021e       0x33 ubertooth_usb.o
 .ARM.attributes
                0x0000000000000251       0x33 ubertooth_rssi.o
 .ARM.attributes
                0x0000000000000284       0x33 ubertooth_cs.o
 .ARM.attributes
                0x00000000000002b7       0x33 ubertooth_clock.o
 .ARM.attributes
                0x00000000000002ea       0x33 ubertooth_dma.o
 .ARM.attributes
                0x000000000000031d       0x33 cc2400_rangetest.o
 .ARM.attributes
                0x0000000000000350       0x33 ego.o
 .ARM.attributes
                0x0000000000000383       0x33 ../common/usb_serial.o
 .ARM.attributes
                0x00000000000003b6       0x33 ../common/LPC17xx_Startup.o
 .ARM.attributes
                0x00000000000003e9       0x33 ../common/LPC17xx_Interrupts.o
 .ARM.attributes
                0x000000000000041c       0x33 ../common/ubertooth.o
 .ARM.attributes
                0x000000000000044f       0x33 ../common/lpcusb/target/usbcontrol.o
 .ARM.attributes
                0x0000000000000482       0x33 ../common/lpcusb/target/usbinit.o
 .ARM.attributes
                0x00000000000004b5       0x33 ../common/lpcusb/target/usbhw_lpc.o
 .ARM.attributes
                0x00000000000004e8       0x33 ../common/lpcusb/target/usbstdreq.o
 .ARM.attributes
                0x000000000000051b       0x1d /usr/lib/gcc/arm-none-eabi/4.8.2/armv7-m/libgcc.a(_ashldi3.o)
 .ARM.attributes
                0x0000000000000538       0x2d /usr/lib/gcc/arm-none-eabi/4.8.2/../../../arm-none-eabi/lib/armv7-m/libc.a(lib_a-memcmp.o)
 .ARM.attributes
                0x0000000000000565       0x1b /usr/lib/gcc/arm-none-eabi/4.8.2/../../../arm-none-eabi/lib/armv7-m/libc.a(lib_a-memcpy.o)
 .ARM.attributes
                0x0000000000000580       0x2d /usr/lib/gcc/arm-none-eabi/4.8.2/../../../arm-none-eabi/lib/armv7-m/libc.a(lib_a-strlen.o)
 .ARM.attributes
                0x00000000000005ad       0x2d /usr/lib/gcc/arm-none-eabi/4.8.2/armv7-m/crtend.o
 .ARM.attributes
                0x00000000000005da       0x1d /usr/lib/gcc/arm-none-eabi/4.8.2/armv7-m/crtn.o

.comment        0x0000000000000000       0x1f
 .comment       0x0000000000000000       0x1f /usr/lib/gcc/arm-none-eabi/4.8.2/armv7-m/crtbegin.o
                                         0x20 (size before relaxing)
 .comment       0x0000000000000000       0x20 /usr/lib/gcc/arm-none-eabi/4.8.2/../../../arm-none-eabi/lib/armv7-m/libc.a(lib_a-atexit.o)
 .comment       0x0000000000000000       0x20 /usr/lib/gcc/arm-none-eabi/4.8.2/../../../arm-none-eabi/lib/armv7-m/libc.a(lib_a-fini.o)
 .comment       0x0000000000000000       0x20 /usr/lib/gcc/arm-none-eabi/4.8.2/../../../arm-none-eabi/lib/armv7-m/libc.a(lib_a-impure.o)
 .comment       0x0000000000000000       0x20 /usr/lib/gcc/arm-none-eabi/4.8.2/../../../arm-none-eabi/lib/armv7-m/libc.a(lib_a-init.o)
 .comment       0x0000000000000000       0x20 /usr/lib/gcc/arm-none-eabi/4.8.2/../../../arm-none-eabi/lib/armv7-m/libc.a(lib_a-memset.o)
 .comment       0x0000000000000000       0x20 /usr/lib/gcc/arm-none-eabi/4.8.2/../../../arm-none-eabi/lib/armv7-m/libc.a(lib_a-__atexit.o)
 .comment       0x0000000000000000       0x20 /usr/lib/gcc/arm-none-eabi/4.8.2/../../../arm-none-eabi/lib/armv7-m/libc.a(lib_a-__call_atexit.o)
 .comment       0x0000000000000000       0x20 bluetooth_rxtx.o
 .comment       0x0000000000000000       0x20 bluetooth.o
 .comment       0x0000000000000000       0x20 bluetooth_le.o
 .comment       0x0000000000000000       0x20 ubertooth_usb.o
 .comment       0x0000000000000000       0x20 ubertooth_rssi.o
 .comment       0x0000000000000000       0x20 ubertooth_cs.o
 .comment       0x0000000000000000       0x20 ubertooth_clock.o
 .comment       0x0000000000000000       0x20 ubertooth_dma.o
 .comment       0x0000000000000000       0x20 cc2400_rangetest.o
 .comment       0x0000000000000000       0x20 ego.o
 .comment       0x0000000000000000       0x20 ../common/usb_serial.o
 .comment       0x0000000000000000       0x20 ../common/LPC17xx_Startup.o
 .comment       0x0000000000000000       0x20 ../common/LPC17xx_Interrupts.o
 .comment       0x0000000000000000       0x20 ../common/ubertooth.o
 .comment       0x0000000000000000       0x20 ../common/lpcusb/target/usbcontrol.o
 .comment       0x0000000000000000       0x20 ../common/lpcusb/target/usbinit.o
 .comment       0x0000000000000000       0x20 ../common/lpcusb/target/usbhw_lpc.o
 .comment       0x0000000000000000       0x20 ../common/lpcusb/target/usbstdreq.o
 .comment       0x0000000000000000       0x20 /usr/lib/gcc/arm-none-eabi/4.8.2/../../../arm-none-eabi/lib/armv7-m/libc.a(lib_a-memcmp.o)
 .comment       0x0000000000000000       0x20 /usr/lib/gcc/arm-none-eabi/4.8.2/../../../arm-none-eabi/lib/armv7-m/libc.a(lib_a-strlen.o)
 .comment       0x0000000000000000       0x20 /usr/lib/gcc/arm-none-eabi/4.8.2/armv7-m/crtend.o

.debug_info     0x0000000000000000     0xb987
 .debug_info    0x0000000000000000      0x10a /usr/lib/gcc/arm-none-eabi/4.8.2/../../../arm-none-eabi/lib/armv7-m/libc.a(lib_a-atexit.o)
 .debug_info    0x000000000000010a       0xef /usr/lib/gcc/arm-none-eabi/4.8.2/../../../arm-none-eabi/lib/armv7-m/libc.a(lib_a-fini.o)
 .debug_info    0x00000000000001f9      0x894 /usr/lib/gcc/arm-none-eabi/4.8.2/../../../arm-none-eabi/lib/armv7-m/libc.a(lib_a-impure.o)
 .debug_info    0x0000000000000a8d      0x105 /usr/lib/gcc/arm-none-eabi/4.8.2/../../../arm-none-eabi/lib/armv7-m/libc.a(lib_a-init.o)
 .debug_info    0x0000000000000b92      0x117 /usr/lib/gcc/arm-none-eabi/4.8.2/../../../arm-none-eabi/lib/armv7-m/libc.a(lib_a-memset.o)
 .debug_info    0x0000000000000ca9      0x934 /usr/lib/gcc/arm-none-eabi/4.8.2/../../../arm-none-eabi/lib/armv7-m/libc.a(lib_a-__atexit.o)
 .debug_info    0x00000000000015dd      0x9aa /usr/lib/gcc/arm-none-eabi/4.8.2/../../../arm-none-eabi/lib/armv7-m/libc.a(lib_a-__call_atexit.o)
 .debug_info    0x0000000000001f87     0x3887 bluetooth_rxtx.o
 .debug_info    0x000000000000580e      0x4cf bluetooth.o
 .debug_info    0x0000000000005cdd      0x536 bluetooth_le.o
 .debug_info    0x0000000000006213      0x7fb ubertooth_usb.o
 .debug_info    0x0000000000006a0e      0x208 ubertooth_rssi.o
 .debug_info    0x0000000000006c16      0x266 ubertooth_cs.o
 .debug_info    0x0000000000006e7c      0x16c ubertooth_clock.o
 .debug_info    0x0000000000006fe8      0x24d ubertooth_dma.o
 .debug_info    0x0000000000007235      0x83c cc2400_rangetest.o
 .debug_info    0x0000000000007a71      0xd0b ego.o
 .debug_info    0x000000000000877c      0x9b9 ../common/usb_serial.o
 .debug_info    0x0000000000009135      0x117 ../common/LPC17xx_Startup.o
 .debug_info    0x000000000000924c       0x7d ../common/LPC17xx_Interrupts.o
 .debug_info    0x00000000000092c9      0xa96 ../common/ubertooth.o
 .debug_info    0x0000000000009d5f      0x47d ../common/lpcusb/target/usbcontrol.o
 .debug_info    0x000000000000a1dc      0x297 ../common/lpcusb/target/usbinit.o
 .debug_info    0x000000000000a473      0xab0 ../common/lpcusb/target/usbhw_lpc.o
 .debug_info    0x000000000000af23      0x74b ../common/lpcusb/target/usbstdreq.o
 .debug_info    0x000000000000b66e       0x9f /usr/lib/gcc/arm-none-eabi/4.8.2/armv7-m/libgcc.a(_ashldi3.o)
 .debug_info    0x000000000000b70d      0x113 /usr/lib/gcc/arm-none-eabi/4.8.2/../../../arm-none-eabi/lib/armv7-m/libc.a(lib_a-memcmp.o)
 .debug_info    0x000000000000b820       0xb2 /usr/lib/gcc/arm-none-eabi/4.8.2/../../../arm-none-eabi/lib/armv7-m/libc.a(lib_a-memcpy.o)
 .debug_info    0x000000000000b8d2       0xb5 /usr/lib/gcc/arm-none-eabi/4.8.2/../../../arm-none-eabi/lib/armv7-m/libc.a(lib_a-strlen.o)

.debug_abbrev   0x0000000000000000     0x2ef0
 .debug_abbrev  0x0000000000000000       0xb8 /usr/lib/gcc/arm-none-eabi/4.8.2/../../../arm-none-eabi/lib/armv7-m/libc.a(lib_a-atexit.o)
 .debug_abbrev  0x00000000000000b8       0xbd /usr/lib/gcc/arm-none-eabi/4.8.2/../../../arm-none-eabi/lib/armv7-m/libc.a(lib_a-fini.o)
 .debug_abbrev  0x0000000000000175      0x180 /usr/lib/gcc/arm-none-eabi/4.8.2/../../../arm-none-eabi/lib/armv7-m/libc.a(lib_a-impure.o)
 .debug_abbrev  0x00000000000002f5       0xba /usr/lib/gcc/arm-none-eabi/4.8.2/../../../arm-none-eabi/lib/armv7-m/libc.a(lib_a-init.o)
 .debug_abbrev  0x00000000000003af       0x9f /usr/lib/gcc/arm-none-eabi/4.8.2/../../../arm-none-eabi/lib/armv7-m/libc.a(lib_a-memset.o)
 .debug_abbrev  0x000000000000044e      0x20f /usr/lib/gcc/arm-none-eabi/4.8.2/../../../arm-none-eabi/lib/armv7-m/libc.a(lib_a-__atexit.o)
 .debug_abbrev  0x000000000000065d      0x285 /usr/lib/gcc/arm-none-eabi/4.8.2/../../../arm-none-eabi/lib/armv7-m/libc.a(lib_a-__call_atexit.o)
 .debug_abbrev  0x00000000000008e2      0x580 bluetooth_rxtx.o
 .debug_abbrev  0x0000000000000e62      0x1a8 bluetooth.o
 .debug_abbrev  0x000000000000100a      0x175 bluetooth_le.o
 .debug_abbrev  0x000000000000117f      0x308 ubertooth_usb.o
 .debug_abbrev  0x0000000000001487      0x111 ubertooth_rssi.o
 .debug_abbrev  0x0000000000001598      0x14e ubertooth_cs.o
 .debug_abbrev  0x00000000000016e6       0x88 ubertooth_clock.o
 .debug_abbrev  0x000000000000176e      0x109 ubertooth_dma.o
 .debug_abbrev  0x0000000000001877      0x1cb cc2400_rangetest.o
 .debug_abbrev  0x0000000000001a42      0x37c ego.o
 .debug_abbrev  0x0000000000001dbe      0x2fa ../common/usb_serial.o
 .debug_abbrev  0x00000000000020b8       0xb8 ../common/LPC17xx_Startup.o
 .debug_abbrev  0x0000000000002170       0x80 ../common/LPC17xx_Interrupts.o
 .debug_abbrev  0x00000000000021f0      0x2df ../common/ubertooth.o
 .debug_abbrev  0x00000000000024cf      0x249 ../common/lpcusb/target/usbcontrol.o
 .debug_abbrev  0x0000000000002718      0x13d ../common/lpcusb/target/usbinit.o
 .debug_abbrev  0x0000000000002855      0x2ac ../common/lpcusb/target/usbhw_lpc.o
 .debug_abbrev  0x0000000000002b01      0x2d8 ../common/lpcusb/target/usbstdreq.o
 .debug_abbrev  0x0000000000002dd9       0x14 /usr/lib/gcc/arm-none-eabi/4.8.2/armv7-m/libgcc.a(_ashldi3.o)
 .debug_abbrev  0x0000000000002ded       0x7f /usr/lib/gcc/arm-none-eabi/4.8.2/../../../arm-none-eabi/lib/armv7-m/libc.a(lib_a-memcmp.o)
 .debug_abbrev  0x0000000000002e6c       0x14 /usr/lib/gcc/arm-none-eabi/4.8.2/../../../arm-none-eabi/lib/armv7-m/libc.a(lib_a-memcpy.o)
 .debug_abbrev  0x0000000000002e80       0x70 /usr/lib/gcc/arm-none-eabi/4.8.2/../../../arm-none-eabi/lib/armv7-m/libc.a(lib_a-strlen.o)

.debug_loc      0x0000000000000000     0x5a13
 .debug_loc     0x0000000000000000       0x2c /usr/lib/gcc/arm-none-eabi/4.8.2/../../../arm-none-eabi/lib/armv7-m/libc.a(lib_a-atexit.o)
 .debug_loc     0x000000000000002c       0x5c /usr/lib/gcc/arm-none-eabi/4.8.2/../../../arm-none-eabi/lib/armv7-m/libc.a(lib_a-fini.o)
 .debug_loc     0x0000000000000088       0xae /usr/lib/gcc/arm-none-eabi/4.8.2/../../../arm-none-eabi/lib/armv7-m/libc.a(lib_a-init.o)
 .debug_loc     0x0000000000000136      0x18b /usr/lib/gcc/arm-none-eabi/4.8.2/../../../arm-none-eabi/lib/armv7-m/libc.a(lib_a-memset.o)
 .debug_loc     0x00000000000002c1      0x14d /usr/lib/gcc/arm-none-eabi/4.8.2/../../../arm-none-eabi/lib/armv7-m/libc.a(lib_a-__atexit.o)
 .debug_loc     0x000000000000040e      0x155 /usr/lib/gcc/arm-none-eabi/4.8.2/../../../arm-none-eabi/lib/armv7-m/libc.a(lib_a-__call_atexit.o)
 .debug_loc     0x0000000000000563     0x24ee bluetooth_rxtx.o
 .debug_loc     0x0000000000002a51      0x75b bluetooth.o
 .debug_loc     0x00000000000031ac      0x37c bluetooth_le.o
 .debug_loc     0x0000000000003528      0x2c6 ubertooth_usb.o
 .debug_loc     0x00000000000037ee       0x8c ubertooth_rssi.o
 .debug_loc     0x000000000000387a       0x7d ubertooth_cs.o
 .debug_loc     0x00000000000038f7       0x1f ubertooth_dma.o
 .debug_loc     0x0000000000003916      0x295 cc2400_rangetest.o
 .debug_loc     0x0000000000003bab      0x2fa ego.o
 .debug_loc     0x0000000000003ea5      0x319 ../common/usb_serial.o
 .debug_loc     0x00000000000041be       0x97 ../common/LPC17xx_Startup.o
 .debug_loc     0x0000000000004255      0x692 ../common/ubertooth.o
 .debug_loc     0x00000000000048e7      0x182 ../common/lpcusb/target/usbcontrol.o
 .debug_loc     0x0000000000004a69      0x720 ../common/lpcusb/target/usbhw_lpc.o
 .debug_loc     0x0000000000005189      0x786 ../common/lpcusb/target/usbstdreq.o
 .debug_loc     0x000000000000590f       0xe3 /usr/lib/gcc/arm-none-eabi/4.8.2/../../../arm-none-eabi/lib/armv7-m/libc.a(lib_a-memcmp.o)
 .debug_loc     0x00000000000059f2       0x21 /usr/lib/gcc/arm-none-eabi/4.8.2/../../../arm-none-eabi/lib/armv7-m/libc.a(lib_a-strlen.o)

.debug_aranges  0x0000000000000000      0x858
 .debug_aranges
                0x0000000000000000       0x20 /usr/lib/gcc/arm-none-eabi/4.8.2/../../../arm-none-eabi/lib/armv7-m/libc.a(lib_a-atexit.o)
 .debug_aranges
                0x0000000000000020       0x20 /usr/lib/gcc/arm-none-eabi/4.8.2/../../../arm-none-eabi/lib/armv7-m/libc.a(lib_a-fini.o)
 .debug_aranges
                0x0000000000000040       0x18 /usr/lib/gcc/arm-none-eabi/4.8.2/../../../arm-none-eabi/lib/armv7-m/libc.a(lib_a-impure.o)
 .debug_aranges
                0x0000000000000058       0x20 /usr/lib/gcc/arm-none-eabi/4.8.2/../../../arm-none-eabi/lib/armv7-m/libc.a(lib_a-init.o)
 .debug_aranges
                0x0000000000000078       0x20 /usr/lib/gcc/arm-none-eabi/4.8.2/../../../arm-none-eabi/lib/armv7-m/libc.a(lib_a-memset.o)
 .debug_aranges
                0x0000000000000098       0x20 /usr/lib/gcc/arm-none-eabi/4.8.2/../../../arm-none-eabi/lib/armv7-m/libc.a(lib_a-__atexit.o)
 .debug_aranges
                0x00000000000000b8       0x28 /usr/lib/gcc/arm-none-eabi/4.8.2/../../../arm-none-eabi/lib/armv7-m/libc.a(lib_a-__call_atexit.o)
 .debug_aranges
                0x00000000000000e0      0x140 bluetooth_rxtx.o
 .debug_aranges
                0x0000000000000220       0x30 bluetooth.o
 .debug_aranges
                0x0000000000000250       0x48 bluetooth_le.o
 .debug_aranges
                0x0000000000000298       0x58 ubertooth_usb.o
 .debug_aranges
                0x00000000000002f0       0x38 ubertooth_rssi.o
 .debug_aranges
                0x0000000000000328       0x38 ubertooth_cs.o
 .debug_aranges
                0x0000000000000360       0x30 ubertooth_clock.o
 .debug_aranges
                0x0000000000000390       0x40 ubertooth_dma.o
 .debug_aranges
                0x00000000000003d0       0x30 cc2400_rangetest.o
 .debug_aranges
                0x0000000000000400       0x98 ego.o
 .debug_aranges
                0x0000000000000498       0x70 ../common/usb_serial.o
 .debug_aranges
                0x0000000000000508       0x20 ../common/LPC17xx_Startup.o
 .debug_aranges
                0x0000000000000528       0x20 ../common/LPC17xx_Interrupts.o
 .debug_aranges
                0x0000000000000548      0x108 ../common/ubertooth.o
 .debug_aranges
                0x0000000000000650       0x38 ../common/lpcusb/target/usbcontrol.o
 .debug_aranges
                0x0000000000000688       0x28 ../common/lpcusb/target/usbinit.o
 .debug_aranges
                0x00000000000006b0       0xd8 ../common/lpcusb/target/usbhw_lpc.o
 .debug_aranges
                0x0000000000000788       0x50 ../common/lpcusb/target/usbstdreq.o
 .debug_aranges
                0x00000000000007d8       0x20 /usr/lib/gcc/arm-none-eabi/4.8.2/armv7-m/libgcc.a(_ashldi3.o)
 .debug_aranges
                0x00000000000007f8       0x20 /usr/lib/gcc/arm-none-eabi/4.8.2/../../../arm-none-eabi/lib/armv7-m/libc.a(lib_a-memcmp.o)
 .debug_aranges
                0x0000000000000818       0x20 /usr/lib/gcc/arm-none-eabi/4.8.2/../../../arm-none-eabi/lib/armv7-m/libc.a(lib_a-memcpy.o)
 .debug_aranges
                0x0000000000000838       0x20 /usr/lib/gcc/arm-none-eabi/4.8.2/../../../arm-none-eabi/lib/armv7-m/libc.a(lib_a-strlen.o)

.debug_ranges   0x0000000000000000      0x8b0
 .debug_ranges  0x0000000000000000       0x10 /usr/lib/gcc/arm-none-eabi/4.8.2/../../../arm-none-eabi/lib/armv7-m/libc.a(lib_a-atexit.o)
 .debug_ranges  0x0000000000000010       0x10 /usr/lib/gcc/arm-none-eabi/4.8.2/../../../arm-none-eabi/lib/armv7-m/libc.a(lib_a-fini.o)
 .debug_ranges  0x0000000000000020       0x10 /usr/lib/gcc/arm-none-eabi/4.8.2/../../../arm-none-eabi/lib/armv7-m/libc.a(lib_a-init.o)
 .debug_ranges  0x0000000000000030       0x10 /usr/lib/gcc/arm-none-eabi/4.8.2/../../../arm-none-eabi/lib/armv7-m/libc.a(lib_a-memset.o)
 .debug_ranges  0x0000000000000040       0x10 /usr/lib/gcc/arm-none-eabi/4.8.2/../../../arm-none-eabi/lib/armv7-m/libc.a(lib_a-__atexit.o)
 .debug_ranges  0x0000000000000050       0x38 /usr/lib/gcc/arm-none-eabi/4.8.2/../../../arm-none-eabi/lib/armv7-m/libc.a(lib_a-__call_atexit.o)
 .debug_ranges  0x0000000000000088      0x228 bluetooth_rxtx.o
 .debug_ranges  0x00000000000002b0       0x50 bluetooth.o
 .debug_ranges  0x0000000000000300       0x38 bluetooth_le.o
 .debug_ranges  0x0000000000000338       0x48 ubertooth_usb.o
 .debug_ranges  0x0000000000000380       0x28 ubertooth_rssi.o
 .debug_ranges  0x00000000000003a8       0x28 ubertooth_cs.o
 .debug_ranges  0x00000000000003d0       0x20 ubertooth_clock.o
 .debug_ranges  0x00000000000003f0       0x30 ubertooth_dma.o
 .debug_ranges  0x0000000000000420       0x20 cc2400_rangetest.o
 .debug_ranges  0x0000000000000440       0xd0 ego.o
 .debug_ranges  0x0000000000000510       0x78 ../common/usb_serial.o
 .debug_ranges  0x0000000000000588       0x10 ../common/LPC17xx_Startup.o
 .debug_ranges  0x0000000000000598       0x10 ../common/LPC17xx_Interrupts.o
 .debug_ranges  0x00000000000005a8      0x128 ../common/ubertooth.o
 .debug_ranges  0x00000000000006d0       0x40 ../common/lpcusb/target/usbcontrol.o
 .debug_ranges  0x0000000000000710       0x18 ../common/lpcusb/target/usbinit.o
 .debug_ranges  0x0000000000000728       0xe0 ../common/lpcusb/target/usbhw_lpc.o
 .debug_ranges  0x0000000000000808       0x88 ../common/lpcusb/target/usbstdreq.o
 .debug_ranges  0x0000000000000890       0x10 /usr/lib/gcc/arm-none-eabi/4.8.2/../../../arm-none-eabi/lib/armv7-m/libc.a(lib_a-memcmp.o)
 .debug_ranges  0x00000000000008a0       0x10 /usr/lib/gcc/arm-none-eabi/4.8.2/../../../arm-none-eabi/lib/armv7-m/libc.a(lib_a-strlen.o)

.debug_line     0x0000000000000000     0x33ee
 .debug_line    0x0000000000000000       0xa6 /usr/lib/gcc/arm-none-eabi/4.8.2/../../../arm-none-eabi/lib/armv7-m/libc.a(lib_a-atexit.o)
 .debug_line    0x00000000000000a6       0x9c /usr/lib/gcc/arm-none-eabi/4.8.2/../../../arm-none-eabi/lib/armv7-m/libc.a(lib_a-fini.o)
 .debug_line    0x0000000000000142       0xd6 /usr/lib/gcc/arm-none-eabi/4.8.2/../../../arm-none-eabi/lib/armv7-m/libc.a(lib_a-impure.o)
 .debug_line    0x0000000000000218       0xb5 /usr/lib/gcc/arm-none-eabi/4.8.2/../../../arm-none-eabi/lib/armv7-m/libc.a(lib_a-init.o)
 .debug_line    0x00000000000002cd       0xff /usr/lib/gcc/arm-none-eabi/4.8.2/../../../arm-none-eabi/lib/armv7-m/libc.a(lib_a-memset.o)
 .debug_line    0x00000000000003cc      0x160 /usr/lib/gcc/arm-none-eabi/4.8.2/../../../arm-none-eabi/lib/armv7-m/libc.a(lib_a-__atexit.o)
 .debug_line    0x000000000000052c      0x19a /usr/lib/gcc/arm-none-eabi/4.8.2/../../../arm-none-eabi/lib/armv7-m/libc.a(lib_a-__call_atexit.o)
 .debug_line    0x00000000000006c6      0xe6d bluetooth_rxtx.o
 .debug_line    0x0000000000001533      0x1b8 bluetooth.o
 .debug_line    0x00000000000016eb      0x149 bluetooth_le.o
 .debug_line    0x0000000000001834      0x21d ubertooth_usb.o
 .debug_line    0x0000000000001a51       0xfe ubertooth_rssi.o
 .debug_line    0x0000000000001b4f       0xfd ubertooth_cs.o
 .debug_line    0x0000000000001c4c       0xbe ubertooth_clock.o
 .debug_line    0x0000000000001d0a      0x134 ubertooth_dma.o
 .debug_line    0x0000000000001e3e      0x23d cc2400_rangetest.o
 .debug_line    0x000000000000207b      0x2af ego.o
 .debug_line    0x000000000000232a      0x203 ../common/usb_serial.o
 .debug_line    0x000000000000252d       0x96 ../common/LPC17xx_Startup.o
 .debug_line    0x00000000000025c3       0x4e ../common/LPC17xx_Interrupts.o
 .debug_line    0x0000000000002611      0x44d ../common/ubertooth.o
 .debug_line    0x0000000000002a5e       0xf3 ../common/lpcusb/target/usbcontrol.o
 .debug_line    0x0000000000002b51       0xa0 ../common/lpcusb/target/usbinit.o
 .debug_line    0x0000000000002bf1      0x357 ../common/lpcusb/target/usbhw_lpc.o
 .debug_line    0x0000000000002f48      0x1af ../common/lpcusb/target/usbstdreq.o
 .debug_line    0x00000000000030f7       0x6f /usr/lib/gcc/arm-none-eabi/4.8.2/armv7-m/libgcc.a(_ashldi3.o)
 .debug_line    0x0000000000003166       0xf6 /usr/lib/gcc/arm-none-eabi/4.8.2/../../../arm-none-eabi/lib/armv7-m/libc.a(lib_a-memcmp.o)
 .debug_line    0x000000000000325c       0xbb /usr/lib/gcc/arm-none-eabi/4.8.2/../../../arm-none-eabi/lib/armv7-m/libc.a(lib_a-memcpy.o)
 .debug_line    0x0000000000003317       0xd7 /usr/lib/gcc/arm-none-eabi/4.8.2/../../../arm-none-eabi/lib/armv7-m/libc.a(lib_a-strlen.o)

.debug_str      0x0000000000000000     0x2ee0
 .debug_str     0x0000000000000000      0x199 /usr/lib/gcc/arm-none-eabi/4.8.2/../../../arm-none-eabi/lib/armv7-m/libc.a(lib_a-atexit.o)
                                        0x1d9 (size before relaxing)
 .debug_str     0x0000000000000199       0xaf /usr/lib/gcc/arm-none-eabi/4.8.2/../../../arm-none-eabi/lib/armv7-m/libc.a(lib_a-fini.o)
                                        0x1d1 (size before relaxing)
 .debug_str     0x0000000000000248      0x3fd /usr/lib/gcc/arm-none-eabi/4.8.2/../../../arm-none-eabi/lib/armv7-m/libc.a(lib_a-impure.o)
                                        0x56d (size before relaxing)
 .debug_str     0x0000000000000645       0x8a /usr/lib/gcc/arm-none-eabi/4.8.2/../../../arm-none-eabi/lib/armv7-m/libc.a(lib_a-init.o)
                                        0x1fb (size before relaxing)
 .debug_str     0x00000000000006cf       0x93 /usr/lib/gcc/arm-none-eabi/4.8.2/../../../arm-none-eabi/lib/armv7-m/libc.a(lib_a-memset.o)
                                        0x1b0 (size before relaxing)
 .debug_str     0x0000000000000762       0x30 /usr/lib/gcc/arm-none-eabi/4.8.2/../../../arm-none-eabi/lib/armv7-m/libc.a(lib_a-__atexit.o)
                                        0x5b5 (size before relaxing)
 .debug_str     0x0000000000000792       0x7c /usr/lib/gcc/arm-none-eabi/4.8.2/../../../arm-none-eabi/lib/armv7-m/libc.a(lib_a-__call_atexit.o)
                                        0x5cd (size before relaxing)
 .debug_str     0x000000000000080e     0x15d7 bluetooth_rxtx.o
                                       0x17ab (size before relaxing)
 .debug_str     0x0000000000001de5       0x98 bluetooth.o
                                        0x2d9 (size before relaxing)
 .debug_str     0x0000000000001e7d       0x52 bluetooth_le.o
                                        0x43f (size before relaxing)
 .debug_str     0x0000000000001ecf      0x1a2 ubertooth_usb.o
                                        0x4c5 (size before relaxing)
 .debug_str     0x0000000000002071       0x30 ubertooth_rssi.o
                                        0x271 (size before relaxing)
 .debug_str     0x00000000000020a1       0x69 ubertooth_cs.o
                                        0x305 (size before relaxing)
 .debug_str     0x000000000000210a       0x12 ubertooth_clock.o
                                        0x270 (size before relaxing)
 .debug_str     0x000000000000211c       0x60 ubertooth_dma.o
                                        0x28c (size before relaxing)
 .debug_str     0x000000000000217c       0x58 cc2400_rangetest.o
                                        0x327 (size before relaxing)
 .debug_str     0x00000000000021d4      0x1d4 ego.o
                                        0x65c (size before relaxing)
 .debug_str     0x00000000000023a8      0x216 ../common/usb_serial.o
                                        0x4d2 (size before relaxing)
 .debug_str     0x00000000000025be       0x9b ../common/LPC17xx_Startup.o
                                        0x225 (size before relaxing)
 .debug_str     0x0000000000002659       0x51 ../common/LPC17xx_Interrupts.o
                                        0x187 (size before relaxing)
 .debug_str     0x00000000000026aa       0xe7 ../common/ubertooth.o
                                        0x3a6 (size before relaxing)
 .debug_str     0x0000000000002791       0xdf ../common/lpcusb/target/usbcontrol.o
                                        0x2ef (size before relaxing)
 .debug_str     0x0000000000002870       0x56 ../common/lpcusb/target/usbinit.o
                                        0x283 (size before relaxing)
 .debug_str     0x00000000000028c6      0x305 ../common/lpcusb/target/usbhw_lpc.o
                                        0x5cd (size before relaxing)
 .debug_str     0x0000000000002bcb      0x262 ../common/lpcusb/target/usbstdreq.o
                                        0x4d1 (size before relaxing)
 .debug_str     0x0000000000002e2d       0x2e /usr/lib/gcc/arm-none-eabi/4.8.2/../../../arm-none-eabi/lib/armv7-m/libc.a(lib_a-memcmp.o)
                                        0x19c (size before relaxing)
 .debug_str     0x0000000000002e5b       0x85 /usr/lib/gcc/arm-none-eabi/4.8.2/../../../arm-none-eabi/lib/armv7-m/libc.a(lib_a-strlen.o)
                                        0x1a9 (size before relaxing)

.debug_frame    0x0000000000000000     0x1468
 .debug_frame   0x0000000000000000       0x20 /usr/lib/gcc/arm-none-eabi/4.8.2/../../../arm-none-eabi/lib/armv7-m/libc.a(lib_a-atexit.o)
 .debug_frame   0x0000000000000020       0x2c /usr/lib/gcc/arm-none-eabi/4.8.2/../../../arm-none-eabi/lib/armv7-m/libc.a(lib_a-fini.o)
 .debug_frame   0x000000000000004c       0x2c /usr/lib/gcc/arm-none-eabi/4.8.2/../../../arm-none-eabi/lib/armv7-m/libc.a(lib_a-init.o)
 .debug_frame   0x0000000000000078       0x2c /usr/lib/gcc/arm-none-eabi/4.8.2/../../../arm-none-eabi/lib/armv7-m/libc.a(lib_a-memset.o)
 .debug_frame   0x00000000000000a4       0x30 /usr/lib/gcc/arm-none-eabi/4.8.2/../../../arm-none-eabi/lib/armv7-m/libc.a(lib_a-__atexit.o)
 .debug_frame   0x00000000000000d4       0x48 /usr/lib/gcc/arm-none-eabi/4.8.2/../../../arm-none-eabi/lib/armv7-m/libc.a(lib_a-__call_atexit.o)
 .debug_frame   0x000000000000011c      0x518 bluetooth_rxtx.o
 .debug_frame   0x0000000000000634       0x90 bluetooth.o
 .debug_frame   0x00000000000006c4       0xac bluetooth_le.o
 .debug_frame   0x0000000000000770       0xe8 ubertooth_usb.o
 .debug_frame   0x0000000000000858       0x68 ubertooth_rssi.o
 .debug_frame   0x00000000000008c0       0x6c ubertooth_cs.o
 .debug_frame   0x000000000000092c       0x4c ubertooth_clock.o
 .debug_frame   0x0000000000000978       0x78 ubertooth_dma.o
 .debug_frame   0x00000000000009f0       0x8c cc2400_rangetest.o
 .debug_frame   0x0000000000000a7c      0x190 ego.o
 .debug_frame   0x0000000000000c0c      0x130 ../common/usb_serial.o
 .debug_frame   0x0000000000000d3c       0x2c ../common/LPC17xx_Startup.o
 .debug_frame   0x0000000000000d68       0x20 ../common/LPC17xx_Interrupts.o
 .debug_frame   0x0000000000000d88      0x2e8 ../common/ubertooth.o
 .debug_frame   0x0000000000001070       0x84 ../common/lpcusb/target/usbcontrol.o
 .debug_frame   0x00000000000010f4       0x3c ../common/lpcusb/target/usbinit.o
 .debug_frame   0x0000000000001130      0x220 ../common/lpcusb/target/usbhw_lpc.o
 .debug_frame   0x0000000000001350       0xcc ../common/lpcusb/target/usbstdreq.o
 .debug_frame   0x000000000000141c       0x2c /usr/lib/gcc/arm-none-eabi/4.8.2/../../../arm-none-eabi/lib/armv7-m/libc.a(lib_a-memcmp.o)
 .debug_frame   0x0000000000001448       0x20 /usr/lib/gcc/arm-none-eabi/4.8.2/../../../arm-none-eabi/lib/armv7-m/libc.a(lib_a-strlen.o)
