Archive member included because of file (symbol)

/usr/lib/gcc/arm-none-eabi/4.8.2/../../../arm-none-eabi/lib/armv7-m/libc.a(lib_a-atexit.o)
                              /usr/lib/gcc/arm-none-eabi/4.8.2/../../../arm-none-eabi/lib/armv7-m/crt0.o (atexit)
/usr/lib/gcc/arm-none-eabi/4.8.2/../../../arm-none-eabi/lib/armv7-m/libc.a(lib_a-exit.o)
                              /usr/lib/gcc/arm-none-eabi/4.8.2/../../../arm-none-eabi/lib/armv7-m/crt0.o (exit)
/usr/lib/gcc/arm-none-eabi/4.8.2/../../../arm-none-eabi/lib/armv7-m/libc.a(lib_a-fini.o)
                              /usr/lib/gcc/arm-none-eabi/4.8.2/../../../arm-none-eabi/lib/armv7-m/crt0.o (__libc_fini_array)
/usr/lib/gcc/arm-none-eabi/4.8.2/../../../arm-none-eabi/lib/armv7-m/libc.a(lib_a-impure.o)
                              /usr/lib/gcc/arm-none-eabi/4.8.2/../../../arm-none-eabi/lib/armv7-m/libc.a(lib_a-exit.o) (_global_impure_ptr)
/usr/lib/gcc/arm-none-eabi/4.8.2/../../../arm-none-eabi/lib/armv7-m/libc.a(lib_a-init.o)
                              /usr/lib/gcc/arm-none-eabi/4.8.2/../../../arm-none-eabi/lib/armv7-m/crt0.o (__libc_init_array)
/usr/lib/gcc/arm-none-eabi/4.8.2/../../../arm-none-eabi/lib/armv7-m/libc.a(lib_a-memset.o)
                              /usr/lib/gcc/arm-none-eabi/4.8.2/../../../arm-none-eabi/lib/armv7-m/crt0.o (memset)
/usr/lib/gcc/arm-none-eabi/4.8.2/../../../arm-none-eabi/lib/armv7-m/libc.a(lib_a-__atexit.o)
                              /usr/lib/gcc/arm-none-eabi/4.8.2/../../../arm-none-eabi/lib/armv7-m/libc.a(lib_a-atexit.o) (__register_exitproc)
/usr/lib/gcc/arm-none-eabi/4.8.2/../../../arm-none-eabi/lib/armv7-m/libc.a(lib_a-__call_atexit.o)
                              /usr/lib/gcc/arm-none-eabi/4.8.2/../../../arm-none-eabi/lib/armv7-m/libc.a(lib_a-exit.o) (__call_exitprocs)
/usr/lib/gcc/arm-none-eabi/4.8.2/../../../arm-none-eabi/lib/armv7-m/libc.a(lib_a-memcpy.o)
                              assembly_test.o (memcpy)
/usr/lib/gcc/arm-none-eabi/4.8.2/../../../arm-none-eabi/lib/armv7-m/libc.a(lib_a-strlen.o)
                              assembly_test.o (strlen)
/usr/lib/gcc/arm-none-eabi/4.8.2/../../../arm-none-eabi/lib/armv7-m/libnosys.a(_exit.o)
                              /usr/lib/gcc/arm-none-eabi/4.8.2/../../../arm-none-eabi/lib/armv7-m/libc.a(lib_a-exit.o) (_exit)

Allocating common symbols
Common symbol       size              file

rx_tc               0x4               assembly_test.o
rx_dma_lli2         0x10              assembly_test.o
clkn_high           0x1               assembly_test.o
fifo                0x2000            assembly_test.o
rxbuf2              0x32              assembly_test.o
rx_dma_lli1         0x10              assembly_test.o
rr                  0x5               assembly_test.o
rxbuf1              0x32              assembly_test.o
rx_err              0x4               assembly_test.o

Discarded input sections

 .text          0x0000000000000000        0x0 /usr/lib/gcc/arm-none-eabi/4.8.2/armv7-m/crti.o
 .data          0x0000000000000000        0x0 /usr/lib/gcc/arm-none-eabi/4.8.2/armv7-m/crti.o
 .bss           0x0000000000000000        0x0 /usr/lib/gcc/arm-none-eabi/4.8.2/armv7-m/crti.o
 .data          0x0000000000000000        0x4 /usr/lib/gcc/arm-none-eabi/4.8.2/armv7-m/crtbegin.o
 .text          0x0000000000000000       0x68 /usr/lib/gcc/arm-none-eabi/4.8.2/../../../arm-none-eabi/lib/armv7-m/crt0.o
 .data          0x0000000000000000        0x0 /usr/lib/gcc/arm-none-eabi/4.8.2/../../../arm-none-eabi/lib/armv7-m/crt0.o
 .bss           0x0000000000000000        0x0 /usr/lib/gcc/arm-none-eabi/4.8.2/../../../arm-none-eabi/lib/armv7-m/crt0.o
 .ARM.extab     0x0000000000000000        0x0 /usr/lib/gcc/arm-none-eabi/4.8.2/../../../arm-none-eabi/lib/armv7-m/crt0.o
 .ARM.exidx     0x0000000000000000        0x8 /usr/lib/gcc/arm-none-eabi/4.8.2/../../../arm-none-eabi/lib/armv7-m/crt0.o
 .ARM.attributes
                0x0000000000000000       0x1b /usr/lib/gcc/arm-none-eabi/4.8.2/../../../arm-none-eabi/lib/armv7-m/crt0.o
 .debug_line    0x0000000000000000       0x7b /usr/lib/gcc/arm-none-eabi/4.8.2/../../../arm-none-eabi/lib/armv7-m/crt0.o
 .debug_info    0x0000000000000000       0x8d /usr/lib/gcc/arm-none-eabi/4.8.2/../../../arm-none-eabi/lib/armv7-m/crt0.o
 .debug_abbrev  0x0000000000000000       0x14 /usr/lib/gcc/arm-none-eabi/4.8.2/../../../arm-none-eabi/lib/armv7-m/crt0.o
 .debug_aranges
                0x0000000000000000       0x20 /usr/lib/gcc/arm-none-eabi/4.8.2/../../../arm-none-eabi/lib/armv7-m/crt0.o
 .text          0x0000000000000000        0x0 /usr/lib/gcc/arm-none-eabi/4.8.2/../../../arm-none-eabi/lib/armv7-m/libc.a(lib_a-atexit.o)
 .data          0x0000000000000000        0x0 /usr/lib/gcc/arm-none-eabi/4.8.2/../../../arm-none-eabi/lib/armv7-m/libc.a(lib_a-atexit.o)
 .bss           0x0000000000000000        0x0 /usr/lib/gcc/arm-none-eabi/4.8.2/../../../arm-none-eabi/lib/armv7-m/libc.a(lib_a-atexit.o)
 .text          0x0000000000000000        0x0 /usr/lib/gcc/arm-none-eabi/4.8.2/../../../arm-none-eabi/lib/armv7-m/libc.a(lib_a-exit.o)
 .data          0x0000000000000000        0x0 /usr/lib/gcc/arm-none-eabi/4.8.2/../../../arm-none-eabi/lib/armv7-m/libc.a(lib_a-exit.o)
 .bss           0x0000000000000000        0x0 /usr/lib/gcc/arm-none-eabi/4.8.2/../../../arm-none-eabi/lib/armv7-m/libc.a(lib_a-exit.o)
 .text.exit     0x0000000000000000       0x20 /usr/lib/gcc/arm-none-eabi/4.8.2/../../../arm-none-eabi/lib/armv7-m/libc.a(lib_a-exit.o)
 .debug_info    0x0000000000000000      0x8e4 /usr/lib/gcc/arm-none-eabi/4.8.2/../../../arm-none-eabi/lib/armv7-m/libc.a(lib_a-exit.o)
 .debug_abbrev  0x0000000000000000      0x1e6 /usr/lib/gcc/arm-none-eabi/4.8.2/../../../arm-none-eabi/lib/armv7-m/libc.a(lib_a-exit.o)
 .debug_loc     0x0000000000000000       0x1e /usr/lib/gcc/arm-none-eabi/4.8.2/../../../arm-none-eabi/lib/armv7-m/libc.a(lib_a-exit.o)
 .debug_aranges
                0x0000000000000000       0x20 /usr/lib/gcc/arm-none-eabi/4.8.2/../../../arm-none-eabi/lib/armv7-m/libc.a(lib_a-exit.o)
 .debug_ranges  0x0000000000000000       0x10 /usr/lib/gcc/arm-none-eabi/4.8.2/../../../arm-none-eabi/lib/armv7-m/libc.a(lib_a-exit.o)
 .debug_line    0x0000000000000000      0x13f /usr/lib/gcc/arm-none-eabi/4.8.2/../../../arm-none-eabi/lib/armv7-m/libc.a(lib_a-exit.o)
 .debug_str     0x0000000000000000      0x576 /usr/lib/gcc/arm-none-eabi/4.8.2/../../../arm-none-eabi/lib/armv7-m/libc.a(lib_a-exit.o)
 .comment       0x0000000000000000       0x20 /usr/lib/gcc/arm-none-eabi/4.8.2/../../../arm-none-eabi/lib/armv7-m/libc.a(lib_a-exit.o)
 .ARM.attributes
                0x0000000000000000       0x2d /usr/lib/gcc/arm-none-eabi/4.8.2/../../../arm-none-eabi/lib/armv7-m/libc.a(lib_a-exit.o)
 .debug_frame   0x0000000000000000       0x28 /usr/lib/gcc/arm-none-eabi/4.8.2/../../../arm-none-eabi/lib/armv7-m/libc.a(lib_a-exit.o)
 .text          0x0000000000000000        0x0 /usr/lib/gcc/arm-none-eabi/4.8.2/../../../arm-none-eabi/lib/armv7-m/libc.a(lib_a-fini.o)
 .data          0x0000000000000000        0x0 /usr/lib/gcc/arm-none-eabi/4.8.2/../../../arm-none-eabi/lib/armv7-m/libc.a(lib_a-fini.o)
 .bss           0x0000000000000000        0x0 /usr/lib/gcc/arm-none-eabi/4.8.2/../../../arm-none-eabi/lib/armv7-m/libc.a(lib_a-fini.o)
 .text          0x0000000000000000        0x0 /usr/lib/gcc/arm-none-eabi/4.8.2/../../../arm-none-eabi/lib/armv7-m/libc.a(lib_a-impure.o)
 .data          0x0000000000000000        0x0 /usr/lib/gcc/arm-none-eabi/4.8.2/../../../arm-none-eabi/lib/armv7-m/libc.a(lib_a-impure.o)
 .bss           0x0000000000000000        0x0 /usr/lib/gcc/arm-none-eabi/4.8.2/../../../arm-none-eabi/lib/armv7-m/libc.a(lib_a-impure.o)
 .data._impure_ptr
                0x0000000000000000        0x4 /usr/lib/gcc/arm-none-eabi/4.8.2/../../../arm-none-eabi/lib/armv7-m/libc.a(lib_a-impure.o)
 .text          0x0000000000000000        0x0 /usr/lib/gcc/arm-none-eabi/4.8.2/../../../arm-none-eabi/lib/armv7-m/libc.a(lib_a-init.o)
 .data          0x0000000000000000        0x0 /usr/lib/gcc/arm-none-eabi/4.8.2/../../../arm-none-eabi/lib/armv7-m/libc.a(lib_a-init.o)
 .bss           0x0000000000000000        0x0 /usr/lib/gcc/arm-none-eabi/4.8.2/../../../arm-none-eabi/lib/armv7-m/libc.a(lib_a-init.o)
 .text          0x0000000000000000        0x0 /usr/lib/gcc/arm-none-eabi/4.8.2/../../../arm-none-eabi/lib/armv7-m/libc.a(lib_a-memset.o)
 .data          0x0000000000000000        0x0 /usr/lib/gcc/arm-none-eabi/4.8.2/../../../arm-none-eabi/lib/armv7-m/libc.a(lib_a-memset.o)
 .bss           0x0000000000000000        0x0 /usr/lib/gcc/arm-none-eabi/4.8.2/../../../arm-none-eabi/lib/armv7-m/libc.a(lib_a-memset.o)
 .text.memset   0x0000000000000000       0x94 /usr/lib/gcc/arm-none-eabi/4.8.2/../../../arm-none-eabi/lib/armv7-m/libc.a(lib_a-memset.o)
 .debug_info    0x0000000000000000      0x117 /usr/lib/gcc/arm-none-eabi/4.8.2/../../../arm-none-eabi/lib/armv7-m/libc.a(lib_a-memset.o)
 .debug_abbrev  0x0000000000000000       0x9f /usr/lib/gcc/arm-none-eabi/4.8.2/../../../arm-none-eabi/lib/armv7-m/libc.a(lib_a-memset.o)
 .debug_loc     0x0000000000000000      0x18b /usr/lib/gcc/arm-none-eabi/4.8.2/../../../arm-none-eabi/lib/armv7-m/libc.a(lib_a-memset.o)
 .debug_aranges
                0x0000000000000000       0x20 /usr/lib/gcc/arm-none-eabi/4.8.2/../../../arm-none-eabi/lib/armv7-m/libc.a(lib_a-memset.o)
 .debug_ranges  0x0000000000000000       0x10 /usr/lib/gcc/arm-none-eabi/4.8.2/../../../arm-none-eabi/lib/armv7-m/libc.a(lib_a-memset.o)
 .debug_line    0x0000000000000000       0xff /usr/lib/gcc/arm-none-eabi/4.8.2/../../../arm-none-eabi/lib/armv7-m/libc.a(lib_a-memset.o)
 .debug_str     0x0000000000000000      0x1b0 /usr/lib/gcc/arm-none-eabi/4.8.2/../../../arm-none-eabi/lib/armv7-m/libc.a(lib_a-memset.o)
 .comment       0x0000000000000000       0x20 /usr/lib/gcc/arm-none-eabi/4.8.2/../../../arm-none-eabi/lib/armv7-m/libc.a(lib_a-memset.o)
 .ARM.attributes
                0x0000000000000000       0x2d /usr/lib/gcc/arm-none-eabi/4.8.2/../../../arm-none-eabi/lib/armv7-m/libc.a(lib_a-memset.o)
 .debug_frame   0x0000000000000000       0x2c /usr/lib/gcc/arm-none-eabi/4.8.2/../../../arm-none-eabi/lib/armv7-m/libc.a(lib_a-memset.o)
 .text          0x0000000000000000        0x0 /usr/lib/gcc/arm-none-eabi/4.8.2/../../../arm-none-eabi/lib/armv7-m/libc.a(lib_a-__atexit.o)
 .data          0x0000000000000000        0x0 /usr/lib/gcc/arm-none-eabi/4.8.2/../../../arm-none-eabi/lib/armv7-m/libc.a(lib_a-__atexit.o)
 .bss           0x0000000000000000        0x0 /usr/lib/gcc/arm-none-eabi/4.8.2/../../../arm-none-eabi/lib/armv7-m/libc.a(lib_a-__atexit.o)
 .text          0x0000000000000000        0x0 /usr/lib/gcc/arm-none-eabi/4.8.2/../../../arm-none-eabi/lib/armv7-m/libc.a(lib_a-__call_atexit.o)
 .data          0x0000000000000000        0x0 /usr/lib/gcc/arm-none-eabi/4.8.2/../../../arm-none-eabi/lib/armv7-m/libc.a(lib_a-__call_atexit.o)
 .bss           0x0000000000000000        0x0 /usr/lib/gcc/arm-none-eabi/4.8.2/../../../arm-none-eabi/lib/armv7-m/libc.a(lib_a-__call_atexit.o)
 .text.__call_exitprocs
                0x0000000000000000       0xf8 /usr/lib/gcc/arm-none-eabi/4.8.2/../../../arm-none-eabi/lib/armv7-m/libc.a(lib_a-__call_atexit.o)
 .text          0x0000000000000000        0x0 assembly_test.o
 .text.waitms   0x0000000000000000        0x2 assembly_test.o
 .text          0x0000000000000000        0x0 ../common/usb_serial.o
 .data          0x0000000000000000       0xdc ../common/usb_serial.o
 .bss           0x0000000000000000      0x168 ../common/usb_serial.o
 .text.USBDevIntHandler
                0x0000000000000000       0x10 ../common/usb_serial.o
 .text.SendNextBulkIn.part.0
                0x0000000000000000       0x3c ../common/usb_serial.o
 .text.USBFrameHandler
                0x0000000000000000       0x28 ../common/usb_serial.o
 .text.BulkOut  0x0000000000000000       0x3c ../common/usb_serial.o
 .text.HandleClassRequest
                0x0000000000000000       0x34 ../common/usb_serial.o
 .text.BulkIn   0x0000000000000000       0x14 ../common/usb_serial.o
 .text.VCOM_init
                0x0000000000000000       0x28 ../common/usb_serial.o
 .text.VCOM_putchar
                0x0000000000000000       0x1c ../common/usb_serial.o
 .text.VCOM_getchar
                0x0000000000000000       0x24 ../common/usb_serial.o
 .text.usb_serial_init
                0x0000000000000000       0x74 ../common/usb_serial.o
 .text          0x0000000000000000        0x0 ../common/serial_fifo.o
 .data          0x0000000000000000        0x0 ../common/serial_fifo.o
 .bss           0x0000000000000000        0x0 ../common/serial_fifo.o
 .text.fifo_init
                0x0000000000000000        0xa ../common/serial_fifo.o
 .text.fifo_put
                0x0000000000000000       0x30 ../common/serial_fifo.o
 .text.fifo_get
                0x0000000000000000       0x30 ../common/serial_fifo.o
 .text.fifo_avail
                0x0000000000000000       0x20 ../common/serial_fifo.o
 .text.fifo_free
                0x0000000000000000        0xc ../common/serial_fifo.o
 .debug_info    0x0000000000000000      0x1af ../common/serial_fifo.o
 .debug_abbrev  0x0000000000000000      0x12a ../common/serial_fifo.o
 .debug_loc     0x0000000000000000       0xe6 ../common/serial_fifo.o
 .debug_aranges
                0x0000000000000000       0x40 ../common/serial_fifo.o
 .debug_ranges  0x0000000000000000       0x30 ../common/serial_fifo.o
 .debug_line    0x0000000000000000       0xd3 ../common/serial_fifo.o
 .debug_str     0x0000000000000000      0x1ba ../common/serial_fifo.o
 .comment       0x0000000000000000       0x20 ../common/serial_fifo.o
 .ARM.attributes
                0x0000000000000000       0x33 ../common/serial_fifo.o
 .debug_frame   0x0000000000000000       0x78 ../common/serial_fifo.o
 .text          0x0000000000000000        0x0 ../common/LPC17xx_Startup.o
 .data          0x0000000000000000        0x0 ../common/LPC17xx_Startup.o
 .bss           0x0000000000000000        0x0 ../common/LPC17xx_Startup.o
 .text          0x0000000000000000        0x0 ../common/LPC17xx_Interrupts.o
 .data          0x0000000000000000        0x0 ../common/LPC17xx_Interrupts.o
 .bss           0x0000000000000000        0x0 ../common/LPC17xx_Interrupts.o
 .text          0x0000000000000000        0x0 ../common/ubertooth.o
 .data          0x0000000000000000        0x0 ../common/ubertooth.o
 .text.spi_delay
                0x0000000000000000       0x18 ../common/ubertooth.o
 .text.rbit     0x0000000000000000        0x6 ../common/ubertooth.o
 .text.wait_ms  0x0000000000000000        0xa ../common/ubertooth.o
 .text.cc2400_fifo_write
                0x0000000000000000       0x90 ../common/ubertooth.o
 .text.cc2400_fifo_read
                0x0000000000000000       0x90 ../common/ubertooth.o
 .text.ubertooth_init
                0x0000000000000000       0x12 ../common/ubertooth.o
 .text.cc2400_tune_rx
                0x0000000000000000        0xa ../common/ubertooth.o
 .text.cc2400_tune_tx
                0x0000000000000000        0x8 ../common/ubertooth.o
 .text.cc2400_hop_rx
                0x0000000000000000       0x38 ../common/ubertooth.o
 .text.cc2400_hop_tx
                0x0000000000000000       0x38 ../common/ubertooth.o
 .text.get_part_num
                0x0000000000000000       0x38 ../common/ubertooth.o
 .text.get_device_serial
                0x0000000000000000       0x68 ../common/ubertooth.o
 .text.set_isp  0x0000000000000000       0x20 ../common/ubertooth.o
 .text          0x0000000000000000        0x0 ../common/lpcusb/target/usbcontrol.o
 .data          0x0000000000000000        0x0 ../common/lpcusb/target/usbcontrol.o
 .text          0x0000000000000000        0x0 ../common/lpcusb/target/usbinit.o
 .data          0x0000000000000000        0x0 ../common/lpcusb/target/usbinit.o
 .text          0x0000000000000000        0x0 ../common/lpcusb/target/usbhw_lpc.o
 .data          0x0000000000000000        0x0 ../common/lpcusb/target/usbhw_lpc.o
 .text.USBHwRegisterFrameHandler
                0x0000000000000000       0x18 ../common/lpcusb/target/usbhw_lpc.o
 .text.USBHwISOCEPRead
                0x0000000000000000       0x84 ../common/lpcusb/target/usbhw_lpc.o
 .text.USBSetupDMADescriptor
                0x0000000000000000       0x46 ../common/lpcusb/target/usbhw_lpc.o
 .text.USBDisableDMAForEndpoint
                0x0000000000000000       0x1c ../common/lpcusb/target/usbhw_lpc.o
 .text.USBEnableDMAForEndpoint
                0x0000000000000000       0x1c ../common/lpcusb/target/usbhw_lpc.o
 .text.USBInitializeISOCFrameArray
                0x0000000000000000       0x24 ../common/lpcusb/target/usbhw_lpc.o
 .text.USBSetHeadDDForDMA
                0x0000000000000000       0x10 ../common/lpcusb/target/usbhw_lpc.o
 .text.USBInitializeUSBDMA
                0x0000000000000000       0x18 ../common/lpcusb/target/usbhw_lpc.o
 .text          0x0000000000000000        0x0 ../common/lpcusb/target/usbstdreq.o
 .text.USBRegisterWinusbInterface
                0x0000000000000000       0x34 ../common/lpcusb/target/usbstdreq.o
 .text.USBGetOsStringDescriptor
                0x0000000000000000       0x1c ../common/lpcusb/target/usbstdreq.o
 .text.USBRegisterCustomReqHandler
                0x0000000000000000        0xc ../common/lpcusb/target/usbstdreq.o
 .data          0x0000000000000000        0x0 /usr/lib/gcc/arm-none-eabi/4.8.2/../../../arm-none-eabi/lib/armv7-m/libc.a(lib_a-memcpy.o)
 .bss           0x0000000000000000        0x0 /usr/lib/gcc/arm-none-eabi/4.8.2/../../../arm-none-eabi/lib/armv7-m/libc.a(lib_a-memcpy.o)
 .text          0x0000000000000000        0x0 /usr/lib/gcc/arm-none-eabi/4.8.2/../../../arm-none-eabi/lib/armv7-m/libc.a(lib_a-strlen.o)
 .data          0x0000000000000000        0x0 /usr/lib/gcc/arm-none-eabi/4.8.2/../../../arm-none-eabi/lib/armv7-m/libc.a(lib_a-strlen.o)
 .bss           0x0000000000000000        0x0 /usr/lib/gcc/arm-none-eabi/4.8.2/../../../arm-none-eabi/lib/armv7-m/libc.a(lib_a-strlen.o)
 .text          0x0000000000000000        0x0 /usr/lib/gcc/arm-none-eabi/4.8.2/armv7-m/crtend.o
 .data          0x0000000000000000        0x0 /usr/lib/gcc/arm-none-eabi/4.8.2/armv7-m/crtend.o
 .bss           0x0000000000000000        0x0 /usr/lib/gcc/arm-none-eabi/4.8.2/armv7-m/crtend.o
 .eh_frame      0x0000000000000000        0x4 /usr/lib/gcc/arm-none-eabi/4.8.2/armv7-m/crtend.o
 .jcr           0x0000000000000000        0x4 /usr/lib/gcc/arm-none-eabi/4.8.2/armv7-m/crtend.o
 .text          0x0000000000000000        0x0 /usr/lib/gcc/arm-none-eabi/4.8.2/armv7-m/crtn.o
 .data          0x0000000000000000        0x0 /usr/lib/gcc/arm-none-eabi/4.8.2/armv7-m/crtn.o
 .bss           0x0000000000000000        0x0 /usr/lib/gcc/arm-none-eabi/4.8.2/armv7-m/crtn.o
 .text          0x0000000000000000        0x0 /usr/lib/gcc/arm-none-eabi/4.8.2/../../../arm-none-eabi/lib/armv7-m/libnosys.a(_exit.o)
 .data          0x0000000000000000        0x0 /usr/lib/gcc/arm-none-eabi/4.8.2/../../../arm-none-eabi/lib/armv7-m/libnosys.a(_exit.o)
 .bss           0x0000000000000000        0x0 /usr/lib/gcc/arm-none-eabi/4.8.2/../../../arm-none-eabi/lib/armv7-m/libnosys.a(_exit.o)
 .text._exit    0x0000000000000000        0x4 /usr/lib/gcc/arm-none-eabi/4.8.2/../../../arm-none-eabi/lib/armv7-m/libnosys.a(_exit.o)
 .debug_info    0x0000000000000000       0x58 /usr/lib/gcc/arm-none-eabi/4.8.2/../../../arm-none-eabi/lib/armv7-m/libnosys.a(_exit.o)
 .debug_abbrev  0x0000000000000000       0x55 /usr/lib/gcc/arm-none-eabi/4.8.2/../../../arm-none-eabi/lib/armv7-m/libnosys.a(_exit.o)
 .debug_aranges
                0x0000000000000000       0x20 /usr/lib/gcc/arm-none-eabi/4.8.2/../../../arm-none-eabi/lib/armv7-m/libnosys.a(_exit.o)
 .debug_ranges  0x0000000000000000       0x10 /usr/lib/gcc/arm-none-eabi/4.8.2/../../../arm-none-eabi/lib/armv7-m/libnosys.a(_exit.o)
 .debug_line    0x0000000000000000       0x58 /usr/lib/gcc/arm-none-eabi/4.8.2/../../../arm-none-eabi/lib/armv7-m/libnosys.a(_exit.o)
 .debug_str     0x0000000000000000       0xe3 /usr/lib/gcc/arm-none-eabi/4.8.2/../../../arm-none-eabi/lib/armv7-m/libnosys.a(_exit.o)
 .comment       0x0000000000000000       0x20 /usr/lib/gcc/arm-none-eabi/4.8.2/../../../arm-none-eabi/lib/armv7-m/libnosys.a(_exit.o)
 .ARM.attributes
                0x0000000000000000       0x2d /usr/lib/gcc/arm-none-eabi/4.8.2/../../../arm-none-eabi/lib/armv7-m/libnosys.a(_exit.o)
 .debug_frame   0x0000000000000000       0x20 /usr/lib/gcc/arm-none-eabi/4.8.2/../../../arm-none-eabi/lib/armv7-m/libnosys.a(_exit.o)

Memory Configuration

Name             Origin             Length             Attributes
rom              0x0000000000000000 0x0000000000020000 xr
ram              0x0000000010000000 0x0000000000004000 xrw
*default*        0x0000000000000000 0xffffffffffffffff

Linker script and memory map

LOAD /usr/lib/gcc/arm-none-eabi/4.8.2/armv7-m/crti.o
LOAD /usr/lib/gcc/arm-none-eabi/4.8.2/armv7-m/crtbegin.o
LOAD /usr/lib/gcc/arm-none-eabi/4.8.2/../../../arm-none-eabi/lib/armv7-m/crt0.o
START GROUP
LOAD /usr/lib/gcc/arm-none-eabi/4.8.2/../../../arm-none-eabi/lib/armv7-m/libc.a
LOAD /usr/lib/gcc/arm-none-eabi/4.8.2/../../../arm-none-eabi/lib/armv7-m/libg.a
LOAD /usr/lib/gcc/arm-none-eabi/4.8.2/armv7-m/libgcc.a
LOAD /usr/lib/gcc/arm-none-eabi/4.8.2/../../../arm-none-eabi/lib/armv7-m/libm.a
END GROUP
LOAD assembly_test.o
LOAD ../common/usb_serial.o
LOAD ../common/serial_fifo.o
LOAD ../common/LPC17xx_Startup.o
LOAD ../common/LPC17xx_Interrupts.o
LOAD ../common/ubertooth.o
LOAD ../common/lpcusb/target/usbcontrol.o
LOAD ../common/lpcusb/target/usbinit.o
LOAD ../common/lpcusb/target/usbhw_lpc.o
LOAD ../common/lpcusb/target/usbstdreq.o
START GROUP
LOAD /usr/lib/gcc/arm-none-eabi/4.8.2/armv7-m/libgcc.a
LOAD /usr/lib/gcc/arm-none-eabi/4.8.2/../../../arm-none-eabi/lib/armv7-m/libc.a
END GROUP
LOAD /usr/lib/gcc/arm-none-eabi/4.8.2/armv7-m/crtend.o
LOAD /usr/lib/gcc/arm-none-eabi/4.8.2/armv7-m/crtn.o
START GROUP
LOAD /usr/lib/gcc/arm-none-eabi/4.8.2/armv7-m/libgcc.a
LOAD /usr/lib/gcc/arm-none-eabi/4.8.2/../../../arm-none-eabi/lib/armv7-m/libc.a
LOAD /usr/lib/gcc/arm-none-eabi/4.8.2/../../../arm-none-eabi/lib/armv7-m/libm.a
LOAD /usr/lib/gcc/arm-none-eabi/4.8.2/../../../arm-none-eabi/lib/armv7-m/libnosys.a
END GROUP

.text           0x0000000000000000     0x1fc8
                0x0000000000000000                . = ALIGN (0x400)
                0x0000000000000000                _interrupt_vector_table = .
 *(.irq_handler_table)
 .irq_handler_table
                0x0000000000000000       0xcc ../common/LPC17xx_Interrupts.o
                0x0000000000000000                _NVIC_Handler_Functions
 *(.text .text.* .gnu.linkonce.t.*)
 .text          0x00000000000000cc       0xc8 /usr/lib/gcc/arm-none-eabi/4.8.2/armv7-m/crtbegin.o
 .text.atexit   0x0000000000000194        0xc /usr/lib/gcc/arm-none-eabi/4.8.2/../../../arm-none-eabi/lib/armv7-m/libc.a(lib_a-atexit.o)
                0x0000000000000194                atexit
 .text.__libc_fini_array
                0x00000000000001a0       0x34 /usr/lib/gcc/arm-none-eabi/4.8.2/../../../arm-none-eabi/lib/armv7-m/libc.a(lib_a-fini.o)
                0x00000000000001a0                __libc_fini_array
 .text.__libc_init_array
                0x00000000000001d4       0x5c /usr/lib/gcc/arm-none-eabi/4.8.2/../../../arm-none-eabi/lib/armv7-m/libc.a(lib_a-init.o)
                0x00000000000001d4                __libc_init_array
 .text.__register_exitproc
                0x0000000000000230       0xac /usr/lib/gcc/arm-none-eabi/4.8.2/../../../arm-none-eabi/lib/armv7-m/libc.a(lib_a-__atexit.o)
                0x0000000000000230                __register_exitproc
 .text.startup.register_fini
                0x00000000000002dc       0x18 /usr/lib/gcc/arm-none-eabi/4.8.2/../../../arm-none-eabi/lib/armv7-m/libc.a(lib_a-__call_atexit.o)
 .text.dma_init
                0x00000000000002f4       0xc0 assembly_test.o
 .text.dio_ssp_start
                0x00000000000003b4       0x4c assembly_test.o
 .text.usb_vendor_request_handler
                0x0000000000000400      0x2dc assembly_test.o
 .text.queue_init
                0x00000000000006dc       0x10 assembly_test.o
                0x00000000000006dc                queue_init
 .text.enqueue  0x00000000000006ec       0x6c assembly_test.o
                0x00000000000006ec                enqueue
 .text.dequeue  0x0000000000000758       0x44 assembly_test.o
                0x0000000000000758                dequeue
 .text.ubertooth_usb_init
                0x000000000000079c       0x2c assembly_test.o
                0x000000000000079c                ubertooth_usb_init
 .text.TIMER0_IRQHandler
                0x00000000000007c8       0x24 assembly_test.o
                0x00000000000007c8                TIMER0_IRQHandler
 .text.DMA_IRQHandler
                0x00000000000007ec       0x5c assembly_test.o
                0x00000000000007ec                DMA_IRQHandler
 .text.cc2400_rx
                0x0000000000000848       0xc4 assembly_test.o
                0x0000000000000848                cc2400_rx
 .text.cc2400_txtest
                0x000000000000090c       0xb0 assembly_test.o
                0x000000000000090c                cc2400_txtest
 .text.cc2400_rangetest
                0x00000000000009bc      0x2a0 assembly_test.o
                0x00000000000009bc                cc2400_rangetest
 .text.cc2400_repeater
                0x0000000000000c5c      0x188 assembly_test.o
                0x0000000000000c5c                cc2400_repeater
 .text.bt_stream_rx
                0x0000000000000de4       0xc0 assembly_test.o
                0x0000000000000de4                bt_stream_rx
 .text.specan   0x0000000000000ea4      0x114 assembly_test.o
                0x0000000000000ea4                specan
 .text.find_giac
                0x0000000000000fb8       0x78 assembly_test.o
                0x0000000000000fb8                find_giac
 .text.bt_test_rx
                0x0000000000001030       0x98 assembly_test.o
                0x0000000000001030                bt_test_rx
 .text.startup.main
                0x00000000000010c8      0x118 assembly_test.o
                0x00000000000010c8                main
 .text.USB_IRQHandler
                0x00000000000011e0        0x4 ../common/usb_serial.o
                0x00000000000011e0                USB_IRQHandler
 .text.Reset_Handler
                0x00000000000011e4       0x54 ../common/LPC17xx_Startup.o
                0x00000000000011e4                Reset_Handler
 .text.Default_Handler
                0x0000000000001238        0x2 ../common/LPC17xx_Interrupts.o
                0x0000000000001238                TIMER2_IRQHandler
                0x0000000000001238                DebugMon_Handler
                0x0000000000001238                RIT_IRQHandler
                0x0000000000001238                I2C0_IRQHandler
                0x0000000000001238                HardFault_Handler
                0x0000000000001238                SysTick_Handler
                0x0000000000001238                PWM1_IRQHandler
                0x0000000000001238                PendSV_Handler
                0x0000000000001238                NMI_Handler
                0x0000000000001238                I2C1_IRQHandler
                0x0000000000001238                EINT2_IRQHandler
                0x0000000000001238                UART1_IRQHandler
                0x0000000000001238                EINT3_IRQHandler
                0x0000000000001238                TIMER3_IRQHandler
                0x0000000000001238                UART0_IRQHandler
                0x0000000000001238                MemManagement_Handler
                0x0000000000001238                UsageFault_Handler
                0x0000000000001238                PLL0_IRQHandler
                0x0000000000001238                CAN_IRQHandler
                0x0000000000001238                PLL1_IRQHandler
                0x0000000000001238                SSP0_IRQHandler
                0x0000000000001238                I2S_IRQHandler
                0x0000000000001238                I2C2_IRQHandler
                0x0000000000001238                RTC_IRQHandler
                0x0000000000001238                SPI_IRQHandler
                0x0000000000001238                EINT1_IRQHandler
                0x0000000000001238                TIMER1_IRQHandler
                0x0000000000001238                UART2_IRQHandler
                0x0000000000001238                ADC_IRQHandler
                0x0000000000001238                SSP1_IRQHandler
                0x0000000000001238                BOD_IRQHandler
                0x0000000000001238                WDT_IRQHandler
                0x0000000000001238                SVC_Handler
                0x0000000000001238                QEI_IRQHandler
                0x0000000000001238                EINT0_IRQHandler
                0x0000000000001238                USBACT_IRQHandler
                0x0000000000001238                CANACT_IRQHandler
                0x0000000000001238                BusFault_Handler
                0x0000000000001238                UART3_IRQHandler
                0x0000000000001238                MCPWM_IRQHandler
                0x0000000000001238                ENET_IRQHandler
 *fill*         0x000000000000123a        0x2 
 .text.wait_us  0x000000000000123c       0x2c ../common/ubertooth.o
                0x000000000000123c                wait_us
 .text.wait     0x0000000000001268        0xc ../common/ubertooth.o
                0x0000000000001268                wait
 .text.all_pins_off
                0x0000000000001274       0x54 ../common/ubertooth.o
                0x0000000000001274                all_pins_off
 .text.gpio_init
                0x00000000000012c8       0x34 ../common/ubertooth.o
                0x00000000000012c8                gpio_init
 .text.dio_ssp_init
                0x00000000000012fc       0x54 ../common/ubertooth.o
                0x00000000000012fc                dio_ssp_init
 .text.atest_init
                0x0000000000001350       0x34 ../common/ubertooth.o
                0x0000000000001350                atest_init
 .text.cc2400_spi
                0x0000000000001384       0x50 ../common/ubertooth.o
                0x0000000000001384                cc2400_spi
 .text.cc2400_init
                0x00000000000013d4       0x38 ../common/ubertooth.o
                0x00000000000013d4                cc2400_init
 .text.cc2400_get
                0x000000000000140c       0x12 ../common/ubertooth.o
                0x000000000000140c                cc2400_get
 .text.cc2400_set
                0x000000000000141e        0xa ../common/ubertooth.o
                0x000000000000141e                cc2400_set
 .text.cc2400_get8
                0x0000000000001428       0x12 ../common/ubertooth.o
                0x0000000000001428                cc2400_get8
 .text.cc2400_set8
                0x000000000000143a        0xa ../common/ubertooth.o
                0x000000000000143a                cc2400_set8
 .text.cc2400_status
                0x0000000000001444        0xe ../common/ubertooth.o
                0x0000000000001444                cc2400_status
 .text.cc2400_strobe
                0x0000000000001452        0xe ../common/ubertooth.o
                0x0000000000001452                cc2400_strobe
 .text.cc2400_reset
                0x0000000000001460       0x2c ../common/ubertooth.o
                0x0000000000001460                cc2400_reset
 .text.clock_start
                0x000000000000148c      0x14c ../common/ubertooth.o
                0x000000000000148c                clock_start
 .text.reset    0x00000000000015d8       0x34 ../common/ubertooth.o
                0x00000000000015d8                reset
 .text.DataIn   0x000000000000160c       0x28 ../common/lpcusb/target/usbcontrol.o
 .text._HandleRequest.constprop.1
                0x0000000000001634       0x50 ../common/lpcusb/target/usbcontrol.o
 .text.USBHandleControlTransfer
                0x0000000000001684       0xa8 ../common/lpcusb/target/usbcontrol.o
                0x0000000000001684                USBHandleControlTransfer
 .text.USBRegisterRequestHandler
                0x000000000000172c       0x10 ../common/lpcusb/target/usbcontrol.o
                0x000000000000172c                USBRegisterRequestHandler
 .text.HandleUsbReset
                0x000000000000173c        0x2 ../common/lpcusb/target/usbinit.o
 *fill*         0x000000000000173e        0x2 
 .text.USBInit  0x0000000000001740       0x4c ../common/lpcusb/target/usbinit.o
                0x0000000000001740                USBInit
 .text.Wait4DevInt
                0x000000000000178c       0x18 ../common/lpcusb/target/usbhw_lpc.o
 .text.USBHwCmd
                0x00000000000017a4       0x18 ../common/lpcusb/target/usbhw_lpc.o
 .text.USBHwCmdWrite
                0x00000000000017bc       0x20 ../common/lpcusb/target/usbhw_lpc.o
 .text.USBHwEPConfig
                0x00000000000017dc       0x38 ../common/lpcusb/target/usbhw_lpc.o
                0x00000000000017dc                USBHwEPConfig
 .text.USBHwRegisterEPIntHandler
                0x0000000000001814       0x34 ../common/lpcusb/target/usbhw_lpc.o
                0x0000000000001814                USBHwRegisterEPIntHandler
 .text.USBHwRegisterDevIntHandler
                0x0000000000001848       0x18 ../common/lpcusb/target/usbhw_lpc.o
                0x0000000000001848                USBHwRegisterDevIntHandler
 .text.USBHwSetAddress
                0x0000000000001860        0xa ../common/lpcusb/target/usbhw_lpc.o
                0x0000000000001860                USBHwSetAddress
 .text.USBHwConnect
                0x000000000000186a        0xc ../common/lpcusb/target/usbhw_lpc.o
                0x000000000000186a                USBHwConnect
 .text.USBHwNakIntEnable
                0x0000000000001876        0x8 ../common/lpcusb/target/usbhw_lpc.o
                0x0000000000001876                USBHwNakIntEnable
 *fill*         0x000000000000187e        0x2 
 .text.USBHwEPGetStatus
                0x0000000000001880       0x34 ../common/lpcusb/target/usbhw_lpc.o
                0x0000000000001880                USBHwEPGetStatus
 .text.USBHwEPStall
                0x00000000000018b4       0x18 ../common/lpcusb/target/usbhw_lpc.o
                0x00000000000018b4                USBHwEPStall
 .text.USBHwEPWrite
                0x00000000000018cc       0x60 ../common/lpcusb/target/usbhw_lpc.o
                0x00000000000018cc                USBHwEPWrite
 .text.USBHwEPRead
                0x000000000000192c       0x6c ../common/lpcusb/target/usbhw_lpc.o
                0x000000000000192c                USBHwEPRead
 .text.USBHwConfigDevice
                0x0000000000001998        0xc ../common/lpcusb/target/usbhw_lpc.o
                0x0000000000001998                USBHwConfigDevice
 .text.USBHwISR
                0x00000000000019a4       0xcc ../common/lpcusb/target/usbhw_lpc.o
                0x00000000000019a4                USBHwISR
 .text.USBHwInit
                0x0000000000001a70       0xb0 ../common/lpcusb/target/usbhw_lpc.o
                0x0000000000001a70                USBHwInit
 .text.USBFilterOsVendorMessage
                0x0000000000001b20       0x68 ../common/lpcusb/target/usbstdreq.o
                0x0000000000001b20                USBFilterOsVendorMessage
 .text.USBRegisterDescriptors
                0x0000000000001b88        0xc ../common/lpcusb/target/usbstdreq.o
                0x0000000000001b88                USBRegisterDescriptors
 .text.USBGetDescriptor
                0x0000000000001b94       0x58 ../common/lpcusb/target/usbstdreq.o
                0x0000000000001b94                USBGetDescriptor
 .text.USBHandleStandardRequest
                0x0000000000001bec      0x138 ../common/lpcusb/target/usbstdreq.o
                0x0000000000001bec                USBHandleStandardRequest
 .text          0x0000000000001d24       0xec /usr/lib/gcc/arm-none-eabi/4.8.2/../../../arm-none-eabi/lib/armv7-m/libc.a(lib_a-memcpy.o)
                0x0000000000001d24                memcpy
 .text.strlen   0x0000000000001e10       0x60 /usr/lib/gcc/arm-none-eabi/4.8.2/../../../arm-none-eabi/lib/armv7-m/libc.a(lib_a-strlen.o)
                0x0000000000001e10                strlen
 *(.rodata .rodata.* .gnu.linkonce.r.*)
 .rodata.str1.4
                0x0000000000001e70        0x4 /usr/lib/gcc/arm-none-eabi/4.8.2/../../../arm-none-eabi/lib/armv7-m/libc.a(lib_a-impure.o)
 .rodata._global_impure_ptr
                0x0000000000001e74        0x4 /usr/lib/gcc/arm-none-eabi/4.8.2/../../../arm-none-eabi/lib/armv7-m/libc.a(lib_a-impure.o)
                0x0000000000001e74                _global_impure_ptr
 .rodata        0x0000000000001e78       0xf5 assembly_test.o
 .rodata.str1.1
                0x0000000000001f6d        0xb assembly_test.o
 .rodata        0x0000000000001f78        0x4 ../common/ubertooth.o
                0x0000000000001f78                iap_entry
 .rodata        0x0000000000001f7c       0x28 ../common/lpcusb/target/usbstdreq.o
 *(.eh_frame_hdr)
 *(.eh_frame)
 .eh_frame      0x0000000000001fa4        0x0 /usr/lib/gcc/arm-none-eabi/4.8.2/armv7-m/crtbegin.o
                0x0000000000001fa4                . = ALIGN (0x4)
 *(.init)
 .init          0x0000000000001fa4        0x4 /usr/lib/gcc/arm-none-eabi/4.8.2/armv7-m/crti.o
                0x0000000000001fa4                _init
 .init          0x0000000000001fa8        0x8 /usr/lib/gcc/arm-none-eabi/4.8.2/armv7-m/crtn.o
                0x0000000000001fb0                . = ALIGN (0x4)
                0x0000000000001fb0                __preinit_array_start = .
 *(.preinit_array)
                0x0000000000001fb0                __preinit_array_end = .
                0x0000000000001fb0                . = ALIGN (0x4)
                0x0000000000001fb0                __init_array_start = .
 *(SORT(.init_array.*))
 .init_array.00000
                0x0000000000001fb0        0x4 /usr/lib/gcc/arm-none-eabi/4.8.2/../../../arm-none-eabi/lib/armv7-m/libc.a(lib_a-__call_atexit.o)
 *(.init_array)
 .init_array    0x0000000000001fb4        0x4 /usr/lib/gcc/arm-none-eabi/4.8.2/armv7-m/crtbegin.o
                0x0000000000001fb8                __init_array_end = .
                0x0000000000001fb8                . = ALIGN (0x4)
 *crtbegin.o(.ctors)
 *(EXCLUDE_FILE(*crtend.o) .ctors)
 *(SORT(.ctors.*))
 *crtend.o(.ctors)
                0x0000000000001fb8                . = ALIGN (0x4)
 *(.fini)
 .fini          0x0000000000001fb8        0x4 /usr/lib/gcc/arm-none-eabi/4.8.2/armv7-m/crti.o
                0x0000000000001fb8                _fini
 .fini          0x0000000000001fbc        0x8 /usr/lib/gcc/arm-none-eabi/4.8.2/armv7-m/crtn.o
                0x0000000000001fc4                . = ALIGN (0x4)
                0x0000000000001fc4                __fini_array_start = .
 *(.fini_array)
 .fini_array    0x0000000000001fc4        0x4 /usr/lib/gcc/arm-none-eabi/4.8.2/armv7-m/crtbegin.o
 *(SORT(.fini_array.*))
                0x0000000000001fc8                __fini_array_end = .
 *crtbegin.o(.dtors)
 *(EXCLUDE_FILE(*crtend.o) .dtors)
 *(SORT(.dtors.*))
 *crtend.o(.dtors)
                0x0000000000001fc8                . = ALIGN (0x8)
                0x0000000000001fc8                _etext = .

.glue_7         0x0000000000001fc8        0x0
 .glue_7        0x0000000000000000        0x0 linker stubs

.glue_7t        0x0000000000001fc8        0x0
 .glue_7t       0x0000000000000000        0x0 linker stubs

.vfp11_veneer   0x0000000000001fc8        0x0
 .vfp11_veneer  0x0000000000000000        0x0 linker stubs

.v4_bx          0x0000000000001fc8        0x0
 .v4_bx         0x0000000000000000        0x0 linker stubs

.iplt           0x0000000000001fc8        0x0
 .iplt          0x0000000000000000        0x0 /usr/lib/gcc/arm-none-eabi/4.8.2/armv7-m/crtbegin.o

.rel.dyn        0x0000000000001fc8        0x0
 .rel.iplt      0x0000000000000000        0x0 /usr/lib/gcc/arm-none-eabi/4.8.2/armv7-m/crtbegin.o

.ARM.extab
 *(.ARM.extab* .gnu.linkonce.armextab.*)
                0x0000000000001fc8                __exidx_start = .

.ARM.exidx
 *(.ARM.exidx* .gnu.linkonce.armexidx.*)
                0x0000000000001fc8                __exidx_end = .
                0x0000000000001fc8                _etext = .

.persistent     0x0000000010000000       0x20
                0x0000000010000000                _persistent_start = .
                0x0000000010000020                . = (. + 0x20)
 *fill*         0x0000000010000000       0x20 
                0x0000000010000020                _persistent_end = .
                0x000000001000001c                bootloader_ctrl = (_persistent_start + 0x1c)

.data           0x0000000010000020      0x4dc load address 0x0000000000001fc8
                0x0000000010000020                _data = .
 *(vtable)
 *(.data*)
 .data.impure_data
                0x0000000010000020      0x428 /usr/lib/gcc/arm-none-eabi/4.8.2/../../../arm-none-eabi/lib/armv7-m/libc.a(lib_a-impure.o)
 .data          0x0000000010000448       0x10 assembly_test.o
                0x0000000010000448                channel
                0x000000001000044a                low_freq
                0x000000001000044c                high_freq
                0x0000000010000450                active_rxbuf
                0x0000000010000454                idle_rxbuf
 .data          0x0000000010000458       0xa4 ../common/lpcusb/target/usbstdreq.o
                0x00000000100004fc                _edata = .

.jcr            0x00000000100004fc        0x0 load address 0x00000000000024a4
 .jcr           0x00000000100004fc        0x0 /usr/lib/gcc/arm-none-eabi/4.8.2/armv7-m/crtbegin.o

.tm_clone_table
                0x00000000100004fc        0x0 load address 0x00000000000024a4
 .tm_clone_table
                0x00000000100004fc        0x0 /usr/lib/gcc/arm-none-eabi/4.8.2/armv7-m/crtbegin.o
 .tm_clone_table
                0x00000000100004fc        0x0 /usr/lib/gcc/arm-none-eabi/4.8.2/armv7-m/crtend.o

.igot.plt       0x00000000100004fc        0x0 load address 0x00000000000024a4
 .igot.plt      0x0000000000000000        0x0 /usr/lib/gcc/arm-none-eabi/4.8.2/armv7-m/crtbegin.o

.bss            0x00000000100004fc     0x217c load address 0x00000000000024a4
                0x00000000100004fc                _bss = .
                0x00000000100004fc                __bss_start__ = .
 *(.bss*)
 .bss           0x00000000100004fc       0x1c /usr/lib/gcc/arm-none-eabi/4.8.2/armv7-m/crtbegin.o
 .bss           0x0000000010000518       0x2c assembly_test.o
                0x0000000010000518                rx_pkts
                0x000000001000051c                requested_mode
                0x0000000010000520                modulation
                0x0000000010000524                head
                0x0000000010000528                tail
                0x000000001000052c                status
                0x0000000010000540                mode
 .bss           0x0000000010000544        0x8 ../common/ubertooth.o
 .bss           0x000000001000054c       0x34 ../common/lpcusb/target/usbcontrol.o
 .bss           0x0000000010000580        0x8 ../common/lpcusb/target/usbinit.o
 .bss           0x0000000010000588       0x48 ../common/lpcusb/target/usbhw_lpc.o
 .bss           0x00000000100005d0       0x10 ../common/lpcusb/target/usbstdreq.o
 *(COMMON)
 COMMON         0x00000000100005e0     0x2098 assembly_test.o
                0x00000000100005e0                rx_tc
                0x00000000100005e4                rx_dma_lli2
                0x00000000100005f4                clkn_high
                0x00000000100005f8                fifo
                0x00000000100025f8                rxbuf2
                0x000000001000262c                rx_dma_lli1
                0x000000001000263c                rr
                0x0000000010002641                rxbuf1
                0x0000000010002674                rx_err
                0x0000000010002678                _ebss = .
                0x0000000010002678                __bss_end__ = .

.cr_heap        0x0000000010002678        0x0 load address 0x00000000000024a4
                0x0000000010002678                end = .
                0x0000000010002678                __end__ = .
                0x0000000010002678                _pvHeapStart = .
                0x0000000010003fe0                _StackTop = ((ORIGIN (ram) + 0x4000) - 0x20)
OUTPUT(assembly_test.elf elf32-littlearm)

.ARM.attributes
                0x0000000000000000       0x29
 .ARM.attributes
                0x0000000000000000       0x1d /usr/lib/gcc/arm-none-eabi/4.8.2/armv7-m/crti.o
 .ARM.attributes
                0x000000000000001d       0x2d /usr/lib/gcc/arm-none-eabi/4.8.2/armv7-m/crtbegin.o
 .ARM.attributes
                0x000000000000004a       0x2d /usr/lib/gcc/arm-none-eabi/4.8.2/../../../arm-none-eabi/lib/armv7-m/libc.a(lib_a-atexit.o)
 .ARM.attributes
                0x0000000000000077       0x2d /usr/lib/gcc/arm-none-eabi/4.8.2/../../../arm-none-eabi/lib/armv7-m/libc.a(lib_a-fini.o)
 .ARM.attributes
                0x00000000000000a4       0x2d /usr/lib/gcc/arm-none-eabi/4.8.2/../../../arm-none-eabi/lib/armv7-m/libc.a(lib_a-impure.o)
 .ARM.attributes
                0x00000000000000d1       0x2d /usr/lib/gcc/arm-none-eabi/4.8.2/../../../arm-none-eabi/lib/armv7-m/libc.a(lib_a-init.o)
 .ARM.attributes
                0x00000000000000fe       0x2d /usr/lib/gcc/arm-none-eabi/4.8.2/../../../arm-none-eabi/lib/armv7-m/libc.a(lib_a-__atexit.o)
 .ARM.attributes
                0x000000000000012b       0x2d /usr/lib/gcc/arm-none-eabi/4.8.2/../../../arm-none-eabi/lib/armv7-m/libc.a(lib_a-__call_atexit.o)
 .ARM.attributes
                0x0000000000000158       0x33 assembly_test.o
 .ARM.attributes
                0x000000000000018b       0x33 ../common/usb_serial.o
 .ARM.attributes
                0x00000000000001be       0x33 ../common/LPC17xx_Startup.o
 .ARM.attributes
                0x00000000000001f1       0x33 ../common/LPC17xx_Interrupts.o
 .ARM.attributes
                0x0000000000000224       0x33 ../common/ubertooth.o
 .ARM.attributes
                0x0000000000000257       0x33 ../common/lpcusb/target/usbcontrol.o
 .ARM.attributes
                0x000000000000028a       0x33 ../common/lpcusb/target/usbinit.o
 .ARM.attributes
                0x00000000000002bd       0x33 ../common/lpcusb/target/usbhw_lpc.o
 .ARM.attributes
                0x00000000000002f0       0x33 ../common/lpcusb/target/usbstdreq.o
 .ARM.attributes
                0x0000000000000323       0x1b /usr/lib/gcc/arm-none-eabi/4.8.2/../../../arm-none-eabi/lib/armv7-m/libc.a(lib_a-memcpy.o)
 .ARM.attributes
                0x000000000000033e       0x2d /usr/lib/gcc/arm-none-eabi/4.8.2/../../../arm-none-eabi/lib/armv7-m/libc.a(lib_a-strlen.o)
 .ARM.attributes
                0x000000000000036b       0x2d /usr/lib/gcc/arm-none-eabi/4.8.2/armv7-m/crtend.o
 .ARM.attributes
                0x0000000000000398       0x1d /usr/lib/gcc/arm-none-eabi/4.8.2/armv7-m/crtn.o

.comment        0x0000000000000000       0x1f
 .comment       0x0000000000000000       0x1f /usr/lib/gcc/arm-none-eabi/4.8.2/armv7-m/crtbegin.o
                                         0x20 (size before relaxing)
 .comment       0x0000000000000000       0x20 /usr/lib/gcc/arm-none-eabi/4.8.2/../../../arm-none-eabi/lib/armv7-m/libc.a(lib_a-atexit.o)
 .comment       0x0000000000000000       0x20 /usr/lib/gcc/arm-none-eabi/4.8.2/../../../arm-none-eabi/lib/armv7-m/libc.a(lib_a-fini.o)
 .comment       0x0000000000000000       0x20 /usr/lib/gcc/arm-none-eabi/4.8.2/../../../arm-none-eabi/lib/armv7-m/libc.a(lib_a-impure.o)
 .comment       0x0000000000000000       0x20 /usr/lib/gcc/arm-none-eabi/4.8.2/../../../arm-none-eabi/lib/armv7-m/libc.a(lib_a-init.o)
 .comment       0x0000000000000000       0x20 /usr/lib/gcc/arm-none-eabi/4.8.2/../../../arm-none-eabi/lib/armv7-m/libc.a(lib_a-__atexit.o)
 .comment       0x0000000000000000       0x20 /usr/lib/gcc/arm-none-eabi/4.8.2/../../../arm-none-eabi/lib/armv7-m/libc.a(lib_a-__call_atexit.o)
 .comment       0x0000000000000000       0x20 assembly_test.o
 .comment       0x0000000000000000       0x20 ../common/usb_serial.o
 .comment       0x0000000000000000       0x20 ../common/LPC17xx_Startup.o
 .comment       0x0000000000000000       0x20 ../common/LPC17xx_Interrupts.o
 .comment       0x0000000000000000       0x20 ../common/ubertooth.o
 .comment       0x0000000000000000       0x20 ../common/lpcusb/target/usbcontrol.o
 .comment       0x0000000000000000       0x20 ../common/lpcusb/target/usbinit.o
 .comment       0x0000000000000000       0x20 ../common/lpcusb/target/usbhw_lpc.o
 .comment       0x0000000000000000       0x20 ../common/lpcusb/target/usbstdreq.o
 .comment       0x0000000000000000       0x20 /usr/lib/gcc/arm-none-eabi/4.8.2/../../../arm-none-eabi/lib/armv7-m/libc.a(lib_a-strlen.o)
 .comment       0x0000000000000000       0x20 /usr/lib/gcc/arm-none-eabi/4.8.2/armv7-m/crtend.o

.debug_info     0x0000000000000000     0x6652
 .debug_info    0x0000000000000000      0x10a /usr/lib/gcc/arm-none-eabi/4.8.2/../../../arm-none-eabi/lib/armv7-m/libc.a(lib_a-atexit.o)
 .debug_info    0x000000000000010a       0xef /usr/lib/gcc/arm-none-eabi/4.8.2/../../../arm-none-eabi/lib/armv7-m/libc.a(lib_a-fini.o)
 .debug_info    0x00000000000001f9      0x894 /usr/lib/gcc/arm-none-eabi/4.8.2/../../../arm-none-eabi/lib/armv7-m/libc.a(lib_a-impure.o)
 .debug_info    0x0000000000000a8d      0x105 /usr/lib/gcc/arm-none-eabi/4.8.2/../../../arm-none-eabi/lib/armv7-m/libc.a(lib_a-init.o)
 .debug_info    0x0000000000000b92      0x934 /usr/lib/gcc/arm-none-eabi/4.8.2/../../../arm-none-eabi/lib/armv7-m/libc.a(lib_a-__atexit.o)
 .debug_info    0x00000000000014c6      0x9aa /usr/lib/gcc/arm-none-eabi/4.8.2/../../../arm-none-eabi/lib/armv7-m/libc.a(lib_a-__call_atexit.o)
 .debug_info    0x0000000000001e70     0x1789 assembly_test.o
 .debug_info    0x00000000000035f9      0x9b9 ../common/usb_serial.o
 .debug_info    0x0000000000003fb2      0x117 ../common/LPC17xx_Startup.o
 .debug_info    0x00000000000040c9       0x7d ../common/LPC17xx_Interrupts.o
 .debug_info    0x0000000000004146      0xa96 ../common/ubertooth.o
 .debug_info    0x0000000000004bdc      0x47d ../common/lpcusb/target/usbcontrol.o
 .debug_info    0x0000000000005059      0x297 ../common/lpcusb/target/usbinit.o
 .debug_info    0x00000000000052f0      0xab0 ../common/lpcusb/target/usbhw_lpc.o
 .debug_info    0x0000000000005da0      0x74b ../common/lpcusb/target/usbstdreq.o
 .debug_info    0x00000000000064eb       0xb2 /usr/lib/gcc/arm-none-eabi/4.8.2/../../../arm-none-eabi/lib/armv7-m/libc.a(lib_a-memcpy.o)
 .debug_info    0x000000000000659d       0xb5 /usr/lib/gcc/arm-none-eabi/4.8.2/../../../arm-none-eabi/lib/armv7-m/libc.a(lib_a-strlen.o)

.debug_abbrev   0x0000000000000000     0x1cc8
 .debug_abbrev  0x0000000000000000       0xb8 /usr/lib/gcc/arm-none-eabi/4.8.2/../../../arm-none-eabi/lib/armv7-m/libc.a(lib_a-atexit.o)
 .debug_abbrev  0x00000000000000b8       0xbd /usr/lib/gcc/arm-none-eabi/4.8.2/../../../arm-none-eabi/lib/armv7-m/libc.a(lib_a-fini.o)
 .debug_abbrev  0x0000000000000175      0x180 /usr/lib/gcc/arm-none-eabi/4.8.2/../../../arm-none-eabi/lib/armv7-m/libc.a(lib_a-impure.o)
 .debug_abbrev  0x00000000000002f5       0xba /usr/lib/gcc/arm-none-eabi/4.8.2/../../../arm-none-eabi/lib/armv7-m/libc.a(lib_a-init.o)
 .debug_abbrev  0x00000000000003af      0x20f /usr/lib/gcc/arm-none-eabi/4.8.2/../../../arm-none-eabi/lib/armv7-m/libc.a(lib_a-__atexit.o)
 .debug_abbrev  0x00000000000005be      0x285 /usr/lib/gcc/arm-none-eabi/4.8.2/../../../arm-none-eabi/lib/armv7-m/libc.a(lib_a-__call_atexit.o)
 .debug_abbrev  0x0000000000000843      0x3e6 assembly_test.o
 .debug_abbrev  0x0000000000000c29      0x2fa ../common/usb_serial.o
 .debug_abbrev  0x0000000000000f23       0xb8 ../common/LPC17xx_Startup.o
 .debug_abbrev  0x0000000000000fdb       0x80 ../common/LPC17xx_Interrupts.o
 .debug_abbrev  0x000000000000105b      0x2df ../common/ubertooth.o
 .debug_abbrev  0x000000000000133a      0x249 ../common/lpcusb/target/usbcontrol.o
 .debug_abbrev  0x0000000000001583      0x13d ../common/lpcusb/target/usbinit.o
 .debug_abbrev  0x00000000000016c0      0x2ac ../common/lpcusb/target/usbhw_lpc.o
 .debug_abbrev  0x000000000000196c      0x2d8 ../common/lpcusb/target/usbstdreq.o
 .debug_abbrev  0x0000000000001c44       0x14 /usr/lib/gcc/arm-none-eabi/4.8.2/../../../arm-none-eabi/lib/armv7-m/libc.a(lib_a-memcpy.o)
 .debug_abbrev  0x0000000000001c58       0x70 /usr/lib/gcc/arm-none-eabi/4.8.2/../../../arm-none-eabi/lib/armv7-m/libc.a(lib_a-strlen.o)

.debug_loc      0x0000000000000000     0x2636
 .debug_loc     0x0000000000000000       0x2c /usr/lib/gcc/arm-none-eabi/4.8.2/../../../arm-none-eabi/lib/armv7-m/libc.a(lib_a-atexit.o)
 .debug_loc     0x000000000000002c       0x5c /usr/lib/gcc/arm-none-eabi/4.8.2/../../../arm-none-eabi/lib/armv7-m/libc.a(lib_a-fini.o)
 .debug_loc     0x0000000000000088       0xae /usr/lib/gcc/arm-none-eabi/4.8.2/../../../arm-none-eabi/lib/armv7-m/libc.a(lib_a-init.o)
 .debug_loc     0x0000000000000136      0x14d /usr/lib/gcc/arm-none-eabi/4.8.2/../../../arm-none-eabi/lib/armv7-m/libc.a(lib_a-__atexit.o)
 .debug_loc     0x0000000000000283      0x155 /usr/lib/gcc/arm-none-eabi/4.8.2/../../../arm-none-eabi/lib/armv7-m/libc.a(lib_a-__call_atexit.o)
 .debug_loc     0x00000000000003d8      0x7d3 assembly_test.o
 .debug_loc     0x0000000000000bab      0x319 ../common/usb_serial.o
 .debug_loc     0x0000000000000ec4       0x97 ../common/LPC17xx_Startup.o
 .debug_loc     0x0000000000000f5b      0x692 ../common/ubertooth.o
 .debug_loc     0x00000000000015ed      0x182 ../common/lpcusb/target/usbcontrol.o
 .debug_loc     0x000000000000176f      0x720 ../common/lpcusb/target/usbhw_lpc.o
 .debug_loc     0x0000000000001e8f      0x786 ../common/lpcusb/target/usbstdreq.o
 .debug_loc     0x0000000000002615       0x21 /usr/lib/gcc/arm-none-eabi/4.8.2/../../../arm-none-eabi/lib/armv7-m/libc.a(lib_a-strlen.o)

.debug_aranges  0x0000000000000000      0x4f0
 .debug_aranges
                0x0000000000000000       0x20 /usr/lib/gcc/arm-none-eabi/4.8.2/../../../arm-none-eabi/lib/armv7-m/libc.a(lib_a-atexit.o)
 .debug_aranges
                0x0000000000000020       0x20 /usr/lib/gcc/arm-none-eabi/4.8.2/../../../arm-none-eabi/lib/armv7-m/libc.a(lib_a-fini.o)
 .debug_aranges
                0x0000000000000040       0x18 /usr/lib/gcc/arm-none-eabi/4.8.2/../../../arm-none-eabi/lib/armv7-m/libc.a(lib_a-impure.o)
 .debug_aranges
                0x0000000000000058       0x20 /usr/lib/gcc/arm-none-eabi/4.8.2/../../../arm-none-eabi/lib/armv7-m/libc.a(lib_a-init.o)
 .debug_aranges
                0x0000000000000078       0x20 /usr/lib/gcc/arm-none-eabi/4.8.2/../../../arm-none-eabi/lib/armv7-m/libc.a(lib_a-__atexit.o)
 .debug_aranges
                0x0000000000000098       0x28 /usr/lib/gcc/arm-none-eabi/4.8.2/../../../arm-none-eabi/lib/armv7-m/libc.a(lib_a-__call_atexit.o)
 .debug_aranges
                0x00000000000000c0       0xb0 assembly_test.o
 .debug_aranges
                0x0000000000000170       0x70 ../common/usb_serial.o
 .debug_aranges
                0x00000000000001e0       0x20 ../common/LPC17xx_Startup.o
 .debug_aranges
                0x0000000000000200       0x20 ../common/LPC17xx_Interrupts.o
 .debug_aranges
                0x0000000000000220      0x108 ../common/ubertooth.o
 .debug_aranges
                0x0000000000000328       0x38 ../common/lpcusb/target/usbcontrol.o
 .debug_aranges
                0x0000000000000360       0x28 ../common/lpcusb/target/usbinit.o
 .debug_aranges
                0x0000000000000388       0xd8 ../common/lpcusb/target/usbhw_lpc.o
 .debug_aranges
                0x0000000000000460       0x50 ../common/lpcusb/target/usbstdreq.o
 .debug_aranges
                0x00000000000004b0       0x20 /usr/lib/gcc/arm-none-eabi/4.8.2/../../../arm-none-eabi/lib/armv7-m/libc.a(lib_a-memcpy.o)
 .debug_aranges
                0x00000000000004d0       0x20 /usr/lib/gcc/arm-none-eabi/4.8.2/../../../arm-none-eabi/lib/armv7-m/libc.a(lib_a-strlen.o)

.debug_ranges   0x0000000000000000      0x4c0
 .debug_ranges  0x0000000000000000       0x10 /usr/lib/gcc/arm-none-eabi/4.8.2/../../../arm-none-eabi/lib/armv7-m/libc.a(lib_a-atexit.o)
 .debug_ranges  0x0000000000000010       0x10 /usr/lib/gcc/arm-none-eabi/4.8.2/../../../arm-none-eabi/lib/armv7-m/libc.a(lib_a-fini.o)
 .debug_ranges  0x0000000000000020       0x10 /usr/lib/gcc/arm-none-eabi/4.8.2/../../../arm-none-eabi/lib/armv7-m/libc.a(lib_a-init.o)
 .debug_ranges  0x0000000000000030       0x10 /usr/lib/gcc/arm-none-eabi/4.8.2/../../../arm-none-eabi/lib/armv7-m/libc.a(lib_a-__atexit.o)
 .debug_ranges  0x0000000000000040       0x38 /usr/lib/gcc/arm-none-eabi/4.8.2/../../../arm-none-eabi/lib/armv7-m/libc.a(lib_a-__call_atexit.o)
 .debug_ranges  0x0000000000000078       0xb8 assembly_test.o
 .debug_ranges  0x0000000000000130       0x78 ../common/usb_serial.o
 .debug_ranges  0x00000000000001a8       0x10 ../common/LPC17xx_Startup.o
 .debug_ranges  0x00000000000001b8       0x10 ../common/LPC17xx_Interrupts.o
 .debug_ranges  0x00000000000001c8      0x128 ../common/ubertooth.o
 .debug_ranges  0x00000000000002f0       0x40 ../common/lpcusb/target/usbcontrol.o
 .debug_ranges  0x0000000000000330       0x18 ../common/lpcusb/target/usbinit.o
 .debug_ranges  0x0000000000000348       0xe0 ../common/lpcusb/target/usbhw_lpc.o
 .debug_ranges  0x0000000000000428       0x88 ../common/lpcusb/target/usbstdreq.o
 .debug_ranges  0x00000000000004b0       0x10 /usr/lib/gcc/arm-none-eabi/4.8.2/../../../arm-none-eabi/lib/armv7-m/libc.a(lib_a-strlen.o)

.debug_line     0x0000000000000000     0x1b40
 .debug_line    0x0000000000000000       0xa6 /usr/lib/gcc/arm-none-eabi/4.8.2/../../../arm-none-eabi/lib/armv7-m/libc.a(lib_a-atexit.o)
 .debug_line    0x00000000000000a6       0x9c /usr/lib/gcc/arm-none-eabi/4.8.2/../../../arm-none-eabi/lib/armv7-m/libc.a(lib_a-fini.o)
 .debug_line    0x0000000000000142       0xd6 /usr/lib/gcc/arm-none-eabi/4.8.2/../../../arm-none-eabi/lib/armv7-m/libc.a(lib_a-impure.o)
 .debug_line    0x0000000000000218       0xb5 /usr/lib/gcc/arm-none-eabi/4.8.2/../../../arm-none-eabi/lib/armv7-m/libc.a(lib_a-init.o)
 .debug_line    0x00000000000002cd      0x160 /usr/lib/gcc/arm-none-eabi/4.8.2/../../../arm-none-eabi/lib/armv7-m/libc.a(lib_a-__atexit.o)
 .debug_line    0x000000000000042d      0x19a /usr/lib/gcc/arm-none-eabi/4.8.2/../../../arm-none-eabi/lib/armv7-m/libc.a(lib_a-__call_atexit.o)
 .debug_line    0x00000000000005c7      0x61a assembly_test.o
 .debug_line    0x0000000000000be1      0x203 ../common/usb_serial.o
 .debug_line    0x0000000000000de4       0x96 ../common/LPC17xx_Startup.o
 .debug_line    0x0000000000000e7a       0x4e ../common/LPC17xx_Interrupts.o
 .debug_line    0x0000000000000ec8      0x44d ../common/ubertooth.o
 .debug_line    0x0000000000001315       0xf3 ../common/lpcusb/target/usbcontrol.o
 .debug_line    0x0000000000001408       0xa0 ../common/lpcusb/target/usbinit.o
 .debug_line    0x00000000000014a8      0x357 ../common/lpcusb/target/usbhw_lpc.o
 .debug_line    0x00000000000017ff      0x1af ../common/lpcusb/target/usbstdreq.o
 .debug_line    0x00000000000019ae       0xbb /usr/lib/gcc/arm-none-eabi/4.8.2/../../../arm-none-eabi/lib/armv7-m/libc.a(lib_a-memcpy.o)
 .debug_line    0x0000000000001a69       0xd7 /usr/lib/gcc/arm-none-eabi/4.8.2/../../../arm-none-eabi/lib/armv7-m/libc.a(lib_a-strlen.o)

.debug_str      0x0000000000000000     0x1f9d
 .debug_str     0x0000000000000000      0x199 /usr/lib/gcc/arm-none-eabi/4.8.2/../../../arm-none-eabi/lib/armv7-m/libc.a(lib_a-atexit.o)
                                        0x1d9 (size before relaxing)
 .debug_str     0x0000000000000199       0xaf /usr/lib/gcc/arm-none-eabi/4.8.2/../../../arm-none-eabi/lib/armv7-m/libc.a(lib_a-fini.o)
                                        0x1d1 (size before relaxing)
 .debug_str     0x0000000000000248      0x415 /usr/lib/gcc/arm-none-eabi/4.8.2/../../../arm-none-eabi/lib/armv7-m/libc.a(lib_a-impure.o)
                                        0x56d (size before relaxing)
 .debug_str     0x000000000000065d       0x8a /usr/lib/gcc/arm-none-eabi/4.8.2/../../../arm-none-eabi/lib/armv7-m/libc.a(lib_a-init.o)
                                        0x1fb (size before relaxing)
 .debug_str     0x00000000000006e7       0x30 /usr/lib/gcc/arm-none-eabi/4.8.2/../../../arm-none-eabi/lib/armv7-m/libc.a(lib_a-__atexit.o)
                                        0x5b5 (size before relaxing)
 .debug_str     0x0000000000000717       0x81 /usr/lib/gcc/arm-none-eabi/4.8.2/../../../arm-none-eabi/lib/armv7-m/libc.a(lib_a-__call_atexit.o)
                                        0x5cd (size before relaxing)
 .debug_str     0x0000000000000798      0xc62 assembly_test.o
                                        0xd4a (size before relaxing)
 .debug_str     0x00000000000013fa      0x25e ../common/usb_serial.o
                                        0x4d2 (size before relaxing)
 .debug_str     0x0000000000001658       0x9b ../common/LPC17xx_Startup.o
                                        0x225 (size before relaxing)
 .debug_str     0x00000000000016f3       0x51 ../common/LPC17xx_Interrupts.o
                                        0x187 (size before relaxing)
 .debug_str     0x0000000000001744      0x11d ../common/ubertooth.o
                                        0x3a6 (size before relaxing)
 .debug_str     0x0000000000001861       0xdf ../common/lpcusb/target/usbcontrol.o
                                        0x2ef (size before relaxing)
 .debug_str     0x0000000000001940       0x56 ../common/lpcusb/target/usbinit.o
                                        0x283 (size before relaxing)
 .debug_str     0x0000000000001996      0x305 ../common/lpcusb/target/usbhw_lpc.o
                                        0x5cd (size before relaxing)
 .debug_str     0x0000000000001c9b      0x27d ../common/lpcusb/target/usbstdreq.o
                                        0x4d1 (size before relaxing)
 .debug_str     0x0000000000001f18       0x85 /usr/lib/gcc/arm-none-eabi/4.8.2/../../../arm-none-eabi/lib/armv7-m/libc.a(lib_a-strlen.o)
                                        0x1a9 (size before relaxing)

.debug_frame    0x0000000000000000      0xb58
 .debug_frame   0x0000000000000000       0x20 /usr/lib/gcc/arm-none-eabi/4.8.2/../../../arm-none-eabi/lib/armv7-m/libc.a(lib_a-atexit.o)
 .debug_frame   0x0000000000000020       0x2c /usr/lib/gcc/arm-none-eabi/4.8.2/../../../arm-none-eabi/lib/armv7-m/libc.a(lib_a-fini.o)
 .debug_frame   0x000000000000004c       0x2c /usr/lib/gcc/arm-none-eabi/4.8.2/../../../arm-none-eabi/lib/armv7-m/libc.a(lib_a-init.o)
 .debug_frame   0x0000000000000078       0x30 /usr/lib/gcc/arm-none-eabi/4.8.2/../../../arm-none-eabi/lib/armv7-m/libc.a(lib_a-__atexit.o)
 .debug_frame   0x00000000000000a8       0x48 /usr/lib/gcc/arm-none-eabi/4.8.2/../../../arm-none-eabi/lib/armv7-m/libc.a(lib_a-__call_atexit.o)
 .debug_frame   0x00000000000000f0      0x238 assembly_test.o
 .debug_frame   0x0000000000000328      0x130 ../common/usb_serial.o
 .debug_frame   0x0000000000000458       0x2c ../common/LPC17xx_Startup.o
 .debug_frame   0x0000000000000484       0x20 ../common/LPC17xx_Interrupts.o
 .debug_frame   0x00000000000004a4      0x2e8 ../common/ubertooth.o
 .debug_frame   0x000000000000078c       0x84 ../common/lpcusb/target/usbcontrol.o
 .debug_frame   0x0000000000000810       0x3c ../common/lpcusb/target/usbinit.o
 .debug_frame   0x000000000000084c      0x220 ../common/lpcusb/target/usbhw_lpc.o
 .debug_frame   0x0000000000000a6c       0xcc ../common/lpcusb/target/usbstdreq.o
 .debug_frame   0x0000000000000b38       0x20 /usr/lib/gcc/arm-none-eabi/4.8.2/../../../arm-none-eabi/lib/armv7-m/libc.a(lib_a-strlen.o)
