ARM GAS  /tmp/cck6HrRq.s 			page 1


   1              		.syntax unified
   2              		.cpu cortex-m3
   3              		.fpu softvfp
   4              		.eabi_attribute 20, 1
   5              		.eabi_attribute 21, 1
   6              		.eabi_attribute 23, 3
   7              		.eabi_attribute 24, 1
   8              		.eabi_attribute 25, 1
   9              		.eabi_attribute 26, 1
  10              		.eabi_attribute 30, 4
  11              		.eabi_attribute 34, 1
  12              		.eabi_attribute 18, 4
  13              		.thumb
  14              		.file	"LPC17xx_Interrupts.c"
  15              		.text
  16              	.Ltext0:
  17              		.cfi_sections	.debug_frame
  18              		.section	.text.Default_Handler,"ax",%progbits
  19              		.align	1
  20              		.thumb
  21              		.thumb_func
  23              	Default_Handler:
  24              	.LFB0:
  25              		.file 1 "../common/LPC17xx_Interrupts.c"
   1:../common/LPC17xx_Interrupts.c **** /*
   2:../common/LPC17xx_Interrupts.c ****  * Copyright 2010, 2011 Michael Ossmann
   3:../common/LPC17xx_Interrupts.c ****  *
   4:../common/LPC17xx_Interrupts.c ****  * This file is part of Project Ubertooth.
   5:../common/LPC17xx_Interrupts.c ****  *
   6:../common/LPC17xx_Interrupts.c ****  * This program is free software; you can redistribute it and/or modify
   7:../common/LPC17xx_Interrupts.c ****  * it under the terms of the GNU General Public License as published by
   8:../common/LPC17xx_Interrupts.c ****  * the Free Software Foundation; either version 2, or (at your option)
   9:../common/LPC17xx_Interrupts.c ****  * any later version.
  10:../common/LPC17xx_Interrupts.c ****  *
  11:../common/LPC17xx_Interrupts.c ****  * This program is distributed in the hope that it will be useful,
  12:../common/LPC17xx_Interrupts.c ****  * but WITHOUT ANY WARRANTY; without even the implied warranty of
  13:../common/LPC17xx_Interrupts.c ****  * MERCHANTABILITY or FITNESS FOR A PARTICULAR PURPOSE.  See the
  14:../common/LPC17xx_Interrupts.c ****  * GNU General Public License for more details.
  15:../common/LPC17xx_Interrupts.c ****  *
  16:../common/LPC17xx_Interrupts.c ****  * You should have received a copy of the GNU General Public License
  17:../common/LPC17xx_Interrupts.c ****  * along with this program; see the file COPYING.  If not, write to
  18:../common/LPC17xx_Interrupts.c ****  * the Free Software Foundation, Inc., 51 Franklin Street,
  19:../common/LPC17xx_Interrupts.c ****  * Boston, MA 02110-1301, USA.
  20:../common/LPC17xx_Interrupts.c ****  */
  21:../common/LPC17xx_Interrupts.c **** /*
  22:../common/LPC17xx_Interrupts.c ****   Copyright 2010-07 By Opendous Inc. (www.MicropendousX.org)
  23:../common/LPC17xx_Interrupts.c ****   NVIC handler info copied from NXP User Manual UM10360
  24:../common/LPC17xx_Interrupts.c **** 
  25:../common/LPC17xx_Interrupts.c ****   Basic interrupt handlers and NVIC interrupt handler
  26:../common/LPC17xx_Interrupts.c ****   function table for the LPC17xx.  See TODOs for
  27:../common/LPC17xx_Interrupts.c ****   modification instructions.
  28:../common/LPC17xx_Interrupts.c **** 
  29:../common/LPC17xx_Interrupts.c ****   Permission to use, copy, modify, and distribute this software
  30:../common/LPC17xx_Interrupts.c ****   and its documentation for any purpose and without fee is hereby
  31:../common/LPC17xx_Interrupts.c ****   granted, provided that the above copyright notice appear in all
  32:../common/LPC17xx_Interrupts.c ****   copies and that both that the copyright notice and this
  33:../common/LPC17xx_Interrupts.c ****   permission notice and warranty disclaimer appear in supporting
ARM GAS  /tmp/cck6HrRq.s 			page 2


  34:../common/LPC17xx_Interrupts.c ****   documentation, and that the name of the author not be used in
  35:../common/LPC17xx_Interrupts.c ****   advertising or publicity pertaining to distribution of the
  36:../common/LPC17xx_Interrupts.c ****   software without specific, written prior permission.
  37:../common/LPC17xx_Interrupts.c **** 
  38:../common/LPC17xx_Interrupts.c ****   The author disclaim all warranties with regard to this
  39:../common/LPC17xx_Interrupts.c ****   software, including all implied warranties of merchantability
  40:../common/LPC17xx_Interrupts.c ****   and fitness.  In no event shall the author be liable for any
  41:../common/LPC17xx_Interrupts.c ****   special, indirect or consequential damages or any damages
  42:../common/LPC17xx_Interrupts.c ****   whatsoever resulting from loss of use, data or profits, whether
  43:../common/LPC17xx_Interrupts.c ****   in an action of contract, negligence or other tortious action,
  44:../common/LPC17xx_Interrupts.c ****   arising out of or in connection with the use or performance of
  45:../common/LPC17xx_Interrupts.c ****   this software.
  46:../common/LPC17xx_Interrupts.c **** */
  47:../common/LPC17xx_Interrupts.c **** 
  48:../common/LPC17xx_Interrupts.c **** 
  49:../common/LPC17xx_Interrupts.c **** /* Reset_Handler variables defined in linker script */
  50:../common/LPC17xx_Interrupts.c **** extern unsigned long _StackTop;
  51:../common/LPC17xx_Interrupts.c **** 
  52:../common/LPC17xx_Interrupts.c **** extern void Reset_Handler(void);
  53:../common/LPC17xx_Interrupts.c **** 
  54:../common/LPC17xx_Interrupts.c **** /* Default interrupt handler */
  55:../common/LPC17xx_Interrupts.c **** static void Default_Handler(void) { while(1) {;} }
  26              		.loc 1 55 0
  27              		.cfi_startproc
  28              		@ Volatile: function does not return.
  29              		@ args = 0, pretend = 0, frame = 0
  30              		@ frame_needed = 0, uses_anonymous_args = 0
  31              		@ link register save eliminated.
  32              	.L2:
  33 0000 FEE7     		b	.L2
  34              		.cfi_endproc
  35              	.LFE0:
  37              		.weak	NMI_Handler
  38              		.thumb_set NMI_Handler,Default_Handler
  39              		.weak	HardFault_Handler
  40              		.thumb_set HardFault_Handler,Default_Handler
  41              		.weak	MemManagement_Handler
  42              		.thumb_set MemManagement_Handler,Default_Handler
  43              		.weak	BusFault_Handler
  44              		.thumb_set BusFault_Handler,Default_Handler
  45              		.weak	UsageFault_Handler
  46              		.thumb_set UsageFault_Handler,Default_Handler
  47              		.weak	SVC_Handler
  48              		.thumb_set SVC_Handler,Default_Handler
  49              		.weak	DebugMon_Handler
  50              		.thumb_set DebugMon_Handler,Default_Handler
  51              		.weak	PendSV_Handler
  52              		.thumb_set PendSV_Handler,Default_Handler
  53              		.weak	SysTick_Handler
  54              		.thumb_set SysTick_Handler,Default_Handler
  55              		.weak	WDT_IRQHandler
  56              		.thumb_set WDT_IRQHandler,Default_Handler
  57              		.weak	TIMER0_IRQHandler
  58              		.thumb_set TIMER0_IRQHandler,Default_Handler
  59              		.weak	TIMER1_IRQHandler
  60              		.thumb_set TIMER1_IRQHandler,Default_Handler
  61              		.weak	TIMER2_IRQHandler
ARM GAS  /tmp/cck6HrRq.s 			page 3


  62              		.thumb_set TIMER2_IRQHandler,Default_Handler
  63              		.weak	TIMER3_IRQHandler
  64              		.thumb_set TIMER3_IRQHandler,Default_Handler
  65              		.weak	UART0_IRQHandler
  66              		.thumb_set UART0_IRQHandler,Default_Handler
  67              		.weak	UART1_IRQHandler
  68              		.thumb_set UART1_IRQHandler,Default_Handler
  69              		.weak	UART2_IRQHandler
  70              		.thumb_set UART2_IRQHandler,Default_Handler
  71              		.weak	UART3_IRQHandler
  72              		.thumb_set UART3_IRQHandler,Default_Handler
  73              		.weak	PWM1_IRQHandler
  74              		.thumb_set PWM1_IRQHandler,Default_Handler
  75              		.weak	I2C0_IRQHandler
  76              		.thumb_set I2C0_IRQHandler,Default_Handler
  77              		.weak	I2C1_IRQHandler
  78              		.thumb_set I2C1_IRQHandler,Default_Handler
  79              		.weak	I2C2_IRQHandler
  80              		.thumb_set I2C2_IRQHandler,Default_Handler
  81              		.weak	SPI_IRQHandler
  82              		.thumb_set SPI_IRQHandler,Default_Handler
  83              		.weak	SSP0_IRQHandler
  84              		.thumb_set SSP0_IRQHandler,Default_Handler
  85              		.weak	SSP1_IRQHandler
  86              		.thumb_set SSP1_IRQHandler,Default_Handler
  87              		.weak	PLL0_IRQHandler
  88              		.thumb_set PLL0_IRQHandler,Default_Handler
  89              		.weak	RTC_IRQHandler
  90              		.thumb_set RTC_IRQHandler,Default_Handler
  91              		.weak	EINT0_IRQHandler
  92              		.thumb_set EINT0_IRQHandler,Default_Handler
  93              		.weak	EINT1_IRQHandler
  94              		.thumb_set EINT1_IRQHandler,Default_Handler
  95              		.weak	EINT2_IRQHandler
  96              		.thumb_set EINT2_IRQHandler,Default_Handler
  97              		.weak	EINT3_IRQHandler
  98              		.thumb_set EINT3_IRQHandler,Default_Handler
  99              		.weak	ADC_IRQHandler
 100              		.thumb_set ADC_IRQHandler,Default_Handler
 101              		.weak	BOD_IRQHandler
 102              		.thumb_set BOD_IRQHandler,Default_Handler
 103              		.weak	USB_IRQHandler
 104              		.thumb_set USB_IRQHandler,Default_Handler
 105              		.weak	CAN_IRQHandler
 106              		.thumb_set CAN_IRQHandler,Default_Handler
 107              		.weak	DMA_IRQHandler
 108              		.thumb_set DMA_IRQHandler,Default_Handler
 109              		.weak	I2S_IRQHandler
 110              		.thumb_set I2S_IRQHandler,Default_Handler
 111              		.weak	ENET_IRQHandler
 112              		.thumb_set ENET_IRQHandler,Default_Handler
 113              		.weak	RIT_IRQHandler
 114              		.thumb_set RIT_IRQHandler,Default_Handler
 115              		.weak	MCPWM_IRQHandler
 116              		.thumb_set MCPWM_IRQHandler,Default_Handler
 117              		.weak	QEI_IRQHandler
 118              		.thumb_set QEI_IRQHandler,Default_Handler
ARM GAS  /tmp/cck6HrRq.s 			page 4


 119              		.weak	PLL1_IRQHandler
 120              		.thumb_set PLL1_IRQHandler,Default_Handler
 121              		.weak	USBACT_IRQHandler
 122              		.thumb_set USBACT_IRQHandler,Default_Handler
 123              		.weak	CANACT_IRQHandler
 124              		.thumb_set CANACT_IRQHandler,Default_Handler
 125              		.global	_NVIC_Handler_Functions
 126              		.section	.irq_handler_table,"a",%progbits
 127              		.align	2
 130              	_NVIC_Handler_Functions:
 131 0000 00000000 		.word	_StackTop
 132 0004 00000000 		.word	Reset_Handler
 133 0008 00000000 		.word	NMI_Handler
 134 000c 00000000 		.word	HardFault_Handler
 135 0010 00000000 		.word	MemManagement_Handler
 136 0014 00000000 		.word	BusFault_Handler
 137 0018 00000000 		.word	UsageFault_Handler
 138 001c 00000000 		.word	0
 139 0020 00000000 		.word	0
 140 0024 00000000 		.word	0
 141 0028 00000000 		.word	0
 142 002c 00000000 		.word	SVC_Handler
 143 0030 00000000 		.word	DebugMon_Handler
 144 0034 00000000 		.word	0
 145 0038 00000000 		.word	PendSV_Handler
 146 003c 00000000 		.word	SysTick_Handler
 147 0040 00000000 		.word	WDT_IRQHandler
 148 0044 00000000 		.word	TIMER0_IRQHandler
 149 0048 00000000 		.word	TIMER1_IRQHandler
 150 004c 00000000 		.word	TIMER2_IRQHandler
 151 0050 00000000 		.word	TIMER3_IRQHandler
 152 0054 00000000 		.word	UART0_IRQHandler
 153 0058 00000000 		.word	UART1_IRQHandler
 154 005c 00000000 		.word	UART2_IRQHandler
 155 0060 00000000 		.word	UART3_IRQHandler
 156 0064 00000000 		.word	PWM1_IRQHandler
 157 0068 00000000 		.word	I2C0_IRQHandler
 158 006c 00000000 		.word	I2C1_IRQHandler
 159 0070 00000000 		.word	I2C2_IRQHandler
 160 0074 00000000 		.word	SPI_IRQHandler
 161 0078 00000000 		.word	SSP0_IRQHandler
 162 007c 00000000 		.word	SSP1_IRQHandler
 163 0080 00000000 		.word	PLL0_IRQHandler
 164 0084 00000000 		.word	RTC_IRQHandler
 165 0088 00000000 		.word	EINT0_IRQHandler
 166 008c 00000000 		.word	EINT1_IRQHandler
 167 0090 00000000 		.word	EINT2_IRQHandler
 168 0094 00000000 		.word	EINT3_IRQHandler
 169 0098 00000000 		.word	ADC_IRQHandler
 170 009c 00000000 		.word	BOD_IRQHandler
 171 00a0 00000000 		.word	USB_IRQHandler
 172 00a4 00000000 		.word	CAN_IRQHandler
 173 00a8 00000000 		.word	DMA_IRQHandler
 174 00ac 00000000 		.word	I2S_IRQHandler
 175 00b0 00000000 		.word	ENET_IRQHandler
 176 00b4 00000000 		.word	RIT_IRQHandler
 177 00b8 00000000 		.word	MCPWM_IRQHandler
ARM GAS  /tmp/cck6HrRq.s 			page 5


 178 00bc 00000000 		.word	QEI_IRQHandler
 179 00c0 00000000 		.word	PLL1_IRQHandler
 180 00c4 00000000 		.word	USBACT_IRQHandler
 181 00c8 00000000 		.word	CANACT_IRQHandler
 182              		.text
 183              	.Letext0:
ARM GAS  /tmp/cck6HrRq.s 			page 6


DEFINED SYMBOLS
                            *ABS*:0000000000000000 LPC17xx_Interrupts.c
     /tmp/cck6HrRq.s:19     .text.Default_Handler:0000000000000000 $t
     /tmp/cck6HrRq.s:23     .text.Default_Handler:0000000000000000 Default_Handler
     /tmp/cck6HrRq.s:23     .text.Default_Handler:0000000000000000 NMI_Handler
     /tmp/cck6HrRq.s:23     .text.Default_Handler:0000000000000000 HardFault_Handler
     /tmp/cck6HrRq.s:23     .text.Default_Handler:0000000000000000 MemManagement_Handler
     /tmp/cck6HrRq.s:23     .text.Default_Handler:0000000000000000 BusFault_Handler
     /tmp/cck6HrRq.s:23     .text.Default_Handler:0000000000000000 UsageFault_Handler
     /tmp/cck6HrRq.s:23     .text.Default_Handler:0000000000000000 SVC_Handler
     /tmp/cck6HrRq.s:23     .text.Default_Handler:0000000000000000 DebugMon_Handler
     /tmp/cck6HrRq.s:23     .text.Default_Handler:0000000000000000 PendSV_Handler
     /tmp/cck6HrRq.s:23     .text.Default_Handler:0000000000000000 SysTick_Handler
     /tmp/cck6HrRq.s:23     .text.Default_Handler:0000000000000000 WDT_IRQHandler
     /tmp/cck6HrRq.s:23     .text.Default_Handler:0000000000000000 TIMER0_IRQHandler
     /tmp/cck6HrRq.s:23     .text.Default_Handler:0000000000000000 TIMER1_IRQHandler
     /tmp/cck6HrRq.s:23     .text.Default_Handler:0000000000000000 TIMER2_IRQHandler
     /tmp/cck6HrRq.s:23     .text.Default_Handler:0000000000000000 TIMER3_IRQHandler
     /tmp/cck6HrRq.s:23     .text.Default_Handler:0000000000000000 UART0_IRQHandler
     /tmp/cck6HrRq.s:23     .text.Default_Handler:0000000000000000 UART1_IRQHandler
     /tmp/cck6HrRq.s:23     .text.Default_Handler:0000000000000000 UART2_IRQHandler
     /tmp/cck6HrRq.s:23     .text.Default_Handler:0000000000000000 UART3_IRQHandler
     /tmp/cck6HrRq.s:23     .text.Default_Handler:0000000000000000 PWM1_IRQHandler
     /tmp/cck6HrRq.s:23     .text.Default_Handler:0000000000000000 I2C0_IRQHandler
     /tmp/cck6HrRq.s:23     .text.Default_Handler:0000000000000000 I2C1_IRQHandler
     /tmp/cck6HrRq.s:23     .text.Default_Handler:0000000000000000 I2C2_IRQHandler
     /tmp/cck6HrRq.s:23     .text.Default_Handler:0000000000000000 SPI_IRQHandler
     /tmp/cck6HrRq.s:23     .text.Default_Handler:0000000000000000 SSP0_IRQHandler
     /tmp/cck6HrRq.s:23     .text.Default_Handler:0000000000000000 SSP1_IRQHandler
     /tmp/cck6HrRq.s:23     .text.Default_Handler:0000000000000000 PLL0_IRQHandler
     /tmp/cck6HrRq.s:23     .text.Default_Handler:0000000000000000 RTC_IRQHandler
     /tmp/cck6HrRq.s:23     .text.Default_Handler:0000000000000000 EINT0_IRQHandler
     /tmp/cck6HrRq.s:23     .text.Default_Handler:0000000000000000 EINT1_IRQHandler
     /tmp/cck6HrRq.s:23     .text.Default_Handler:0000000000000000 EINT2_IRQHandler
     /tmp/cck6HrRq.s:23     .text.Default_Handler:0000000000000000 EINT3_IRQHandler
     /tmp/cck6HrRq.s:23     .text.Default_Handler:0000000000000000 ADC_IRQHandler
     /tmp/cck6HrRq.s:23     .text.Default_Handler:0000000000000000 BOD_IRQHandler
     /tmp/cck6HrRq.s:23     .text.Default_Handler:0000000000000000 USB_IRQHandler
     /tmp/cck6HrRq.s:23     .text.Default_Handler:0000000000000000 CAN_IRQHandler
     /tmp/cck6HrRq.s:23     .text.Default_Handler:0000000000000000 DMA_IRQHandler
     /tmp/cck6HrRq.s:23     .text.Default_Handler:0000000000000000 I2S_IRQHandler
     /tmp/cck6HrRq.s:23     .text.Default_Handler:0000000000000000 ENET_IRQHandler
     /tmp/cck6HrRq.s:23     .text.Default_Handler:0000000000000000 RIT_IRQHandler
     /tmp/cck6HrRq.s:23     .text.Default_Handler:0000000000000000 MCPWM_IRQHandler
     /tmp/cck6HrRq.s:23     .text.Default_Handler:0000000000000000 QEI_IRQHandler
     /tmp/cck6HrRq.s:23     .text.Default_Handler:0000000000000000 PLL1_IRQHandler
     /tmp/cck6HrRq.s:23     .text.Default_Handler:0000000000000000 USBACT_IRQHandler
     /tmp/cck6HrRq.s:23     .text.Default_Handler:0000000000000000 CANACT_IRQHandler
     /tmp/cck6HrRq.s:130    .irq_handler_table:0000000000000000 _NVIC_Handler_Functions
     /tmp/cck6HrRq.s:127    .irq_handler_table:0000000000000000 $d
                     .debug_frame:0000000000000010 $d

UNDEFINED SYMBOLS
_StackTop
Reset_Handler
